Archive member included to satisfy reference by file (symbol)

d:/clion/gcc-arm-none-eabi-10.3-2021.10/bin/../lib/gcc/arm-none-eabi/10.3.1/thumb/v7-m/nofp\libgcc.a(_arm_muldf3.o)
                              CMakeFiles/ISD2190.elf.dir/User/bt4531.c.obj (__aeabi_dmul)
d:/clion/gcc-arm-none-eabi-10.3-2021.10/bin/../lib/gcc/arm-none-eabi/10.3.1/thumb/v7-m/nofp\libgcc.a(_arm_addsubdf3.o)
                              CMakeFiles/ISD2190.elf.dir/User/bt4531.c.obj (__aeabi_dsub)
d:/clion/gcc-arm-none-eabi-10.3-2021.10/bin/../lib/gcc/arm-none-eabi/10.3.1/thumb/v7-m/nofp\libgcc.a(_arm_muldivdf3.o)
                              CMakeFiles/ISD2190.elf.dir/User/hardware.c.obj (__aeabi_ddiv)
d:/clion/gcc-arm-none-eabi-10.3-2021.10/bin/../lib/gcc/arm-none-eabi/10.3.1/thumb/v7-m/nofp\libgcc.a(_arm_fixunsdfsi.o)
                              CMakeFiles/ISD2190.elf.dir/User/bt4531.c.obj (__aeabi_d2uiz)
d:/clion/gcc-arm-none-eabi-10.3-2021.10/bin/../lib/gcc/arm-none-eabi/10.3.1/thumb/v7-m/nofp\libgcc.a(_aeabi_uldivmod.o)
                              CMakeFiles/ISD2190.elf.dir/Drivers/STM32L1xx_HAL_Driver/Src/stm32l1xx_hal_rcc.c.obj (__aeabi_uldivmod)
d:/clion/gcc-arm-none-eabi-10.3-2021.10/bin/../lib/gcc/arm-none-eabi/10.3.1/thumb/v7-m/nofp\libgcc.a(_udivmoddi4.o)
                              d:/clion/gcc-arm-none-eabi-10.3-2021.10/bin/../lib/gcc/arm-none-eabi/10.3.1/thumb/v7-m/nofp\libgcc.a(_aeabi_uldivmod.o) (__udivmoddi4)
d:/clion/gcc-arm-none-eabi-10.3-2021.10/bin/../lib/gcc/arm-none-eabi/10.3.1/thumb/v7-m/nofp\libgcc.a(_dvmd_tls.o)
                              d:/clion/gcc-arm-none-eabi-10.3-2021.10/bin/../lib/gcc/arm-none-eabi/10.3.1/thumb/v7-m/nofp\libgcc.a(_aeabi_uldivmod.o) (__aeabi_ldiv0)
d:/clion/gcc-arm-none-eabi-10.3-2021.10/bin/../lib/gcc/arm-none-eabi/10.3.1/../../../../arm-none-eabi/lib/thumb/v7-m/nofp\libg.a(lib_a-errno.o)
                              CMakeFiles/ISD2190.elf.dir/Core/Src/syscalls.c.obj (__errno)
d:/clion/gcc-arm-none-eabi-10.3-2021.10/bin/../lib/gcc/arm-none-eabi/10.3.1/../../../../arm-none-eabi/lib/thumb/v7-m/nofp\libg.a(lib_a-exit.o)
                              d:/clion/gcc-arm-none-eabi-10.3-2021.10/bin/../lib/gcc/arm-none-eabi/10.3.1/../../../../arm-none-eabi/lib/thumb/v7-m/nofp/crt0.o (exit)
d:/clion/gcc-arm-none-eabi-10.3-2021.10/bin/../lib/gcc/arm-none-eabi/10.3.1/../../../../arm-none-eabi/lib/thumb/v7-m/nofp\libg.a(lib_a-impure.o)
                              d:/clion/gcc-arm-none-eabi-10.3-2021.10/bin/../lib/gcc/arm-none-eabi/10.3.1/../../../../arm-none-eabi/lib/thumb/v7-m/nofp\libg.a(lib_a-exit.o) (_global_impure_ptr)
d:/clion/gcc-arm-none-eabi-10.3-2021.10/bin/../lib/gcc/arm-none-eabi/10.3.1/../../../../arm-none-eabi/lib/thumb/v7-m/nofp\libg.a(lib_a-init.o)
                              d:/clion/gcc-arm-none-eabi-10.3-2021.10/bin/../lib/gcc/arm-none-eabi/10.3.1/../../../../arm-none-eabi/lib/thumb/v7-m/nofp/crt0.o (__libc_init_array)
d:/clion/gcc-arm-none-eabi-10.3-2021.10/bin/../lib/gcc/arm-none-eabi/10.3.1/../../../../arm-none-eabi/lib/thumb/v7-m/nofp\libg.a(lib_a-malloc.o)
                              CMakeFiles/ISD2190.elf.dir/User/CollectData.c.obj (malloc)
d:/clion/gcc-arm-none-eabi-10.3-2021.10/bin/../lib/gcc/arm-none-eabi/10.3.1/../../../../arm-none-eabi/lib/thumb/v7-m/nofp\libg.a(lib_a-mallocr.o)
                              d:/clion/gcc-arm-none-eabi-10.3-2021.10/bin/../lib/gcc/arm-none-eabi/10.3.1/../../../../arm-none-eabi/lib/thumb/v7-m/nofp\libg.a(lib_a-malloc.o) (_malloc_r)
d:/clion/gcc-arm-none-eabi-10.3-2021.10/bin/../lib/gcc/arm-none-eabi/10.3.1/../../../../arm-none-eabi/lib/thumb/v7-m/nofp\libg.a(lib_a-memset.o)
                              d:/clion/gcc-arm-none-eabi-10.3-2021.10/bin/../lib/gcc/arm-none-eabi/10.3.1/../../../../arm-none-eabi/lib/thumb/v7-m/nofp/crt0.o (memset)
d:/clion/gcc-arm-none-eabi-10.3-2021.10/bin/../lib/gcc/arm-none-eabi/10.3.1/../../../../arm-none-eabi/lib/thumb/v7-m/nofp\libg.a(lib_a-mlock.o)
                              d:/clion/gcc-arm-none-eabi-10.3-2021.10/bin/../lib/gcc/arm-none-eabi/10.3.1/../../../../arm-none-eabi/lib/thumb/v7-m/nofp\libg.a(lib_a-mallocr.o) (__malloc_lock)
d:/clion/gcc-arm-none-eabi-10.3-2021.10/bin/../lib/gcc/arm-none-eabi/10.3.1/../../../../arm-none-eabi/lib/thumb/v7-m/nofp\libg.a(lib_a-puts.o)
                              CMakeFiles/ISD2190.elf.dir/Core/Src/main.c.obj (puts)
d:/clion/gcc-arm-none-eabi-10.3-2021.10/bin/../lib/gcc/arm-none-eabi/10.3.1/../../../../arm-none-eabi/lib/thumb/v7-m/nofp\libg.a(lib_a-sbrkr.o)
                              d:/clion/gcc-arm-none-eabi-10.3-2021.10/bin/../lib/gcc/arm-none-eabi/10.3.1/../../../../arm-none-eabi/lib/thumb/v7-m/nofp\libg.a(lib_a-mallocr.o) (_sbrk_r)
d:/clion/gcc-arm-none-eabi-10.3-2021.10/bin/../lib/gcc/arm-none-eabi/10.3.1/../../../../arm-none-eabi/lib/thumb/v7-m/nofp\libg.a(lib_a-strlen-stub.o)
[...]
Memory Configuration

Name             Origin             Length             Attributes
RAM              0x20000000         0x0000c000         xrw
FLASH            0x08000000         0x00060000         xr
*default*        0x00000000         0xffffffff

Linker script and memory map

LOAD d:/clion/gcc-arm-none-eabi-10.3-2021.10/bin/../lib/gcc/arm-none-eabi/10.3.1/thumb/v7-m/nofp/crti.o
LOAD d:/clion/gcc-arm-none-eabi-10.3-2021.10/bin/../lib/gcc/arm-none-eabi/10.3.1/thumb/v7-m/nofp/crtbegin.o
LOAD d:/clion/gcc-arm-none-eabi-10.3-2021.10/bin/../lib/gcc/arm-none-eabi/10.3.1/../../../../arm-none-eabi/lib/thumb/v7-m/nofp/crt0.o
LOAD CMakeFiles/ISD2190.elf.dir/Core/Src/adc.c.obj
LOAD CMakeFiles/ISD2190.elf.dir/Core/Src/dma.c.obj
LOAD CMakeFiles/ISD2190.elf.dir/Core/Src/gpio.c.obj
LOAD CMakeFiles/ISD2190.elf.dir/Core/Src/main.c.obj
LOAD CMakeFiles/ISD2190.elf.dir/Core/Src/stm32l1xx_hal_msp.c.obj
LOAD CMakeFiles/ISD2190.elf.dir/Core/Src/stm32l1xx_it.c.obj
LOAD CMakeFiles/ISD2190.elf.dir/Core/Src/syscalls.c.obj
LOAD CMakeFiles/ISD2190.elf.dir/Core/Src/sysmem.c.obj
LOAD CMakeFiles/ISD2190.elf.dir/Core/Src/system_stm32l1xx.c.obj
LOAD CMakeFiles/ISD2190.elf.dir/Core/Src/tim.c.obj
LOAD CMakeFiles/ISD2190.elf.dir/Core/Src/usart.c.obj
LOAD CMakeFiles/ISD2190.elf.dir/Core/Startup/startup_stm32l151rdtx.s.obj
LOAD CMakeFiles/ISD2190.elf.dir/Drivers/STM32L1xx_HAL_Driver/Src/stm32l1xx_hal.c.obj
LOAD CMakeFiles/ISD2190.elf.dir/Drivers/STM32L1xx_HAL_Driver/Src/stm32l1xx_hal_adc.c.obj
LOAD CMakeFiles/ISD2190.elf.dir/Drivers/STM32L1xx_HAL_Driver/Src/stm32l1xx_hal_adc_ex.c.obj
LOAD CMakeFiles/ISD2190.elf.dir/Drivers/STM32L1xx_HAL_Driver/Src/stm32l1xx_hal_cortex.c.obj
LOAD CMakeFiles/ISD2190.elf.dir/Drivers/STM32L1xx_HAL_Driver/Src/stm32l1xx_hal_dma.c.obj
LOAD CMakeFiles/ISD2190.elf.dir/Drivers/STM32L1xx_HAL_Driver/Src/stm32l1xx_hal_exti.c.obj
LOAD CMakeFiles/ISD2190.elf.dir/Drivers/STM32L1xx_HAL_Driver/Src/stm32l1xx_hal_flash.c.obj
LOAD CMakeFiles/ISD2190.elf.dir/Drivers/STM32L1xx_HAL_Driver/Src/stm32l1xx_hal_flash_ex.c.obj
LOAD CMakeFiles/ISD2190.elf.dir/Drivers/STM32L1xx_HAL_Driver/Src/stm32l1xx_hal_flash_ramfunc.c.obj
LOAD CMakeFiles/ISD2190.elf.dir/Drivers/STM32L1xx_HAL_Driver/Src/stm32l1xx_hal_gpio.c.obj
LOAD CMakeFiles/ISD2190.elf.dir/Drivers/STM32L1xx_HAL_Driver/Src/stm32l1xx_hal_pwr.c.obj
LOAD CMakeFiles/ISD2190.elf.dir/Drivers/STM32L1xx_HAL_Driver/Src/stm32l1xx_hal_pwr_ex.c.obj
LOAD CMakeFiles/ISD2190.elf.dir/Drivers/STM32L1xx_HAL_Driver/Src/stm32l1xx_hal_rcc.c.obj
LOAD CMakeFiles/ISD2190.elf.dir/Drivers/STM32L1xx_HAL_Driver/Src/stm32l1xx_hal_rcc_ex.c.obj
LOAD CMakeFiles/ISD2190.elf.dir/Drivers/STM32L1xx_HAL_Driver/Src/stm32l1xx_hal_tim.c.obj
LOAD CMakeFiles/ISD2190.elf.dir/Drivers/STM32L1xx_HAL_Driver/Src/stm32l1xx_hal_tim_ex.c.obj
LOAD CMakeFiles/ISD2190.elf.dir/Drivers/STM32L1xx_HAL_Driver/Src/stm32l1xx_hal_uart.c.obj
LOAD CMakeFiles/ISD2190.elf.dir/User/CollectData.c.obj
LOAD CMakeFiles/ISD2190.elf.dir/User/VMxx.c.obj
LOAD CMakeFiles/ISD2190.elf.dir/User/bt4531.c.obj
LOAD CMakeFiles/ISD2190.elf.dir/User/flash.c.obj
LOAD CMakeFiles/ISD2190.elf.dir/User/hardware.c.obj
LOAD CMakeFiles/ISD2190.elf.dir/User/temp.c.obj
START GROUP
LOAD d:/clion/gcc-arm-none-eabi-10.3-2021.10/bin/../lib/gcc/arm-none-eabi/10.3.1/thumb/v7-m/nofp\libgcc.a
LOAD d:/clion/gcc-arm-none-eabi-10.3-2021.10/bin/../lib/gcc/arm-none-eabi/10.3.1/../../../../arm-none-eabi/lib/thumb/v7-m/nofp\libg.a
LOAD d:/clion/gcc-arm-none-eabi-10.3-2021.10/bin/../lib/gcc/arm-none-eabi/10.3.1/../../../../arm-none-eabi/lib/thumb/v7-m/nofp\libc.a
END GROUP
LOAD d:/clion/gcc-arm-none-eabi-10.3-2021.10/bin/../lib/gcc/arm-none-eabi/10.3.1/thumb/v7-m/nofp/crtend.o
LOAD d:/clion/gcc-arm-none-eabi-10.3-2021.10/bin/../lib/gcc/arm-none-eabi/10.3.1/thumb/v7-m/nofp/crtn.o
                0x2000c000                _estack = (ORIGIN (RAM) + LENGTH (RAM))
                0x00000200                _Min_Heap_Size = 0x200
                0x00000400                _Min_Stack_Size = 0x400

.isr_vector     0x08000000      0x13c
                0x08000000                . = ALIGN (0x4)
 *(.isr_vector)
 .isr_vector    0x08000000      0x13c CMakeFiles/ISD2190.elf.dir/Core/Startup/startup_stm32l151rdtx.s.obj
                0x08000000                g_pfnVectors
                0x0800013c                . = ALIGN (0x4)

.text           0x08000140     0x5af4
                0x08000140                . = ALIGN (0x4)
 *(.text)
 .text          0x08000140       0x40 d:/clion/gcc-arm-none-eabi-10.3-2021.10/bin/../lib/gcc/arm-none-eabi/10.3.1/thumb/v7-m/nofp/crtbegin.o
 .text          0x08000180      0x378 d:/clion/gcc-arm-none-eabi-10.3-2021.10/bin/../lib/gcc/arm-none-eabi/10.3.1/thumb/v7-m/nofp\libgcc.a(_arm_addsubdf3.o)
                0x08000180                __aeabi_drsub
                0x08000188                __aeabi_dsub
                0x08000188                __subdf3
                0x0800018c                __aeabi_dadd
                0x0800018c                __adddf3
                0x08000404                __floatunsidf
                0x08000404                __aeabi_ui2d
                0x08000424                __floatsidf
                0x08000424                __aeabi_i2d
                0x08000448                __aeabi_f2d
                0x08000448                __extendsfdf2
                0x0800048c                __floatundidf
                0x0800048c                __aeabi_ul2d
                0x0800049c                __floatdidf
                0x0800049c                __aeabi_l2d
 .text          0x080004f8      0x424 d:/clion/gcc-arm-none-eabi-10.3-2021.10/bin/../lib/gcc/arm-none-eabi/10.3.1/thumb/v7-m/nofp\libgcc.a(_arm_muldivdf3.o)
                0x080004f8                __aeabi_dmul
                0x080004f8                __muldf3
                0x0800074c                __divdf3
                0x0800074c                __aeabi_ddiv
 .text          0x0800091c       0x30 d:/clion/gcc-arm-none-eabi-10.3-2021.10/bin/../lib/gcc/arm-none-eabi/10.3.1/thumb/v7-m/nofp\libgcc.a(_aeabi_uldivmod.o)
                0x0800091c                __aeabi_uldivmod
 .text          0x0800094c      0x2d4 d:/clion/gcc-arm-none-eabi-10.3-2021.10/bin/../lib/gcc/arm-none-eabi/10.3.1/thumb/v7-m/nofp\libgcc.a(_udivmoddi4.o)
                0x0800094c                __udivmoddi4
 .text          0x08000c20        0x4 d:/clion/gcc-arm-none-eabi-10.3-2021.10/bin/../lib/gcc/arm-none-eabi/10.3.1/thumb/v7-m/nofp\libgcc.a(_dvmd_tls.o)
                0x08000c20                __aeabi_idiv0
                0x08000c20                __aeabi_ldiv0
 .text          0x08000c24       0xec d:/clion/gcc-arm-none-eabi-10.3-2021.10/bin/../lib/gcc/arm-none-eabi/10.3.1/../../../../arm-none-eabi/lib/thumb/v7-m/nofp\libg.a(lib_a-memcpy.o)
                0x08000c24                memcpy
 *(.text*)
 .text.MX_ADC_Init
                0x08000d10      0x20c CMakeFiles/ISD2190.elf.dir/Core/Src/adc.c.obj
                0x08000d10                MX_ADC_Init
 .text.HAL_ADC_MspInit
                0x08000f1c       0xec CMakeFiles/ISD2190.elf.dir/Core/Src/adc.c.obj
                0x08000f1c                HAL_ADC_MspInit
 .text.MX_DMA_Init
                0x08001008       0x34 CMakeFiles/ISD2190.elf.dir/Core/Src/dma.c.obj
                0x08001008                MX_DMA_Init
 .text.MX_GPIO_Init
                0x0800103c       0xbc CMakeFiles/ISD2190.elf.dir/Core/Src/gpio.c.obj
                0x0800103c                MX_GPIO_Init
 .text.Error_Handler
                0x080010f8        0x4 CMakeFiles/ISD2190.elf.dir/Core/Src/main.c.obj
                0x080010f8                Error_Handler
 .text.SystemClock_Config
                0x080010fc       0x6c CMakeFiles/ISD2190.elf.dir/Core/Src/main.c.obj
                0x080010fc                SystemClock_Config
 .text.main     0x08001168      0x118 CMakeFiles/ISD2190.elf.dir/Core/Src/main.c.obj
                0x08001168                main
 .text.HAL_MspInit
                0x08001280       0x44 CMakeFiles/ISD2190.elf.dir/Core/Src/stm32l1xx_hal_msp.c.obj
                0x08001280                HAL_MspInit
 .text.NMI_Handler
                0x080012c4        0x2 CMakeFiles/ISD2190.elf.dir/Core/Src/stm32l1xx_it.c.obj
                0x080012c4                NMI_Handler
 .text.HardFault_Handler
                0x080012c6        0x2 CMakeFiles/ISD2190.elf.dir/Core/Src/stm32l1xx_it.c.obj
                0x080012c6                HardFault_Handler
 .text.MemManage_Handler
                0x080012c8        0x2 CMakeFiles/ISD2190.elf.dir/Core/Src/stm32l1xx_it.c.obj
                0x080012c8                MemManage_Handler
 .text.BusFault_Handler
                0x080012ca        0x2 CMakeFiles/ISD2190.elf.dir/Core/Src/stm32l1xx_it.c.obj
                0x080012ca                BusFault_Handler
 .text.UsageFault_Handler
                0x080012cc        0x2 CMakeFiles/ISD2190.elf.dir/Core/Src/stm32l1xx_it.c.obj
                0x080012cc                UsageFault_Handler
 .text.SVC_Handler
                0x080012ce        0x2 CMakeFiles/ISD2190.elf.dir/Core/Src/stm32l1xx_it.c.obj
                0x080012ce                SVC_Handler
 .text.DebugMon_Handler
                0x080012d0        0x2 CMakeFiles/ISD2190.elf.dir/Core/Src/stm32l1xx_it.c.obj
                0x080012d0                DebugMon_Handler
 .text.PendSV_Handler
                0x080012d2        0x2 CMakeFiles/ISD2190.elf.dir/Core/Src/stm32l1xx_it.c.obj
                0x080012d2                PendSV_Handler
 .text.SysTick_Handler
                0x080012d4        0x8 CMakeFiles/ISD2190.elf.dir/Core/Src/stm32l1xx_it.c.obj
                0x080012d4                SysTick_Handler
 .text.DMA1_Channel1_IRQHandler
                0x080012dc       0x10 CMakeFiles/ISD2190.elf.dir/Core/Src/stm32l1xx_it.c.obj
                0x080012dc                DMA1_Channel1_IRQHandler
 .text.TIM2_IRQHandler
                0x080012ec       0x10 CMakeFiles/ISD2190.elf.dir/Core/Src/stm32l1xx_it.c.obj
                0x080012ec                TIM2_IRQHandler
 .text.USART2_IRQHandler
                0x080012fc       0x10 CMakeFiles/ISD2190.elf.dir/Core/Src/stm32l1xx_it.c.obj
                0x080012fc                USART2_IRQHandler
 .text.USART3_IRQHandler
                0x0800130c       0x10 CMakeFiles/ISD2190.elf.dir/Core/Src/stm32l1xx_it.c.obj
                0x0800130c                USART3_IRQHandler
 .text.UART5_IRQHandler
                0x0800131c       0x10 CMakeFiles/ISD2190.elf.dir/Core/Src/stm32l1xx_it.c.obj
                0x0800131c                UART5_IRQHandler
 .text._read    0x0800132c       0x20 CMakeFiles/ISD2190.elf.dir/Core/Src/syscalls.c.obj
                0x0800132c                _read
 .text._write   0x0800134c       0x1c CMakeFiles/ISD2190.elf.dir/Core/Src/syscalls.c.obj
                0x0800134c                _write
 .text._close   0x08001368        0x6 CMakeFiles/ISD2190.elf.dir/Core/Src/syscalls.c.obj
                0x08001368                _close
 .text._fstat   0x0800136e        0xa CMakeFiles/ISD2190.elf.dir/Core/Src/syscalls.c.obj
                0x0800136e                _fstat
 .text._isatty  0x08001378        0x4 CMakeFiles/ISD2190.elf.dir/Core/Src/syscalls.c.obj
                0x08001378                _isatty
 .text._lseek   0x0800137c        0x4 CMakeFiles/ISD2190.elf.dir/Core/Src/syscalls.c.obj
                0x0800137c                _lseek
 .text._sbrk    0x08001380       0x48 CMakeFiles/ISD2190.elf.dir/Core/Src/sysmem.c.obj
                0x08001380                _sbrk
 .text.SystemInit
                0x080013c8        0x2 CMakeFiles/ISD2190.elf.dir/Core/Src/system_stm32l1xx.c.obj
                0x080013c8                SystemInit
 *fill*         0x080013ca        0x2 
 .text.MX_TIM2_Init
                0x080013cc       0x78 CMakeFiles/ISD2190.elf.dir/Core/Src/tim.c.obj
                0x080013cc                MX_TIM2_Init
 .text.HAL_TIM_Base_MspInit
                0x08001444       0x3a CMakeFiles/ISD2190.elf.dir/Core/Src/tim.c.obj
                0x08001444                HAL_TIM_Base_MspInit
 *fill*         0x0800147e        0x2 
 .text.MX_UART5_Init
                0x08001480       0x34 CMakeFiles/ISD2190.elf.dir/Core/Src/usart.c.obj
                0x08001480                MX_UART5_Init
 .text.MX_USART2_UART_Init
                0x080014b4       0x34 CMakeFiles/ISD2190.elf.dir/Core/Src/usart.c.obj
                0x080014b4                MX_USART2_UART_Init
 .text.MX_USART3_UART_Init
                0x080014e8       0x34 CMakeFiles/ISD2190.elf.dir/Core/Src/usart.c.obj
                0x080014e8                MX_USART3_UART_Init
 .text.HAL_UART_MspInit
                0x0800151c      0x168 CMakeFiles/ISD2190.elf.dir/Core/Src/usart.c.obj
                0x0800151c                HAL_UART_MspInit
 .text.__io_putchar
                0x08001684       0x20 CMakeFiles/ISD2190.elf.dir/Core/Src/usart.c.obj
                0x08001684                __io_putchar
 .text.Reset_Handler
                0x080016a4       0x48 CMakeFiles/ISD2190.elf.dir/Core/Startup/startup_stm32l151rdtx.s.obj
                0x080016a4                Reset_Handler
 .text.Default_Handler
                0x080016ec        0x2 CMakeFiles/ISD2190.elf.dir/Core/Startup/startup_stm32l151rdtx.s.obj
                0x080016ec                RTC_Alarm_IRQHandler
                0x080016ec                EXTI2_IRQHandler
                0x080016ec                COMP_ACQ_IRQHandler
                0x080016ec                TIM10_IRQHandler
                0x080016ec                USB_HP_IRQHandler
                0x080016ec                TIM6_IRQHandler
                0x080016ec                PVD_IRQHandler
                0x080016ec                SDIO_IRQHandler
                0x080016ec                EXTI3_IRQHandler
                0x080016ec                EXTI0_IRQHandler
                0x080016ec                I2C2_EV_IRQHandler
                0x080016ec                SPI1_IRQHandler
                0x080016ec                USB_FS_WKUP_IRQHandler
                0x080016ec                DMA2_Channel2_IRQHandler
                0x080016ec                DMA1_Channel4_IRQHandler
                0x080016ec                ADC1_IRQHandler
                0x080016ec                DMA1_Channel7_IRQHandler
                0x080016ec                TIM4_IRQHandler
                0x080016ec                DMA2_Channel1_IRQHandler
                0x080016ec                I2C1_EV_IRQHandler
                0x080016ec                DMA1_Channel6_IRQHandler
                0x080016ec                UART4_IRQHandler
                0x080016ec                DMA2_Channel4_IRQHandler
                0x080016ec                TIM3_IRQHandler
                0x080016ec                RCC_IRQHandler
                0x080016ec                Default_Handler
                0x080016ec                EXTI15_10_IRQHandler
                0x080016ec                TIM7_IRQHandler
                0x080016ec                TIM5_IRQHandler
                0x080016ec                EXTI9_5_IRQHandler
                0x080016ec                TIM9_IRQHandler
                0x080016ec                TAMPER_STAMP_IRQHandler
                0x080016ec                RTC_WKUP_IRQHandler
                0x080016ec                SPI2_IRQHandler
                0x080016ec                DMA2_Channel5_IRQHandler
                0x080016ec                DMA1_Channel5_IRQHandler
                0x080016ec                USB_LP_IRQHandler
                0x080016ec                EXTI4_IRQHandler
                0x080016ec                DMA1_Channel3_IRQHandler
                0x080016ec                COMP_IRQHandler
                0x080016ec                WWDG_IRQHandler
                0x080016ec                DAC_IRQHandler
                0x080016ec                EXTI1_IRQHandler
                0x080016ec                TIM11_IRQHandler
                0x080016ec                I2C2_ER_IRQHandler
                0x080016ec                DMA1_Channel2_IRQHandler
                0x080016ec                FLASH_IRQHandler
                0x080016ec                USART1_IRQHandler
                0x080016ec                SPI3_IRQHandler
                0x080016ec                I2C1_ER_IRQHandler
                0x080016ec                DMA2_Channel3_IRQHandler
 *fill*         0x080016ee        0x2 
 .text.HAL_InitTick
                0x080016f0       0x50 CMakeFiles/ISD2190.elf.dir/Drivers/STM32L1xx_HAL_Driver/Src/stm32l1xx_hal.c.obj
                0x080016f0                HAL_InitTick
 .text.HAL_Init
                0x08001740       0x1e CMakeFiles/ISD2190.elf.dir/Drivers/STM32L1xx_HAL_Driver/Src/stm32l1xx_hal.c.obj
                0x08001740                HAL_Init
 *fill*         0x0800175e        0x2 
 .text.HAL_IncTick
                0x08001760       0x18 CMakeFiles/ISD2190.elf.dir/Drivers/STM32L1xx_HAL_Driver/Src/stm32l1xx_hal.c.obj
                0x08001760                HAL_IncTick
 .text.HAL_GetTick
                0x08001778        0xc CMakeFiles/ISD2190.elf.dir/Drivers/STM32L1xx_HAL_Driver/Src/stm32l1xx_hal.c.obj
                0x08001778                HAL_GetTick
 .text.HAL_Delay
                0x08001784       0x28 CMakeFiles/ISD2190.elf.dir/Drivers/STM32L1xx_HAL_Driver/Src/stm32l1xx_hal.c.obj
                0x08001784                HAL_Delay
 .text.HAL_ADC_Init
                0x080017ac      0x19c CMakeFiles/ISD2190.elf.dir/Drivers/STM32L1xx_HAL_Driver/Src/stm32l1xx_hal_adc.c.obj
                0x080017ac                HAL_ADC_Init
 .text.ADC_DMAConvCplt
                0x08001948       0x64 CMakeFiles/ISD2190.elf.dir/Drivers/STM32L1xx_HAL_Driver/Src/stm32l1xx_hal_adc.c.obj
 .text.HAL_ADC_ConvHalfCpltCallback
                0x080019ac        0x2 CMakeFiles/ISD2190.elf.dir/Drivers/STM32L1xx_HAL_Driver/Src/stm32l1xx_hal_adc.c.obj
                0x080019ac                HAL_ADC_ConvHalfCpltCallback
 .text.ADC_DMAHalfConvCplt
                0x080019ae        0xa CMakeFiles/ISD2190.elf.dir/Drivers/STM32L1xx_HAL_Driver/Src/stm32l1xx_hal_adc.c.obj
 .text.HAL_ADC_ErrorCallback
                0x080019b8        0x2 CMakeFiles/ISD2190.elf.dir/Drivers/STM32L1xx_HAL_Driver/Src/stm32l1xx_hal_adc.c.obj
                0x080019b8                HAL_ADC_ErrorCallback
 .text.ADC_DMAError
                0x080019ba       0x1a CMakeFiles/ISD2190.elf.dir/Drivers/STM32L1xx_HAL_Driver/Src/stm32l1xx_hal_adc.c.obj
 .text.HAL_ADC_ConfigChannel
                0x080019d4      0x1b4 CMakeFiles/ISD2190.elf.dir/Drivers/STM32L1xx_HAL_Driver/Src/stm32l1xx_hal_adc.c.obj
                0x080019d4                HAL_ADC_ConfigChannel
 .text.ADC_Enable
                0x08001b88       0x8c CMakeFiles/ISD2190.elf.dir/Drivers/STM32L1xx_HAL_Driver/Src/stm32l1xx_hal_adc.c.obj
                0x08001b88                ADC_Enable
 .text.HAL_ADC_Start_DMA
                0x08001c14       0xc4 CMakeFiles/ISD2190.elf.dir/Drivers/STM32L1xx_HAL_Driver/Src/stm32l1xx_hal_adc.c.obj
                0x08001c14                HAL_ADC_Start_DMA
 .text.HAL_NVIC_SetPriorityGrouping
                0x08001cd8       0x24 CMakeFiles/ISD2190.elf.dir/Drivers/STM32L1xx_HAL_Driver/Src/stm32l1xx_hal_cortex.c.obj
                0x08001cd8                HAL_NVIC_SetPriorityGrouping
 .text.HAL_NVIC_SetPriority
                0x08001cfc       0x70 CMakeFiles/ISD2190.elf.dir/Drivers/STM32L1xx_HAL_Driver/Src/stm32l1xx_hal_cortex.c.obj
                0x08001cfc                HAL_NVIC_SetPriority
 .text.HAL_NVIC_EnableIRQ
                0x08001d6c       0x1c CMakeFiles/ISD2190.elf.dir/Drivers/STM32L1xx_HAL_Driver/Src/stm32l1xx_hal_cortex.c.obj
                0x08001d6c                HAL_NVIC_EnableIRQ
 .text.HAL_SYSTICK_Config
                0x08001d88       0x28 CMakeFiles/ISD2190.elf.dir/Drivers/STM32L1xx_HAL_Driver/Src/stm32l1xx_hal_cortex.c.obj
                0x08001d88                HAL_SYSTICK_Config
 .text.DMA_SetConfig
                0x08001db0       0x36 CMakeFiles/ISD2190.elf.dir/Drivers/STM32L1xx_HAL_Driver/Src/stm32l1xx_hal_dma.c.obj
 *fill*         0x08001de6        0x2 
 .text.HAL_DMA_Init
                0x08001de8       0x98 CMakeFiles/ISD2190.elf.dir/Drivers/STM32L1xx_HAL_Driver/Src/stm32l1xx_hal_dma.c.obj
                0x08001de8                HAL_DMA_Init
 .text.HAL_DMA_Start_IT
                0x08001e80       0x76 CMakeFiles/ISD2190.elf.dir/Drivers/STM32L1xx_HAL_Driver/Src/stm32l1xx_hal_dma.c.obj
                0x08001e80                HAL_DMA_Start_IT
 .text.HAL_DMA_Abort
                0x08001ef6       0x4a CMakeFiles/ISD2190.elf.dir/Drivers/STM32L1xx_HAL_Driver/Src/stm32l1xx_hal_dma.c.obj
                0x08001ef6                HAL_DMA_Abort
 .text.HAL_DMA_Abort_IT
                0x08001f40       0x50 CMakeFiles/ISD2190.elf.dir/Drivers/STM32L1xx_HAL_Driver/Src/stm32l1xx_hal_dma.c.obj
                0x08001f40                HAL_DMA_Abort_IT
 .text.HAL_DMA_IRQHandler
                0x08001f90       0xc4 CMakeFiles/ISD2190.elf.dir/Drivers/STM32L1xx_HAL_Driver/Src/stm32l1xx_hal_dma.c.obj
                0x08001f90                HAL_DMA_IRQHandler
 .text.HAL_GPIO_Init
                0x08002054      0x1e8 CMakeFiles/ISD2190.elf.dir/Drivers/STM32L1xx_HAL_Driver/Src/stm32l1xx_hal_gpio.c.obj
                0x08002054                HAL_GPIO_Init
 .text.HAL_GPIO_WritePin
                0x0800223c        0xc CMakeFiles/ISD2190.elf.dir/Drivers/STM32L1xx_HAL_Driver/Src/stm32l1xx_hal_gpio.c.obj
                0x0800223c                HAL_GPIO_WritePin
 .text.RCC_SetFlashLatencyFromMSIRange
                0x08002248       0x90 CMakeFiles/ISD2190.elf.dir/Drivers/STM32L1xx_HAL_Driver/Src/stm32l1xx_hal_rcc.c.obj
 .text.HAL_RCC_OscConfig
                0x080022d8      0x4f8 CMakeFiles/ISD2190.elf.dir/Drivers/STM32L1xx_HAL_Driver/Src/stm32l1xx_hal_rcc.c.obj
                0x080022d8                HAL_RCC_OscConfig
 .text.HAL_RCC_GetSysClockFreq
                0x080027d0       0xc4 CMakeFiles/ISD2190.elf.dir/Drivers/STM32L1xx_HAL_Driver/Src/stm32l1xx_hal_rcc.c.obj
                0x080027d0                HAL_RCC_GetSysClockFreq
 .text.HAL_RCC_ClockConfig
                0x08002894      0x1dc CMakeFiles/ISD2190.elf.dir/Drivers/STM32L1xx_HAL_Driver/Src/stm32l1xx_hal_rcc.c.obj
                0x08002894                HAL_RCC_ClockConfig
 .text.HAL_RCC_GetHCLKFreq
                0x08002a70        0xc CMakeFiles/ISD2190.elf.dir/Drivers/STM32L1xx_HAL_Driver/Src/stm32l1xx_hal_rcc.c.obj
                0x08002a70                HAL_RCC_GetHCLKFreq
 .text.HAL_RCC_GetPCLK1Freq
                0x08002a7c       0x20 CMakeFiles/ISD2190.elf.dir/Drivers/STM32L1xx_HAL_Driver/Src/stm32l1xx_hal_rcc.c.obj
                0x08002a7c                HAL_RCC_GetPCLK1Freq
 .text.HAL_RCC_GetPCLK2Freq
                0x08002a9c       0x20 CMakeFiles/ISD2190.elf.dir/Drivers/STM32L1xx_HAL_Driver/Src/stm32l1xx_hal_rcc.c.obj
                0x08002a9c                HAL_RCC_GetPCLK2Freq
 .text.TIM_Base_SetConfig
                0x08002abc       0x88 CMakeFiles/ISD2190.elf.dir/Drivers/STM32L1xx_HAL_Driver/Src/stm32l1xx_hal_tim.c.obj
 .text.TIM_TI1_ConfigInputStage
                0x08002b44       0x24 CMakeFiles/ISD2190.elf.dir/Drivers/STM32L1xx_HAL_Driver/Src/stm32l1xx_hal_tim.c.obj
 .text.TIM_TI2_ConfigInputStage
                0x08002b68       0x26 CMakeFiles/ISD2190.elf.dir/Drivers/STM32L1xx_HAL_Driver/Src/stm32l1xx_hal_tim.c.obj
 .text.TIM_ITRx_SetConfig
                0x08002b8e       0x10 CMakeFiles/ISD2190.elf.dir/Drivers/STM32L1xx_HAL_Driver/Src/stm32l1xx_hal_tim.c.obj
 .text.TIM_ETR_SetConfig
                0x08002b9e       0x18 CMakeFiles/ISD2190.elf.dir/Drivers/STM32L1xx_HAL_Driver/Src/stm32l1xx_hal_tim.c.obj
 .text.HAL_TIM_Base_Init
                0x08002bb6       0x48 CMakeFiles/ISD2190.elf.dir/Drivers/STM32L1xx_HAL_Driver/Src/stm32l1xx_hal_tim.c.obj
                0x08002bb6                HAL_TIM_Base_Init
 *fill*         0x08002bfe        0x2 
 .text.HAL_TIM_Base_Start_IT
                0x08002c00       0x68 CMakeFiles/ISD2190.elf.dir/Drivers/STM32L1xx_HAL_Driver/Src/stm32l1xx_hal_tim.c.obj
                0x08002c00                HAL_TIM_Base_Start_IT
 .text.HAL_TIM_Base_Stop_IT
                0x08002c68       0x28 CMakeFiles/ISD2190.elf.dir/Drivers/STM32L1xx_HAL_Driver/Src/stm32l1xx_hal_tim.c.obj
                0x08002c68                HAL_TIM_Base_Stop_IT
 .text.HAL_TIM_ConfigClockSource
                0x08002c90       0xfe CMakeFiles/ISD2190.elf.dir/Drivers/STM32L1xx_HAL_Driver/Src/stm32l1xx_hal_tim.c.obj
                0x08002c90                HAL_TIM_ConfigClockSource
 .text.HAL_TIM_OC_DelayElapsedCallback
                0x08002d8e        0x2 CMakeFiles/ISD2190.elf.dir/Drivers/STM32L1xx_HAL_Driver/Src/stm32l1xx_hal_tim.c.obj
                0x08002d8e                HAL_TIM_OC_DelayElapsedCallback
 .text.HAL_TIM_IC_CaptureCallback
                0x08002d90        0x2 CMakeFiles/ISD2190.elf.dir/Drivers/STM32L1xx_HAL_Driver/Src/stm32l1xx_hal_tim.c.obj
                0x08002d90                HAL_TIM_IC_CaptureCallback
 .text.HAL_TIM_PWM_PulseFinishedCallback
                0x08002d92        0x2 CMakeFiles/ISD2190.elf.dir/Drivers/STM32L1xx_HAL_Driver/Src/stm32l1xx_hal_tim.c.obj
                0x08002d92                HAL_TIM_PWM_PulseFinishedCallback
 .text.HAL_TIM_TriggerCallback
                0x08002d94        0x2 CMakeFiles/ISD2190.elf.dir/Drivers/STM32L1xx_HAL_Driver/Src/stm32l1xx_hal_tim.c.obj
                0x08002d94                HAL_TIM_TriggerCallback
 .text.HAL_TIM_IRQHandler
                0x08002d96      0x13a CMakeFiles/ISD2190.elf.dir/Drivers/STM32L1xx_HAL_Driver/Src/stm32l1xx_hal_tim.c.obj
                0x08002d96                HAL_TIM_IRQHandler
 .text.HAL_TIMEx_MasterConfigSynchronization
                0x08002ed0       0x6c CMakeFiles/ISD2190.elf.dir/Drivers/STM32L1xx_HAL_Driver/Src/stm32l1xx_hal_tim_ex.c.obj
                0x08002ed0                HAL_TIMEx_MasterConfigSynchronization
 .text.UART_EndRxTransfer
                0x08002f3c       0x5c CMakeFiles/ISD2190.elf.dir/Drivers/STM32L1xx_HAL_Driver/Src/stm32l1xx_hal_uart.c.obj
 .text.UART_Transmit_IT
                0x08002f98       0x60 CMakeFiles/ISD2190.elf.dir/Drivers/STM32L1xx_HAL_Driver/Src/stm32l1xx_hal_uart.c.obj
 .text.UART_SetConfig
                0x08002ff8       0xdc CMakeFiles/ISD2190.elf.dir/Drivers/STM32L1xx_HAL_Driver/Src/stm32l1xx_hal_uart.c.obj
 .text.UART_WaitOnFlagUntilTimeout
                0x080030d4       0x88 CMakeFiles/ISD2190.elf.dir/Drivers/STM32L1xx_HAL_Driver/Src/stm32l1xx_hal_uart.c.obj
 .text.HAL_UART_Init
                0x0800315c       0x60 CMakeFiles/ISD2190.elf.dir/Drivers/STM32L1xx_HAL_Driver/Src/stm32l1xx_hal_uart.c.obj
                0x0800315c                HAL_UART_Init
 .text.HAL_UART_Transmit
                0x080031bc       0xbe CMakeFiles/ISD2190.elf.dir/Drivers/STM32L1xx_HAL_Driver/Src/stm32l1xx_hal_uart.c.obj
                0x080031bc                HAL_UART_Transmit
 .text.HAL_UART_TxCpltCallback
                0x0800327a        0x2 CMakeFiles/ISD2190.elf.dir/Drivers/STM32L1xx_HAL_Driver/Src/stm32l1xx_hal_uart.c.obj
                0x0800327a                HAL_UART_TxCpltCallback
 .text.UART_EndTransmit_IT
                0x0800327c       0x1a CMakeFiles/ISD2190.elf.dir/Drivers/STM32L1xx_HAL_Driver/Src/stm32l1xx_hal_uart.c.obj
 .text.HAL_UART_ErrorCallback
                0x08003296        0x2 CMakeFiles/ISD2190.elf.dir/Drivers/STM32L1xx_HAL_Driver/Src/stm32l1xx_hal_uart.c.obj
                0x08003296                HAL_UART_ErrorCallback
 .text.UART_DMAAbortOnError
                0x08003298       0x10 CMakeFiles/ISD2190.elf.dir/Drivers/STM32L1xx_HAL_Driver/Src/stm32l1xx_hal_uart.c.obj
 .text.HAL_UARTEx_RxEventCallback
                0x080032a8        0x2 CMakeFiles/ISD2190.elf.dir/Drivers/STM32L1xx_HAL_Driver/Src/stm32l1xx_hal_uart.c.obj
                0x080032a8                HAL_UARTEx_RxEventCallback
 .text.UART_Receive_IT
                0x080032aa       0xe6 CMakeFiles/ISD2190.elf.dir/Drivers/STM32L1xx_HAL_Driver/Src/stm32l1xx_hal_uart.c.obj
 .text.HAL_UART_IRQHandler
                0x08003390      0x288 CMakeFiles/ISD2190.elf.dir/Drivers/STM32L1xx_HAL_Driver/Src/stm32l1xx_hal_uart.c.obj
                0x08003390                HAL_UART_IRQHandler
 .text.UART_Start_Receive_IT
                0x08003618       0x36 CMakeFiles/ISD2190.elf.dir/Drivers/STM32L1xx_HAL_Driver/Src/stm32l1xx_hal_uart.c.obj
                0x08003618                UART_Start_Receive_IT
 .text.HAL_UART_Receive_IT
                0x0800364e       0x26 CMakeFiles/ISD2190.elf.dir/Drivers/STM32L1xx_HAL_Driver/Src/stm32l1xx_hal_uart.c.obj
                0x0800364e                HAL_UART_Receive_IT
 .text.Data_Collect
                0x08003674      0x2f8 CMakeFiles/ISD2190.elf.dir/User/CollectData.c.obj
                0x08003674                Data_Collect
 .text.HAL_UART_RxCpltCallback
                0x0800396c      0x1a4 CMakeFiles/ISD2190.elf.dir/User/CollectData.c.obj
                0x0800396c                HAL_UART_RxCpltCallback
 .text.HAL_ADC_ConvCpltCallback
                0x08003b10       0x28 CMakeFiles/ISD2190.elf.dir/User/CollectData.c.obj
                0x08003b10                HAL_ADC_ConvCpltCallback
 .text.HAL_TIM_PeriodElapsedCallback
                0x08003b38       0x30 CMakeFiles/ISD2190.elf.dir/User/CollectData.c.obj
                0x08003b38                HAL_TIM_PeriodElapsedCallback
 .text.Init_VM  0x08003b68       0x28 CMakeFiles/ISD2190.elf.dir/User/VMxx.c.obj
                0x08003b68                Init_VM
 .text.Scan_VM  0x08003b90       0x28 CMakeFiles/ISD2190.elf.dir/User/VMxx.c.obj
                0x08003b90                Scan_VM
 .text.BMYBJ_YB
                0x08003bb8       0x90 CMakeFiles/ISD2190.elf.dir/User/hardware.c.obj
                0x08003bb8                BMYBJ_YB
 .text.MRYBJ_YB
                0x08003c48       0x90 CMakeFiles/ISD2190.elf.dir/User/hardware.c.obj
                0x08003c48                MRYBJ_YB
 .text.GJJ_YL   0x08003cd8       0xc0 CMakeFiles/ISD2190.elf.dir/User/hardware.c.obj
                0x08003cd8                GJJ_YL
 .text.TYLH_YL_MPa
                0x08003d98       0xc0 CMakeFiles/ISD2190.elf.dir/User/hardware.c.obj
                0x08003d98                TYLH_YL_MPa
 .text.SYJ_YL_MPa
                0x08003e58      0x138 CMakeFiles/ISD2190.elf.dir/User/hardware.c.obj
                0x08003e58                SYJ_YL_MPa
 .text.MSJ_YL_KN
                0x08003f90      0x1ac CMakeFiles/ISD2190.elf.dir/User/hardware.c.obj
                0x08003f90                MSJ_YL_KN
 .text.calcuTem
                0x0800413c       0x48 CMakeFiles/ISD2190.elf.dir/User/temp.c.obj
                0x0800413c                calcuTem
 .text.calcuTemps
                0x08004184       0x1e CMakeFiles/ISD2190.elf.dir/User/temp.c.obj
                0x08004184                calcuTemps
 *fill*         0x080041a2        0x2 
 .text.__errno  0x080041a4        0xc d:/clion/gcc-arm-none-eabi-10.3-2021.10/bin/../lib/gcc/arm-none-eabi/10.3.1/../../../../arm-none-eabi/lib/thumb/v7-m/nofp\libg.a(lib_a-errno.o)
                0x080041a4                __errno
 .text.__libc_init_array
                0x080041b0       0x48 d:/clion/gcc-arm-none-eabi-10.3-2021.10/bin/../lib/gcc/arm-none-eabi/10.3.1/../../../../arm-none-eabi/lib/thumb/v7-m/nofp\libg.a(lib_a-init.o)
                0x080041b0                __libc_init_array
 .text.malloc   0x080041f8       0x10 d:/clion/gcc-arm-none-eabi-10.3-2021.10/bin/../lib/gcc/arm-none-eabi/10.3.1/../../../../arm-none-eabi/lib/thumb/v7-m/nofp\libg.a(lib_a-malloc.o)
                0x080041f8                malloc
 .text._malloc_r
                0x08004208      0x558 d:/clion/gcc-arm-none-eabi-10.3-2021.10/bin/../lib/gcc/arm-none-eabi/10.3.1/../../../../arm-none-eabi/lib/thumb/v7-m/nofp\libg.a(lib_a-mallocr.o)
                0x08004208                _malloc_r
 .text.memset   0x08004760       0xa4 d:/clion/gcc-arm-none-eabi-10.3-2021.10/bin/../lib/gcc/arm-none-eabi/10.3.1/../../../../arm-none-eabi/lib/thumb/v7-m/nofp\libg.a(lib_a-memset.o)
                0x08004760                memset
 .text.__malloc_lock
                0x08004804        0xc d:/clion/gcc-arm-none-eabi-10.3-2021.10/bin/../lib/gcc/arm-none-eabi/10.3.1/../../../../arm-none-eabi/lib/thumb/v7-m/nofp\libg.a(lib_a-mlock.o)
                0x08004804                __malloc_lock
 .text.__malloc_unlock
                0x08004810        0xc d:/clion/gcc-arm-none-eabi-10.3-2021.10/bin/../lib/gcc/arm-none-eabi/10.3.1/../../../../arm-none-eabi/lib/thumb/v7-m/nofp\libg.a(lib_a-mlock.o)
                0x08004810                __malloc_unlock
 .text._puts_r  0x0800481c       0x9c d:/clion/gcc-arm-none-eabi-10.3-2021.10/bin/../lib/gcc/arm-none-eabi/10.3.1/../../../../arm-none-eabi/lib/thumb/v7-m/nofp\libg.a(lib_a-puts.o)
                0x0800481c                _puts_r
 .text.puts     0x080048b8       0x10 d:/clion/gcc-arm-none-eabi-10.3-2021.10/bin/../lib/gcc/arm-none-eabi/10.3.1/../../../../arm-none-eabi/lib/thumb/v7-m/nofp\libg.a(lib_a-puts.o)
                0x080048b8                puts
 .text._sbrk_r  0x080048c8       0x24 d:/clion/gcc-arm-none-eabi-10.3-2021.10/bin/../lib/gcc/arm-none-eabi/10.3.1/../../../../arm-none-eabi/lib/thumb/v7-m/nofp\libg.a(lib_a-sbrkr.o)
                0x080048c8                _sbrk_r
 .text.strlen   0x080048ec       0x5c d:/clion/gcc-arm-none-eabi-10.3-2021.10/bin/../lib/gcc/arm-none-eabi/10.3.1/../../../../arm-none-eabi/lib/thumb/v7-m/nofp\libg.a(lib_a-strlen-stub.o)
                0x080048ec                strlen
 .text.startup.register_fini
                0x08004948       0x14 d:/clion/gcc-arm-none-eabi-10.3-2021.10/bin/../lib/gcc/arm-none-eabi/10.3.1/../../../../arm-none-eabi/lib/thumb/v7-m/nofp\libg.a(lib_a-__call_atexit.o)
 .text.atexit   0x0800495c        0xc d:/clion/gcc-arm-none-eabi-10.3-2021.10/bin/../lib/gcc/arm-none-eabi/10.3.1/../../../../arm-none-eabi/lib/thumb/v7-m/nofp\libg.a(lib_a-atexit.o)
                0x0800495c                atexit
 .text._cleanup_r
                0x08004968        0xc d:/clion/gcc-arm-none-eabi-10.3-2021.10/bin/../lib/gcc/arm-none-eabi/10.3.1/../../../../arm-none-eabi/lib/thumb/v7-m/nofp\libg.a(lib_a-findfp.o)
                0x08004968                _cleanup_r
 .text.__sinit  0x08004974      0x10c d:/clion/gcc-arm-none-eabi-10.3-2021.10/bin/../lib/gcc/arm-none-eabi/10.3.1/../../../../arm-none-eabi/lib/thumb/v7-m/nofp\libg.a(lib_a-findfp.o)
                0x08004974                __sinit
 .text.__sfp_lock_acquire
                0x08004a80        0xc d:/clion/gcc-arm-none-eabi-10.3-2021.10/bin/../lib/gcc/arm-none-eabi/10.3.1/../../../../arm-none-eabi/lib/thumb/v7-m/nofp\libg.a(lib_a-findfp.o)
                0x08004a80                __sfp_lock_acquire
 .text.__sfp_lock_release
                0x08004a8c        0xc d:/clion/gcc-arm-none-eabi-10.3-2021.10/bin/../lib/gcc/arm-none-eabi/10.3.1/../../../../arm-none-eabi/lib/thumb/v7-m/nofp\libg.a(lib_a-findfp.o)
                0x08004a8c                __sfp_lock_release
 .text.__libc_fini_array
                0x08004a98       0x2c d:/clion/gcc-arm-none-eabi-10.3-2021.10/bin/../lib/gcc/arm-none-eabi/10.3.1/../../../../arm-none-eabi/lib/thumb/v7-m/nofp\libg.a(lib_a-fini.o)
                0x08004a98                __libc_fini_array
 .text._malloc_trim_r
                0x08004ac4       0xa0 d:/clion/gcc-arm-none-eabi-10.3-2021.10/bin/../lib/gcc/arm-none-eabi/10.3.1/../../../../arm-none-eabi/lib/thumb/v7-m/nofp\libg.a(lib_a-freer.o)
                0x08004ac4                _malloc_trim_r
 .text._free_r  0x08004b64      0x200 d:/clion/gcc-arm-none-eabi-10.3-2021.10/bin/../lib/gcc/arm-none-eabi/10.3.1/../../../../arm-none-eabi/lib/thumb/v7-m/nofp\libg.a(lib_a-freer.o)
                0x08004b64                _free_r
 .text.__sfvwrite_r
                0x08004d64      0x2f0 d:/clion/gcc-arm-none-eabi-10.3-2021.10/bin/../lib/gcc/arm-none-eabi/10.3.1/../../../../arm-none-eabi/lib/thumb/v7-m/nofp\libg.a(lib_a-fvwrite.o)
                0x08004d64                __sfvwrite_r
 .text._fwalk_reent
                0x08005054       0x48 d:/clion/gcc-arm-none-eabi-10.3-2021.10/bin/../lib/gcc/arm-none-eabi/10.3.1/../../../../arm-none-eabi/lib/thumb/v7-m/nofp\libg.a(lib_a-fwalk.o)
                0x08005054                _fwalk_reent
 .text.__retarget_lock_init_recursive
                0x0800509c        0x4 d:/clion/gcc-arm-none-eabi-10.3-2021.10/bin/../lib/gcc/arm-none-eabi/10.3.1/../../../../arm-none-eabi/lib/thumb/v7-m/nofp\libg.a(lib_a-lock.o)
                0x0800509c                __retarget_lock_init_recursive
 .text.__retarget_lock_close_recursive
                0x080050a0        0x4 d:/clion/gcc-arm-none-eabi-10.3-2021.10/bin/../lib/gcc/arm-none-eabi/10.3.1/../../../../arm-none-eabi/lib/thumb/v7-m/nofp\libg.a(lib_a-lock.o)
                0x080050a0                __retarget_lock_close_recursive
 .text.__retarget_lock_acquire_recursive
                0x080050a4        0x4 d:/clion/gcc-arm-none-eabi-10.3-2021.10/bin/../lib/gcc/arm-none-eabi/10.3.1/../../../../arm-none-eabi/lib/thumb/v7-m/nofp\libg.a(lib_a-lock.o)
                0x080050a4                __retarget_lock_acquire_recursive
 .text.__retarget_lock_release_recursive
                0x080050a8        0x4 d:/clion/gcc-arm-none-eabi-10.3-2021.10/bin/../lib/gcc/arm-none-eabi/10.3.1/../../../../arm-none-eabi/lib/thumb/v7-m/nofp\libg.a(lib_a-lock.o)
                0x080050a8                __retarget_lock_release_recursive
 .text.memchr   0x080050ac       0x90 d:/clion/gcc-arm-none-eabi-10.3-2021.10/bin/../lib/gcc/arm-none-eabi/10.3.1/../../../../arm-none-eabi/lib/thumb/v7-m/nofp\libg.a(lib_a-memchr-stub.o)
                0x080050ac                memchr
 .text.memmove  0x0800513c       0xf8 d:/clion/gcc-arm-none-eabi-10.3-2021.10/bin/../lib/gcc/arm-none-eabi/10.3.1/../../../../arm-none-eabi/lib/thumb/v7-m/nofp\libg.a(lib_a-memmove.o)
                0x0800513c                memmove
 .text._realloc_r
                0x08005234      0x3dc d:/clion/gcc-arm-none-eabi-10.3-2021.10/bin/../lib/gcc/arm-none-eabi/10.3.1/../../../../arm-none-eabi/lib/thumb/v7-m/nofp\libg.a(lib_a-reallocr.o)
                0x08005234                _realloc_r
 .text.__sread  0x08005610       0x24 d:/clion/gcc-arm-none-eabi-10.3-2021.10/bin/../lib/gcc/arm-none-eabi/10.3.1/../../../../arm-none-eabi/lib/thumb/v7-m/nofp\libg.a(lib_a-stdio.o)
                0x08005610                __sread
 .text.__swrite
                0x08005634       0x40 d:/clion/gcc-arm-none-eabi-10.3-2021.10/bin/../lib/gcc/arm-none-eabi/10.3.1/../../../../arm-none-eabi/lib/thumb/v7-m/nofp\libg.a(lib_a-stdio.o)
                0x08005634                __swrite
 .text.__sseek  0x08005674       0x20 d:/clion/gcc-arm-none-eabi-10.3-2021.10/bin/../lib/gcc/arm-none-eabi/10.3.1/../../../../arm-none-eabi/lib/thumb/v7-m/nofp\libg.a(lib_a-stdio.o)
                0x08005674                __sseek
 .text.__sclose
                0x08005694        0x8 d:/clion/gcc-arm-none-eabi-10.3-2021.10/bin/../lib/gcc/arm-none-eabi/10.3.1/../../../../arm-none-eabi/lib/thumb/v7-m/nofp\libg.a(lib_a-stdio.o)
                0x08005694                __sclose
 .text._write_r
                0x0800569c       0x2c d:/clion/gcc-arm-none-eabi-10.3-2021.10/bin/../lib/gcc/arm-none-eabi/10.3.1/../../../../arm-none-eabi/lib/thumb/v7-m/nofp\libg.a(lib_a-writer.o)
                0x0800569c                _write_r
 .text.__swsetup_r
                0x080056c8       0xd4 d:/clion/gcc-arm-none-eabi-10.3-2021.10/bin/../lib/gcc/arm-none-eabi/10.3.1/../../../../arm-none-eabi/lib/thumb/v7-m/nofp\libg.a(lib_a-wsetup.o)
                0x080056c8                __swsetup_r
 .text.__register_exitproc
                0x0800579c       0x8c d:/clion/gcc-arm-none-eabi-10.3-2021.10/bin/../lib/gcc/arm-none-eabi/10.3.1/../../../../arm-none-eabi/lib/thumb/v7-m/nofp\libg.a(lib_a-__atexit.o)
                0x0800579c                __register_exitproc
 .text._close_r
                0x08005828       0x24 d:/clion/gcc-arm-none-eabi-10.3-2021.10/bin/../lib/gcc/arm-none-eabi/10.3.1/../../../../arm-none-eabi/lib/thumb/v7-m/nofp\libg.a(lib_a-closer.o)
                0x08005828                _close_r
 .text._fclose_r
                0x0800584c       0xcc d:/clion/gcc-arm-none-eabi-10.3-2021.10/bin/../lib/gcc/arm-none-eabi/10.3.1/../../../../arm-none-eabi/lib/thumb/v7-m/nofp\libg.a(lib_a-fclose.o)
                0x0800584c                _fclose_r
 .text.__sflush_r
                0x08005918      0x124 d:/clion/gcc-arm-none-eabi-10.3-2021.10/bin/../lib/gcc/arm-none-eabi/10.3.1/../../../../arm-none-eabi/lib/thumb/v7-m/nofp\libg.a(lib_a-fflush.o)
                0x08005918                __sflush_r
 .text._fflush_r
                0x08005a3c       0x5c d:/clion/gcc-arm-none-eabi-10.3-2021.10/bin/../lib/gcc/arm-none-eabi/10.3.1/../../../../arm-none-eabi/lib/thumb/v7-m/nofp\libg.a(lib_a-fflush.o)
                0x08005a3c                _fflush_r
 .text._lseek_r
                0x08005a98       0x2c d:/clion/gcc-arm-none-eabi-10.3-2021.10/bin/../lib/gcc/arm-none-eabi/10.3.1/../../../../arm-none-eabi/lib/thumb/v7-m/nofp\libg.a(lib_a-lseekr.o)
                0x08005a98                _lseek_r
 .text.__smakebuf_r
                0x08005ac4       0xe0 d:/clion/gcc-arm-none-eabi-10.3-2021.10/bin/../lib/gcc/arm-none-eabi/10.3.1/../../../../arm-none-eabi/lib/thumb/v7-m/nofp\libg.a(lib_a-makebuf.o)
                0x08005ac4                __smakebuf_r
 .text._read_r  0x08005ba4       0x2c d:/clion/gcc-arm-none-eabi-10.3-2021.10/bin/../lib/gcc/arm-none-eabi/10.3.1/../../../../arm-none-eabi/lib/thumb/v7-m/nofp\libg.a(lib_a-readr.o)
                0x08005ba4                _read_r
 .text._fstat_r
                0x08005bd0       0x28 d:/clion/gcc-arm-none-eabi-10.3-2021.10/bin/../lib/gcc/arm-none-eabi/10.3.1/../../../../arm-none-eabi/lib/thumb/v7-m/nofp\libg.a(lib_a-fstatr.o)
                0x08005bd0                _fstat_r
 .text._isatty_r
                0x08005bf8       0x24 d:/clion/gcc-arm-none-eabi-10.3-2021.10/bin/../lib/gcc/arm-none-eabi/10.3.1/../../../../arm-none-eabi/lib/thumb/v7-m/nofp\libg.a(lib_a-isattyr.o)
                0x08005bf8                _isatty_r
 *(.glue_7)
 .glue_7        0x08005c1c        0x0 linker stubs
 *(.glue_7t)
 .glue_7t       0x08005c1c        0x0 linker stubs
 *(.eh_frame)
 .eh_frame      0x08005c1c        0x0 d:/clion/gcc-arm-none-eabi-10.3-2021.10/bin/../lib/gcc/arm-none-eabi/10.3.1/thumb/v7-m/nofp/crtbegin.o
 *(.init)
 .init          0x08005c1c        0x4 d:/clion/gcc-arm-none-eabi-10.3-2021.10/bin/../lib/gcc/arm-none-eabi/10.3.1/thumb/v7-m/nofp/crti.o
                0x08005c1c                _init
 .init          0x08005c20        0x8 d:/clion/gcc-arm-none-eabi-10.3-2021.10/bin/../lib/gcc/arm-none-eabi/10.3.1/thumb/v7-m/nofp/crtn.o
 *(.fini)
 .fini          0x08005c28        0x4 d:/clion/gcc-arm-none-eabi-10.3-2021.10/bin/../lib/gcc/arm-none-eabi/10.3.1/thumb/v7-m/nofp/crti.o
                0x08005c28                _fini
 .fini          0x08005c2c        0x8 d:/clion/gcc-arm-none-eabi-10.3-2021.10/bin/../lib/gcc/arm-none-eabi/10.3.1/thumb/v7-m/nofp/crtn.o
                0x08005c34                . = ALIGN (0x4)
                0x08005c34                _etext = .

.vfp11_veneer   0x08005c34        0x0
 .vfp11_veneer  0x08005c34        0x0 linker stubs

.v4_bx          0x08005c34        0x0
 .v4_bx         0x08005c34        0x0 linker stubs

.iplt           0x08005c34        0x0
 .iplt          0x08005c34        0x0 d:/clion/gcc-arm-none-eabi-10.3-2021.10/bin/../lib/gcc/arm-none-eabi/10.3.1/thumb/v7-m/nofp/crtbegin.o

.rodata         0x08005c34       0xec
                0x08005c34                . = ALIGN (0x4)
 *(.rodata)
 *(.rodata*)
 .rodata.main.str1.4
                0x08005c34       0x1a CMakeFiles/ISD2190.elf.dir/Core/Src/main.c.obj
 *fill*         0x08005c4e        0x2 
 .rodata.AHBPrescTable
                0x08005c50       0x10 CMakeFiles/ISD2190.elf.dir/Core/Src/system_stm32l1xx.c.obj
                0x08005c50                AHBPrescTable
 .rodata.APBPrescTable
                0x08005c60        0x8 CMakeFiles/ISD2190.elf.dir/Core/Src/system_stm32l1xx.c.obj
                0x08005c60                APBPrescTable
 .rodata.PLLMulTable
                0x08005c68        0x9 CMakeFiles/ISD2190.elf.dir/Core/Src/system_stm32l1xx.c.obj
                0x08005c68                PLLMulTable
 *fill*         0x08005c71        0x3 
 .rodata.tempRes_buf
                0x08005c74       0xa2 CMakeFiles/ISD2190.elf.dir/User/temp.c.obj
 *fill*         0x08005d16        0x2 
 .rodata._global_impure_ptr
                0x08005d18        0x4 d:/clion/gcc-arm-none-eabi-10.3-2021.10/bin/../lib/gcc/arm-none-eabi/10.3.1/../../../../arm-none-eabi/lib/thumb/v7-m/nofp\libg.a(lib_a-impure.o)
                0x08005d18                _global_impure_ptr
 .rodata._puts_r.str1.4
                0x08005d1c        0x2 d:/clion/gcc-arm-none-eabi-10.3-2021.10/bin/../lib/gcc/arm-none-eabi/10.3.1/../../../../arm-none-eabi/lib/thumb/v7-m/nofp\libg.a(lib_a-puts.o)
                0x08005d20                . = ALIGN (0x4)
 *fill*         0x08005d1e        0x2 

.ARM.extab      0x08005d20        0x0
                0x08005d20                . = ALIGN (0x4)
 *(.ARM.extab* .gnu.linkonce.armextab.*)
                0x08005d20                . = ALIGN (0x4)

.ARM            0x08005d20        0x8
                0x08005d20                . = ALIGN (0x4)
                0x08005d20                __exidx_start = .
 *(.ARM.exidx*)
 .ARM.exidx     0x08005d20        0x8 d:/clion/gcc-arm-none-eabi-10.3-2021.10/bin/../lib/gcc/arm-none-eabi/10.3.1/thumb/v7-m/nofp\libgcc.a(_udivmoddi4.o)
                0x08005d28                __exidx_end = .
                0x08005d28                . = ALIGN (0x4)

.rel.dyn        0x08005d28        0x0
 .rel.iplt      0x08005d28        0x0 d:/clion/gcc-arm-none-eabi-10.3-2021.10/bin/../lib/gcc/arm-none-eabi/10.3.1/thumb/v7-m/nofp/crtbegin.o

.preinit_array  0x08005d28        0x0
                0x08005d28                . = ALIGN (0x4)
                0x08005d28                PROVIDE (__preinit_array_start = .)
 *(.preinit_array*)
                0x08005d28                PROVIDE (__preinit_array_end = .)
                0x08005d28                . = ALIGN (0x4)

.init_array     0x08005d28        0x8
                0x08005d28                . = ALIGN (0x4)
                0x08005d28                PROVIDE (__init_array_start = .)
 *(SORT_BY_NAME(.init_array.*))
 .init_array.00000
                0x08005d28        0x4 d:/clion/gcc-arm-none-eabi-10.3-2021.10/bin/../lib/gcc/arm-none-eabi/10.3.1/../../../../arm-none-eabi/lib/thumb/v7-m/nofp\libg.a(lib_a-__call_atexit.o)
 *(.init_array*)
 .init_array    0x08005d2c        0x4 d:/clion/gcc-arm-none-eabi-10.3-2021.10/bin/../lib/gcc/arm-none-eabi/10.3.1/thumb/v7-m/nofp/crtbegin.o
                0x08005d30                PROVIDE (__init_array_end = .)
                0x08005d30                . = ALIGN (0x4)

.fini_array     0x08005d30        0x4
                0x08005d30                . = ALIGN (0x4)
                0x08005d30                PROVIDE (__fini_array_start = .)
 *(SORT_BY_NAME(.fini_array.*))
 *(.fini_array*)
 .fini_array    0x08005d30        0x4 d:/clion/gcc-arm-none-eabi-10.3-2021.10/bin/../lib/gcc/arm-none-eabi/10.3.1/thumb/v7-m/nofp/crtbegin.o
                0x08005d34                PROVIDE (__fini_array_end = .)
                0x08005d34                . = ALIGN (0x4)
                0x08005d34                _sidata = LOADADDR (.data)

.data           0x20000000      0x85c load address 0x08005d34
                0x20000000                . = ALIGN (0x4)
                0x20000000                _sdata = .
 *(.data)
 *(.data*)
 .data.SystemCoreClock
                0x20000000        0x4 CMakeFiles/ISD2190.elf.dir/Core/Src/system_stm32l1xx.c.obj
                0x20000000                SystemCoreClock
 .data.uwTickFreq
                0x20000004        0x4 CMakeFiles/ISD2190.elf.dir/Drivers/STM32L1xx_HAL_Driver/Src/stm32l1xx_hal.c.obj
                0x20000004                uwTickFreq
 .data.uwTickPrio
                0x20000008        0x4 CMakeFiles/ISD2190.elf.dir/Drivers/STM32L1xx_HAL_Driver/Src/stm32l1xx_hal.c.obj
                0x20000008                uwTickPrio
 .data.VM_Init_Cmd
                0x2000000c        0x7 CMakeFiles/ISD2190.elf.dir/User/VMxx.c.obj
                0x2000000c                VM_Init_Cmd
 *fill*         0x20000013        0x1 
 .data.VM_Scan_Cmd
                0x20000014        0x5 CMakeFiles/ISD2190.elf.dir/User/VMxx.c.obj
                0x20000014                VM_Scan_Cmd
 *fill*         0x20000019        0x3 
 .data._impure_ptr
                0x2000001c        0x4 d:/clion/gcc-arm-none-eabi-10.3-2021.10/bin/../lib/gcc/arm-none-eabi/10.3.1/../../../../arm-none-eabi/lib/thumb/v7-m/nofp\libg.a(lib_a-impure.o)
                0x2000001c                _impure_ptr
 .data.impure_data
                0x20000020      0x428 d:/clion/gcc-arm-none-eabi-10.3-2021.10/bin/../lib/gcc/arm-none-eabi/10.3.1/../../../../arm-none-eabi/lib/thumb/v7-m/nofp\libg.a(lib_a-impure.o)
 .data.__malloc_av_
                0x20000448      0x408 d:/clion/gcc-arm-none-eabi-10.3-2021.10/bin/../lib/gcc/arm-none-eabi/10.3.1/../../../../arm-none-eabi/lib/thumb/v7-m/nofp\libg.a(lib_a-mallocr.o)
                0x20000448                __malloc_av_
 .data.__malloc_sbrk_base
                0x20000850        0x4 d:/clion/gcc-arm-none-eabi-10.3-2021.10/bin/../lib/gcc/arm-none-eabi/10.3.1/../../../../arm-none-eabi/lib/thumb/v7-m/nofp\libg.a(lib_a-mallocr.o)
                0x20000850                __malloc_sbrk_base
 .data.__malloc_trim_threshold
                0x20000854        0x4 d:/clion/gcc-arm-none-eabi-10.3-2021.10/bin/../lib/gcc/arm-none-eabi/10.3.1/../../../../arm-none-eabi/lib/thumb/v7-m/nofp\libg.a(lib_a-mallocr.o)
                0x20000854                __malloc_trim_threshold
 .data.__atexit_recursive_mutex
                0x20000858        0x4 d:/clion/gcc-arm-none-eabi-10.3-2021.10/bin/../lib/gcc/arm-none-eabi/10.3.1/../../../../arm-none-eabi/lib/thumb/v7-m/nofp\libg.a(lib_a-__call_atexit.o)
                0x20000858                __atexit_recursive_mutex
 *(.RamFunc)
 *(.RamFunc*)
                0x2000085c                . = ALIGN (0x4)
                0x2000085c                _edata = .

.igot.plt       0x2000085c        0x0 load address 0x08006590
 .igot.plt      0x2000085c        0x0 d:/clion/gcc-arm-none-eabi-10.3-2021.10/bin/../lib/gcc/arm-none-eabi/10.3.1/thumb/v7-m/nofp/crtbegin.o
                0x2000085c                . = ALIGN (0x4)

.bss            0x20000860      0x778 load address 0x08006590
                0x20000860                _sbss = .
                0x20000860                __bss_start__ = _sbss
 *(.bss)
 .bss           0x20000860       0x1c d:/clion/gcc-arm-none-eabi-10.3-2021.10/bin/../lib/gcc/arm-none-eabi/10.3.1/thumb/v7-m/nofp/crtbegin.o
 *(.bss*)
 .bss.hadc      0x2000087c       0x54 CMakeFiles/ISD2190.elf.dir/Core/Src/adc.c.obj
                0x2000087c                hadc
 .bss.hdma_adc  0x200008d0       0x44 CMakeFiles/ISD2190.elf.dir/Core/Src/adc.c.obj
                0x200008d0                hdma_adc
 .bss.ADC_Busy  0x20000914        0x1 CMakeFiles/ISD2190.elf.dir/Core/Src/main.c.obj
                0x20000914                ADC_Busy
 *fill*         0x20000915        0x3 
 .bss.ADC_Value
                0x20000918       0x20 CMakeFiles/ISD2190.elf.dir/Core/Src/main.c.obj
                0x20000918                ADC_Value
 .bss.Scan_Start
                0x20000938        0x1 CMakeFiles/ISD2190.elf.dir/Core/Src/main.c.obj
                0x20000938                Scan_Start
 *fill*         0x20000939        0x7 
 .bss.Sensor    0x20000940      0x400 CMakeFiles/ISD2190.elf.dir/Core/Src/main.c.obj
                0x20000940                Sensor
 .bss.Temp_Value
                0x20000d40       0x20 CMakeFiles/ISD2190.elf.dir/Core/Src/main.c.obj
                0x20000d40                Temp_Value
 .bss.VM_Busy   0x20000d60        0x1 CMakeFiles/ISD2190.elf.dir/Core/Src/main.c.obj
                0x20000d60                VM_Busy
 .bss.VM_ERR    0x20000d61        0x1 CMakeFiles/ISD2190.elf.dir/Core/Src/main.c.obj
                0x20000d61                VM_ERR
 .bss.VM_init   0x20000d62        0x1 CMakeFiles/ISD2190.elf.dir/Core/Src/main.c.obj
                0x20000d62                VM_init
 .bss.receiving
                0x20000d63        0x1 CMakeFiles/ISD2190.elf.dir/Core/Src/main.c.obj
                0x20000d63                receiving
 .bss.restart   0x20000d64        0x1 CMakeFiles/ISD2190.elf.dir/Core/Src/main.c.obj
                0x20000d64                restart
 *fill*         0x20000d65        0x3 
 .bss.rx_buffer
                0x20000d68       0xff CMakeFiles/ISD2190.elf.dir/Core/Src/main.c.obj
                0x20000d68                rx_buffer
 .bss.rx_check  0x20000e67        0x1 CMakeFiles/ISD2190.elf.dir/Core/Src/main.c.obj
                0x20000e67                rx_check
 .bss.rx_index  0x20000e68        0x1 CMakeFiles/ISD2190.elf.dir/Core/Src/main.c.obj
                0x20000e68                rx_index
 .bss.rxdata    0x20000e69        0x1 CMakeFiles/ISD2190.elf.dir/Core/Src/main.c.obj
                0x20000e69                rxdata
 *fill*         0x20000e6a        0x2 
 .bss.__sbrk_heap_end
                0x20000e6c        0x4 CMakeFiles/ISD2190.elf.dir/Core/Src/sysmem.c.obj
 .bss.htim2     0x20000e70       0x40 CMakeFiles/ISD2190.elf.dir/Core/Src/tim.c.obj
                0x20000e70                htim2
 .bss.huart2    0x20000eb0       0x48 CMakeFiles/ISD2190.elf.dir/Core/Src/usart.c.obj
                0x20000eb0                huart2
 .bss.huart3    0x20000ef8       0x48 CMakeFiles/ISD2190.elf.dir/Core/Src/usart.c.obj
                0x20000ef8                huart3
 .bss.huart5    0x20000f40       0x48 CMakeFiles/ISD2190.elf.dir/Core/Src/usart.c.obj
                0x20000f40                huart5
 .bss.uwTick    0x20000f88        0x4 CMakeFiles/ISD2190.elf.dir/Drivers/STM32L1xx_HAL_Driver/Src/stm32l1xx_hal.c.obj
                0x20000f88                uwTick
 .bss.i         0x20000f8c        0x4 CMakeFiles/ISD2190.elf.dir/User/CollectData.c.obj
                0x20000f8c                i
 .bss.__malloc_current_mallinfo
                0x20000f90       0x28 d:/clion/gcc-arm-none-eabi-10.3-2021.10/bin/../lib/gcc/arm-none-eabi/10.3.1/../../../../arm-none-eabi/lib/thumb/v7-m/nofp\libg.a(lib_a-mallocr.o)
                0x20000f90                __malloc_current_mallinfo
 .bss.__malloc_max_sbrked_mem
                0x20000fb8        0x4 d:/clion/gcc-arm-none-eabi-10.3-2021.10/bin/../lib/gcc/arm-none-eabi/10.3.1/../../../../arm-none-eabi/lib/thumb/v7-m/nofp\libg.a(lib_a-mallocr.o)
                0x20000fb8                __malloc_max_sbrked_mem
 .bss.__malloc_max_total_mem
                0x20000fbc        0x4 d:/clion/gcc-arm-none-eabi-10.3-2021.10/bin/../lib/gcc/arm-none-eabi/10.3.1/../../../../arm-none-eabi/lib/thumb/v7-m/nofp\libg.a(lib_a-mallocr.o)
                0x20000fbc                __malloc_max_total_mem
 .bss.__malloc_top_pad
                0x20000fc0        0x4 d:/clion/gcc-arm-none-eabi-10.3-2021.10/bin/../lib/gcc/arm-none-eabi/10.3.1/../../../../arm-none-eabi/lib/thumb/v7-m/nofp\libg.a(lib_a-mallocr.o)
                0x20000fc0                __malloc_top_pad
 .bss.__lock___atexit_recursive_mutex
                0x20000fc4        0x1 d:/clion/gcc-arm-none-eabi-10.3-2021.10/bin/../lib/gcc/arm-none-eabi/10.3.1/../../../../arm-none-eabi/lib/thumb/v7-m/nofp\libg.a(lib_a-lock.o)
                0x20000fc4                __lock___atexit_recursive_mutex
 *fill*         0x20000fc5        0x3 
 .bss.__lock___malloc_recursive_mutex
                0x20000fc8        0x1 d:/clion/gcc-arm-none-eabi-10.3-2021.10/bin/../lib/gcc/arm-none-eabi/10.3.1/../../../../arm-none-eabi/lib/thumb/v7-m/nofp\libg.a(lib_a-lock.o)
                0x20000fc8                __lock___malloc_recursive_mutex
 *fill*         0x20000fc9        0x3 
 .bss.__lock___sfp_recursive_mutex
                0x20000fcc        0x1 d:/clion/gcc-arm-none-eabi-10.3-2021.10/bin/../lib/gcc/arm-none-eabi/10.3.1/../../../../arm-none-eabi/lib/thumb/v7-m/nofp\libg.a(lib_a-lock.o)
                0x20000fcc                __lock___sfp_recursive_mutex
 *fill*         0x20000fcd        0x3 
 .bss.__lock___sinit_recursive_mutex
                0x20000fd0        0x1 d:/clion/gcc-arm-none-eabi-10.3-2021.10/bin/../lib/gcc/arm-none-eabi/10.3.1/../../../../arm-none-eabi/lib/thumb/v7-m/nofp\libg.a(lib_a-lock.o)
                0x20000fd0                __lock___sinit_recursive_mutex
 *fill*         0x20000fd1        0x3 
 .bss.errno     0x20000fd4        0x4 d:/clion/gcc-arm-none-eabi-10.3-2021.10/bin/../lib/gcc/arm-none-eabi/10.3.1/../../../../arm-none-eabi/lib/thumb/v7-m/nofp\libg.a(lib_a-reent.o)
                0x20000fd4                errno
 *(COMMON)
                0x20000fd8                . = ALIGN (0x4)
                0x20000fd8                _ebss = .
                0x20000fd8                __bss_end__ = _ebss

._user_heap_stack
                0x20000fd8      0x600 load address 0x08006590
                0x20000fd8                . = ALIGN (0x8)
                [!provide]                PROVIDE (end = .)
                0x20000fd8                PROVIDE (_end = .)
                0x200011d8                . = (. + _Min_Heap_Size)
 *fill*         0x20000fd8      0x200 
                0x200015d8                . = (. + _Min_Stack_Size)
 *fill*         0x200011d8      0x400 
                0x200015d8                . = ALIGN (0x8)

/DISCARD/
 libc.a(*)
 libm.a(*)
 libgcc.a(*)

.ARM.attributes
                0x00000000       0x29
 *(.ARM.attributes)
 .ARM.attributes
                0x00000000       0x1d d:/clion/gcc-arm-none-eabi-10.3-2021.10/bin/../lib/gcc/arm-none-eabi/10.3.1/thumb/v7-m/nofp/crti.o
 .ARM.attributes
                0x0000001d       0x2d d:/clion/gcc-arm-none-eabi-10.3-2021.10/bin/../lib/gcc/arm-none-eabi/10.3.1/thumb/v7-m/nofp/crtbegin.o
 .ARM.attributes
                0x0000004a       0x2d CMakeFiles/ISD2190.elf.dir/Core/Src/adc.c.obj
 .ARM.attributes
                0x00000077       0x2d CMakeFiles/ISD2190.elf.dir/Core/Src/dma.c.obj
 .ARM.attributes
                0x000000a4       0x2d CMakeFiles/ISD2190.elf.dir/Core/Src/gpio.c.obj
 .ARM.attributes
                0x000000d1       0x2d CMakeFiles/ISD2190.elf.dir/Core/Src/main.c.obj
 .ARM.attributes
                0x000000fe       0x2d CMakeFiles/ISD2190.elf.dir/Core/Src/stm32l1xx_hal_msp.c.obj
 .ARM.attributes
                0x0000012b       0x2d CMakeFiles/ISD2190.elf.dir/Core/Src/stm32l1xx_it.c.obj
 .ARM.attributes
                0x00000158       0x2d CMakeFiles/ISD2190.elf.dir/Core/Src/syscalls.c.obj
 .ARM.attributes
                0x00000185       0x2d CMakeFiles/ISD2190.elf.dir/Core/Src/sysmem.c.obj
 .ARM.attributes
                0x000001b2       0x2d CMakeFiles/ISD2190.elf.dir/Core/Src/system_stm32l1xx.c.obj
 .ARM.attributes
                0x000001df       0x2d CMakeFiles/ISD2190.elf.dir/Core/Src/tim.c.obj
 .ARM.attributes
                0x0000020c       0x2d CMakeFiles/ISD2190.elf.dir/Core/Src/usart.c.obj
 .ARM.attributes
                0x00000239       0x21 CMakeFiles/ISD2190.elf.dir/Core/Startup/startup_stm32l151rdtx.s.obj
 .ARM.attributes
                0x0000025a       0x2d CMakeFiles/ISD2190.elf.dir/Drivers/STM32L1xx_HAL_Driver/Src/stm32l1xx_hal.c.obj
 .ARM.attributes
                0x00000287       0x2d CMakeFiles/ISD2190.elf.dir/Drivers/STM32L1xx_HAL_Driver/Src/stm32l1xx_hal_adc.c.obj
 .ARM.attributes
                0x000002b4       0x2d CMakeFiles/ISD2190.elf.dir/Drivers/STM32L1xx_HAL_Driver/Src/stm32l1xx_hal_cortex.c.obj
 .ARM.attributes
                0x000002e1       0x2d CMakeFiles/ISD2190.elf.dir/Drivers/STM32L1xx_HAL_Driver/Src/stm32l1xx_hal_dma.c.obj
 .ARM.attributes
                0x0000030e       0x2d CMakeFiles/ISD2190.elf.dir/Drivers/STM32L1xx_HAL_Driver/Src/stm32l1xx_hal_gpio.c.obj
 .ARM.attributes
                0x0000033b       0x2d CMakeFiles/ISD2190.elf.dir/Drivers/STM32L1xx_HAL_Driver/Src/stm32l1xx_hal_rcc.c.obj
 .ARM.attributes
                0x00000368       0x2d CMakeFiles/ISD2190.elf.dir/Drivers/STM32L1xx_HAL_Driver/Src/stm32l1xx_hal_tim.c.obj
 .ARM.attributes
                0x00000395       0x2d CMakeFiles/ISD2190.elf.dir/Drivers/STM32L1xx_HAL_Driver/Src/stm32l1xx_hal_tim_ex.c.obj
 .ARM.attributes
                0x000003c2       0x2d CMakeFiles/ISD2190.elf.dir/Drivers/STM32L1xx_HAL_Driver/Src/stm32l1xx_hal_uart.c.obj
 .ARM.attributes
                0x000003ef       0x2d CMakeFiles/ISD2190.elf.dir/User/CollectData.c.obj
 .ARM.attributes
                0x0000041c       0x2d CMakeFiles/ISD2190.elf.dir/User/VMxx.c.obj
 .ARM.attributes
                0x00000449       0x2d CMakeFiles/ISD2190.elf.dir/User/hardware.c.obj
 .ARM.attributes
                0x00000476       0x2d CMakeFiles/ISD2190.elf.dir/User/temp.c.obj
 .ARM.attributes
                0x000004a3       0x1d d:/clion/gcc-arm-none-eabi-10.3-2021.10/bin/../lib/gcc/arm-none-eabi/10.3.1/thumb/v7-m/nofp\libgcc.a(_arm_addsubdf3.o)
 .ARM.attributes
                0x000004c0       0x1d d:/clion/gcc-arm-none-eabi-10.3-2021.10/bin/../lib/gcc/arm-none-eabi/10.3.1/thumb/v7-m/nofp\libgcc.a(_arm_muldivdf3.o)
 .ARM.attributes
                0x000004dd       0x1d d:/clion/gcc-arm-none-eabi-10.3-2021.10/bin/../lib/gcc/arm-none-eabi/10.3.1/thumb/v7-m/nofp\libgcc.a(_aeabi_uldivmod.o)
 .ARM.attributes
                0x000004fa       0x2d d:/clion/gcc-arm-none-eabi-10.3-2021.10/bin/../lib/gcc/arm-none-eabi/10.3.1/thumb/v7-m/nofp\libgcc.a(_udivmoddi4.o)
 .ARM.attributes
                0x00000527       0x1d d:/clion/gcc-arm-none-eabi-10.3-2021.10/bin/../lib/gcc/arm-none-eabi/10.3.1/thumb/v7-m/nofp\libgcc.a(_dvmd_tls.o)
 .ARM.attributes
                0x00000544       0x2d d:/clion/gcc-arm-none-eabi-10.3-2021.10/bin/../lib/gcc/arm-none-eabi/10.3.1/../../../../arm-none-eabi/lib/thumb/v7-m/nofp\libg.a(lib_a-errno.o)
 .ARM.attributes
                0x00000571       0x2d d:/clion/gcc-arm-none-eabi-10.3-2021.10/bin/../lib/gcc/arm-none-eabi/10.3.1/../../../../arm-none-eabi/lib/thumb/v7-m/nofp\libg.a(lib_a-impure.o)
 .ARM.attributes
                0x0000059e       0x2d d:/clion/gcc-arm-none-eabi-10.3-2021.10/bin/../lib/gcc/arm-none-eabi/10.3.1/../../../../arm-none-eabi/lib/thumb/v7-m/nofp\libg.a(lib_a-init.o)
 .ARM.attributes
                0x000005cb       0x2d d:/clion/gcc-arm-none-eabi-10.3-2021.10/bin/../lib/gcc/arm-none-eabi/10.3.1/../../../../arm-none-eabi/lib/thumb/v7-m/nofp\libg.a(lib_a-malloc.o)
 .ARM.attributes
                0x000005f8       0x2d d:/clion/gcc-arm-none-eabi-10.3-2021.10/bin/../lib/gcc/arm-none-eabi/10.3.1/../../../../arm-none-eabi/lib/thumb/v7-m/nofp\libg.a(lib_a-mallocr.o)
 .ARM.attributes
                0x00000625       0x2d d:/clion/gcc-arm-none-eabi-10.3-2021.10/bin/../lib/gcc/arm-none-eabi/10.3.1/../../../../arm-none-eabi/lib/thumb/v7-m/nofp\libg.a(lib_a-memset.o)
 .ARM.attributes
                0x00000652       0x2d d:/clion/gcc-arm-none-eabi-10.3-2021.10/bin/../lib/gcc/arm-none-eabi/10.3.1/../../../../arm-none-eabi/lib/thumb/v7-m/nofp\libg.a(lib_a-mlock.o)
 .ARM.attributes
                0x0000067f       0x2d d:/clion/gcc-arm-none-eabi-10.3-2021.10/bin/../lib/gcc/arm-none-eabi/10.3.1/../../../../arm-none-eabi/lib/thumb/v7-m/nofp\libg.a(lib_a-puts.o)
 .ARM.attributes
                0x000006ac       0x2d d:/clion/gcc-arm-none-eabi-10.3-2021.10/bin/../lib/gcc/arm-none-eabi/10.3.1/../../../../arm-none-eabi/lib/thumb/v7-m/nofp\libg.a(lib_a-sbrkr.o)
 .ARM.attributes
                0x000006d9       0x2d d:/clion/gcc-arm-none-eabi-10.3-2021.10/bin/../lib/gcc/arm-none-eabi/10.3.1/../../../../arm-none-eabi/lib/thumb/v7-m/nofp\libg.a(lib_a-strlen-stub.o)
 .ARM.attributes
                0x00000706       0x2d d:/clion/gcc-arm-none-eabi-10.3-2021.10/bin/../lib/gcc/arm-none-eabi/10.3.1/../../../../arm-none-eabi/lib/thumb/v7-m/nofp\libg.a(lib_a-__call_atexit.o)
 .ARM.attributes
                0x00000733       0x2d d:/clion/gcc-arm-none-eabi-10.3-2021.10/bin/../lib/gcc/arm-none-eabi/10.3.1/../../../../arm-none-eabi/lib/thumb/v7-m/nofp\libg.a(lib_a-atexit.o)
 .ARM.attributes
                0x00000760       0x2d d:/clion/gcc-arm-none-eabi-10.3-2021.10/bin/../lib/gcc/arm-none-eabi/10.3.1/../../../../arm-none-eabi/lib/thumb/v7-m/nofp\libg.a(lib_a-findfp.o)
 .ARM.attributes
                0x0000078d       0x2d d:/clion/gcc-arm-none-eabi-10.3-2021.10/bin/../lib/gcc/arm-none-eabi/10.3.1/../../../../arm-none-eabi/lib/thumb/v7-m/nofp\libg.a(lib_a-fini.o)
 .ARM.attributes
                0x000007ba       0x2d d:/clion/gcc-arm-none-eabi-10.3-2021.10/bin/../lib/gcc/arm-none-eabi/10.3.1/../../../../arm-none-eabi/lib/thumb/v7-m/nofp\libg.a(lib_a-freer.o)
 .ARM.attributes
                0x000007e7       0x2d d:/clion/gcc-arm-none-eabi-10.3-2021.10/bin/../lib/gcc/arm-none-eabi/10.3.1/../../../../arm-none-eabi/lib/thumb/v7-m/nofp\libg.a(lib_a-fvwrite.o)
 .ARM.attributes
                0x00000814       0x2d d:/clion/gcc-arm-none-eabi-10.3-2021.10/bin/../lib/gcc/arm-none-eabi/10.3.1/../../../../arm-none-eabi/lib/thumb/v7-m/nofp\libg.a(lib_a-fwalk.o)
 .ARM.attributes
                0x00000841       0x2d d:/clion/gcc-arm-none-eabi-10.3-2021.10/bin/../lib/gcc/arm-none-eabi/10.3.1/../../../../arm-none-eabi/lib/thumb/v7-m/nofp\libg.a(lib_a-lock.o)
 .ARM.attributes
                0x0000086e       0x2d d:/clion/gcc-arm-none-eabi-10.3-2021.10/bin/../lib/gcc/arm-none-eabi/10.3.1/../../../../arm-none-eabi/lib/thumb/v7-m/nofp\libg.a(lib_a-memchr-stub.o)
 .ARM.attributes
                0x0000089b       0x1b d:/clion/gcc-arm-none-eabi-10.3-2021.10/bin/../lib/gcc/arm-none-eabi/10.3.1/../../../../arm-none-eabi/lib/thumb/v7-m/nofp\libg.a(lib_a-memcpy.o)
 .ARM.attributes
                0x000008b6       0x2d d:/clion/gcc-arm-none-eabi-10.3-2021.10/bin/../lib/gcc/arm-none-eabi/10.3.1/../../../../arm-none-eabi/lib/thumb/v7-m/nofp\libg.a(lib_a-memmove.o)
 .ARM.attributes
                0x000008e3       0x2d d:/clion/gcc-arm-none-eabi-10.3-2021.10/bin/../lib/gcc/arm-none-eabi/10.3.1/../../../../arm-none-eabi/lib/thumb/v7-m/nofp\libg.a(lib_a-reallocr.o)
 .ARM.attributes
                0x00000910       0x2d d:/clion/gcc-arm-none-eabi-10.3-2021.10/bin/../lib/gcc/arm-none-eabi/10.3.1/../../../../arm-none-eabi/lib/thumb/v7-m/nofp\libg.a(lib_a-reent.o)
 .ARM.attributes
                0x0000093d       0x2d d:/clion/gcc-arm-none-eabi-10.3-2021.10/bin/../lib/gcc/arm-none-eabi/10.3.1/../../../../arm-none-eabi/lib/thumb/v7-m/nofp\libg.a(lib_a-stdio.o)
 .ARM.attributes
                0x0000096a       0x2d d:/clion/gcc-arm-none-eabi-10.3-2021.10/bin/../lib/gcc/arm-none-eabi/10.3.1/../../../../arm-none-eabi/lib/thumb/v7-m/nofp\libg.a(lib_a-writer.o)
 .ARM.attributes
                0x00000997       0x2d d:/clion/gcc-arm-none-eabi-10.3-2021.10/bin/../lib/gcc/arm-none-eabi/10.3.1/../../../../arm-none-eabi/lib/thumb/v7-m/nofp\libg.a(lib_a-wsetup.o)
 .ARM.attributes
                0x000009c4       0x2d d:/clion/gcc-arm-none-eabi-10.3-2021.10/bin/../lib/gcc/arm-none-eabi/10.3.1/../../../../arm-none-eabi/lib/thumb/v7-m/nofp\libg.a(lib_a-__atexit.o)
 .ARM.attributes
                0x000009f1       0x2d d:/clion/gcc-arm-none-eabi-10.3-2021.10/bin/../lib/gcc/arm-none-eabi/10.3.1/../../../../arm-none-eabi/lib/thumb/v7-m/nofp\libg.a(lib_a-closer.o)
 .ARM.attributes
                0x00000a1e       0x2d d:/clion/gcc-arm-none-eabi-10.3-2021.10/bin/../lib/gcc/arm-none-eabi/10.3.1/../../../../arm-none-eabi/lib/thumb/v7-m/nofp\libg.a(lib_a-fclose.o)
 .ARM.attributes
                0x00000a4b       0x2d d:/clion/gcc-arm-none-eabi-10.3-2021.10/bin/../lib/gcc/arm-none-eabi/10.3.1/../../../../arm-none-eabi/lib/thumb/v7-m/nofp\libg.a(lib_a-fflush.o)
 .ARM.attributes
                0x00000a78       0x2d d:/clion/gcc-arm-none-eabi-10.3-2021.10/bin/../lib/gcc/arm-none-eabi/10.3.1/../../../../arm-none-eabi/lib/thumb/v7-m/nofp\libg.a(lib_a-lseekr.o)
 .ARM.attributes
                0x00000aa5       0x2d d:/clion/gcc-arm-none-eabi-10.3-2021.10/bin/../lib/gcc/arm-none-eabi/10.3.1/../../../../arm-none-eabi/lib/thumb/v7-m/nofp\libg.a(lib_a-makebuf.o)
 .ARM.attributes
                0x00000ad2       0x2d d:/clion/gcc-arm-none-eabi-10.3-2021.10/bin/../lib/gcc/arm-none-eabi/10.3.1/../../../../arm-none-eabi/lib/thumb/v7-m/nofp\libg.a(lib_a-readr.o)
 .ARM.attributes
                0x00000aff       0x2d d:/clion/gcc-arm-none-eabi-10.3-2021.10/bin/../lib/gcc/arm-none-eabi/10.3.1/../../../../arm-none-eabi/lib/thumb/v7-m/nofp\libg.a(lib_a-fstatr.o)
 .ARM.attributes
                0x00000b2c       0x2d d:/clion/gcc-arm-none-eabi-10.3-2021.10/bin/../lib/gcc/arm-none-eabi/10.3.1/../../../../arm-none-eabi/lib/thumb/v7-m/nofp\libg.a(lib_a-isattyr.o)
 .ARM.attributes
                0x00000b59       0x1d d:/clion/gcc-arm-none-eabi-10.3-2021.10/bin/../lib/gcc/arm-none-eabi/10.3.1/thumb/v7-m/nofp/crtn.o
OUTPUT(ISD2190.elf elf32-littlearm)
LOAD linker stubs
LOAD d:/clion/gcc-arm-none-eabi-10.3-2021.10/bin/../lib/gcc/arm-none-eabi/10.3.1/../../../../arm-none-eabi/lib/thumb/v7-m/nofp\libc.a
LOAD d:/clion/gcc-arm-none-eabi-10.3-2021.10/bin/../lib/gcc/arm-none-eabi/10.3.1/../../../../arm-none-eabi/lib/thumb/v7-m/nofp\libm.a
LOAD d:/clion/gcc-arm-none-eabi-10.3-2021.10/bin/../lib/gcc/arm-none-eabi/10.3.1/thumb/v7-m/nofp\libgcc.a

.debug_info     0x00000000    0x14002
 .debug_info    0x00000000      0xcdd CMakeFiles/ISD2190.elf.dir/Core/Src/adc.c.obj
 .debug_info    0x00000cdd      0x37b CMakeFiles/ISD2190.elf.dir/Core/Src/dma.c.obj
 .debug_info    0x00001058      0x3f3 CMakeFiles/ISD2190.elf.dir/Core/Src/gpio.c.obj
 .debug_info    0x0000144b      0xfa0 CMakeFiles/ISD2190.elf.dir/Core/Src/main.c.obj
 .debug_info    0x000023eb      0x1d8 CMakeFiles/ISD2190.elf.dir/Core/Src/stm32l1xx_hal_msp.c.obj
 .debug_info    0x000025c3      0xa41 CMakeFiles/ISD2190.elf.dir/Core/Src/stm32l1xx_it.c.obj
 .debug_info    0x00003004      0x7af CMakeFiles/ISD2190.elf.dir/Core/Src/syscalls.c.obj
 .debug_info    0x000037b3      0x174 CMakeFiles/ISD2190.elf.dir/Core/Src/sysmem.c.obj
 .debug_info    0x00003927      0x2bc CMakeFiles/ISD2190.elf.dir/Core/Src/system_stm32l1xx.c.obj
 .debug_info    0x00003be3      0xac2 CMakeFiles/ISD2190.elf.dir/Core/Src/tim.c.obj
 .debug_info    0x000046a5      0xd9d CMakeFiles/ISD2190.elf.dir/Core/Src/usart.c.obj
 .debug_info    0x00005442       0x22 CMakeFiles/ISD2190.elf.dir/Core/Startup/startup_stm32l151rdtx.s.obj
 .debug_info    0x00005464      0x7a3 CMakeFiles/ISD2190.elf.dir/Drivers/STM32L1xx_HAL_Driver/Src/stm32l1xx_hal.c.obj
 .debug_info    0x00005c07     0x11a1 CMakeFiles/ISD2190.elf.dir/Drivers/STM32L1xx_HAL_Driver/Src/stm32l1xx_hal_adc.c.obj
 .debug_info    0x00006da8     0x1003 CMakeFiles/ISD2190.elf.dir/Drivers/STM32L1xx_HAL_Driver/Src/stm32l1xx_hal_cortex.c.obj
 .debug_info    0x00007dab      0x83b CMakeFiles/ISD2190.elf.dir/Drivers/STM32L1xx_HAL_Driver/Src/stm32l1xx_hal_dma.c.obj
 .debug_info    0x000085e6      0x671 CMakeFiles/ISD2190.elf.dir/Drivers/STM32L1xx_HAL_Driver/Src/stm32l1xx_hal_gpio.c.obj
 .debug_info    0x00008c57      0xc16 CMakeFiles/ISD2190.elf.dir/Drivers/STM32L1xx_HAL_Driver/Src/stm32l1xx_hal_rcc.c.obj
 .debug_info    0x0000986d     0x3b58 CMakeFiles/ISD2190.elf.dir/Drivers/STM32L1xx_HAL_Driver/Src/stm32l1xx_hal_tim.c.obj
 .debug_info    0x0000d3c5      0x6fe CMakeFiles/ISD2190.elf.dir/Drivers/STM32L1xx_HAL_Driver/Src/stm32l1xx_hal_tim_ex.c.obj
 .debug_info    0x0000dac3     0x4211 CMakeFiles/ISD2190.elf.dir/Drivers/STM32L1xx_HAL_Driver/Src/stm32l1xx_hal_uart.c.obj
 .debug_info    0x00011cd4     0x10d3 CMakeFiles/ISD2190.elf.dir/User/CollectData.c.obj
 .debug_info    0x00012da7      0x643 CMakeFiles/ISD2190.elf.dir/User/VMxx.c.obj
 .debug_info    0x000133ea      0x9fa CMakeFiles/ISD2190.elf.dir/User/hardware.c.obj
 .debug_info    0x00013de4      0x21e CMakeFiles/ISD2190.elf.dir/User/temp.c.obj

.debug_abbrev   0x00000000     0x2b74
 .debug_abbrev  0x00000000      0x20b CMakeFiles/ISD2190.elf.dir/Core/Src/adc.c.obj
 .debug_abbrev  0x0000020b      0x114 CMakeFiles/ISD2190.elf.dir/Core/Src/dma.c.obj
 .debug_abbrev  0x0000031f      0x14e CMakeFiles/ISD2190.elf.dir/Core/Src/gpio.c.obj
 .debug_abbrev  0x0000046d      0x20c CMakeFiles/ISD2190.elf.dir/Core/Src/main.c.obj
 .debug_abbrev  0x00000679       0xbf CMakeFiles/ISD2190.elf.dir/Core/Src/stm32l1xx_hal_msp.c.obj
 .debug_abbrev  0x00000738      0x19c CMakeFiles/ISD2190.elf.dir/Core/Src/stm32l1xx_it.c.obj
 .debug_abbrev  0x000008d4      0x1a3 CMakeFiles/ISD2190.elf.dir/Core/Src/syscalls.c.obj
 .debug_abbrev  0x00000a77       0xe7 CMakeFiles/ISD2190.elf.dir/Core/Src/sysmem.c.obj
 .debug_abbrev  0x00000b5e      0x119 CMakeFiles/ISD2190.elf.dir/Core/Src/system_stm32l1xx.c.obj
 .debug_abbrev  0x00000c77      0x1de CMakeFiles/ISD2190.elf.dir/Core/Src/tim.c.obj
 .debug_abbrev  0x00000e55      0x215 CMakeFiles/ISD2190.elf.dir/Core/Src/usart.c.obj
 .debug_abbrev  0x0000106a       0x12 CMakeFiles/ISD2190.elf.dir/Core/Startup/startup_stm32l151rdtx.s.obj
 .debug_abbrev  0x0000107c      0x24c CMakeFiles/ISD2190.elf.dir/Drivers/STM32L1xx_HAL_Driver/Src/stm32l1xx_hal.c.obj
 .debug_abbrev  0x000012c8      0x293 CMakeFiles/ISD2190.elf.dir/Drivers/STM32L1xx_HAL_Driver/Src/stm32l1xx_hal_adc.c.obj
 .debug_abbrev  0x0000155b      0x36a CMakeFiles/ISD2190.elf.dir/Drivers/STM32L1xx_HAL_Driver/Src/stm32l1xx_hal_cortex.c.obj
 .debug_abbrev  0x000018c5      0x21a CMakeFiles/ISD2190.elf.dir/Drivers/STM32L1xx_HAL_Driver/Src/stm32l1xx_hal_dma.c.obj
 .debug_abbrev  0x00001adf      0x1ef CMakeFiles/ISD2190.elf.dir/Drivers/STM32L1xx_HAL_Driver/Src/stm32l1xx_hal_gpio.c.obj
 .debug_abbrev  0x00001cce      0x2a8 CMakeFiles/ISD2190.elf.dir/Drivers/STM32L1xx_HAL_Driver/Src/stm32l1xx_hal_rcc.c.obj
 .debug_abbrev  0x00001f76      0x232 CMakeFiles/ISD2190.elf.dir/Drivers/STM32L1xx_HAL_Driver/Src/stm32l1xx_hal_tim.c.obj
 .debug_abbrev  0x000021a8      0x170 CMakeFiles/ISD2190.elf.dir/Drivers/STM32L1xx_HAL_Driver/Src/stm32l1xx_hal_tim_ex.c.obj
 .debug_abbrev  0x00002318      0x2dd CMakeFiles/ISD2190.elf.dir/Drivers/STM32L1xx_HAL_Driver/Src/stm32l1xx_hal_uart.c.obj
 .debug_abbrev  0x000025f5      0x239 CMakeFiles/ISD2190.elf.dir/User/CollectData.c.obj
 .debug_abbrev  0x0000282e      0x170 CMakeFiles/ISD2190.elf.dir/User/VMxx.c.obj
 .debug_abbrev  0x0000299e       0xe2 CMakeFiles/ISD2190.elf.dir/User/hardware.c.obj
 .debug_abbrev  0x00002a80       0xf4 CMakeFiles/ISD2190.elf.dir/User/temp.c.obj

.debug_loc      0x00000000     0xcce4
 .debug_loc     0x00000000       0x71 CMakeFiles/ISD2190.elf.dir/Core/Src/adc.c.obj
 .debug_loc     0x00000071      0x3c5 CMakeFiles/ISD2190.elf.dir/Core/Src/syscalls.c.obj
 .debug_loc     0x00000436       0x64 CMakeFiles/ISD2190.elf.dir/Core/Src/sysmem.c.obj
 .debug_loc     0x0000049a      0x1d6 CMakeFiles/ISD2190.elf.dir/Core/Src/system_stm32l1xx.c.obj
 .debug_loc     0x00000670       0x67 CMakeFiles/ISD2190.elf.dir/Core/Src/tim.c.obj
 .debug_loc     0x000006d7      0x11b CMakeFiles/ISD2190.elf.dir/Core/Src/usart.c.obj
 .debug_loc     0x000007f2      0x1cd CMakeFiles/ISD2190.elf.dir/Drivers/STM32L1xx_HAL_Driver/Src/stm32l1xx_hal.c.obj
 .debug_loc     0x000009bf      0xa62 CMakeFiles/ISD2190.elf.dir/Drivers/STM32L1xx_HAL_Driver/Src/stm32l1xx_hal_adc.c.obj
 .debug_loc     0x00001421      0x744 CMakeFiles/ISD2190.elf.dir/Drivers/STM32L1xx_HAL_Driver/Src/stm32l1xx_hal_cortex.c.obj
 .debug_loc     0x00001b65      0x7cf CMakeFiles/ISD2190.elf.dir/Drivers/STM32L1xx_HAL_Driver/Src/stm32l1xx_hal_dma.c.obj
 .debug_loc     0x00002334      0x41a CMakeFiles/ISD2190.elf.dir/Drivers/STM32L1xx_HAL_Driver/Src/stm32l1xx_hal_gpio.c.obj
 .debug_loc     0x0000274e      0x6f8 CMakeFiles/ISD2190.elf.dir/Drivers/STM32L1xx_HAL_Driver/Src/stm32l1xx_hal_rcc.c.obj
 .debug_loc     0x00002e46     0x4984 CMakeFiles/ISD2190.elf.dir/Drivers/STM32L1xx_HAL_Driver/Src/stm32l1xx_hal_tim.c.obj
 .debug_loc     0x000077ca       0xc8 CMakeFiles/ISD2190.elf.dir/Drivers/STM32L1xx_HAL_Driver/Src/stm32l1xx_hal_tim_ex.c.obj
 .debug_loc     0x00007892     0x487b CMakeFiles/ISD2190.elf.dir/Drivers/STM32L1xx_HAL_Driver/Src/stm32l1xx_hal_uart.c.obj
 .debug_loc     0x0000c10d      0x1d0 CMakeFiles/ISD2190.elf.dir/User/CollectData.c.obj
 .debug_loc     0x0000c2dd      0x8a1 CMakeFiles/ISD2190.elf.dir/User/hardware.c.obj
 .debug_loc     0x0000cb7e      0x166 CMakeFiles/ISD2190.elf.dir/User/temp.c.obj

.debug_aranges  0x00000000      0xd88
 .debug_aranges
                0x00000000       0x30 CMakeFiles/ISD2190.elf.dir/Core/Src/adc.c.obj
 .debug_aranges
                0x00000030       0x20 CMakeFiles/ISD2190.elf.dir/Core/Src/dma.c.obj
 .debug_aranges
                0x00000050       0x20 CMakeFiles/ISD2190.elf.dir/Core/Src/gpio.c.obj
 .debug_aranges
                0x00000070       0x30 CMakeFiles/ISD2190.elf.dir/Core/Src/main.c.obj
 .debug_aranges
                0x000000a0       0x20 CMakeFiles/ISD2190.elf.dir/Core/Src/stm32l1xx_hal_msp.c.obj
 .debug_aranges
                0x000000c0       0x88 CMakeFiles/ISD2190.elf.dir/Core/Src/stm32l1xx_it.c.obj
 .debug_aranges
                0x00000148       0xa8 CMakeFiles/ISD2190.elf.dir/Core/Src/syscalls.c.obj
 .debug_aranges
                0x000001f0       0x20 CMakeFiles/ISD2190.elf.dir/Core/Src/sysmem.c.obj
 .debug_aranges
                0x00000210       0x28 CMakeFiles/ISD2190.elf.dir/Core/Src/system_stm32l1xx.c.obj
 .debug_aranges
                0x00000238       0x30 CMakeFiles/ISD2190.elf.dir/Core/Src/tim.c.obj
 .debug_aranges
                0x00000268       0x48 CMakeFiles/ISD2190.elf.dir/Core/Src/usart.c.obj
 .debug_aranges
                0x000002b0       0x28 CMakeFiles/ISD2190.elf.dir/Core/Startup/startup_stm32l151rdtx.s.obj
 .debug_aranges
                0x000002d8       0xe0 CMakeFiles/ISD2190.elf.dir/Drivers/STM32L1xx_HAL_Driver/Src/stm32l1xx_hal.c.obj
 .debug_aranges
                0x000003b8       0xf0 CMakeFiles/ISD2190.elf.dir/Drivers/STM32L1xx_HAL_Driver/Src/stm32l1xx_hal_adc.c.obj
 .debug_aranges
                0x000004a8       0xa8 CMakeFiles/ISD2190.elf.dir/Drivers/STM32L1xx_HAL_Driver/Src/stm32l1xx_hal_cortex.c.obj
 .debug_aranges
                0x00000550       0x80 CMakeFiles/ISD2190.elf.dir/Drivers/STM32L1xx_HAL_Driver/Src/stm32l1xx_hal_dma.c.obj
 .debug_aranges
                0x000005d0       0x58 CMakeFiles/ISD2190.elf.dir/Drivers/STM32L1xx_HAL_Driver/Src/stm32l1xx_hal_gpio.c.obj
 .debug_aranges
                0x00000628       0x90 CMakeFiles/ISD2190.elf.dir/Drivers/STM32L1xx_HAL_Driver/Src/stm32l1xx_hal_rcc.c.obj
 .debug_aranges
                0x000006b8      0x3d0 CMakeFiles/ISD2190.elf.dir/Drivers/STM32L1xx_HAL_Driver/Src/stm32l1xx_hal_tim.c.obj
 .debug_aranges
                0x00000a88       0x28 CMakeFiles/ISD2190.elf.dir/Drivers/STM32L1xx_HAL_Driver/Src/stm32l1xx_hal_tim_ex.c.obj
 .debug_aranges
                0x00000ab0      0x208 CMakeFiles/ISD2190.elf.dir/Drivers/STM32L1xx_HAL_Driver/Src/stm32l1xx_hal_uart.c.obj
 .debug_aranges
                0x00000cb8       0x38 CMakeFiles/ISD2190.elf.dir/User/CollectData.c.obj
 .debug_aranges
                0x00000cf0       0x28 CMakeFiles/ISD2190.elf.dir/User/VMxx.c.obj
 .debug_aranges
                0x00000d18       0x48 CMakeFiles/ISD2190.elf.dir/User/hardware.c.obj
 .debug_aranges
                0x00000d60       0x28 CMakeFiles/ISD2190.elf.dir/User/temp.c.obj

.debug_ranges   0x00000000      0xcf8
 .debug_ranges  0x00000000       0x20 CMakeFiles/ISD2190.elf.dir/Core/Src/adc.c.obj
 .debug_ranges  0x00000020       0x10 CMakeFiles/ISD2190.elf.dir/Core/Src/dma.c.obj
 .debug_ranges  0x00000030       0x10 CMakeFiles/ISD2190.elf.dir/Core/Src/gpio.c.obj
 .debug_ranges  0x00000040       0x20 CMakeFiles/ISD2190.elf.dir/Core/Src/main.c.obj
 .debug_ranges  0x00000060       0x10 CMakeFiles/ISD2190.elf.dir/Core/Src/stm32l1xx_hal_msp.c.obj
 .debug_ranges  0x00000070       0x78 CMakeFiles/ISD2190.elf.dir/Core/Src/stm32l1xx_it.c.obj
 .debug_ranges  0x000000e8       0x98 CMakeFiles/ISD2190.elf.dir/Core/Src/syscalls.c.obj
 .debug_ranges  0x00000180       0x10 CMakeFiles/ISD2190.elf.dir/Core/Src/sysmem.c.obj
 .debug_ranges  0x00000190       0x18 CMakeFiles/ISD2190.elf.dir/Core/Src/system_stm32l1xx.c.obj
 .debug_ranges  0x000001a8       0x20 CMakeFiles/ISD2190.elf.dir/Core/Src/tim.c.obj
 .debug_ranges  0x000001c8       0x38 CMakeFiles/ISD2190.elf.dir/Core/Src/usart.c.obj
 .debug_ranges  0x00000200       0x20 CMakeFiles/ISD2190.elf.dir/Core/Startup/startup_stm32l151rdtx.s.obj
 .debug_ranges  0x00000220       0xd0 CMakeFiles/ISD2190.elf.dir/Drivers/STM32L1xx_HAL_Driver/Src/stm32l1xx_hal.c.obj
 .debug_ranges  0x000002f0       0xe0 CMakeFiles/ISD2190.elf.dir/Drivers/STM32L1xx_HAL_Driver/Src/stm32l1xx_hal_adc.c.obj
 .debug_ranges  0x000003d0       0xf8 CMakeFiles/ISD2190.elf.dir/Drivers/STM32L1xx_HAL_Driver/Src/stm32l1xx_hal_cortex.c.obj
 .debug_ranges  0x000004c8       0x70 CMakeFiles/ISD2190.elf.dir/Drivers/STM32L1xx_HAL_Driver/Src/stm32l1xx_hal_dma.c.obj
 .debug_ranges  0x00000538       0x48 CMakeFiles/ISD2190.elf.dir/Drivers/STM32L1xx_HAL_Driver/Src/stm32l1xx_hal_gpio.c.obj
 .debug_ranges  0x00000580       0x98 CMakeFiles/ISD2190.elf.dir/Drivers/STM32L1xx_HAL_Driver/Src/stm32l1xx_hal_rcc.c.obj
 .debug_ranges  0x00000618      0x3c0 CMakeFiles/ISD2190.elf.dir/Drivers/STM32L1xx_HAL_Driver/Src/stm32l1xx_hal_tim.c.obj
 .debug_ranges  0x000009d8       0x18 CMakeFiles/ISD2190.elf.dir/Drivers/STM32L1xx_HAL_Driver/Src/stm32l1xx_hal_tim_ex.c.obj
 .debug_ranges  0x000009f0      0x210 CMakeFiles/ISD2190.elf.dir/Drivers/STM32L1xx_HAL_Driver/Src/stm32l1xx_hal_uart.c.obj
 .debug_ranges  0x00000c00       0x58 CMakeFiles/ISD2190.elf.dir/User/CollectData.c.obj
 .debug_ranges  0x00000c58       0x18 CMakeFiles/ISD2190.elf.dir/User/VMxx.c.obj
 .debug_ranges  0x00000c70       0x70 CMakeFiles/ISD2190.elf.dir/User/hardware.c.obj
 .debug_ranges  0x00000ce0       0x18 CMakeFiles/ISD2190.elf.dir/User/temp.c.obj

.debug_line     0x00000000     0xf61d
 .debug_line    0x00000000      0x5e7 CMakeFiles/ISD2190.elf.dir/Core/Src/adc.c.obj
 .debug_line    0x000005e7      0x1ca CMakeFiles/ISD2190.elf.dir/Core/Src/dma.c.obj
 .debug_line    0x000007b1      0x22b CMakeFiles/ISD2190.elf.dir/Core/Src/gpio.c.obj
 .debug_line    0x000009dc      0x459 CMakeFiles/ISD2190.elf.dir/Core/Src/main.c.obj
 .debug_line    0x00000e35      0x189 CMakeFiles/ISD2190.elf.dir/Core/Src/stm32l1xx_hal_msp.c.obj
 .debug_line    0x00000fbe      0x392 CMakeFiles/ISD2190.elf.dir/Core/Src/stm32l1xx_it.c.obj
 .debug_line    0x00001350      0x40b CMakeFiles/ISD2190.elf.dir/Core/Src/syscalls.c.obj
 .debug_line    0x0000175b      0x1c0 CMakeFiles/ISD2190.elf.dir/Core/Src/sysmem.c.obj
 .debug_line    0x0000191b      0x269 CMakeFiles/ISD2190.elf.dir/Core/Src/system_stm32l1xx.c.obj
 .debug_line    0x00001b84      0x33f CMakeFiles/ISD2190.elf.dir/Core/Src/tim.c.obj
 .debug_line    0x00001ec3      0x51c CMakeFiles/ISD2190.elf.dir/Core/Src/usart.c.obj
 .debug_line    0x000023df       0xa2 CMakeFiles/ISD2190.elf.dir/Core/Startup/startup_stm32l151rdtx.s.obj
 .debug_line    0x00002481      0x5a6 CMakeFiles/ISD2190.elf.dir/Drivers/STM32L1xx_HAL_Driver/Src/stm32l1xx_hal.c.obj
 .debug_line    0x00002a27      0xec2 CMakeFiles/ISD2190.elf.dir/Drivers/STM32L1xx_HAL_Driver/Src/stm32l1xx_hal_adc.c.obj
 .debug_line    0x000038e9      0x7ca CMakeFiles/ISD2190.elf.dir/Drivers/STM32L1xx_HAL_Driver/Src/stm32l1xx_hal_cortex.c.obj
 .debug_line    0x000040b3      0x9b4 CMakeFiles/ISD2190.elf.dir/Drivers/STM32L1xx_HAL_Driver/Src/stm32l1xx_hal_dma.c.obj
 .debug_line    0x00004a67      0x5ad CMakeFiles/ISD2190.elf.dir/Drivers/STM32L1xx_HAL_Driver/Src/stm32l1xx_hal_gpio.c.obj
 .debug_line    0x00005014      0xe0d CMakeFiles/ISD2190.elf.dir/Drivers/STM32L1xx_HAL_Driver/Src/stm32l1xx_hal_rcc.c.obj
 .debug_line    0x00005e21     0x413c CMakeFiles/ISD2190.elf.dir/Drivers/STM32L1xx_HAL_Driver/Src/stm32l1xx_hal_tim.c.obj
 .debug_line    0x00009f5d      0x356 CMakeFiles/ISD2190.elf.dir/Drivers/STM32L1xx_HAL_Driver/Src/stm32l1xx_hal_tim_ex.c.obj
 .debug_line    0x0000a2b3     0x4411 CMakeFiles/ISD2190.elf.dir/Drivers/STM32L1xx_HAL_Driver/Src/stm32l1xx_hal_uart.c.obj
 .debug_line    0x0000e6c4      0x7ea CMakeFiles/ISD2190.elf.dir/User/CollectData.c.obj
 .debug_line    0x0000eeae      0x204 CMakeFiles/ISD2190.elf.dir/User/VMxx.c.obj
 .debug_line    0x0000f0b2      0x398 CMakeFiles/ISD2190.elf.dir/User/hardware.c.obj
 .debug_line    0x0000f44a      0x1d3 CMakeFiles/ISD2190.elf.dir/User/temp.c.obj

.debug_str      0x00000000     0x40a3
 .debug_str     0x00000000      0x6e2 CMakeFiles/ISD2190.elf.dir/Core/Src/adc.c.obj
                                0x779 (size before relaxing)
 .debug_str     0x000006e2      0x3c0 CMakeFiles/ISD2190.elf.dir/Core/Src/dma.c.obj
                                0x5cc (size before relaxing)
 .debug_str     0x00000aa2       0x6a CMakeFiles/ISD2190.elf.dir/Core/Src/gpio.c.obj
                                0x305 (size before relaxing)
 .debug_str     0x00000b0c      0x830 CMakeFiles/ISD2190.elf.dir/Core/Src/main.c.obj
                                0xc99 (size before relaxing)
 .debug_str     0x0000133c       0x48 CMakeFiles/ISD2190.elf.dir/Core/Src/stm32l1xx_hal_msp.c.obj
                                0x254 (size before relaxing)
 .debug_str     0x00001384      0x16b CMakeFiles/ISD2190.elf.dir/Core/Src/stm32l1xx_it.c.obj
                                0x9f7 (size before relaxing)
 .debug_str     0x000014ef      0x234 CMakeFiles/ISD2190.elf.dir/Core/Src/syscalls.c.obj
                                0x422 (size before relaxing)
 .debug_str     0x00001723       0x91 CMakeFiles/ISD2190.elf.dir/Core/Src/sysmem.c.obj
                                0x24e (size before relaxing)
 .debug_str     0x000017b4       0xb5 CMakeFiles/ISD2190.elf.dir/Core/Src/system_stm32l1xx.c.obj
                                0x2c5 (size before relaxing)
 .debug_str     0x00001869      0x15d CMakeFiles/ISD2190.elf.dir/Core/Src/tim.c.obj
                                0xbf6 (size before relaxing)
 .debug_str     0x000019c6       0x6d CMakeFiles/ISD2190.elf.dir/Core/Src/usart.c.obj
                                0xb36 (size before relaxing)
 .debug_str     0x00001a33       0x52 CMakeFiles/ISD2190.elf.dir/Core/Startup/startup_stm32l151rdtx.s.obj
                                 0x83 (size before relaxing)
 .debug_str     0x00001a85      0x2a1 CMakeFiles/ISD2190.elf.dir/Drivers/STM32L1xx_HAL_Driver/Src/stm32l1xx_hal.c.obj
                                0x88a (size before relaxing)
 .debug_str     0x00001d26      0x309 CMakeFiles/ISD2190.elf.dir/Drivers/STM32L1xx_HAL_Driver/Src/stm32l1xx_hal_adc.c.obj
                                0x9ee (size before relaxing)
 .debug_str     0x0000202f      0x4d2 CMakeFiles/ISD2190.elf.dir/Drivers/STM32L1xx_HAL_Driver/Src/stm32l1xx_hal_cortex.c.obj
                                0xac5 (size before relaxing)
 .debug_str     0x00002501      0x225 CMakeFiles/ISD2190.elf.dir/Drivers/STM32L1xx_HAL_Driver/Src/stm32l1xx_hal_dma.c.obj
                                0x64a (size before relaxing)
 .debug_str     0x00002726      0x12e CMakeFiles/ISD2190.elf.dir/Drivers/STM32L1xx_HAL_Driver/Src/stm32l1xx_hal_gpio.c.obj
                                0x446 (size before relaxing)
 .debug_str     0x00002854      0x26d CMakeFiles/ISD2190.elf.dir/Drivers/STM32L1xx_HAL_Driver/Src/stm32l1xx_hal_rcc.c.obj
                                0x734 (size before relaxing)
 .debug_str     0x00002ac1      0xdbf CMakeFiles/ISD2190.elf.dir/Drivers/STM32L1xx_HAL_Driver/Src/stm32l1xx_hal_tim.c.obj
                               0x15b8 (size before relaxing)
 .debug_str     0x00003880       0x73 CMakeFiles/ISD2190.elf.dir/Drivers/STM32L1xx_HAL_Driver/Src/stm32l1xx_hal_tim_ex.c.obj
                                0x76d (size before relaxing)
 .debug_str     0x000038f3      0x5f3 CMakeFiles/ISD2190.elf.dir/Drivers/STM32L1xx_HAL_Driver/Src/stm32l1xx_hal_uart.c.obj
                                0xd2a (size before relaxing)
 .debug_str     0x00003ee6       0x8c CMakeFiles/ISD2190.elf.dir/User/CollectData.c.obj
                                0xcd2 (size before relaxing)
 .debug_str     0x00003f72       0x37 CMakeFiles/ISD2190.elf.dir/User/VMxx.c.obj
                                0x605 (size before relaxing)
 .debug_str     0x00003fa9       0x8c CMakeFiles/ISD2190.elf.dir/User/hardware.c.obj
                                0x2ac (size before relaxing)
 .debug_str     0x00004035       0x6e CMakeFiles/ISD2190.elf.dir/User/temp.c.obj
                                0x257 (size before relaxing)

.comment        0x00000000       0x49
 .comment       0x00000000       0x49 CMakeFiles/ISD2190.elf.dir/Core/Src/adc.c.obj
                                 0x4a (size before relaxing)
 .comment       0x00000049       0x4a CMakeFiles/ISD2190.elf.dir/Core/Src/dma.c.obj
 .comment       0x00000049       0x4a CMakeFiles/ISD2190.elf.dir/Core/Src/gpio.c.obj
 .comment       0x00000049       0x4a CMakeFiles/ISD2190.elf.dir/Core/Src/main.c.obj
 .comment       0x00000049       0x4a CMakeFiles/ISD2190.elf.dir/Core/Src/stm32l1xx_hal_msp.c.obj
 .comment       0x00000049       0x4a CMakeFiles/ISD2190.elf.dir/Core/Src/stm32l1xx_it.c.obj
 .comment       0x00000049       0x4a CMakeFiles/ISD2190.elf.dir/Core/Src/syscalls.c.obj
 .comment       0x00000049       0x4a CMakeFiles/ISD2190.elf.dir/Core/Src/sysmem.c.obj
 .comment       0x00000049       0x4a CMakeFiles/ISD2190.elf.dir/Core/Src/system_stm32l1xx.c.obj
 .comment       0x00000049       0x4a CMakeFiles/ISD2190.elf.dir/Core/Src/tim.c.obj
 .comment       0x00000049       0x4a CMakeFiles/ISD2190.elf.dir/Core/Src/usart.c.obj
 .comment       0x00000049       0x4a CMakeFiles/ISD2190.elf.dir/Drivers/STM32L1xx_HAL_Driver/Src/stm32l1xx_hal.c.obj
 .comment       0x00000049       0x4a CMakeFiles/ISD2190.elf.dir/Drivers/STM32L1xx_HAL_Driver/Src/stm32l1xx_hal_adc.c.obj
 .comment       0x00000049       0x4a CMakeFiles/ISD2190.elf.dir/Drivers/STM32L1xx_HAL_Driver/Src/stm32l1xx_hal_cortex.c.obj
 .comment       0x00000049       0x4a CMakeFiles/ISD2190.elf.dir/Drivers/STM32L1xx_HAL_Driver/Src/stm32l1xx_hal_dma.c.obj
 .comment       0x00000049       0x4a CMakeFiles/ISD2190.elf.dir/Drivers/STM32L1xx_HAL_Driver/Src/stm32l1xx_hal_gpio.c.obj
 .comment       0x00000049       0x4a CMakeFiles/ISD2190.elf.dir/Drivers/STM32L1xx_HAL_Driver/Src/stm32l1xx_hal_rcc.c.obj
 .comment       0x00000049       0x4a CMakeFiles/ISD2190.elf.dir/Drivers/STM32L1xx_HAL_Driver/Src/stm32l1xx_hal_tim.c.obj
 .comment       0x00000049       0x4a CMakeFiles/ISD2190.elf.dir/Drivers/STM32L1xx_HAL_Driver/Src/stm32l1xx_hal_tim_ex.c.obj
 .comment       0x00000049       0x4a CMakeFiles/ISD2190.elf.dir/Drivers/STM32L1xx_HAL_Driver/Src/stm32l1xx_hal_uart.c.obj
 .comment       0x00000049       0x4a CMakeFiles/ISD2190.elf.dir/User/CollectData.c.obj
 .comment       0x00000049       0x4a CMakeFiles/ISD2190.elf.dir/User/VMxx.c.obj
 .comment       0x00000049       0x4a CMakeFiles/ISD2190.elf.dir/User/hardware.c.obj
 .comment       0x00000049       0x4a CMakeFiles/ISD2190.elf.dir/User/temp.c.obj

.debug_frame    0x00000000     0x2d40
 .debug_frame   0x00000000       0x6c CMakeFiles/ISD2190.elf.dir/Core/Src/adc.c.obj
 .debug_frame   0x0000006c       0x2c CMakeFiles/ISD2190.elf.dir/Core/Src/dma.c.obj
 .debug_frame   0x00000098       0x34 CMakeFiles/ISD2190.elf.dir/Core/Src/gpio.c.obj
 .debug_frame   0x000000cc       0x58 CMakeFiles/ISD2190.elf.dir/Core/Src/main.c.obj
 .debug_frame   0x00000124       0x28 CMakeFiles/ISD2190.elf.dir/Core/Src/stm32l1xx_hal_msp.c.obj
 .debug_frame   0x0000014c      0x120 CMakeFiles/ISD2190.elf.dir/Core/Src/stm32l1xx_it.c.obj
 .debug_frame   0x0000026c      0x190 CMakeFiles/ISD2190.elf.dir/Core/Src/syscalls.c.obj
 .debug_frame   0x000003fc       0x28 CMakeFiles/ISD2190.elf.dir/Core/Src/sysmem.c.obj
 .debug_frame   0x00000424       0x30 CMakeFiles/ISD2190.elf.dir/Core/Src/system_stm32l1xx.c.obj
 .debug_frame   0x00000454       0x64 CMakeFiles/ISD2190.elf.dir/Core/Src/tim.c.obj
 .debug_frame   0x000004b8       0xb4 CMakeFiles/ISD2190.elf.dir/Core/Src/usart.c.obj
 .debug_frame   0x0000056c      0x1cc CMakeFiles/ISD2190.elf.dir/Drivers/STM32L1xx_HAL_Driver/Src/stm32l1xx_hal.c.obj
 .debug_frame   0x00000738      0x2c4 CMakeFiles/ISD2190.elf.dir/Drivers/STM32L1xx_HAL_Driver/Src/stm32l1xx_hal_adc.c.obj
 .debug_frame   0x000009fc      0x148 CMakeFiles/ISD2190.elf.dir/Drivers/STM32L1xx_HAL_Driver/Src/stm32l1xx_hal_cortex.c.obj
 .debug_frame   0x00000b44      0x138 CMakeFiles/ISD2190.elf.dir/Drivers/STM32L1xx_HAL_Driver/Src/stm32l1xx_hal_dma.c.obj
 .debug_frame   0x00000c7c       0xd0 CMakeFiles/ISD2190.elf.dir/Drivers/STM32L1xx_HAL_Driver/Src/stm32l1xx_hal_gpio.c.obj
 .debug_frame   0x00000d4c      0x1a4 CMakeFiles/ISD2190.elf.dir/Drivers/STM32L1xx_HAL_Driver/Src/stm32l1xx_hal_rcc.c.obj
 .debug_frame   0x00000ef0      0xb00 CMakeFiles/ISD2190.elf.dir/Drivers/STM32L1xx_HAL_Driver/Src/stm32l1xx_hal_tim.c.obj
 .debug_frame   0x000019f0       0x3c CMakeFiles/ISD2190.elf.dir/Drivers/STM32L1xx_HAL_Driver/Src/stm32l1xx_hal_tim_ex.c.obj
 .debug_frame   0x00001a2c      0x5dc CMakeFiles/ISD2190.elf.dir/Drivers/STM32L1xx_HAL_Driver/Src/stm32l1xx_hal_uart.c.obj
 .debug_frame   0x00002008       0x7c CMakeFiles/ISD2190.elf.dir/User/CollectData.c.obj
 .debug_frame   0x00002084       0x58 CMakeFiles/ISD2190.elf.dir/User/VMxx.c.obj
 .debug_frame   0x000020dc       0xf4 CMakeFiles/ISD2190.elf.dir/User/hardware.c.obj
 .debug_frame   0x000021d0       0x40 CMakeFiles/ISD2190.elf.dir/User/temp.c.obj
 .debug_frame   0x00002210       0xac d:/clion/gcc-arm-none-eabi-10.3-2021.10/bin/../lib/gcc/arm-none-eabi/10.3.1/thumb/v7-m/nofp\libgcc.a(_arm_addsubdf3.o)
 .debug_frame   0x000022bc       0x50 d:/clion/gcc-arm-none-eabi-10.3-2021.10/bin/../lib/gcc/arm-none-eabi/10.3.1/thumb/v7-m/nofp\libgcc.a(_arm_muldivdf3.o)
 .debug_frame   0x0000230c       0x2c d:/clion/gcc-arm-none-eabi-10.3-2021.10/bin/../lib/gcc/arm-none-eabi/10.3.1/thumb/v7-m/nofp\libgcc.a(_aeabi_uldivmod.o)
 .debug_frame   0x00002338       0x34 d:/clion/gcc-arm-none-eabi-10.3-2021.10/bin/../lib/gcc/arm-none-eabi/10.3.1/thumb/v7-m/nofp\libgcc.a(_udivmoddi4.o)
 .debug_frame   0x0000236c       0x20 d:/clion/gcc-arm-none-eabi-10.3-2021.10/bin/../lib/gcc/arm-none-eabi/10.3.1/../../../../arm-none-eabi/lib/thumb/v7-m/nofp\libg.a(lib_a-errno.o)
 .debug_frame   0x0000238c       0x2c d:/clion/gcc-arm-none-eabi-10.3-2021.10/bin/../lib/gcc/arm-none-eabi/10.3.1/../../../../arm-none-eabi/lib/thumb/v7-m/nofp\libg.a(lib_a-init.o)