Archive member included to satisfy reference by file (symbol)

d:/clion/gcc-arm-none-eabi-10.3-2021.10/bin/../lib/gcc/arm-none-eabi/10.3.1/thumb/v7-m/nofp\libgcc.a(_arm_muldf3.o)
                              CMakeFiles/ISD2190.elf.dir/User/hardware.c.obj (__aeabi_dmul)
d:/clion/gcc-arm-none-eabi-10.3-2021.10/bin/../lib/gcc/arm-none-eabi/10.3.1/thumb/v7-m/nofp\libgcc.a(_arm_addsubdf3.o)
                              CMakeFiles/ISD2190.elf.dir/User/hardware.c.obj (__aeabi_dsub)
d:/clion/gcc-arm-none-eabi-10.3-2021.10/bin/../lib/gcc/arm-none-eabi/10.3.1/thumb/v7-m/nofp\libgcc.a(_arm_muldivdf3.o)
                              CMakeFiles/ISD2190.elf.dir/User/hardware.c.obj (__aeabi_ddiv)
d:/clion/gcc-arm-none-eabi-10.3-2021.10/bin/../lib/gcc/arm-none-eabi/10.3.1/thumb/v7-m/nofp\libgcc.a(_arm_fixunsdfsi.o)
                              CMakeFiles/ISD2190.elf.dir/User/bt4531.c.obj (__aeabi_d2uiz)
d:/clion/gcc-arm-none-eabi-10.3-2021.10/bin/../lib/gcc/arm-none-eabi/10.3.1/thumb/v7-m/nofp\libgcc.a(_aeabi_uldivmod.o)
                              CMakeFiles/ISD2190.elf.dir/Drivers/STM32L1xx_HAL_Driver/Src/stm32l1xx_hal_rcc.c.obj (__aeabi_uldivmod)
d:/clion/gcc-arm-none-eabi-10.3-2021.10/bin/../lib/gcc/arm-none-eabi/10.3.1/thumb/v7-m/nofp\libgcc.a(_udivmoddi4.o)
                              d:/clion/gcc-arm-none-eabi-10.3-2021.10/bin/../lib/gcc/arm-none-eabi/10.3.1/thumb/v7-m/nofp\libgcc.a(_aeabi_uldivmod.o) (__udivmoddi4)
d:/clion/gcc-arm-none-eabi-10.3-2021.10/bin/../lib/gcc/arm-none-eabi/10.3.1/thumb/v7-m/nofp\libgcc.a(_dvmd_tls.o)
                              d:/clion/gcc-arm-none-eabi-10.3-2021.10/bin/../lib/gcc/arm-none-eabi/10.3.1/thumb/v7-m/nofp\libgcc.a(_aeabi_uldivmod.o) (__aeabi_ldiv0)
d:/clion/gcc-arm-none-eabi-10.3-2021.10/bin/../lib/gcc/arm-none-eabi/10.3.1/../../../../arm-none-eabi/lib/thumb/v7-m/nofp\libg.a(lib_a-errno.o)
                              CMakeFiles/ISD2190.elf.dir/Core/Src/syscalls.c.obj (__errno)
d:/clion/gcc-arm-none-eabi-10.3-2021.10/bin/../lib/gcc/arm-none-eabi/10.3.1/../../../../arm-none-eabi/lib/thumb/v7-m/nofp\libg.a(lib_a-exit.o)
                              d:/clion/gcc-arm-none-eabi-10.3-2021.10/bin/../lib/gcc/arm-none-eabi/10.3.1/../../../../arm-none-eabi/lib/thumb/v7-m/nofp/crt0.o (exit)
d:/clion/gcc-arm-none-eabi-10.3-2021.10/bin/../lib/gcc/arm-none-eabi/10.3.1/../../../../arm-none-eabi/lib/thumb/v7-m/nofp\libg.a(lib_a-impure.o)
                              d:/clion/gcc-arm-none-eabi-10.3-2021.10/bin/../lib/gcc/arm-none-eabi/10.3.1/../../../../arm-none-eabi/lib/thumb/v7-m/nofp\libg.a(lib_a-exit.o) (_global_impure_ptr)
d:/clion/gcc-arm-none-eabi-10.3-2021.10/bin/../lib/gcc/arm-none-eabi/10.3.1/../../../../arm-none-eabi/lib/thumb/v7-m/nofp\libg.a(lib_a-init.o)
                              d:/clion/gcc-arm-none-eabi-10.3-2021.10/bin/../lib/gcc/arm-none-eabi/10.3.1/../../../../arm-none-eabi/lib/thumb/v7-m/nofp/crt0.o (__libc_init_array)
d:/clion/gcc-arm-none-eabi-10.3-2021.10/bin/../lib/gcc/arm-none-eabi/10.3.1/../../../../arm-none-eabi/lib/thumb/v7-m/nofp\libg.a(lib_a-memcpy.o)
                              CMakeFiles/ISD2190.elf.dir/User/bt4531.c.obj (memcpy)
d:/clion/gcc-arm-none-eabi-10.3-2021.10/bin/../lib/gcc/arm-none-eabi/10.3.1/../../../../arm-none-eabi/lib/thumb/v7-m/nofp\libg.a(lib_a-memset.o)
                              d:/clion/gcc-arm-none-eabi-10.3-2021.10/bin/../lib/gcc/arm-none-eabi/10.3.1/../../../../arm-none-eabi/lib/thumb/v7-m/nofp/crt0.o (memset)
d:/clion/gcc-arm-none-eabi-10.3-2021.10/bin/../lib/gcc/arm-none-eabi/10.3.1/../../../../arm-none-eabi/lib/thumb/v7-m/nofp\libg.a(lib_a-__call_atexit.o)
                              d:/clion/gcc-arm-none-eabi-10.3-2021.10/bin/../lib/gcc/arm-none-eabi/10.3.1/../../../../arm-none-eabi/lib/thumb/v7-m/nofp\libg.a(lib_a-exit.o) (__call_exitprocs)
d:/clion/gcc-arm-none-eabi-10.3-2021.10/bin/../lib/gcc/arm-none-eabi/10.3.1/../../../../arm-none-eabi/lib/thumb/v7-m/nofp\libg.a(lib_a-atexit.o)
                              d:/clion/gcc-arm-none-eabi-10.3-2021.10/bin/../lib/gcc/arm-none-eabi/10.3.1/../../../../arm-none-eabi/lib/thumb/v7-m/nofp\libg.a(lib_a-__call_atexit.o) (atexit)
d:/clion/gcc-arm-none-eabi-10.3-2021.10/bin/../lib/gcc/arm-none-eabi/10.3.1/../../../../arm-none-eabi/lib/thumb/v7-m/nofp\libg.a(lib_a-fini.o)
                              d:/clion/gcc-arm-none-eabi-10.3-2021.10/bin/../lib/gcc/arm-none-eabi/10.3.1/../../../../arm-none-eabi/lib/thumb/v7-m/nofp\libg.a(lib_a-__call_atexit.o) (__libc_fini_array)
d:/clion/gcc-arm-none-eabi-10.3-2021.10/bin/../lib/gcc/arm-none-eabi/10.3.1/../../../../arm-none-eabi/lib/thumb/v7-m/nofp\libg.a(lib_a-lock.o)
                              d:/clion/gcc-arm-none-eabi-10.3-2021.10/bin/../lib/gcc/arm-none-eabi/10.3.1/../../../../arm-none-eabi/lib/thumb/v7-m/nofp\libg.a(lib_a-__call_atexit.o) (__retarget_lock_acquire_recursive)
d:/clion/gcc-arm-none-eabi-10.3-2021.10/bin/../lib/gcc/arm-none-eabi/10.3.1/../../../../arm-none-eabi/lib/thumb/v7-m/nofp\libg.a(lib_a-__atexit.o)
[...]
Memory Configuration

Name             Origin             Length             Attributes
RAM              0x20000000         0x0000c000         xrw
FLASH            0x08000000         0x00060000         xr
*default*        0x00000000         0xffffffff

Linker script and memory map

LOAD d:/clion/gcc-arm-none-eabi-10.3-2021.10/bin/../lib/gcc/arm-none-eabi/10.3.1/thumb/v7-m/nofp/crti.o
LOAD d:/clion/gcc-arm-none-eabi-10.3-2021.10/bin/../lib/gcc/arm-none-eabi/10.3.1/thumb/v7-m/nofp/crtbegin.o
LOAD d:/clion/gcc-arm-none-eabi-10.3-2021.10/bin/../lib/gcc/arm-none-eabi/10.3.1/../../../../arm-none-eabi/lib/thumb/v7-m/nofp/crt0.o
LOAD CMakeFiles/ISD2190.elf.dir/Core/Src/adc.c.obj
LOAD CMakeFiles/ISD2190.elf.dir/Core/Src/dma.c.obj
LOAD CMakeFiles/ISD2190.elf.dir/Core/Src/gpio.c.obj
LOAD CMakeFiles/ISD2190.elf.dir/Core/Src/iwdg.c.obj
LOAD CMakeFiles/ISD2190.elf.dir/Core/Src/main.c.obj
LOAD CMakeFiles/ISD2190.elf.dir/Core/Src/stm32l1xx_hal_msp.c.obj
LOAD CMakeFiles/ISD2190.elf.dir/Core/Src/stm32l1xx_it.c.obj
LOAD CMakeFiles/ISD2190.elf.dir/Core/Src/syscalls.c.obj
LOAD CMakeFiles/ISD2190.elf.dir/Core/Src/sysmem.c.obj
LOAD CMakeFiles/ISD2190.elf.dir/Core/Src/system_stm32l1xx.c.obj
LOAD CMakeFiles/ISD2190.elf.dir/Core/Src/tim.c.obj
LOAD CMakeFiles/ISD2190.elf.dir/Core/Src/usart.c.obj
LOAD CMakeFiles/ISD2190.elf.dir/Core/Startup/startup_stm32l151rdtx.s.obj
LOAD CMakeFiles/ISD2190.elf.dir/Drivers/STM32L1xx_HAL_Driver/Src/stm32l1xx_hal.c.obj
LOAD CMakeFiles/ISD2190.elf.dir/Drivers/STM32L1xx_HAL_Driver/Src/stm32l1xx_hal_adc.c.obj
LOAD CMakeFiles/ISD2190.elf.dir/Drivers/STM32L1xx_HAL_Driver/Src/stm32l1xx_hal_adc_ex.c.obj
LOAD CMakeFiles/ISD2190.elf.dir/Drivers/STM32L1xx_HAL_Driver/Src/stm32l1xx_hal_cortex.c.obj
LOAD CMakeFiles/ISD2190.elf.dir/Drivers/STM32L1xx_HAL_Driver/Src/stm32l1xx_hal_dma.c.obj
LOAD CMakeFiles/ISD2190.elf.dir/Drivers/STM32L1xx_HAL_Driver/Src/stm32l1xx_hal_exti.c.obj
LOAD CMakeFiles/ISD2190.elf.dir/Drivers/STM32L1xx_HAL_Driver/Src/stm32l1xx_hal_flash.c.obj
LOAD CMakeFiles/ISD2190.elf.dir/Drivers/STM32L1xx_HAL_Driver/Src/stm32l1xx_hal_flash_ex.c.obj
LOAD CMakeFiles/ISD2190.elf.dir/Drivers/STM32L1xx_HAL_Driver/Src/stm32l1xx_hal_flash_ramfunc.c.obj
LOAD CMakeFiles/ISD2190.elf.dir/Drivers/STM32L1xx_HAL_Driver/Src/stm32l1xx_hal_gpio.c.obj
LOAD CMakeFiles/ISD2190.elf.dir/Drivers/STM32L1xx_HAL_Driver/Src/stm32l1xx_hal_iwdg.c.obj
LOAD CMakeFiles/ISD2190.elf.dir/Drivers/STM32L1xx_HAL_Driver/Src/stm32l1xx_hal_pwr.c.obj
LOAD CMakeFiles/ISD2190.elf.dir/Drivers/STM32L1xx_HAL_Driver/Src/stm32l1xx_hal_pwr_ex.c.obj
LOAD CMakeFiles/ISD2190.elf.dir/Drivers/STM32L1xx_HAL_Driver/Src/stm32l1xx_hal_rcc.c.obj
LOAD CMakeFiles/ISD2190.elf.dir/Drivers/STM32L1xx_HAL_Driver/Src/stm32l1xx_hal_rcc_ex.c.obj
LOAD CMakeFiles/ISD2190.elf.dir/Drivers/STM32L1xx_HAL_Driver/Src/stm32l1xx_hal_tim.c.obj
LOAD CMakeFiles/ISD2190.elf.dir/Drivers/STM32L1xx_HAL_Driver/Src/stm32l1xx_hal_tim_ex.c.obj
LOAD CMakeFiles/ISD2190.elf.dir/Drivers/STM32L1xx_HAL_Driver/Src/stm32l1xx_hal_uart.c.obj
LOAD CMakeFiles/ISD2190.elf.dir/User/CollectData.c.obj
LOAD CMakeFiles/ISD2190.elf.dir/User/VMxx.c.obj
LOAD CMakeFiles/ISD2190.elf.dir/User/bt4531.c.obj
LOAD CMakeFiles/ISD2190.elf.dir/User/flash.c.obj
LOAD CMakeFiles/ISD2190.elf.dir/User/hardware.c.obj
LOAD CMakeFiles/ISD2190.elf.dir/User/temp.c.obj
START GROUP
LOAD d:/clion/gcc-arm-none-eabi-10.3-2021.10/bin/../lib/gcc/arm-none-eabi/10.3.1/thumb/v7-m/nofp\libgcc.a
LOAD d:/clion/gcc-arm-none-eabi-10.3-2021.10/bin/../lib/gcc/arm-none-eabi/10.3.1/../../../../arm-none-eabi/lib/thumb/v7-m/nofp\libg.a
LOAD d:/clion/gcc-arm-none-eabi-10.3-2021.10/bin/../lib/gcc/arm-none-eabi/10.3.1/../../../../arm-none-eabi/lib/thumb/v7-m/nofp\libc.a
END GROUP
LOAD d:/clion/gcc-arm-none-eabi-10.3-2021.10/bin/../lib/gcc/arm-none-eabi/10.3.1/thumb/v7-m/nofp/crtend.o
LOAD d:/clion/gcc-arm-none-eabi-10.3-2021.10/bin/../lib/gcc/arm-none-eabi/10.3.1/thumb/v7-m/nofp/crtn.o
                0x2000c000                _estack = (ORIGIN (RAM) + LENGTH (RAM))
                0x00000200                _Min_Heap_Size = 0x200
                0x00000400                _Min_Stack_Size = 0x400

.isr_vector     0x08000000      0x13c
                0x08000000                . = ALIGN (0x4)
 *(.isr_vector)
 .isr_vector    0x08000000      0x13c CMakeFiles/ISD2190.elf.dir/Core/Startup/startup_stm32l151rdtx.s.obj
                0x08000000                g_pfnVectors
                0x0800013c                . = ALIGN (0x4)

.text           0x08000140     0x4cb0
                0x08000140                . = ALIGN (0x4)
 *(.text)
 .text          0x08000140       0x40 d:/clion/gcc-arm-none-eabi-10.3-2021.10/bin/../lib/gcc/arm-none-eabi/10.3.1/thumb/v7-m/nofp/crtbegin.o
 .text          0x08000180      0x378 d:/clion/gcc-arm-none-eabi-10.3-2021.10/bin/../lib/gcc/arm-none-eabi/10.3.1/thumb/v7-m/nofp\libgcc.a(_arm_addsubdf3.o)
                0x08000180                __aeabi_drsub
                0x08000188                __aeabi_dsub
                0x08000188                __subdf3
                0x0800018c                __aeabi_dadd
                0x0800018c                __adddf3
                0x08000404                __floatunsidf
                0x08000404                __aeabi_ui2d
                0x08000424                __floatsidf
                0x08000424                __aeabi_i2d
                0x08000448                __aeabi_f2d
                0x08000448                __extendsfdf2
                0x0800048c                __floatundidf
                0x0800048c                __aeabi_ul2d
                0x0800049c                __floatdidf
                0x0800049c                __aeabi_l2d
 .text          0x080004f8      0x424 d:/clion/gcc-arm-none-eabi-10.3-2021.10/bin/../lib/gcc/arm-none-eabi/10.3.1/thumb/v7-m/nofp\libgcc.a(_arm_muldivdf3.o)
                0x080004f8                __aeabi_dmul
                0x080004f8                __muldf3
                0x0800074c                __divdf3
                0x0800074c                __aeabi_ddiv
 .text          0x0800091c       0x40 d:/clion/gcc-arm-none-eabi-10.3-2021.10/bin/../lib/gcc/arm-none-eabi/10.3.1/thumb/v7-m/nofp\libgcc.a(_arm_fixunsdfsi.o)
                0x0800091c                __aeabi_d2uiz
                0x0800091c                __fixunsdfsi
 .text          0x0800095c       0x30 d:/clion/gcc-arm-none-eabi-10.3-2021.10/bin/../lib/gcc/arm-none-eabi/10.3.1/thumb/v7-m/nofp\libgcc.a(_aeabi_uldivmod.o)
                0x0800095c                __aeabi_uldivmod
 .text          0x0800098c      0x2d4 d:/clion/gcc-arm-none-eabi-10.3-2021.10/bin/../lib/gcc/arm-none-eabi/10.3.1/thumb/v7-m/nofp\libgcc.a(_udivmoddi4.o)
                0x0800098c                __udivmoddi4
 .text          0x08000c60        0x4 d:/clion/gcc-arm-none-eabi-10.3-2021.10/bin/../lib/gcc/arm-none-eabi/10.3.1/thumb/v7-m/nofp\libgcc.a(_dvmd_tls.o)
                0x08000c60                __aeabi_idiv0
                0x08000c60                __aeabi_ldiv0
 .text          0x08000c64       0xec d:/clion/gcc-arm-none-eabi-10.3-2021.10/bin/../lib/gcc/arm-none-eabi/10.3.1/../../../../arm-none-eabi/lib/thumb/v7-m/nofp\libg.a(lib_a-memcpy.o)
                0x08000c64                memcpy
 *(.text*)
 .text.MX_ADC_Init
                0x08000d50      0x20c CMakeFiles/ISD2190.elf.dir/Core/Src/adc.c.obj
                0x08000d50                MX_ADC_Init
 .text.HAL_ADC_MspInit
                0x08000f5c       0xec CMakeFiles/ISD2190.elf.dir/Core/Src/adc.c.obj
                0x08000f5c                HAL_ADC_MspInit
 .text.MX_DMA_Init
                0x08001048       0x34 CMakeFiles/ISD2190.elf.dir/Core/Src/dma.c.obj
                0x08001048                MX_DMA_Init
 .text.MX_GPIO_Init
                0x0800107c       0xbc CMakeFiles/ISD2190.elf.dir/Core/Src/gpio.c.obj
                0x0800107c                MX_GPIO_Init
 .text.Error_Handler
                0x08001138        0x4 CMakeFiles/ISD2190.elf.dir/Core/Src/main.c.obj
                0x08001138                Error_Handler
 .text.SystemClock_Config
                0x0800113c       0x70 CMakeFiles/ISD2190.elf.dir/Core/Src/main.c.obj
                0x0800113c                SystemClock_Config
 .text.main     0x080011ac      0x104 CMakeFiles/ISD2190.elf.dir/Core/Src/main.c.obj
                0x080011ac                main
 .text.HAL_MspInit
                0x080012b0       0x44 CMakeFiles/ISD2190.elf.dir/Core/Src/stm32l1xx_hal_msp.c.obj
                0x080012b0                HAL_MspInit
 .text.NMI_Handler
                0x080012f4        0x2 CMakeFiles/ISD2190.elf.dir/Core/Src/stm32l1xx_it.c.obj
                0x080012f4                NMI_Handler
 .text.HardFault_Handler
                0x080012f6        0x2 CMakeFiles/ISD2190.elf.dir/Core/Src/stm32l1xx_it.c.obj
                0x080012f6                HardFault_Handler
 .text.MemManage_Handler
                0x080012f8        0x2 CMakeFiles/ISD2190.elf.dir/Core/Src/stm32l1xx_it.c.obj
                0x080012f8                MemManage_Handler
 .text.BusFault_Handler
                0x080012fa        0x2 CMakeFiles/ISD2190.elf.dir/Core/Src/stm32l1xx_it.c.obj
                0x080012fa                BusFault_Handler
 .text.UsageFault_Handler
                0x080012fc        0x2 CMakeFiles/ISD2190.elf.dir/Core/Src/stm32l1xx_it.c.obj
                0x080012fc                UsageFault_Handler
 .text.SVC_Handler
                0x080012fe        0x2 CMakeFiles/ISD2190.elf.dir/Core/Src/stm32l1xx_it.c.obj
                0x080012fe                SVC_Handler
 .text.DebugMon_Handler
                0x08001300        0x2 CMakeFiles/ISD2190.elf.dir/Core/Src/stm32l1xx_it.c.obj
                0x08001300                DebugMon_Handler
 .text.PendSV_Handler
                0x08001302        0x2 CMakeFiles/ISD2190.elf.dir/Core/Src/stm32l1xx_it.c.obj
                0x08001302                PendSV_Handler
 .text.SysTick_Handler
                0x08001304        0x8 CMakeFiles/ISD2190.elf.dir/Core/Src/stm32l1xx_it.c.obj
                0x08001304                SysTick_Handler
 .text.DMA1_Channel1_IRQHandler
                0x0800130c       0x10 CMakeFiles/ISD2190.elf.dir/Core/Src/stm32l1xx_it.c.obj
                0x0800130c                DMA1_Channel1_IRQHandler
 .text.TIM2_IRQHandler
                0x0800131c       0x10 CMakeFiles/ISD2190.elf.dir/Core/Src/stm32l1xx_it.c.obj
                0x0800131c                TIM2_IRQHandler
 .text.TIM3_IRQHandler
                0x0800132c       0x10 CMakeFiles/ISD2190.elf.dir/Core/Src/stm32l1xx_it.c.obj
                0x0800132c                TIM3_IRQHandler
 .text.USART2_IRQHandler
                0x0800133c       0x10 CMakeFiles/ISD2190.elf.dir/Core/Src/stm32l1xx_it.c.obj
                0x0800133c                USART2_IRQHandler
 .text.USART3_IRQHandler
                0x0800134c       0x10 CMakeFiles/ISD2190.elf.dir/Core/Src/stm32l1xx_it.c.obj
                0x0800134c                USART3_IRQHandler
 .text.UART5_IRQHandler
                0x0800135c       0x10 CMakeFiles/ISD2190.elf.dir/Core/Src/stm32l1xx_it.c.obj
                0x0800135c                UART5_IRQHandler
 .text.SystemInit
                0x0800136c        0x2 CMakeFiles/ISD2190.elf.dir/Core/Src/system_stm32l1xx.c.obj
                0x0800136c                SystemInit
 *fill*         0x0800136e        0x2 
 .text.MX_TIM2_Init
                0x08001370       0x78 CMakeFiles/ISD2190.elf.dir/Core/Src/tim.c.obj
                0x08001370                MX_TIM2_Init
 .text.MX_TIM3_Init
                0x080013e8       0x70 CMakeFiles/ISD2190.elf.dir/Core/Src/tim.c.obj
                0x080013e8                MX_TIM3_Init
 .text.HAL_TIM_Base_MspInit
                0x08001458       0x70 CMakeFiles/ISD2190.elf.dir/Core/Src/tim.c.obj
                0x08001458                HAL_TIM_Base_MspInit
 .text.MX_UART5_Init
                0x080014c8       0x34 CMakeFiles/ISD2190.elf.dir/Core/Src/usart.c.obj
                0x080014c8                MX_UART5_Init
 .text.MX_USART2_UART_Init
                0x080014fc       0x34 CMakeFiles/ISD2190.elf.dir/Core/Src/usart.c.obj
                0x080014fc                MX_USART2_UART_Init
 .text.MX_USART3_UART_Init
                0x08001530       0x34 CMakeFiles/ISD2190.elf.dir/Core/Src/usart.c.obj
                0x08001530                MX_USART3_UART_Init
 .text.HAL_UART_MspInit
                0x08001564      0x168 CMakeFiles/ISD2190.elf.dir/Core/Src/usart.c.obj
                0x08001564                HAL_UART_MspInit
 .text.Reset_Handler
                0x080016cc       0x48 CMakeFiles/ISD2190.elf.dir/Core/Startup/startup_stm32l151rdtx.s.obj
                0x080016cc                Reset_Handler
 .text.Default_Handler
                0x08001714        0x2 CMakeFiles/ISD2190.elf.dir/Core/Startup/startup_stm32l151rdtx.s.obj
                0x08001714                RTC_Alarm_IRQHandler
                0x08001714                EXTI2_IRQHandler
                0x08001714                COMP_ACQ_IRQHandler
                0x08001714                TIM10_IRQHandler
                0x08001714                USB_HP_IRQHandler
                0x08001714                TIM6_IRQHandler
                0x08001714                PVD_IRQHandler
                0x08001714                SDIO_IRQHandler
                0x08001714                EXTI3_IRQHandler
                0x08001714                EXTI0_IRQHandler
                0x08001714                I2C2_EV_IRQHandler
                0x08001714                SPI1_IRQHandler
                0x08001714                USB_FS_WKUP_IRQHandler
                0x08001714                DMA2_Channel2_IRQHandler
                0x08001714                DMA1_Channel4_IRQHandler
                0x08001714                ADC1_IRQHandler
                0x08001714                DMA1_Channel7_IRQHandler
                0x08001714                TIM4_IRQHandler
                0x08001714                DMA2_Channel1_IRQHandler
                0x08001714                I2C1_EV_IRQHandler
                0x08001714                DMA1_Channel6_IRQHandler
                0x08001714                UART4_IRQHandler
                0x08001714                DMA2_Channel4_IRQHandler
                0x08001714                RCC_IRQHandler
                0x08001714                Default_Handler
                0x08001714                EXTI15_10_IRQHandler
                0x08001714                TIM7_IRQHandler
                0x08001714                TIM5_IRQHandler
                0x08001714                EXTI9_5_IRQHandler
                0x08001714                TIM9_IRQHandler
                0x08001714                TAMPER_STAMP_IRQHandler
                0x08001714                RTC_WKUP_IRQHandler
                0x08001714                SPI2_IRQHandler
                0x08001714                DMA2_Channel5_IRQHandler
                0x08001714                DMA1_Channel5_IRQHandler
                0x08001714                USB_LP_IRQHandler
                0x08001714                EXTI4_IRQHandler
                0x08001714                DMA1_Channel3_IRQHandler
                0x08001714                COMP_IRQHandler
                0x08001714                WWDG_IRQHandler
                0x08001714                DAC_IRQHandler
                0x08001714                EXTI1_IRQHandler
                0x08001714                TIM11_IRQHandler
                0x08001714                I2C2_ER_IRQHandler
                0x08001714                DMA1_Channel2_IRQHandler
                0x08001714                FLASH_IRQHandler
                0x08001714                USART1_IRQHandler
                0x08001714                SPI3_IRQHandler
                0x08001714                I2C1_ER_IRQHandler
                0x08001714                DMA2_Channel3_IRQHandler
 *fill*         0x08001716        0x2 
 .text.HAL_InitTick
                0x08001718       0x50 CMakeFiles/ISD2190.elf.dir/Drivers/STM32L1xx_HAL_Driver/Src/stm32l1xx_hal.c.obj
                0x08001718                HAL_InitTick
 .text.HAL_Init
                0x08001768       0x1e CMakeFiles/ISD2190.elf.dir/Drivers/STM32L1xx_HAL_Driver/Src/stm32l1xx_hal.c.obj
                0x08001768                HAL_Init
 *fill*         0x08001786        0x2 
 .text.HAL_IncTick
                0x08001788       0x18 CMakeFiles/ISD2190.elf.dir/Drivers/STM32L1xx_HAL_Driver/Src/stm32l1xx_hal.c.obj
                0x08001788                HAL_IncTick
 .text.HAL_GetTick
                0x080017a0        0xc CMakeFiles/ISD2190.elf.dir/Drivers/STM32L1xx_HAL_Driver/Src/stm32l1xx_hal.c.obj
                0x080017a0                HAL_GetTick
 .text.HAL_Delay
                0x080017ac       0x28 CMakeFiles/ISD2190.elf.dir/Drivers/STM32L1xx_HAL_Driver/Src/stm32l1xx_hal.c.obj
                0x080017ac                HAL_Delay
 .text.HAL_ADC_Init
                0x080017d4      0x19c CMakeFiles/ISD2190.elf.dir/Drivers/STM32L1xx_HAL_Driver/Src/stm32l1xx_hal_adc.c.obj
                0x080017d4                HAL_ADC_Init
 .text.ADC_DMAConvCplt
                0x08001970       0x64 CMakeFiles/ISD2190.elf.dir/Drivers/STM32L1xx_HAL_Driver/Src/stm32l1xx_hal_adc.c.obj
 .text.HAL_ADC_ConvHalfCpltCallback
                0x080019d4        0x2 CMakeFiles/ISD2190.elf.dir/Drivers/STM32L1xx_HAL_Driver/Src/stm32l1xx_hal_adc.c.obj
                0x080019d4                HAL_ADC_ConvHalfCpltCallback
 .text.ADC_DMAHalfConvCplt
                0x080019d6        0xa CMakeFiles/ISD2190.elf.dir/Drivers/STM32L1xx_HAL_Driver/Src/stm32l1xx_hal_adc.c.obj
 .text.HAL_ADC_ErrorCallback
                0x080019e0        0x2 CMakeFiles/ISD2190.elf.dir/Drivers/STM32L1xx_HAL_Driver/Src/stm32l1xx_hal_adc.c.obj
                0x080019e0                HAL_ADC_ErrorCallback
 .text.ADC_DMAError
                0x080019e2       0x1a CMakeFiles/ISD2190.elf.dir/Drivers/STM32L1xx_HAL_Driver/Src/stm32l1xx_hal_adc.c.obj
 .text.HAL_ADC_ConfigChannel
                0x080019fc      0x1b4 CMakeFiles/ISD2190.elf.dir/Drivers/STM32L1xx_HAL_Driver/Src/stm32l1xx_hal_adc.c.obj
                0x080019fc                HAL_ADC_ConfigChannel
 .text.ADC_Enable
                0x08001bb0       0x8c CMakeFiles/ISD2190.elf.dir/Drivers/STM32L1xx_HAL_Driver/Src/stm32l1xx_hal_adc.c.obj
                0x08001bb0                ADC_Enable
 .text.HAL_ADC_Start_DMA
                0x08001c3c       0xc4 CMakeFiles/ISD2190.elf.dir/Drivers/STM32L1xx_HAL_Driver/Src/stm32l1xx_hal_adc.c.obj
                0x08001c3c                HAL_ADC_Start_DMA
 .text.HAL_NVIC_SetPriorityGrouping
                0x08001d00       0x24 CMakeFiles/ISD2190.elf.dir/Drivers/STM32L1xx_HAL_Driver/Src/stm32l1xx_hal_cortex.c.obj
                0x08001d00                HAL_NVIC_SetPriorityGrouping
 .text.HAL_NVIC_SetPriority
                0x08001d24       0x70 CMakeFiles/ISD2190.elf.dir/Drivers/STM32L1xx_HAL_Driver/Src/stm32l1xx_hal_cortex.c.obj
                0x08001d24                HAL_NVIC_SetPriority
 .text.HAL_NVIC_EnableIRQ
                0x08001d94       0x1c CMakeFiles/ISD2190.elf.dir/Drivers/STM32L1xx_HAL_Driver/Src/stm32l1xx_hal_cortex.c.obj
                0x08001d94                HAL_NVIC_EnableIRQ
 .text.HAL_SYSTICK_Config
                0x08001db0       0x28 CMakeFiles/ISD2190.elf.dir/Drivers/STM32L1xx_HAL_Driver/Src/stm32l1xx_hal_cortex.c.obj
                0x08001db0                HAL_SYSTICK_Config
 .text.DMA_SetConfig
                0x08001dd8       0x36 CMakeFiles/ISD2190.elf.dir/Drivers/STM32L1xx_HAL_Driver/Src/stm32l1xx_hal_dma.c.obj
 *fill*         0x08001e0e        0x2 
 .text.HAL_DMA_Init
                0x08001e10       0x98 CMakeFiles/ISD2190.elf.dir/Drivers/STM32L1xx_HAL_Driver/Src/stm32l1xx_hal_dma.c.obj
                0x08001e10                HAL_DMA_Init
 .text.HAL_DMA_Start_IT
                0x08001ea8       0x76 CMakeFiles/ISD2190.elf.dir/Drivers/STM32L1xx_HAL_Driver/Src/stm32l1xx_hal_dma.c.obj
                0x08001ea8                HAL_DMA_Start_IT
 .text.HAL_DMA_Abort
                0x08001f1e       0x4a CMakeFiles/ISD2190.elf.dir/Drivers/STM32L1xx_HAL_Driver/Src/stm32l1xx_hal_dma.c.obj
                0x08001f1e                HAL_DMA_Abort
 .text.HAL_DMA_Abort_IT
                0x08001f68       0x50 CMakeFiles/ISD2190.elf.dir/Drivers/STM32L1xx_HAL_Driver/Src/stm32l1xx_hal_dma.c.obj
                0x08001f68                HAL_DMA_Abort_IT
 .text.HAL_DMA_IRQHandler
                0x08001fb8       0xc4 CMakeFiles/ISD2190.elf.dir/Drivers/STM32L1xx_HAL_Driver/Src/stm32l1xx_hal_dma.c.obj
                0x08001fb8                HAL_DMA_IRQHandler
 .text.FLASH_SetErrorCode
                0x0800207c       0x88 CMakeFiles/ISD2190.elf.dir/Drivers/STM32L1xx_HAL_Driver/Src/stm32l1xx_hal_flash.c.obj
 .text.HAL_FLASH_Unlock
                0x08002104       0x64 CMakeFiles/ISD2190.elf.dir/Drivers/STM32L1xx_HAL_Driver/Src/stm32l1xx_hal_flash.c.obj
                0x08002104                HAL_FLASH_Unlock
 .text.HAL_FLASH_Lock
                0x08002168       0x14 CMakeFiles/ISD2190.elf.dir/Drivers/STM32L1xx_HAL_Driver/Src/stm32l1xx_hal_flash.c.obj
                0x08002168                HAL_FLASH_Lock
 .text.HAL_FLASH_GetError
                0x0800217c        0xc CMakeFiles/ISD2190.elf.dir/Drivers/STM32L1xx_HAL_Driver/Src/stm32l1xx_hal_flash.c.obj
                0x0800217c                HAL_FLASH_GetError
 .text.FLASH_WaitForLastOperation
                0x08002188       0x7c CMakeFiles/ISD2190.elf.dir/Drivers/STM32L1xx_HAL_Driver/Src/stm32l1xx_hal_flash.c.obj
                0x08002188                FLASH_WaitForLastOperation
 .text.HAL_FLASH_Program
                0x08002204       0x40 CMakeFiles/ISD2190.elf.dir/Drivers/STM32L1xx_HAL_Driver/Src/stm32l1xx_hal_flash.c.obj
                0x08002204                HAL_FLASH_Program
 .text.FLASH_PageErase
                0x08002244       0x28 CMakeFiles/ISD2190.elf.dir/Drivers/STM32L1xx_HAL_Driver/Src/stm32l1xx_hal_flash_ex.c.obj
                0x08002244                FLASH_PageErase
 .text.HAL_FLASHEx_Erase
                0x0800226c       0x7c CMakeFiles/ISD2190.elf.dir/Drivers/STM32L1xx_HAL_Driver/Src/stm32l1xx_hal_flash_ex.c.obj
                0x0800226c                HAL_FLASHEx_Erase
 .text.HAL_GPIO_Init
                0x080022e8      0x1e8 CMakeFiles/ISD2190.elf.dir/Drivers/STM32L1xx_HAL_Driver/Src/stm32l1xx_hal_gpio.c.obj
                0x080022e8                HAL_GPIO_Init
 .text.HAL_GPIO_WritePin
                0x080024d0        0xc CMakeFiles/ISD2190.elf.dir/Drivers/STM32L1xx_HAL_Driver/Src/stm32l1xx_hal_gpio.c.obj
                0x080024d0                HAL_GPIO_WritePin
 .text.RCC_SetFlashLatencyFromMSIRange
                0x080024dc       0x90 CMakeFiles/ISD2190.elf.dir/Drivers/STM32L1xx_HAL_Driver/Src/stm32l1xx_hal_rcc.c.obj
 .text.HAL_RCC_OscConfig
                0x0800256c      0x4f8 CMakeFiles/ISD2190.elf.dir/Drivers/STM32L1xx_HAL_Driver/Src/stm32l1xx_hal_rcc.c.obj
                0x0800256c                HAL_RCC_OscConfig
 .text.HAL_RCC_GetSysClockFreq
                0x08002a64       0xc4 CMakeFiles/ISD2190.elf.dir/Drivers/STM32L1xx_HAL_Driver/Src/stm32l1xx_hal_rcc.c.obj
                0x08002a64                HAL_RCC_GetSysClockFreq
 .text.HAL_RCC_ClockConfig
                0x08002b28      0x1dc CMakeFiles/ISD2190.elf.dir/Drivers/STM32L1xx_HAL_Driver/Src/stm32l1xx_hal_rcc.c.obj
                0x08002b28                HAL_RCC_ClockConfig
 .text.HAL_RCC_GetHCLKFreq
                0x08002d04        0xc CMakeFiles/ISD2190.elf.dir/Drivers/STM32L1xx_HAL_Driver/Src/stm32l1xx_hal_rcc.c.obj
                0x08002d04                HAL_RCC_GetHCLKFreq
 .text.HAL_RCC_GetPCLK1Freq
                0x08002d10       0x20 CMakeFiles/ISD2190.elf.dir/Drivers/STM32L1xx_HAL_Driver/Src/stm32l1xx_hal_rcc.c.obj
                0x08002d10                HAL_RCC_GetPCLK1Freq
 .text.HAL_RCC_GetPCLK2Freq
                0x08002d30       0x20 CMakeFiles/ISD2190.elf.dir/Drivers/STM32L1xx_HAL_Driver/Src/stm32l1xx_hal_rcc.c.obj
                0x08002d30                HAL_RCC_GetPCLK2Freq
 .text.TIM_Base_SetConfig
                0x08002d50       0x88 CMakeFiles/ISD2190.elf.dir/Drivers/STM32L1xx_HAL_Driver/Src/stm32l1xx_hal_tim.c.obj
 .text.TIM_TI1_ConfigInputStage
                0x08002dd8       0x24 CMakeFiles/ISD2190.elf.dir/Drivers/STM32L1xx_HAL_Driver/Src/stm32l1xx_hal_tim.c.obj
 .text.TIM_TI2_ConfigInputStage
                0x08002dfc       0x26 CMakeFiles/ISD2190.elf.dir/Drivers/STM32L1xx_HAL_Driver/Src/stm32l1xx_hal_tim.c.obj
 .text.TIM_ITRx_SetConfig
                0x08002e22       0x10 CMakeFiles/ISD2190.elf.dir/Drivers/STM32L1xx_HAL_Driver/Src/stm32l1xx_hal_tim.c.obj
 .text.TIM_ETR_SetConfig
                0x08002e32       0x18 CMakeFiles/ISD2190.elf.dir/Drivers/STM32L1xx_HAL_Driver/Src/stm32l1xx_hal_tim.c.obj
 .text.HAL_TIM_Base_Init
                0x08002e4a       0x48 CMakeFiles/ISD2190.elf.dir/Drivers/STM32L1xx_HAL_Driver/Src/stm32l1xx_hal_tim.c.obj
                0x08002e4a                HAL_TIM_Base_Init
 *fill*         0x08002e92        0x2 
 .text.HAL_TIM_Base_Start_IT
                0x08002e94       0x68 CMakeFiles/ISD2190.elf.dir/Drivers/STM32L1xx_HAL_Driver/Src/stm32l1xx_hal_tim.c.obj
                0x08002e94                HAL_TIM_Base_Start_IT
 .text.HAL_TIM_Base_Stop_IT
                0x08002efc       0x28 CMakeFiles/ISD2190.elf.dir/Drivers/STM32L1xx_HAL_Driver/Src/stm32l1xx_hal_tim.c.obj
                0x08002efc                HAL_TIM_Base_Stop_IT
 .text.HAL_TIM_ConfigClockSource
                0x08002f24       0xfe CMakeFiles/ISD2190.elf.dir/Drivers/STM32L1xx_HAL_Driver/Src/stm32l1xx_hal_tim.c.obj
                0x08002f24                HAL_TIM_ConfigClockSource
 .text.HAL_TIM_OC_DelayElapsedCallback
                0x08003022        0x2 CMakeFiles/ISD2190.elf.dir/Drivers/STM32L1xx_HAL_Driver/Src/stm32l1xx_hal_tim.c.obj
                0x08003022                HAL_TIM_OC_DelayElapsedCallback
 .text.HAL_TIM_IC_CaptureCallback
                0x08003024        0x2 CMakeFiles/ISD2190.elf.dir/Drivers/STM32L1xx_HAL_Driver/Src/stm32l1xx_hal_tim.c.obj
                0x08003024                HAL_TIM_IC_CaptureCallback
 .text.HAL_TIM_PWM_PulseFinishedCallback
                0x08003026        0x2 CMakeFiles/ISD2190.elf.dir/Drivers/STM32L1xx_HAL_Driver/Src/stm32l1xx_hal_tim.c.obj
                0x08003026                HAL_TIM_PWM_PulseFinishedCallback
 .text.HAL_TIM_TriggerCallback
                0x08003028        0x2 CMakeFiles/ISD2190.elf.dir/Drivers/STM32L1xx_HAL_Driver/Src/stm32l1xx_hal_tim.c.obj
                0x08003028                HAL_TIM_TriggerCallback
 .text.HAL_TIM_IRQHandler
                0x0800302a      0x13a CMakeFiles/ISD2190.elf.dir/Drivers/STM32L1xx_HAL_Driver/Src/stm32l1xx_hal_tim.c.obj
                0x0800302a                HAL_TIM_IRQHandler
 .text.HAL_TIMEx_MasterConfigSynchronization
                0x08003164       0x6c CMakeFiles/ISD2190.elf.dir/Drivers/STM32L1xx_HAL_Driver/Src/stm32l1xx_hal_tim_ex.c.obj
                0x08003164                HAL_TIMEx_MasterConfigSynchronization
 .text.UART_EndRxTransfer
                0x080031d0       0x5c CMakeFiles/ISD2190.elf.dir/Drivers/STM32L1xx_HAL_Driver/Src/stm32l1xx_hal_uart.c.obj
 .text.UART_Transmit_IT
                0x0800322c       0x60 CMakeFiles/ISD2190.elf.dir/Drivers/STM32L1xx_HAL_Driver/Src/stm32l1xx_hal_uart.c.obj
 .text.UART_SetConfig
                0x0800328c       0xdc CMakeFiles/ISD2190.elf.dir/Drivers/STM32L1xx_HAL_Driver/Src/stm32l1xx_hal_uart.c.obj
 .text.UART_WaitOnFlagUntilTimeout
                0x08003368       0x88 CMakeFiles/ISD2190.elf.dir/Drivers/STM32L1xx_HAL_Driver/Src/stm32l1xx_hal_uart.c.obj
 .text.HAL_UART_Init
                0x080033f0       0x60 CMakeFiles/ISD2190.elf.dir/Drivers/STM32L1xx_HAL_Driver/Src/stm32l1xx_hal_uart.c.obj
                0x080033f0                HAL_UART_Init
 .text.HAL_UART_Transmit
                0x08003450       0xbe CMakeFiles/ISD2190.elf.dir/Drivers/STM32L1xx_HAL_Driver/Src/stm32l1xx_hal_uart.c.obj
                0x08003450                HAL_UART_Transmit
 .text.HAL_UART_TxCpltCallback
                0x0800350e        0x2 CMakeFiles/ISD2190.elf.dir/Drivers/STM32L1xx_HAL_Driver/Src/stm32l1xx_hal_uart.c.obj
                0x0800350e                HAL_UART_TxCpltCallback
 .text.UART_EndTransmit_IT
                0x08003510       0x1a CMakeFiles/ISD2190.elf.dir/Drivers/STM32L1xx_HAL_Driver/Src/stm32l1xx_hal_uart.c.obj
 .text.HAL_UART_ErrorCallback
                0x0800352a        0x2 CMakeFiles/ISD2190.elf.dir/Drivers/STM32L1xx_HAL_Driver/Src/stm32l1xx_hal_uart.c.obj
                0x0800352a                HAL_UART_ErrorCallback
 .text.UART_DMAAbortOnError
                0x0800352c       0x10 CMakeFiles/ISD2190.elf.dir/Drivers/STM32L1xx_HAL_Driver/Src/stm32l1xx_hal_uart.c.obj
 .text.HAL_UARTEx_RxEventCallback
                0x0800353c        0x2 CMakeFiles/ISD2190.elf.dir/Drivers/STM32L1xx_HAL_Driver/Src/stm32l1xx_hal_uart.c.obj
                0x0800353c                HAL_UARTEx_RxEventCallback
 .text.UART_Receive_IT
                0x0800353e       0xe6 CMakeFiles/ISD2190.elf.dir/Drivers/STM32L1xx_HAL_Driver/Src/stm32l1xx_hal_uart.c.obj
 .text.HAL_UART_IRQHandler
                0x08003624      0x288 CMakeFiles/ISD2190.elf.dir/Drivers/STM32L1xx_HAL_Driver/Src/stm32l1xx_hal_uart.c.obj
                0x08003624                HAL_UART_IRQHandler
 .text.UART_Start_Receive_IT
                0x080038ac       0x36 CMakeFiles/ISD2190.elf.dir/Drivers/STM32L1xx_HAL_Driver/Src/stm32l1xx_hal_uart.c.obj
                0x080038ac                UART_Start_Receive_IT
 .text.HAL_UART_Receive_IT
                0x080038e2       0x26 CMakeFiles/ISD2190.elf.dir/Drivers/STM32L1xx_HAL_Driver/Src/stm32l1xx_hal_uart.c.obj
                0x080038e2                HAL_UART_Receive_IT
 .text.Data_Collect
                0x08003908      0x324 CMakeFiles/ISD2190.elf.dir/User/CollectData.c.obj
                0x08003908                Data_Collect
 .text.HAL_UART_RxCpltCallback
                0x08003c2c      0x154 CMakeFiles/ISD2190.elf.dir/User/CollectData.c.obj
                0x08003c2c                HAL_UART_RxCpltCallback
 .text.HAL_ADC_ConvCpltCallback
                0x08003d80       0x28 CMakeFiles/ISD2190.elf.dir/User/CollectData.c.obj
                0x08003d80                HAL_ADC_ConvCpltCallback
 .text.HAL_TIM_PeriodElapsedCallback
                0x08003da8       0x84 CMakeFiles/ISD2190.elf.dir/User/CollectData.c.obj
                0x08003da8                HAL_TIM_PeriodElapsedCallback
 .text.Init_VM  0x08003e2c       0x28 CMakeFiles/ISD2190.elf.dir/User/VMxx.c.obj
                0x08003e2c                Init_VM
 .text.Scan_VM  0x08003e54       0x28 CMakeFiles/ISD2190.elf.dir/User/VMxx.c.obj
                0x08003e54                Scan_VM
 .text.CRC_Check
                0x08003e7c       0x42 CMakeFiles/ISD2190.elf.dir/User/bt4531.c.obj
                0x08003e7c                CRC_Check
 *fill*         0x08003ebe        0x2 
 .text.ConfigSend
                0x08003ec0      0x120 CMakeFiles/ISD2190.elf.dir/User/bt4531.c.obj
                0x08003ec0                ConfigSend
 .text.TotalConfigSend
                0x08003fe0      0x15c CMakeFiles/ISD2190.elf.dir/User/bt4531.c.obj
                0x08003fe0                TotalConfigSend
 .text.DataSend
                0x0800413c      0x100 CMakeFiles/ISD2190.elf.dir/User/bt4531.c.obj
                0x0800413c                DataSend
 .text.TotalDataSend
                0x0800423c      0x138 CMakeFiles/ISD2190.elf.dir/User/bt4531.c.obj
                0x0800423c                TotalDataSend
 .text.StatuCallback
                0x08004374       0x3c CMakeFiles/ISD2190.elf.dir/User/bt4531.c.obj
                0x08004374                StatuCallback
 .text.BleProcess
                0x080043b0      0x204 CMakeFiles/ISD2190.elf.dir/User/bt4531.c.obj
                0x080043b0                BleProcess
 .text.Flash_Write
                0x080045b4       0x60 CMakeFiles/ISD2190.elf.dir/User/flash.c.obj
                0x080045b4                Flash_Write
 .text.Flash_Read
                0x08004614       0x10 CMakeFiles/ISD2190.elf.dir/User/flash.c.obj
                0x08004614                Flash_Read
 *fill*         0x08004624        0x4 
 .text.BMYBJ_YB
                0x08004628       0x90 CMakeFiles/ISD2190.elf.dir/User/hardware.c.obj
                0x08004628                BMYBJ_YB
 .text.MRYBJ_YB
                0x080046b8       0x90 CMakeFiles/ISD2190.elf.dir/User/hardware.c.obj
                0x080046b8                MRYBJ_YB
 .text.GJJ_YL   0x08004748       0xc0 CMakeFiles/ISD2190.elf.dir/User/hardware.c.obj
                0x08004748                GJJ_YL
 .text.TYLH_YL_MPa
                0x08004808       0xc0 CMakeFiles/ISD2190.elf.dir/User/hardware.c.obj
                0x08004808                TYLH_YL_MPa
 .text.SYJ_YL_MPa
                0x080048c8      0x130 CMakeFiles/ISD2190.elf.dir/User/hardware.c.obj
                0x080048c8                SYJ_YL_MPa
 .text.MSJ_YL_KN
                0x080049f8      0x1ac CMakeFiles/ISD2190.elf.dir/User/hardware.c.obj
                0x080049f8                MSJ_YL_KN
 .text.calcuTem
                0x08004ba4       0x48 CMakeFiles/ISD2190.elf.dir/User/temp.c.obj
                0x08004ba4                calcuTem
 .text.calcuTemps
                0x08004bec       0x1e CMakeFiles/ISD2190.elf.dir/User/temp.c.obj
                0x08004bec                calcuTemps
 *fill*         0x08004c0a        0x2 
 .text.__libc_init_array
                0x08004c0c       0x48 d:/clion/gcc-arm-none-eabi-10.3-2021.10/bin/../lib/gcc/arm-none-eabi/10.3.1/../../../../arm-none-eabi/lib/thumb/v7-m/nofp\libg.a(lib_a-init.o)
                0x08004c0c                __libc_init_array
 .text.memset   0x08004c54       0xa4 d:/clion/gcc-arm-none-eabi-10.3-2021.10/bin/../lib/gcc/arm-none-eabi/10.3.1/../../../../arm-none-eabi/lib/thumb/v7-m/nofp\libg.a(lib_a-memset.o)
                0x08004c54                memset
 .text.startup.register_fini
                0x08004cf8       0x14 d:/clion/gcc-arm-none-eabi-10.3-2021.10/bin/../lib/gcc/arm-none-eabi/10.3.1/../../../../arm-none-eabi/lib/thumb/v7-m/nofp\libg.a(lib_a-__call_atexit.o)
 .text.atexit   0x08004d0c        0xc d:/clion/gcc-arm-none-eabi-10.3-2021.10/bin/../lib/gcc/arm-none-eabi/10.3.1/../../../../arm-none-eabi/lib/thumb/v7-m/nofp\libg.a(lib_a-atexit.o)
                0x08004d0c                atexit
 .text.__libc_fini_array
                0x08004d18       0x2c d:/clion/gcc-arm-none-eabi-10.3-2021.10/bin/../lib/gcc/arm-none-eabi/10.3.1/../../../../arm-none-eabi/lib/thumb/v7-m/nofp\libg.a(lib_a-fini.o)
                0x08004d18                __libc_fini_array
 .text.__retarget_lock_acquire_recursive
                0x08004d44        0x4 d:/clion/gcc-arm-none-eabi-10.3-2021.10/bin/../lib/gcc/arm-none-eabi/10.3.1/../../../../arm-none-eabi/lib/thumb/v7-m/nofp\libg.a(lib_a-lock.o)
                0x08004d44                __retarget_lock_acquire_recursive
 .text.__retarget_lock_release_recursive
                0x08004d48        0x4 d:/clion/gcc-arm-none-eabi-10.3-2021.10/bin/../lib/gcc/arm-none-eabi/10.3.1/../../../../arm-none-eabi/lib/thumb/v7-m/nofp\libg.a(lib_a-lock.o)
                0x08004d48                __retarget_lock_release_recursive
 .text.__register_exitproc
                0x08004d4c       0x8c d:/clion/gcc-arm-none-eabi-10.3-2021.10/bin/../lib/gcc/arm-none-eabi/10.3.1/../../../../arm-none-eabi/lib/thumb/v7-m/nofp\libg.a(lib_a-__atexit.o)
                0x08004d4c                __register_exitproc
 *(.glue_7)
 .glue_7        0x08004dd8        0x0 linker stubs
 *(.glue_7t)
 .glue_7t       0x08004dd8        0x0 linker stubs
 *(.eh_frame)
 .eh_frame      0x08004dd8        0x0 d:/clion/gcc-arm-none-eabi-10.3-2021.10/bin/../lib/gcc/arm-none-eabi/10.3.1/thumb/v7-m/nofp/crtbegin.o
 *(.init)
 .init          0x08004dd8        0x4 d:/clion/gcc-arm-none-eabi-10.3-2021.10/bin/../lib/gcc/arm-none-eabi/10.3.1/thumb/v7-m/nofp/crti.o
                0x08004dd8                _init
 .init          0x08004ddc        0x8 d:/clion/gcc-arm-none-eabi-10.3-2021.10/bin/../lib/gcc/arm-none-eabi/10.3.1/thumb/v7-m/nofp/crtn.o
 *(.fini)
 .fini          0x08004de4        0x4 d:/clion/gcc-arm-none-eabi-10.3-2021.10/bin/../lib/gcc/arm-none-eabi/10.3.1/thumb/v7-m/nofp/crti.o
                0x08004de4                _fini
 .fini          0x08004de8        0x8 d:/clion/gcc-arm-none-eabi-10.3-2021.10/bin/../lib/gcc/arm-none-eabi/10.3.1/thumb/v7-m/nofp/crtn.o
                0x08004df0                . = ALIGN (0x4)
                0x08004df0                _etext = .

.vfp11_veneer   0x08004df0        0x0
 .vfp11_veneer  0x08004df0        0x0 linker stubs

.v4_bx          0x08004df0        0x0
 .v4_bx         0x08004df0        0x0 linker stubs

.iplt           0x08004df0        0x0
 .iplt          0x08004df0        0x0 d:/clion/gcc-arm-none-eabi-10.3-2021.10/bin/../lib/gcc/arm-none-eabi/10.3.1/thumb/v7-m/nofp/crtbegin.o

.rodata         0x08004df0       0xcc
                0x08004df0                . = ALIGN (0x4)
 *(.rodata)
 *(.rodata*)
 .rodata.AHBPrescTable
                0x08004df0       0x10 CMakeFiles/ISD2190.elf.dir/Core/Src/system_stm32l1xx.c.obj
                0x08004df0                AHBPrescTable
 .rodata.APBPrescTable
                0x08004e00        0x8 CMakeFiles/ISD2190.elf.dir/Core/Src/system_stm32l1xx.c.obj
                0x08004e00                APBPrescTable
 .rodata.PLLMulTable
                0x08004e08        0x9 CMakeFiles/ISD2190.elf.dir/Core/Src/system_stm32l1xx.c.obj
                0x08004e08                PLLMulTable
 *fill*         0x08004e11        0x3 
 .rodata.tempRes_buf
                0x08004e14       0xa2 CMakeFiles/ISD2190.elf.dir/User/temp.c.obj
 *fill*         0x08004eb6        0x2 
 .rodata._global_impure_ptr
                0x08004eb8        0x4 d:/clion/gcc-arm-none-eabi-10.3-2021.10/bin/../lib/gcc/arm-none-eabi/10.3.1/../../../../arm-none-eabi/lib/thumb/v7-m/nofp\libg.a(lib_a-impure.o)
                0x08004eb8                _global_impure_ptr
                0x08004ebc                . = ALIGN (0x4)

.ARM.extab      0x08004ebc        0x0
                0x08004ebc                . = ALIGN (0x4)
 *(.ARM.extab* .gnu.linkonce.armextab.*)
                0x08004ebc                . = ALIGN (0x4)

.ARM            0x08004ebc        0x8
                0x08004ebc                . = ALIGN (0x4)
                0x08004ebc                __exidx_start = .
 *(.ARM.exidx*)
 .ARM.exidx     0x08004ebc        0x8 d:/clion/gcc-arm-none-eabi-10.3-2021.10/bin/../lib/gcc/arm-none-eabi/10.3.1/thumb/v7-m/nofp\libgcc.a(_udivmoddi4.o)
                0x08004ec4                __exidx_end = .
                0x08004ec4                . = ALIGN (0x4)

.rel.dyn        0x08004ec4        0x0
 .rel.iplt      0x08004ec4        0x0 d:/clion/gcc-arm-none-eabi-10.3-2021.10/bin/../lib/gcc/arm-none-eabi/10.3.1/thumb/v7-m/nofp/crtbegin.o

.preinit_array  0x08004ec4        0x0
                0x08004ec4                . = ALIGN (0x4)
                0x08004ec4                PROVIDE (__preinit_array_start = .)
 *(.preinit_array*)
                0x08004ec4                PROVIDE (__preinit_array_end = .)
                0x08004ec4                . = ALIGN (0x4)

.init_array     0x08004ec4        0x8
                0x08004ec4                . = ALIGN (0x4)
                0x08004ec4                PROVIDE (__init_array_start = .)
 *(SORT_BY_NAME(.init_array.*))
 .init_array.00000
                0x08004ec4        0x4 d:/clion/gcc-arm-none-eabi-10.3-2021.10/bin/../lib/gcc/arm-none-eabi/10.3.1/../../../../arm-none-eabi/lib/thumb/v7-m/nofp\libg.a(lib_a-__call_atexit.o)
 *(.init_array*)
 .init_array    0x08004ec8        0x4 d:/clion/gcc-arm-none-eabi-10.3-2021.10/bin/../lib/gcc/arm-none-eabi/10.3.1/thumb/v7-m/nofp/crtbegin.o
                0x08004ecc                PROVIDE (__init_array_end = .)
                0x08004ecc                . = ALIGN (0x4)

.fini_array     0x08004ecc        0x4
                0x08004ecc                . = ALIGN (0x4)
                0x08004ecc                PROVIDE (__fini_array_start = .)
 *(SORT_BY_NAME(.fini_array.*))
 *(.fini_array*)
 .fini_array    0x08004ecc        0x4 d:/clion/gcc-arm-none-eabi-10.3-2021.10/bin/../lib/gcc/arm-none-eabi/10.3.1/thumb/v7-m/nofp/crtbegin.o
                0x08004ed0                PROVIDE (__fini_array_end = .)
                0x08004ed0                . = ALIGN (0x4)
                0x08004ed0                _sidata = LOADADDR (.data)

.data           0x20000000      0x44c load address 0x08004ed0
                0x20000000                . = ALIGN (0x4)
                0x20000000                _sdata = .
 *(.data)
 *(.data*)
 .data.SystemCoreClock
                0x20000000        0x4 CMakeFiles/ISD2190.elf.dir/Core/Src/system_stm32l1xx.c.obj
                0x20000000                SystemCoreClock
 .data.uwTickFreq
                0x20000004        0x4 CMakeFiles/ISD2190.elf.dir/Drivers/STM32L1xx_HAL_Driver/Src/stm32l1xx_hal.c.obj
                0x20000004                uwTickFreq
 .data.uwTickPrio
                0x20000008        0x4 CMakeFiles/ISD2190.elf.dir/Drivers/STM32L1xx_HAL_Driver/Src/stm32l1xx_hal.c.obj
                0x20000008                uwTickPrio
 .data.VM_Init_Cmd
                0x2000000c        0x7 CMakeFiles/ISD2190.elf.dir/User/VMxx.c.obj
                0x2000000c                VM_Init_Cmd
 *fill*         0x20000013        0x1 
 .data.VM_Scan_Cmd
                0x20000014        0x5 CMakeFiles/ISD2190.elf.dir/User/VMxx.c.obj
                0x20000014                VM_Scan_Cmd
 *fill*         0x20000019        0x7 
 .data.impure_data
                0x20000020      0x428 d:/clion/gcc-arm-none-eabi-10.3-2021.10/bin/../lib/gcc/arm-none-eabi/10.3.1/../../../../arm-none-eabi/lib/thumb/v7-m/nofp\libg.a(lib_a-impure.o)
 .data.__atexit_recursive_mutex
                0x20000448        0x4 d:/clion/gcc-arm-none-eabi-10.3-2021.10/bin/../lib/gcc/arm-none-eabi/10.3.1/../../../../arm-none-eabi/lib/thumb/v7-m/nofp\libg.a(lib_a-__call_atexit.o)
                0x20000448                __atexit_recursive_mutex
 *(.RamFunc)
 *(.RamFunc*)
                0x2000044c                . = ALIGN (0x4)
                0x2000044c                _edata = .

.igot.plt       0x2000044c        0x0 load address 0x0800531c
 .igot.plt      0x2000044c        0x0 d:/clion/gcc-arm-none-eabi-10.3-2021.10/bin/../lib/gcc/arm-none-eabi/10.3.1/thumb/v7-m/nofp/crtbegin.o
                0x2000044c                . = ALIGN (0x4)

.bss            0x2000044c      0xa60 load address 0x0800531c
                0x2000044c                _sbss = .
                0x2000044c                __bss_start__ = _sbss
 *(.bss)
 .bss           0x2000044c       0x1c d:/clion/gcc-arm-none-eabi-10.3-2021.10/bin/../lib/gcc/arm-none-eabi/10.3.1/thumb/v7-m/nofp/crtbegin.o
 *(.bss*)
 .bss.hadc      0x20000468       0x54 CMakeFiles/ISD2190.elf.dir/Core/Src/adc.c.obj
                0x20000468                hadc
 .bss.hdma_adc  0x200004bc       0x44 CMakeFiles/ISD2190.elf.dir/Core/Src/adc.c.obj
                0x200004bc                hdma_adc
 .bss.ADC_Busy  0x20000500        0x1 CMakeFiles/ISD2190.elf.dir/Core/Src/main.c.obj
                0x20000500                ADC_Busy
 *fill*         0x20000501        0x3 
 .bss.ADC_Value
                0x20000504       0x20 CMakeFiles/ISD2190.elf.dir/Core/Src/main.c.obj
                0x20000504                ADC_Value
 .bss.BleBuf    0x20000524       0xff CMakeFiles/ISD2190.elf.dir/Core/Src/main.c.obj
                0x20000524                BleBuf
 .bss.Scan_Start
                0x20000623        0x1 CMakeFiles/ISD2190.elf.dir/Core/Src/main.c.obj
                0x20000623                Scan_Start
 .bss.Sensor    0x20000624      0x4e0 CMakeFiles/ISD2190.elf.dir/Core/Src/main.c.obj
                0x20000624                Sensor
 .bss.Temp_Value
                0x20000b04       0x20 CMakeFiles/ISD2190.elf.dir/Core/Src/main.c.obj
                0x20000b04                Temp_Value
 .bss.VM_Busy   0x20000b24        0x1 CMakeFiles/ISD2190.elf.dir/Core/Src/main.c.obj
                0x20000b24                VM_Busy
 .bss.VM_ERR    0x20000b25        0x1 CMakeFiles/ISD2190.elf.dir/Core/Src/main.c.obj
                0x20000b25                VM_ERR
 .bss.VM_init   0x20000b26        0x1 CMakeFiles/ISD2190.elf.dir/Core/Src/main.c.obj
                0x20000b26                VM_init
 .bss.ble_flag  0x20000b27        0x1 CMakeFiles/ISD2190.elf.dir/Core/Src/main.c.obj
                0x20000b27                ble_flag
 .bss.receiving
                0x20000b28        0x1 CMakeFiles/ISD2190.elf.dir/Core/Src/main.c.obj
                0x20000b28                receiving
 .bss.restart   0x20000b29        0x1 CMakeFiles/ISD2190.elf.dir/Core/Src/main.c.obj
                0x20000b29                restart
 *fill*         0x20000b2a        0x2 
 .bss.rx_buffer
                0x20000b2c       0xff CMakeFiles/ISD2190.elf.dir/Core/Src/main.c.obj
                0x20000b2c                rx_buffer
 .bss.rx_check  0x20000c2b        0x1 CMakeFiles/ISD2190.elf.dir/Core/Src/main.c.obj
                0x20000c2b                rx_check
 .bss.rx_index  0x20000c2c        0x1 CMakeFiles/ISD2190.elf.dir/Core/Src/main.c.obj
                0x20000c2c                rx_index
 .bss.rx_len    0x20000c2d        0x1 CMakeFiles/ISD2190.elf.dir/Core/Src/main.c.obj
                0x20000c2d                rx_len
 .bss.rxdata    0x20000c2e        0x1 CMakeFiles/ISD2190.elf.dir/Core/Src/main.c.obj
                0x20000c2e                rxdata
 *fill*         0x20000c2f        0x1 
 .bss.htim2     0x20000c30       0x40 CMakeFiles/ISD2190.elf.dir/Core/Src/tim.c.obj
                0x20000c30                htim2
 .bss.htim3     0x20000c70       0x40 CMakeFiles/ISD2190.elf.dir/Core/Src/tim.c.obj
                0x20000c70                htim3
 .bss.huart2    0x20000cb0       0x48 CMakeFiles/ISD2190.elf.dir/Core/Src/usart.c.obj
                0x20000cb0                huart2
 .bss.huart3    0x20000cf8       0x48 CMakeFiles/ISD2190.elf.dir/Core/Src/usart.c.obj
                0x20000cf8                huart3
 .bss.huart5    0x20000d40       0x48 CMakeFiles/ISD2190.elf.dir/Core/Src/usart.c.obj
                0x20000d40                huart5
 .bss.uwTick    0x20000d88        0x4 CMakeFiles/ISD2190.elf.dir/Drivers/STM32L1xx_HAL_Driver/Src/stm32l1xx_hal.c.obj
                0x20000d88                uwTick
 .bss.pFlash    0x20000d8c       0x18 CMakeFiles/ISD2190.elf.dir/Drivers/STM32L1xx_HAL_Driver/Src/stm32l1xx_hal_flash.c.obj
                0x20000d8c                pFlash
 .bss.lastbuf   0x20000da4        0x1 CMakeFiles/ISD2190.elf.dir/User/CollectData.c.obj
                0x20000da4                lastbuf
 *fill*         0x20000da5        0x3 
 .bss.tx_buffer
                0x20000da8       0xff CMakeFiles/ISD2190.elf.dir/User/bt4531.c.obj
                0x20000da8                tx_buffer
 *fill*         0x20000ea7        0x1 
 .bss.__lock___atexit_recursive_mutex
                0x20000ea8        0x1 d:/clion/gcc-arm-none-eabi-10.3-2021.10/bin/../lib/gcc/arm-none-eabi/10.3.1/../../../../arm-none-eabi/lib/thumb/v7-m/nofp\libg.a(lib_a-lock.o)
                0x20000ea8                __lock___atexit_recursive_mutex
 *(COMMON)
                0x20000eac                . = ALIGN (0x4)
 *fill*         0x20000ea9        0x3 
                0x20000eac                _ebss = .
                0x20000eac                __bss_end__ = _ebss

._user_heap_stack
                0x20000eac      0x604 load address 0x0800531c
                0x20000eb0                . = ALIGN (0x8)
 *fill*         0x20000eac        0x4 
                [!provide]                PROVIDE (end = .)
                0x20000eb0                PROVIDE (_end = .)
                0x200010b0                . = (. + _Min_Heap_Size)
 *fill*         0x20000eb0      0x200 
                0x200014b0                . = (. + _Min_Stack_Size)
 *fill*         0x200010b0      0x400 
                0x200014b0                . = ALIGN (0x8)

/DISCARD/
 libc.a(*)
 libm.a(*)
 libgcc.a(*)

.ARM.attributes
                0x00000000       0x29
 *(.ARM.attributes)
 .ARM.attributes
                0x00000000       0x1d d:/clion/gcc-arm-none-eabi-10.3-2021.10/bin/../lib/gcc/arm-none-eabi/10.3.1/thumb/v7-m/nofp/crti.o
 .ARM.attributes
                0x0000001d       0x2d d:/clion/gcc-arm-none-eabi-10.3-2021.10/bin/../lib/gcc/arm-none-eabi/10.3.1/thumb/v7-m/nofp/crtbegin.o
 .ARM.attributes
                0x0000004a       0x2d CMakeFiles/ISD2190.elf.dir/Core/Src/adc.c.obj
 .ARM.attributes
                0x00000077       0x2d CMakeFiles/ISD2190.elf.dir/Core/Src/dma.c.obj
 .ARM.attributes
                0x000000a4       0x2d CMakeFiles/ISD2190.elf.dir/Core/Src/gpio.c.obj
 .ARM.attributes
                0x000000d1       0x2d CMakeFiles/ISD2190.elf.dir/Core/Src/main.c.obj
 .ARM.attributes
                0x000000fe       0x2d CMakeFiles/ISD2190.elf.dir/Core/Src/stm32l1xx_hal_msp.c.obj
 .ARM.attributes
                0x0000012b       0x2d CMakeFiles/ISD2190.elf.dir/Core/Src/stm32l1xx_it.c.obj
 .ARM.attributes
                0x00000158       0x2d CMakeFiles/ISD2190.elf.dir/Core/Src/system_stm32l1xx.c.obj
 .ARM.attributes
                0x00000185       0x2d CMakeFiles/ISD2190.elf.dir/Core/Src/tim.c.obj
 .ARM.attributes
                0x000001b2       0x2d CMakeFiles/ISD2190.elf.dir/Core/Src/usart.c.obj
 .ARM.attributes
                0x000001df       0x21 CMakeFiles/ISD2190.elf.dir/Core/Startup/startup_stm32l151rdtx.s.obj
 .ARM.attributes
                0x00000200       0x2d CMakeFiles/ISD2190.elf.dir/Drivers/STM32L1xx_HAL_Driver/Src/stm32l1xx_hal.c.obj
 .ARM.attributes
                0x0000022d       0x2d CMakeFiles/ISD2190.elf.dir/Drivers/STM32L1xx_HAL_Driver/Src/stm32l1xx_hal_adc.c.obj
 .ARM.attributes
                0x0000025a       0x2d CMakeFiles/ISD2190.elf.dir/Drivers/STM32L1xx_HAL_Driver/Src/stm32l1xx_hal_cortex.c.obj
 .ARM.attributes
                0x00000287       0x2d CMakeFiles/ISD2190.elf.dir/Drivers/STM32L1xx_HAL_Driver/Src/stm32l1xx_hal_dma.c.obj
 .ARM.attributes
                0x000002b4       0x2d CMakeFiles/ISD2190.elf.dir/Drivers/STM32L1xx_HAL_Driver/Src/stm32l1xx_hal_flash.c.obj
 .ARM.attributes
                0x000002e1       0x2d CMakeFiles/ISD2190.elf.dir/Drivers/STM32L1xx_HAL_Driver/Src/stm32l1xx_hal_flash_ex.c.obj
 .ARM.attributes
                0x0000030e       0x2d CMakeFiles/ISD2190.elf.dir/Drivers/STM32L1xx_HAL_Driver/Src/stm32l1xx_hal_gpio.c.obj
 .ARM.attributes
                0x0000033b       0x2d CMakeFiles/ISD2190.elf.dir/Drivers/STM32L1xx_HAL_Driver/Src/stm32l1xx_hal_rcc.c.obj
 .ARM.attributes
                0x00000368       0x2d CMakeFiles/ISD2190.elf.dir/Drivers/STM32L1xx_HAL_Driver/Src/stm32l1xx_hal_tim.c.obj
 .ARM.attributes
                0x00000395       0x2d CMakeFiles/ISD2190.elf.dir/Drivers/STM32L1xx_HAL_Driver/Src/stm32l1xx_hal_tim_ex.c.obj
 .ARM.attributes
                0x000003c2       0x2d CMakeFiles/ISD2190.elf.dir/Drivers/STM32L1xx_HAL_Driver/Src/stm32l1xx_hal_uart.c.obj
 .ARM.attributes
                0x000003ef       0x2d CMakeFiles/ISD2190.elf.dir/User/CollectData.c.obj
 .ARM.attributes
                0x0000041c       0x2d CMakeFiles/ISD2190.elf.dir/User/VMxx.c.obj
 .ARM.attributes
                0x00000449       0x2d CMakeFiles/ISD2190.elf.dir/User/bt4531.c.obj
 .ARM.attributes
                0x00000476       0x2d CMakeFiles/ISD2190.elf.dir/User/flash.c.obj
 .ARM.attributes
                0x000004a3       0x2d CMakeFiles/ISD2190.elf.dir/User/hardware.c.obj
 .ARM.attributes
                0x000004d0       0x2d CMakeFiles/ISD2190.elf.dir/User/temp.c.obj
 .ARM.attributes
                0x000004fd       0x1d d:/clion/gcc-arm-none-eabi-10.3-2021.10/bin/../lib/gcc/arm-none-eabi/10.3.1/thumb/v7-m/nofp\libgcc.a(_arm_addsubdf3.o)
 .ARM.attributes
                0x0000051a       0x1d d:/clion/gcc-arm-none-eabi-10.3-2021.10/bin/../lib/gcc/arm-none-eabi/10.3.1/thumb/v7-m/nofp\libgcc.a(_arm_muldivdf3.o)
 .ARM.attributes
                0x00000537       0x1d d:/clion/gcc-arm-none-eabi-10.3-2021.10/bin/../lib/gcc/arm-none-eabi/10.3.1/thumb/v7-m/nofp\libgcc.a(_arm_fixunsdfsi.o)
 .ARM.attributes
                0x00000554       0x1d d:/clion/gcc-arm-none-eabi-10.3-2021.10/bin/../lib/gcc/arm-none-eabi/10.3.1/thumb/v7-m/nofp\libgcc.a(_aeabi_uldivmod.o)
 .ARM.attributes
                0x00000571       0x2d d:/clion/gcc-arm-none-eabi-10.3-2021.10/bin/../lib/gcc/arm-none-eabi/10.3.1/thumb/v7-m/nofp\libgcc.a(_udivmoddi4.o)
 .ARM.attributes
                0x0000059e       0x1d d:/clion/gcc-arm-none-eabi-10.3-2021.10/bin/../lib/gcc/arm-none-eabi/10.3.1/thumb/v7-m/nofp\libgcc.a(_dvmd_tls.o)
 .ARM.attributes
                0x000005bb       0x2d d:/clion/gcc-arm-none-eabi-10.3-2021.10/bin/../lib/gcc/arm-none-eabi/10.3.1/../../../../arm-none-eabi/lib/thumb/v7-m/nofp\libg.a(lib_a-impure.o)
 .ARM.attributes
                0x000005e8       0x2d d:/clion/gcc-arm-none-eabi-10.3-2021.10/bin/../lib/gcc/arm-none-eabi/10.3.1/../../../../arm-none-eabi/lib/thumb/v7-m/nofp\libg.a(lib_a-init.o)
 .ARM.attributes
                0x00000615       0x1b d:/clion/gcc-arm-none-eabi-10.3-2021.10/bin/../lib/gcc/arm-none-eabi/10.3.1/../../../../arm-none-eabi/lib/thumb/v7-m/nofp\libg.a(lib_a-memcpy.o)
 .ARM.attributes
                0x00000630       0x2d d:/clion/gcc-arm-none-eabi-10.3-2021.10/bin/../lib/gcc/arm-none-eabi/10.3.1/../../../../arm-none-eabi/lib/thumb/v7-m/nofp\libg.a(lib_a-memset.o)
 .ARM.attributes
                0x0000065d       0x2d d:/clion/gcc-arm-none-eabi-10.3-2021.10/bin/../lib/gcc/arm-none-eabi/10.3.1/../../../../arm-none-eabi/lib/thumb/v7-m/nofp\libg.a(lib_a-__call_atexit.o)
 .ARM.attributes
                0x0000068a       0x2d d:/clion/gcc-arm-none-eabi-10.3-2021.10/bin/../lib/gcc/arm-none-eabi/10.3.1/../../../../arm-none-eabi/lib/thumb/v7-m/nofp\libg.a(lib_a-atexit.o)
 .ARM.attributes
                0x000006b7       0x2d d:/clion/gcc-arm-none-eabi-10.3-2021.10/bin/../lib/gcc/arm-none-eabi/10.3.1/../../../../arm-none-eabi/lib/thumb/v7-m/nofp\libg.a(lib_a-fini.o)
 .ARM.attributes
                0x000006e4       0x2d d:/clion/gcc-arm-none-eabi-10.3-2021.10/bin/../lib/gcc/arm-none-eabi/10.3.1/../../../../arm-none-eabi/lib/thumb/v7-m/nofp\libg.a(lib_a-lock.o)
 .ARM.attributes
                0x00000711       0x2d d:/clion/gcc-arm-none-eabi-10.3-2021.10/bin/../lib/gcc/arm-none-eabi/10.3.1/../../../../arm-none-eabi/lib/thumb/v7-m/nofp\libg.a(lib_a-__atexit.o)
 .ARM.attributes
                0x0000073e       0x1d d:/clion/gcc-arm-none-eabi-10.3-2021.10/bin/../lib/gcc/arm-none-eabi/10.3.1/thumb/v7-m/nofp/crtn.o
OUTPUT(ISD2190.elf elf32-littlearm)
LOAD linker stubs
LOAD d:/clion/gcc-arm-none-eabi-10.3-2021.10/bin/../lib/gcc/arm-none-eabi/10.3.1/../../../../arm-none-eabi/lib/thumb/v7-m/nofp\libc.a
LOAD d:/clion/gcc-arm-none-eabi-10.3-2021.10/bin/../lib/gcc/arm-none-eabi/10.3.1/../../../../arm-none-eabi/lib/thumb/v7-m/nofp\libm.a
LOAD d:/clion/gcc-arm-none-eabi-10.3-2021.10/bin/../lib/gcc/arm-none-eabi/10.3.1/thumb/v7-m/nofp\libgcc.a

.debug_info     0x00000000    0x160dc
 .debug_info    0x00000000      0xcdd CMakeFiles/ISD2190.elf.dir/Core/Src/adc.c.obj
 .debug_info    0x00000cdd      0x37b CMakeFiles/ISD2190.elf.dir/Core/Src/dma.c.obj
 .debug_info    0x00001058      0x3f3 CMakeFiles/ISD2190.elf.dir/Core/Src/gpio.c.obj
 .debug_info    0x0000144b      0xfc7 CMakeFiles/ISD2190.elf.dir/Core/Src/main.c.obj
 .debug_info    0x00002412      0x1d8 CMakeFiles/ISD2190.elf.dir/Core/Src/stm32l1xx_hal_msp.c.obj
 .debug_info    0x000025ea      0xa6e CMakeFiles/ISD2190.elf.dir/Core/Src/stm32l1xx_it.c.obj
 .debug_info    0x00003058      0x2bc CMakeFiles/ISD2190.elf.dir/Core/Src/system_stm32l1xx.c.obj
 .debug_info    0x00003314      0xbdd CMakeFiles/ISD2190.elf.dir/Core/Src/tim.c.obj
 .debug_info    0x00003ef1      0xd9d CMakeFiles/ISD2190.elf.dir/Core/Src/usart.c.obj
 .debug_info    0x00004c8e       0x22 CMakeFiles/ISD2190.elf.dir/Core/Startup/startup_stm32l151rdtx.s.obj
 .debug_info    0x00004cb0      0x7a3 CMakeFiles/ISD2190.elf.dir/Drivers/STM32L1xx_HAL_Driver/Src/stm32l1xx_hal.c.obj
 .debug_info    0x00005453     0x11a1 CMakeFiles/ISD2190.elf.dir/Drivers/STM32L1xx_HAL_Driver/Src/stm32l1xx_hal_adc.c.obj
 .debug_info    0x000065f4     0x1003 CMakeFiles/ISD2190.elf.dir/Drivers/STM32L1xx_HAL_Driver/Src/stm32l1xx_hal_cortex.c.obj
 .debug_info    0x000075f7      0x83b CMakeFiles/ISD2190.elf.dir/Drivers/STM32L1xx_HAL_Driver/Src/stm32l1xx_hal_dma.c.obj
 .debug_info    0x00007e32      0x55d CMakeFiles/ISD2190.elf.dir/Drivers/STM32L1xx_HAL_Driver/Src/stm32l1xx_hal_flash.c.obj
 .debug_info    0x0000838f     0x1153 CMakeFiles/ISD2190.elf.dir/Drivers/STM32L1xx_HAL_Driver/Src/stm32l1xx_hal_flash_ex.c.obj
 .debug_info    0x000094e2      0x671 CMakeFiles/ISD2190.elf.dir/Drivers/STM32L1xx_HAL_Driver/Src/stm32l1xx_hal_gpio.c.obj
 .debug_info    0x00009b53      0xc16 CMakeFiles/ISD2190.elf.dir/Drivers/STM32L1xx_HAL_Driver/Src/stm32l1xx_hal_rcc.c.obj
 .debug_info    0x0000a769     0x3b58 CMakeFiles/ISD2190.elf.dir/Drivers/STM32L1xx_HAL_Driver/Src/stm32l1xx_hal_tim.c.obj
 .debug_info    0x0000e2c1      0x6fe CMakeFiles/ISD2190.elf.dir/Drivers/STM32L1xx_HAL_Driver/Src/stm32l1xx_hal_tim_ex.c.obj
 .debug_info    0x0000e9bf     0x4211 CMakeFiles/ISD2190.elf.dir/Drivers/STM32L1xx_HAL_Driver/Src/stm32l1xx_hal_uart.c.obj
 .debug_info    0x00012bd0     0x119a CMakeFiles/ISD2190.elf.dir/User/CollectData.c.obj
 .debug_info    0x00013d6a      0x643 CMakeFiles/ISD2190.elf.dir/User/VMxx.c.obj
 .debug_info    0x000143ad      0xdf8 CMakeFiles/ISD2190.elf.dir/User/bt4531.c.obj
 .debug_info    0x000151a5      0x307 CMakeFiles/ISD2190.elf.dir/User/flash.c.obj
 .debug_info    0x000154ac      0xa12 CMakeFiles/ISD2190.elf.dir/User/hardware.c.obj
 .debug_info    0x00015ebe      0x21e CMakeFiles/ISD2190.elf.dir/User/temp.c.obj

.debug_abbrev   0x00000000     0x31fc
 .debug_abbrev  0x00000000      0x20b CMakeFiles/ISD2190.elf.dir/Core/Src/adc.c.obj
 .debug_abbrev  0x0000020b      0x114 CMakeFiles/ISD2190.elf.dir/Core/Src/dma.c.obj
 .debug_abbrev  0x0000031f      0x14e CMakeFiles/ISD2190.elf.dir/Core/Src/gpio.c.obj
 .debug_abbrev  0x0000046d      0x20c CMakeFiles/ISD2190.elf.dir/Core/Src/main.c.obj
 .debug_abbrev  0x00000679       0xbf CMakeFiles/ISD2190.elf.dir/Core/Src/stm32l1xx_hal_msp.c.obj
 .debug_abbrev  0x00000738      0x19c CMakeFiles/ISD2190.elf.dir/Core/Src/stm32l1xx_it.c.obj
 .debug_abbrev  0x000008d4      0x119 CMakeFiles/ISD2190.elf.dir/Core/Src/system_stm32l1xx.c.obj
 .debug_abbrev  0x000009ed      0x1de CMakeFiles/ISD2190.elf.dir/Core/Src/tim.c.obj
 .debug_abbrev  0x00000bcb      0x215 CMakeFiles/ISD2190.elf.dir/Core/Src/usart.c.obj
 .debug_abbrev  0x00000de0       0x12 CMakeFiles/ISD2190.elf.dir/Core/Startup/startup_stm32l151rdtx.s.obj
 .debug_abbrev  0x00000df2      0x24c CMakeFiles/ISD2190.elf.dir/Drivers/STM32L1xx_HAL_Driver/Src/stm32l1xx_hal.c.obj
 .debug_abbrev  0x0000103e      0x293 CMakeFiles/ISD2190.elf.dir/Drivers/STM32L1xx_HAL_Driver/Src/stm32l1xx_hal_adc.c.obj
 .debug_abbrev  0x000012d1      0x36a CMakeFiles/ISD2190.elf.dir/Drivers/STM32L1xx_HAL_Driver/Src/stm32l1xx_hal_cortex.c.obj
 .debug_abbrev  0x0000163b      0x21a CMakeFiles/ISD2190.elf.dir/Drivers/STM32L1xx_HAL_Driver/Src/stm32l1xx_hal_dma.c.obj
 .debug_abbrev  0x00001855      0x236 CMakeFiles/ISD2190.elf.dir/Drivers/STM32L1xx_HAL_Driver/Src/stm32l1xx_hal_flash.c.obj
 .debug_abbrev  0x00001a8b      0x299 CMakeFiles/ISD2190.elf.dir/Drivers/STM32L1xx_HAL_Driver/Src/stm32l1xx_hal_flash_ex.c.obj
 .debug_abbrev  0x00001d24      0x1ef CMakeFiles/ISD2190.elf.dir/Drivers/STM32L1xx_HAL_Driver/Src/stm32l1xx_hal_gpio.c.obj
 .debug_abbrev  0x00001f13      0x2a8 CMakeFiles/ISD2190.elf.dir/Drivers/STM32L1xx_HAL_Driver/Src/stm32l1xx_hal_rcc.c.obj
 .debug_abbrev  0x000021bb      0x232 CMakeFiles/ISD2190.elf.dir/Drivers/STM32L1xx_HAL_Driver/Src/stm32l1xx_hal_tim.c.obj
 .debug_abbrev  0x000023ed      0x170 CMakeFiles/ISD2190.elf.dir/Drivers/STM32L1xx_HAL_Driver/Src/stm32l1xx_hal_tim_ex.c.obj
 .debug_abbrev  0x0000255d      0x2dd CMakeFiles/ISD2190.elf.dir/Drivers/STM32L1xx_HAL_Driver/Src/stm32l1xx_hal_uart.c.obj
 .debug_abbrev  0x0000283a      0x228 CMakeFiles/ISD2190.elf.dir/User/CollectData.c.obj
 .debug_abbrev  0x00002a62      0x170 CMakeFiles/ISD2190.elf.dir/User/VMxx.c.obj
 .debug_abbrev  0x00002bd2      0x2c7 CMakeFiles/ISD2190.elf.dir/User/bt4531.c.obj
 .debug_abbrev  0x00002e99      0x18d CMakeFiles/ISD2190.elf.dir/User/flash.c.obj
 .debug_abbrev  0x00003026       0xe2 CMakeFiles/ISD2190.elf.dir/User/hardware.c.obj
 .debug_abbrev  0x00003108       0xf4 CMakeFiles/ISD2190.elf.dir/User/temp.c.obj

.debug_loc      0x00000000     0xe70e
 .debug_loc     0x00000000       0x71 CMakeFiles/ISD2190.elf.dir/Core/Src/adc.c.obj
 .debug_loc     0x00000071      0x1d6 CMakeFiles/ISD2190.elf.dir/Core/Src/system_stm32l1xx.c.obj
 .debug_loc     0x00000247       0xbe CMakeFiles/ISD2190.elf.dir/Core/Src/tim.c.obj
 .debug_loc     0x00000305      0x11b CMakeFiles/ISD2190.elf.dir/Core/Src/usart.c.obj
 .debug_loc     0x00000420      0x1cd CMakeFiles/ISD2190.elf.dir/Drivers/STM32L1xx_HAL_Driver/Src/stm32l1xx_hal.c.obj
 .debug_loc     0x000005ed      0xa62 CMakeFiles/ISD2190.elf.dir/Drivers/STM32L1xx_HAL_Driver/Src/stm32l1xx_hal_adc.c.obj
 .debug_loc     0x0000104f      0x744 CMakeFiles/ISD2190.elf.dir/Drivers/STM32L1xx_HAL_Driver/Src/stm32l1xx_hal_cortex.c.obj
 .debug_loc     0x00001793      0x7cf CMakeFiles/ISD2190.elf.dir/Drivers/STM32L1xx_HAL_Driver/Src/stm32l1xx_hal_dma.c.obj
 .debug_loc     0x00001f62      0x272 CMakeFiles/ISD2190.elf.dir/Drivers/STM32L1xx_HAL_Driver/Src/stm32l1xx_hal_flash.c.obj
 .debug_loc     0x000021d4     0x1155 CMakeFiles/ISD2190.elf.dir/Drivers/STM32L1xx_HAL_Driver/Src/stm32l1xx_hal_flash_ex.c.obj
 .debug_loc     0x00003329      0x41a CMakeFiles/ISD2190.elf.dir/Drivers/STM32L1xx_HAL_Driver/Src/stm32l1xx_hal_gpio.c.obj
 .debug_loc     0x00003743      0x6f8 CMakeFiles/ISD2190.elf.dir/Drivers/STM32L1xx_HAL_Driver/Src/stm32l1xx_hal_rcc.c.obj
 .debug_loc     0x00003e3b     0x4984 CMakeFiles/ISD2190.elf.dir/Drivers/STM32L1xx_HAL_Driver/Src/stm32l1xx_hal_tim.c.obj
 .debug_loc     0x000087bf       0xc8 CMakeFiles/ISD2190.elf.dir/Drivers/STM32L1xx_HAL_Driver/Src/stm32l1xx_hal_tim_ex.c.obj
 .debug_loc     0x00008887     0x487b CMakeFiles/ISD2190.elf.dir/Drivers/STM32L1xx_HAL_Driver/Src/stm32l1xx_hal_uart.c.obj
 .debug_loc     0x0000d102      0x210 CMakeFiles/ISD2190.elf.dir/User/CollectData.c.obj
 .debug_loc     0x0000d312      0x8d0 CMakeFiles/ISD2190.elf.dir/User/bt4531.c.obj
 .debug_loc     0x0000dbe2      0x125 CMakeFiles/ISD2190.elf.dir/User/flash.c.obj
 .debug_loc     0x0000dd07      0x8a1 CMakeFiles/ISD2190.elf.dir/User/hardware.c.obj
 .debug_loc     0x0000e5a8      0x166 CMakeFiles/ISD2190.elf.dir/User/temp.c.obj

.debug_aranges  0x00000000      0xed0
 .debug_aranges
                0x00000000       0x30 CMakeFiles/ISD2190.elf.dir/Core/Src/adc.c.obj
 .debug_aranges
                0x00000030       0x20 CMakeFiles/ISD2190.elf.dir/Core/Src/dma.c.obj
 .debug_aranges
                0x00000050       0x20 CMakeFiles/ISD2190.elf.dir/Core/Src/gpio.c.obj
 .debug_aranges
                0x00000070       0x30 CMakeFiles/ISD2190.elf.dir/Core/Src/main.c.obj
 .debug_aranges
                0x000000a0       0x20 CMakeFiles/ISD2190.elf.dir/Core/Src/stm32l1xx_hal_msp.c.obj
 .debug_aranges
                0x000000c0       0x90 CMakeFiles/ISD2190.elf.dir/Core/Src/stm32l1xx_it.c.obj
 .debug_aranges
                0x00000150       0x28 CMakeFiles/ISD2190.elf.dir/Core/Src/system_stm32l1xx.c.obj
 .debug_aranges
                0x00000178       0x38 CMakeFiles/ISD2190.elf.dir/Core/Src/tim.c.obj
 .debug_aranges
                0x000001b0       0x48 CMakeFiles/ISD2190.elf.dir/Core/Src/usart.c.obj
 .debug_aranges
                0x000001f8       0x28 CMakeFiles/ISD2190.elf.dir/Core/Startup/startup_stm32l151rdtx.s.obj
 .debug_aranges
                0x00000220       0xe0 CMakeFiles/ISD2190.elf.dir/Drivers/STM32L1xx_HAL_Driver/Src/stm32l1xx_hal.c.obj
 .debug_aranges
                0x00000300       0xf0 CMakeFiles/ISD2190.elf.dir/Drivers/STM32L1xx_HAL_Driver/Src/stm32l1xx_hal_adc.c.obj
 .debug_aranges
                0x000003f0       0xa8 CMakeFiles/ISD2190.elf.dir/Drivers/STM32L1xx_HAL_Driver/Src/stm32l1xx_hal_cortex.c.obj
 .debug_aranges
                0x00000498       0x80 CMakeFiles/ISD2190.elf.dir/Drivers/STM32L1xx_HAL_Driver/Src/stm32l1xx_hal_dma.c.obj
 .debug_aranges
                0x00000518       0x80 CMakeFiles/ISD2190.elf.dir/Drivers/STM32L1xx_HAL_Driver/Src/stm32l1xx_hal_flash.c.obj
 .debug_aranges
                0x00000598      0x108 CMakeFiles/ISD2190.elf.dir/Drivers/STM32L1xx_HAL_Driver/Src/stm32l1xx_hal_flash_ex.c.obj
 .debug_aranges
                0x000006a0       0x58 CMakeFiles/ISD2190.elf.dir/Drivers/STM32L1xx_HAL_Driver/Src/stm32l1xx_hal_gpio.c.obj
 .debug_aranges
                0x000006f8       0x90 CMakeFiles/ISD2190.elf.dir/Drivers/STM32L1xx_HAL_Driver/Src/stm32l1xx_hal_rcc.c.obj
 .debug_aranges
                0x00000788      0x3d0 CMakeFiles/ISD2190.elf.dir/Drivers/STM32L1xx_HAL_Driver/Src/stm32l1xx_hal_tim.c.obj
 .debug_aranges
                0x00000b58       0x28 CMakeFiles/ISD2190.elf.dir/Drivers/STM32L1xx_HAL_Driver/Src/stm32l1xx_hal_tim_ex.c.obj
 .debug_aranges
                0x00000b80      0x208 CMakeFiles/ISD2190.elf.dir/Drivers/STM32L1xx_HAL_Driver/Src/stm32l1xx_hal_uart.c.obj
 .debug_aranges
                0x00000d88       0x38 CMakeFiles/ISD2190.elf.dir/User/CollectData.c.obj
 .debug_aranges
                0x00000dc0       0x28 CMakeFiles/ISD2190.elf.dir/User/VMxx.c.obj
 .debug_aranges
                0x00000de8       0x50 CMakeFiles/ISD2190.elf.dir/User/bt4531.c.obj
 .debug_aranges
                0x00000e38       0x28 CMakeFiles/ISD2190.elf.dir/User/flash.c.obj
 .debug_aranges
                0x00000e60       0x48 CMakeFiles/ISD2190.elf.dir/User/hardware.c.obj
 .debug_aranges
                0x00000ea8       0x28 CMakeFiles/ISD2190.elf.dir/User/temp.c.obj

.debug_ranges   0x00000000      0xec8
 .debug_ranges  0x00000000       0x20 CMakeFiles/ISD2190.elf.dir/Core/Src/adc.c.obj
 .debug_ranges  0x00000020       0x10 CMakeFiles/ISD2190.elf.dir/Core/Src/dma.c.obj
 .debug_ranges  0x00000030       0x10 CMakeFiles/ISD2190.elf.dir/Core/Src/gpio.c.obj
 .debug_ranges  0x00000040       0x20 CMakeFiles/ISD2190.elf.dir/Core/Src/main.c.obj
 .debug_ranges  0x00000060       0x10 CMakeFiles/ISD2190.elf.dir/Core/Src/stm32l1xx_hal_msp.c.obj
 .debug_ranges  0x00000070       0x80 CMakeFiles/ISD2190.elf.dir/Core/Src/stm32l1xx_it.c.obj
 .debug_ranges  0x000000f0       0x18 CMakeFiles/ISD2190.elf.dir/Core/Src/system_stm32l1xx.c.obj
 .debug_ranges  0x00000108       0x28 CMakeFiles/ISD2190.elf.dir/Core/Src/tim.c.obj
 .debug_ranges  0x00000130       0x38 CMakeFiles/ISD2190.elf.dir/Core/Src/usart.c.obj
 .debug_ranges  0x00000168       0x20 CMakeFiles/ISD2190.elf.dir/Core/Startup/startup_stm32l151rdtx.s.obj
 .debug_ranges  0x00000188       0xd0 CMakeFiles/ISD2190.elf.dir/Drivers/STM32L1xx_HAL_Driver/Src/stm32l1xx_hal.c.obj
 .debug_ranges  0x00000258       0xe0 CMakeFiles/ISD2190.elf.dir/Drivers/STM32L1xx_HAL_Driver/Src/stm32l1xx_hal_adc.c.obj
 .debug_ranges  0x00000338       0xf8 CMakeFiles/ISD2190.elf.dir/Drivers/STM32L1xx_HAL_Driver/Src/stm32l1xx_hal_cortex.c.obj
 .debug_ranges  0x00000430       0x70 CMakeFiles/ISD2190.elf.dir/Drivers/STM32L1xx_HAL_Driver/Src/stm32l1xx_hal_dma.c.obj
 .debug_ranges  0x000004a0       0x70 CMakeFiles/ISD2190.elf.dir/Drivers/STM32L1xx_HAL_Driver/Src/stm32l1xx_hal_flash.c.obj
 .debug_ranges  0x00000510       0xf8 CMakeFiles/ISD2190.elf.dir/Drivers/STM32L1xx_HAL_Driver/Src/stm32l1xx_hal_flash_ex.c.obj
 .debug_ranges  0x00000608       0x48 CMakeFiles/ISD2190.elf.dir/Drivers/STM32L1xx_HAL_Driver/Src/stm32l1xx_hal_gpio.c.obj
 .debug_ranges  0x00000650       0x98 CMakeFiles/ISD2190.elf.dir/Drivers/STM32L1xx_HAL_Driver/Src/stm32l1xx_hal_rcc.c.obj
 .debug_ranges  0x000006e8      0x3c0 CMakeFiles/ISD2190.elf.dir/Drivers/STM32L1xx_HAL_Driver/Src/stm32l1xx_hal_tim.c.obj
 .debug_ranges  0x00000aa8       0x18 CMakeFiles/ISD2190.elf.dir/Drivers/STM32L1xx_HAL_Driver/Src/stm32l1xx_hal_tim_ex.c.obj
 .debug_ranges  0x00000ac0      0x210 CMakeFiles/ISD2190.elf.dir/Drivers/STM32L1xx_HAL_Driver/Src/stm32l1xx_hal_uart.c.obj
 .debug_ranges  0x00000cd0       0x40 CMakeFiles/ISD2190.elf.dir/User/CollectData.c.obj
 .debug_ranges  0x00000d10       0x18 CMakeFiles/ISD2190.elf.dir/User/VMxx.c.obj
 .debug_ranges  0x00000d28       0xd0 CMakeFiles/ISD2190.elf.dir/User/bt4531.c.obj
 .debug_ranges  0x00000df8       0x48 CMakeFiles/ISD2190.elf.dir/User/flash.c.obj
 .debug_ranges  0x00000e40       0x70 CMakeFiles/ISD2190.elf.dir/User/hardware.c.obj
 .debug_ranges  0x00000eb0       0x18 CMakeFiles/ISD2190.elf.dir/User/temp.c.obj

.debug_line     0x00000000    0x113b9
 .debug_line    0x00000000      0x5e7 CMakeFiles/ISD2190.elf.dir/Core/Src/adc.c.obj
 .debug_line    0x000005e7      0x1ca CMakeFiles/ISD2190.elf.dir/Core/Src/dma.c.obj
 .debug_line    0x000007b1      0x22b CMakeFiles/ISD2190.elf.dir/Core/Src/gpio.c.obj
 .debug_line    0x000009dc      0x47b CMakeFiles/ISD2190.elf.dir/Core/Src/main.c.obj
 .debug_line    0x00000e57      0x188 CMakeFiles/ISD2190.elf.dir/Core/Src/stm32l1xx_hal_msp.c.obj
 .debug_line    0x00000fdf      0x3ab CMakeFiles/ISD2190.elf.dir/Core/Src/stm32l1xx_it.c.obj
 .debug_line    0x0000138a      0x269 CMakeFiles/ISD2190.elf.dir/Core/Src/system_stm32l1xx.c.obj
 .debug_line    0x000015f3      0x407 CMakeFiles/ISD2190.elf.dir/Core/Src/tim.c.obj
 .debug_line    0x000019fa      0x51c CMakeFiles/ISD2190.elf.dir/Core/Src/usart.c.obj
 .debug_line    0x00001f16       0xa2 CMakeFiles/ISD2190.elf.dir/Core/Startup/startup_stm32l151rdtx.s.obj
 .debug_line    0x00001fb8      0x5a6 CMakeFiles/ISD2190.elf.dir/Drivers/STM32L1xx_HAL_Driver/Src/stm32l1xx_hal.c.obj
 .debug_line    0x0000255e      0xec2 CMakeFiles/ISD2190.elf.dir/Drivers/STM32L1xx_HAL_Driver/Src/stm32l1xx_hal_adc.c.obj
 .debug_line    0x00003420      0x7ca CMakeFiles/ISD2190.elf.dir/Drivers/STM32L1xx_HAL_Driver/Src/stm32l1xx_hal_cortex.c.obj
 .debug_line    0x00003bea      0x9b4 CMakeFiles/ISD2190.elf.dir/Drivers/STM32L1xx_HAL_Driver/Src/stm32l1xx_hal_dma.c.obj
 .debug_line    0x0000459e      0x686 CMakeFiles/ISD2190.elf.dir/Drivers/STM32L1xx_HAL_Driver/Src/stm32l1xx_hal_flash.c.obj
 .debug_line    0x00004c24      0xd7f CMakeFiles/ISD2190.elf.dir/Drivers/STM32L1xx_HAL_Driver/Src/stm32l1xx_hal_flash_ex.c.obj
 .debug_line    0x000059a3      0x5ad CMakeFiles/ISD2190.elf.dir/Drivers/STM32L1xx_HAL_Driver/Src/stm32l1xx_hal_gpio.c.obj
 .debug_line    0x00005f50      0xe0d CMakeFiles/ISD2190.elf.dir/Drivers/STM32L1xx_HAL_Driver/Src/stm32l1xx_hal_rcc.c.obj
 .debug_line    0x00006d5d     0x413c CMakeFiles/ISD2190.elf.dir/Drivers/STM32L1xx_HAL_Driver/Src/stm32l1xx_hal_tim.c.obj
 .debug_line    0x0000ae99      0x356 CMakeFiles/ISD2190.elf.dir/Drivers/STM32L1xx_HAL_Driver/Src/stm32l1xx_hal_tim_ex.c.obj
 .debug_line    0x0000b1ef     0x4411 CMakeFiles/ISD2190.elf.dir/Drivers/STM32L1xx_HAL_Driver/Src/stm32l1xx_hal_uart.c.obj
 .debug_line    0x0000f600      0x726 CMakeFiles/ISD2190.elf.dir/User/CollectData.c.obj
 .debug_line    0x0000fd26      0x204 CMakeFiles/ISD2190.elf.dir/User/VMxx.c.obj
 .debug_line    0x0000ff2a      0xcde CMakeFiles/ISD2190.elf.dir/User/bt4531.c.obj
 .debug_line    0x00010c08      0x244 CMakeFiles/ISD2190.elf.dir/User/flash.c.obj
 .debug_line    0x00010e4c      0x39a CMakeFiles/ISD2190.elf.dir/User/hardware.c.obj
 .debug_line    0x000111e6      0x1d3 CMakeFiles/ISD2190.elf.dir/User/temp.c.obj

.debug_str      0x00000000     0x46c9
 .debug_str     0x00000000      0x6d3 CMakeFiles/ISD2190.elf.dir/Core/Src/adc.c.obj
                                0x779 (size before relaxing)
 .debug_str     0x000006d3      0x3c0 CMakeFiles/ISD2190.elf.dir/Core/Src/dma.c.obj
                                0x5cc (size before relaxing)
 .debug_str     0x00000a93       0x6a CMakeFiles/ISD2190.elf.dir/Core/Src/gpio.c.obj
                                0x305 (size before relaxing)
 .debug_str     0x00000afd      0x84e CMakeFiles/ISD2190.elf.dir/Core/Src/main.c.obj
                                0xcba (size before relaxing)
 .debug_str     0x0000134b       0x48 CMakeFiles/ISD2190.elf.dir/Core/Src/stm32l1xx_hal_msp.c.obj
                                0x254 (size before relaxing)
 .debug_str     0x00001393      0x181 CMakeFiles/ISD2190.elf.dir/Core/Src/stm32l1xx_it.c.obj
                                0xa0d (size before relaxing)
 .debug_str     0x00001514       0xb5 CMakeFiles/ISD2190.elf.dir/Core/Src/system_stm32l1xx.c.obj
                                0x2c5 (size before relaxing)
 .debug_str     0x000015c9      0x15d CMakeFiles/ISD2190.elf.dir/Core/Src/tim.c.obj
                                0xc09 (size before relaxing)
 .debug_str     0x00001726       0x8c CMakeFiles/ISD2190.elf.dir/Core/Src/usart.c.obj
                                0xb36 (size before relaxing)
 .debug_str     0x000017b2       0x52 CMakeFiles/ISD2190.elf.dir/Core/Startup/startup_stm32l151rdtx.s.obj
                                 0x83 (size before relaxing)
 .debug_str     0x00001804      0x2a6 CMakeFiles/ISD2190.elf.dir/Drivers/STM32L1xx_HAL_Driver/Src/stm32l1xx_hal.c.obj
                                0x88a (size before relaxing)
 .debug_str     0x00001aaa      0x309 CMakeFiles/ISD2190.elf.dir/Drivers/STM32L1xx_HAL_Driver/Src/stm32l1xx_hal_adc.c.obj
                                0x9ee (size before relaxing)
 .debug_str     0x00001db3      0x4c8 CMakeFiles/ISD2190.elf.dir/Drivers/STM32L1xx_HAL_Driver/Src/stm32l1xx_hal_cortex.c.obj
                                0xac5 (size before relaxing)
 .debug_str     0x0000227b      0x225 CMakeFiles/ISD2190.elf.dir/Drivers/STM32L1xx_HAL_Driver/Src/stm32l1xx_hal_dma.c.obj
                                0x64a (size before relaxing)
 .debug_str     0x000024a0      0x27e CMakeFiles/ISD2190.elf.dir/Drivers/STM32L1xx_HAL_Driver/Src/stm32l1xx_hal_flash.c.obj
                                0x4be (size before relaxing)
 .debug_str     0x0000271e      0x521 CMakeFiles/ISD2190.elf.dir/Drivers/STM32L1xx_HAL_Driver/Src/stm32l1xx_hal_flash_ex.c.obj
                                0x8c5 (size before relaxing)
 .debug_str     0x00002c3f      0x12e CMakeFiles/ISD2190.elf.dir/Drivers/STM32L1xx_HAL_Driver/Src/stm32l1xx_hal_gpio.c.obj
                                0x446 (size before relaxing)
 .debug_str     0x00002d6d      0x221 CMakeFiles/ISD2190.elf.dir/Drivers/STM32L1xx_HAL_Driver/Src/stm32l1xx_hal_rcc.c.obj
                                0x734 (size before relaxing)
 .debug_str     0x00002f8e      0xdbf CMakeFiles/ISD2190.elf.dir/Drivers/STM32L1xx_HAL_Driver/Src/stm32l1xx_hal_tim.c.obj
                               0x15b8 (size before relaxing)
 .debug_str     0x00003d4d       0x73 CMakeFiles/ISD2190.elf.dir/Drivers/STM32L1xx_HAL_Driver/Src/stm32l1xx_hal_tim_ex.c.obj
                                0x76d (size before relaxing)
 .debug_str     0x00003dc0      0x5f3 CMakeFiles/ISD2190.elf.dir/Drivers/STM32L1xx_HAL_Driver/Src/stm32l1xx_hal_uart.c.obj
                                0xd2a (size before relaxing)
 .debug_str     0x000043b3       0x9b CMakeFiles/ISD2190.elf.dir/User/CollectData.c.obj
                                0xd17 (size before relaxing)
 .debug_str     0x0000444e       0x43 CMakeFiles/ISD2190.elf.dir/User/VMxx.c.obj
                                0x605 (size before relaxing)
 .debug_str     0x00004491       0xd8 CMakeFiles/ISD2190.elf.dir/User/bt4531.c.obj
                                0x7b1 (size before relaxing)
 .debug_str     0x00004569       0x66 CMakeFiles/ISD2190.elf.dir/User/flash.c.obj
                                0x330 (size before relaxing)
 .debug_str     0x000045cf       0x8c CMakeFiles/ISD2190.elf.dir/User/hardware.c.obj
                                0x2be (size before relaxing)
 .debug_str     0x0000465b       0x6e CMakeFiles/ISD2190.elf.dir/User/temp.c.obj
                                0x257 (size before relaxing)

.comment        0x00000000       0x49
 .comment       0x00000000       0x49 CMakeFiles/ISD2190.elf.dir/Core/Src/adc.c.obj
                                 0x4a (size before relaxing)
 .comment       0x00000049       0x4a CMakeFiles/ISD2190.elf.dir/Core/Src/dma.c.obj
 .comment       0x00000049       0x4a CMakeFiles/ISD2190.elf.dir/Core/Src/gpio.c.obj
 .comment       0x00000049       0x4a CMakeFiles/ISD2190.elf.dir/Core/Src/main.c.obj
 .comment       0x00000049       0x4a CMakeFiles/ISD2190.elf.dir/Core/Src/stm32l1xx_hal_msp.c.obj
 .comment       0x00000049       0x4a CMakeFiles/ISD2190.elf.dir/Core/Src/stm32l1xx_it.c.obj
 .comment       0x00000049       0x4a CMakeFiles/ISD2190.elf.dir/Core/Src/system_stm32l1xx.c.obj
 .comment       0x00000049       0x4a CMakeFiles/ISD2190.elf.dir/Core/Src/tim.c.obj
 .comment       0x00000049       0x4a CMakeFiles/ISD2190.elf.dir/Core/Src/usart.c.obj
 .comment       0x00000049       0x4a CMakeFiles/ISD2190.elf.dir/Drivers/STM32L1xx_HAL_Driver/Src/stm32l1xx_hal.c.obj
 .comment       0x00000049       0x4a CMakeFiles/ISD2190.elf.dir/Drivers/STM32L1xx_HAL_Driver/Src/stm32l1xx_hal_adc.c.obj
 .comment       0x00000049       0x4a CMakeFiles/ISD2190.elf.dir/Drivers/STM32L1xx_HAL_Driver/Src/stm32l1xx_hal_cortex.c.obj
 .comment       0x00000049       0x4a CMakeFiles/ISD2190.elf.dir/Drivers/STM32L1xx_HAL_Driver/Src/stm32l1xx_hal_dma.c.obj
 .comment       0x00000049       0x4a CMakeFiles/ISD2190.elf.dir/Drivers/STM32L1xx_HAL_Driver/Src/stm32l1xx_hal_flash.c.obj
 .comment       0x00000049       0x4a CMakeFiles/ISD2190.elf.dir/Drivers/STM32L1xx_HAL_Driver/Src/stm32l1xx_hal_flash_ex.c.obj
 .comment       0x00000049       0x4a CMakeFiles/ISD2190.elf.dir/Drivers/STM32L1xx_HAL_Driver/Src/stm32l1xx_hal_gpio.c.obj
 .comment       0x00000049       0x4a CMakeFiles/ISD2190.elf.dir/Drivers/STM32L1xx_HAL_Driver/Src/stm32l1xx_hal_rcc.c.obj
 .comment       0x00000049       0x4a CMakeFiles/ISD2190.elf.dir/Drivers/STM32L1xx_HAL_Driver/Src/stm32l1xx_hal_tim.c.obj
 .comment       0x00000049       0x4a CMakeFiles/ISD2190.elf.dir/Drivers/STM32L1xx_HAL_Driver/Src/stm32l1xx_hal_tim_ex.c.obj
 .comment       0x00000049       0x4a CMakeFiles/ISD2190.elf.dir/Drivers/STM32L1xx_HAL_Driver/Src/stm32l1xx_hal_uart.c.obj
 .comment       0x00000049       0x4a CMakeFiles/ISD2190.elf.dir/User/CollectData.c.obj
 .comment       0x00000049       0x4a CMakeFiles/ISD2190.elf.dir/User/VMxx.c.obj
 .comment       0x00000049       0x4a CMakeFiles/ISD2190.elf.dir/User/bt4531.c.obj
 .comment       0x00000049       0x4a CMakeFiles/ISD2190.elf.dir/User/flash.c.obj
 .comment       0x00000049       0x4a CMakeFiles/ISD2190.elf.dir/User/hardware.c.obj
 .comment       0x00000049       0x4a CMakeFiles/ISD2190.elf.dir/User/temp.c.obj

.debug_frame    0x00000000     0x2934
 .debug_frame   0x00000000       0x6c CMakeFiles/ISD2190.elf.dir/Core/Src/adc.c.obj
 .debug_frame   0x0000006c       0x2c CMakeFiles/ISD2190.elf.dir/Core/Src/dma.c.obj
 .debug_frame   0x00000098       0x34 CMakeFiles/ISD2190.elf.dir/Core/Src/gpio.c.obj
 .debug_frame   0x000000cc       0x58 CMakeFiles/ISD2190.elf.dir/Core/Src/main.c.obj
 .debug_frame   0x00000124       0x28 CMakeFiles/ISD2190.elf.dir/Core/Src/stm32l1xx_hal_msp.c.obj
 .debug_frame   0x0000014c      0x138 CMakeFiles/ISD2190.elf.dir/Core/Src/stm32l1xx_it.c.obj
 .debug_frame   0x00000284       0x30 CMakeFiles/ISD2190.elf.dir/Core/Src/system_stm32l1xx.c.obj
 .debug_frame   0x000002b4       0x88 CMakeFiles/ISD2190.elf.dir/Core/Src/tim.c.obj
 .debug_frame   0x0000033c       0xb4 CMakeFiles/ISD2190.elf.dir/Core/Src/usart.c.obj
 .debug_frame   0x000003f0      0x1cc CMakeFiles/ISD2190.elf.dir/Drivers/STM32L1xx_HAL_Driver/Src/stm32l1xx_hal.c.obj
 .debug_frame   0x000005bc      0x2c4 CMakeFiles/ISD2190.elf.dir/Drivers/STM32L1xx_HAL_Driver/Src/stm32l1xx_hal_adc.c.obj
 .debug_frame   0x00000880      0x148 CMakeFiles/ISD2190.elf.dir/Drivers/STM32L1xx_HAL_Driver/Src/stm32l1xx_hal_cortex.c.obj
 .debug_frame   0x000009c8      0x138 CMakeFiles/ISD2190.elf.dir/Drivers/STM32L1xx_HAL_Driver/Src/stm32l1xx_hal_dma.c.obj
 .debug_frame   0x00000b00      0x11c CMakeFiles/ISD2190.elf.dir/Drivers/STM32L1xx_HAL_Driver/Src/stm32l1xx_hal_flash.c.obj
 .debug_frame   0x00000c1c      0x2c8 CMakeFiles/ISD2190.elf.dir/Drivers/STM32L1xx_HAL_Driver/Src/stm32l1xx_hal_flash_ex.c.obj
 .debug_frame   0x00000ee4       0xd0 CMakeFiles/ISD2190.elf.dir/Drivers/STM32L1xx_HAL_Driver/Src/stm32l1xx_hal_gpio.c.obj
 .debug_frame   0x00000fb4      0x1a4 CMakeFiles/ISD2190.elf.dir/Drivers/STM32L1xx_HAL_Driver/Src/stm32l1xx_hal_rcc.c.obj
 .debug_frame   0x00001158      0xb00 CMakeFiles/ISD2190.elf.dir/Drivers/STM32L1xx_HAL_Driver/Src/stm32l1xx_hal_tim.c.obj
 .debug_frame   0x00001c58       0x3c CMakeFiles/ISD2190.elf.dir/Drivers/STM32L1xx_HAL_Driver/Src/stm32l1xx_hal_tim_ex.c.obj
 .debug_frame   0x00001c94      0x5dc CMakeFiles/ISD2190.elf.dir/Drivers/STM32L1xx_HAL_Driver/Src/stm32l1xx_hal_uart.c.obj
 .debug_frame   0x00002270       0x88 CMakeFiles/ISD2190.elf.dir/User/CollectData.c.obj
 .debug_frame   0x000022f8       0x58 CMakeFiles/ISD2190.elf.dir/User/VMxx.c.obj
 .debug_frame   0x00002350       0xf4 CMakeFiles/ISD2190.elf.dir/User/bt4531.c.obj
 .debug_frame   0x00002444       0x50 CMakeFiles/ISD2190.elf.dir/User/flash.c.obj
 .debug_frame   0x00002494       0xf4 CMakeFiles/ISD2190.elf.dir/User/hardware.c.obj
 .debug_frame   0x00002588       0x40 CMakeFiles/ISD2190.elf.dir/User/temp.c.obj
 .debug_frame   0x000025c8       0xac d:/clion/gcc-arm-none-eabi-10.3-2021.10/bin/../lib/gcc/arm-none-eabi/10.3.1/thumb/v7-m/nofp\libgcc.a(_arm_addsubdf3.o)
 .debug_frame   0x00002674       0x50 d:/clion/gcc-arm-none-eabi-10.3-2021.10/bin/../lib/gcc/arm-none-eabi/10.3.1/thumb/v7-m/nofp\libgcc.a(_arm_muldivdf3.o)
 .debug_frame   0x000026c4       0x24 d:/clion/gcc-arm-none-eabi-10.3-2021.10/bin/../lib/gcc/arm-none-eabi/10.3.1/thumb/v7-m/nofp\libgcc.a(_arm_fixunsdfsi.o)
 .debug_frame   0x000026e8       0x2c d:/clion/gcc-arm-none-eabi-10.3-2021.10/bin/../lib/gcc/arm-none-eabi/10.3.1/thumb/v7-m/nofp\libgcc.a(_aeabi_uldivmod.o)
 .debug_frame   0x00002714       0x34 d:/clion/gcc-arm-none-eabi-10.3-2021.10/bin/../lib/gcc/arm-none-eabi/10.3.1/thumb/v7-m/nofp\libgcc.a(_udivmoddi4.o)
 .debug_frame   0x00002748       0x2c d:/clion/gcc-arm-none-eabi-10.3-2021.10/bin/../lib/gcc/arm-none-eabi/10.3.1/../../../../arm-none-eabi/lib/thumb/v7-m/nofp\libg.a(lib_a-init.o)
 .debug_frame   0x00002774       0x2c d:/clion/gcc-arm-none-eabi-10.3-2021.10/bin/../lib/gcc/arm-none-eabi/10.3.1/../../../../arm-none-eabi/lib/thumb/v7-m/nofp\libg.a(lib_a-memset.o)
 .debug_frame   0x000027a0       0x5c d:/clion/gcc-arm-none-eabi-10.3-2021.10/bin/../lib/gcc/arm-none-eabi/10.3.1/../../../../arm-none-eabi/lib/thumb/v7-m/nofp\libg.a(lib_a-__call_atexit.o)
 .debug_frame   0x000027fc       0x20 d:/clion/gcc-arm-none-eabi-10.3-2021.10/bin/../lib/gcc/arm-none-eabi/10.3.1/../../../../arm-none-eabi/lib/thumb/v7-m/nofp\libg.a(lib_a-atexit.o)
 .debug_frame   0x0000281c       0x34 d:/clion/gcc-arm-none-eabi-10.3-2021.10/bin/../lib/gcc/arm-none-eabi/10.3.1/../../../../arm-none-eabi/lib/thumb/v7-m/nofp\libg.a(lib_a-fini.o)
 .debug_frame   0x00002850       0xb0 d:/clion/gcc-arm-none-eabi-10.3-2021.10/bin/../lib/gcc/arm-none-eabi/10.3.1/../../../../arm-none-eabi/lib/thumb/v7-m/nofp\libg.a(lib_a-lock.o)
 .debug_frame   0x00002900       0x34 d:/clion/gcc-arm-none-eabi-10.3-2021.10/bin/../lib/gcc/arm-none-eabi/10.3.1/../../../../arm-none-eabi/lib/thumb/v7-m/nofp\libg.a(lib_a-__atexit.o)
