Archive member included to satisfy reference by file (symbol)

d:/clion/gcc-arm-none-eabi-10.3-2021.10/bin/../lib/gcc/arm-none-eabi/10.3.1/thumb/v7-m/nofp\libgcc.a(_arm_muldf3.o)
                              CMakeFiles/ISD2190.elf.dir/User/hardware.c.obj (__aeabi_dmul)
d:/clion/gcc-arm-none-eabi-10.3-2021.10/bin/../lib/gcc/arm-none-eabi/10.3.1/thumb/v7-m/nofp\libgcc.a(_arm_mulsf3.o)
                              CMakeFiles/ISD2190.elf.dir/User/hardware.c.obj (__aeabi_fmul)
d:/clion/gcc-arm-none-eabi-10.3-2021.10/bin/../lib/gcc/arm-none-eabi/10.3.1/thumb/v7-m/nofp\libgcc.a(_arm_addsubdf3.o)
                              CMakeFiles/ISD2190.elf.dir/User/hardware.c.obj (__aeabi_dsub)
d:/clion/gcc-arm-none-eabi-10.3-2021.10/bin/../lib/gcc/arm-none-eabi/10.3.1/thumb/v7-m/nofp\libgcc.a(_arm_truncdfsf2.o)
                              CMakeFiles/ISD2190.elf.dir/User/hardware.c.obj (__aeabi_d2f)
d:/clion/gcc-arm-none-eabi-10.3-2021.10/bin/../lib/gcc/arm-none-eabi/10.3.1/thumb/v7-m/nofp\libgcc.a(_arm_addsubsf3.o)
                              CMakeFiles/ISD2190.elf.dir/User/hardware.c.obj (__aeabi_fsub)
d:/clion/gcc-arm-none-eabi-10.3-2021.10/bin/../lib/gcc/arm-none-eabi/10.3.1/thumb/v7-m/nofp\libgcc.a(_arm_muldivsf3.o)
                              CMakeFiles/ISD2190.elf.dir/User/hardware.c.obj (__aeabi_fdiv)
d:/clion/gcc-arm-none-eabi-10.3-2021.10/bin/../lib/gcc/arm-none-eabi/10.3.1/thumb/v7-m/nofp\libgcc.a(_arm_fixunssfsi.o)
                              CMakeFiles/ISD2190.elf.dir/User/bt4531.c.obj (__aeabi_f2uiz)
d:/clion/gcc-arm-none-eabi-10.3-2021.10/bin/../lib/gcc/arm-none-eabi/10.3.1/thumb/v7-m/nofp\libgcc.a(_aeabi_uldivmod.o)
                              CMakeFiles/ISD2190.elf.dir/Drivers/STM32L1xx_HAL_Driver/Src/stm32l1xx_hal_rcc.c.obj (__aeabi_uldivmod)
d:/clion/gcc-arm-none-eabi-10.3-2021.10/bin/../lib/gcc/arm-none-eabi/10.3.1/thumb/v7-m/nofp\libgcc.a(_udivmoddi4.o)
                              d:/clion/gcc-arm-none-eabi-10.3-2021.10/bin/../lib/gcc/arm-none-eabi/10.3.1/thumb/v7-m/nofp\libgcc.a(_aeabi_uldivmod.o) (__udivmoddi4)
d:/clion/gcc-arm-none-eabi-10.3-2021.10/bin/../lib/gcc/arm-none-eabi/10.3.1/thumb/v7-m/nofp\libgcc.a(_dvmd_tls.o)
                              d:/clion/gcc-arm-none-eabi-10.3-2021.10/bin/../lib/gcc/arm-none-eabi/10.3.1/thumb/v7-m/nofp\libgcc.a(_aeabi_uldivmod.o) (__aeabi_ldiv0)
d:/clion/gcc-arm-none-eabi-10.3-2021.10/bin/../lib/gcc/arm-none-eabi/10.3.1/../../../../arm-none-eabi/lib/thumb/v7-m/nofp\libg.a(lib_a-errno.o)
                              CMakeFiles/ISD2190.elf.dir/Core/Src/syscalls.c.obj (__errno)
d:/clion/gcc-arm-none-eabi-10.3-2021.10/bin/../lib/gcc/arm-none-eabi/10.3.1/../../../../arm-none-eabi/lib/thumb/v7-m/nofp\libg.a(lib_a-exit.o)
                              d:/clion/gcc-arm-none-eabi-10.3-2021.10/bin/../lib/gcc/arm-none-eabi/10.3.1/../../../../arm-none-eabi/lib/thumb/v7-m/nofp/crt0.o (exit)
d:/clion/gcc-arm-none-eabi-10.3-2021.10/bin/../lib/gcc/arm-none-eabi/10.3.1/../../../../arm-none-eabi/lib/thumb/v7-m/nofp\libg.a(lib_a-impure.o)
                              d:/clion/gcc-arm-none-eabi-10.3-2021.10/bin/../lib/gcc/arm-none-eabi/10.3.1/../../../../arm-none-eabi/lib/thumb/v7-m/nofp\libg.a(lib_a-exit.o) (_global_impure_ptr)
d:/clion/gcc-arm-none-eabi-10.3-2021.10/bin/../lib/gcc/arm-none-eabi/10.3.1/../../../../arm-none-eabi/lib/thumb/v7-m/nofp\libg.a(lib_a-init.o)
                              d:/clion/gcc-arm-none-eabi-10.3-2021.10/bin/../lib/gcc/arm-none-eabi/10.3.1/../../../../arm-none-eabi/lib/thumb/v7-m/nofp/crt0.o (__libc_init_array)
d:/clion/gcc-arm-none-eabi-10.3-2021.10/bin/../lib/gcc/arm-none-eabi/10.3.1/../../../../arm-none-eabi/lib/thumb/v7-m/nofp\libg.a(lib_a-memcpy.o)
                              CMakeFiles/ISD2190.elf.dir/Core/Src/freertos.c.obj (memcpy)
d:/clion/gcc-arm-none-eabi-10.3-2021.10/bin/../lib/gcc/arm-none-eabi/10.3.1/../../../../arm-none-eabi/lib/thumb/v7-m/nofp\libg.a(lib_a-memset.o)
                              d:/clion/gcc-arm-none-eabi-10.3-2021.10/bin/../lib/gcc/arm-none-eabi/10.3.1/../../../../arm-none-eabi/lib/thumb/v7-m/nofp/crt0.o (memset)
d:/clion/gcc-arm-none-eabi-10.3-2021.10/bin/../lib/gcc/arm-none-eabi/10.3.1/../../../../arm-none-eabi/lib/thumb/v7-m/nofp\libg.a(lib_a-puts.o)
                              CMakeFiles/ISD2190.elf.dir/Core/Src/main.c.obj (puts)
d:/clion/gcc-arm-none-eabi-10.3-2021.10/bin/../lib/gcc/arm-none-eabi/10.3.1/../../../../arm-none-eabi/lib/thumb/v7-m/nofp\libg.a(lib_a-reent.o)
                              CMakeFiles/ISD2190.elf.dir/Middlewares/Third_Party/FreeRTOS/Source/tasks.c.obj (_reclaim_reent)
d:/clion/gcc-arm-none-eabi-10.3-2021.10/bin/../lib/gcc/arm-none-eabi/10.3.1/../../../../arm-none-eabi/lib/thumb/v7-m/nofp\libg.a(lib_a-strlen-stub.o)
                              d:/clion/gcc-arm-none-eabi-10.3-2021.10/bin/../lib/gcc/arm-none-eabi/10.3.1/../../../../arm-none-eabi/lib/thumb/v7-m/nofp\libg.a(lib_a-puts.o) (strlen)
[...]
Memory Configuration

Name             Origin             Length             Attributes
RAM              0x20000000         0x0000c000         xrw
FLASH            0x08000000         0x00060000         xr
*default*        0x00000000         0xffffffff

Linker script and memory map

LOAD d:/clion/gcc-arm-none-eabi-10.3-2021.10/bin/../lib/gcc/arm-none-eabi/10.3.1/thumb/v7-m/nofp/crti.o
LOAD d:/clion/gcc-arm-none-eabi-10.3-2021.10/bin/../lib/gcc/arm-none-eabi/10.3.1/thumb/v7-m/nofp/crtbegin.o
LOAD d:/clion/gcc-arm-none-eabi-10.3-2021.10/bin/../lib/gcc/arm-none-eabi/10.3.1/../../../../arm-none-eabi/lib/thumb/v7-m/nofp/crt0.o
LOAD CMakeFiles/ISD2190.elf.dir/Core/Src/adc.c.obj
LOAD CMakeFiles/ISD2190.elf.dir/Core/Src/dma.c.obj
LOAD CMakeFiles/ISD2190.elf.dir/Core/Src/freertos.c.obj
LOAD CMakeFiles/ISD2190.elf.dir/Core/Src/gpio.c.obj
LOAD CMakeFiles/ISD2190.elf.dir/Core/Src/iwdg.c.obj
LOAD CMakeFiles/ISD2190.elf.dir/Core/Src/main.c.obj
LOAD CMakeFiles/ISD2190.elf.dir/Core/Src/stm32l1xx_hal_msp.c.obj
LOAD CMakeFiles/ISD2190.elf.dir/Core/Src/stm32l1xx_hal_timebase_tim.c.obj
LOAD CMakeFiles/ISD2190.elf.dir/Core/Src/stm32l1xx_it.c.obj
LOAD CMakeFiles/ISD2190.elf.dir/Core/Src/syscalls.c.obj
LOAD CMakeFiles/ISD2190.elf.dir/Core/Src/sysmem.c.obj
LOAD CMakeFiles/ISD2190.elf.dir/Core/Src/system_stm32l1xx.c.obj
LOAD CMakeFiles/ISD2190.elf.dir/Core/Src/tim.c.obj
LOAD CMakeFiles/ISD2190.elf.dir/Core/Src/usart.c.obj
LOAD CMakeFiles/ISD2190.elf.dir/Core/Startup/startup_stm32l151rdtx.s.obj
LOAD CMakeFiles/ISD2190.elf.dir/Drivers/STM32L1xx_HAL_Driver/Src/stm32l1xx_hal.c.obj
LOAD CMakeFiles/ISD2190.elf.dir/Drivers/STM32L1xx_HAL_Driver/Src/stm32l1xx_hal_adc.c.obj
LOAD CMakeFiles/ISD2190.elf.dir/Drivers/STM32L1xx_HAL_Driver/Src/stm32l1xx_hal_adc_ex.c.obj
LOAD CMakeFiles/ISD2190.elf.dir/Drivers/STM32L1xx_HAL_Driver/Src/stm32l1xx_hal_cortex.c.obj
LOAD CMakeFiles/ISD2190.elf.dir/Drivers/STM32L1xx_HAL_Driver/Src/stm32l1xx_hal_dma.c.obj
LOAD CMakeFiles/ISD2190.elf.dir/Drivers/STM32L1xx_HAL_Driver/Src/stm32l1xx_hal_exti.c.obj
LOAD CMakeFiles/ISD2190.elf.dir/Drivers/STM32L1xx_HAL_Driver/Src/stm32l1xx_hal_flash.c.obj
LOAD CMakeFiles/ISD2190.elf.dir/Drivers/STM32L1xx_HAL_Driver/Src/stm32l1xx_hal_flash_ex.c.obj
LOAD CMakeFiles/ISD2190.elf.dir/Drivers/STM32L1xx_HAL_Driver/Src/stm32l1xx_hal_flash_ramfunc.c.obj
LOAD CMakeFiles/ISD2190.elf.dir/Drivers/STM32L1xx_HAL_Driver/Src/stm32l1xx_hal_gpio.c.obj
LOAD CMakeFiles/ISD2190.elf.dir/Drivers/STM32L1xx_HAL_Driver/Src/stm32l1xx_hal_iwdg.c.obj
LOAD CMakeFiles/ISD2190.elf.dir/Drivers/STM32L1xx_HAL_Driver/Src/stm32l1xx_hal_pwr.c.obj
LOAD CMakeFiles/ISD2190.elf.dir/Drivers/STM32L1xx_HAL_Driver/Src/stm32l1xx_hal_pwr_ex.c.obj
LOAD CMakeFiles/ISD2190.elf.dir/Drivers/STM32L1xx_HAL_Driver/Src/stm32l1xx_hal_rcc.c.obj
LOAD CMakeFiles/ISD2190.elf.dir/Drivers/STM32L1xx_HAL_Driver/Src/stm32l1xx_hal_rcc_ex.c.obj
LOAD CMakeFiles/ISD2190.elf.dir/Drivers/STM32L1xx_HAL_Driver/Src/stm32l1xx_hal_tim.c.obj
LOAD CMakeFiles/ISD2190.elf.dir/Drivers/STM32L1xx_HAL_Driver/Src/stm32l1xx_hal_tim_ex.c.obj
LOAD CMakeFiles/ISD2190.elf.dir/Drivers/STM32L1xx_HAL_Driver/Src/stm32l1xx_hal_uart.c.obj
LOAD CMakeFiles/ISD2190.elf.dir/Middlewares/Third_Party/FreeRTOS/Source/CMSIS_RTOS_V2/cmsis_os2.c.obj
LOAD CMakeFiles/ISD2190.elf.dir/Middlewares/Third_Party/FreeRTOS/Source/croutine.c.obj
LOAD CMakeFiles/ISD2190.elf.dir/Middlewares/Third_Party/FreeRTOS/Source/event_groups.c.obj
LOAD CMakeFiles/ISD2190.elf.dir/Middlewares/Third_Party/FreeRTOS/Source/list.c.obj
LOAD CMakeFiles/ISD2190.elf.dir/Middlewares/Third_Party/FreeRTOS/Source/portable/GCC/ARM_CM3/port.c.obj
LOAD CMakeFiles/ISD2190.elf.dir/Middlewares/Third_Party/FreeRTOS/Source/portable/MemMang/heap_4.c.obj
LOAD CMakeFiles/ISD2190.elf.dir/Middlewares/Third_Party/FreeRTOS/Source/queue.c.obj
LOAD CMakeFiles/ISD2190.elf.dir/Middlewares/Third_Party/FreeRTOS/Source/stream_buffer.c.obj
LOAD CMakeFiles/ISD2190.elf.dir/Middlewares/Third_Party/FreeRTOS/Source/tasks.c.obj
LOAD CMakeFiles/ISD2190.elf.dir/Middlewares/Third_Party/FreeRTOS/Source/timers.c.obj
LOAD CMakeFiles/ISD2190.elf.dir/User/CollectData.c.obj
LOAD CMakeFiles/ISD2190.elf.dir/User/VMxx.c.obj
LOAD CMakeFiles/ISD2190.elf.dir/User/bt4531.c.obj
LOAD CMakeFiles/ISD2190.elf.dir/User/flash.c.obj
LOAD CMakeFiles/ISD2190.elf.dir/User/hardware.c.obj
LOAD CMakeFiles/ISD2190.elf.dir/User/temp.c.obj
START GROUP
LOAD d:/clion/gcc-arm-none-eabi-10.3-2021.10/bin/../lib/gcc/arm-none-eabi/10.3.1/thumb/v7-m/nofp\libgcc.a
LOAD d:/clion/gcc-arm-none-eabi-10.3-2021.10/bin/../lib/gcc/arm-none-eabi/10.3.1/../../../../arm-none-eabi/lib/thumb/v7-m/nofp\libg.a
LOAD d:/clion/gcc-arm-none-eabi-10.3-2021.10/bin/../lib/gcc/arm-none-eabi/10.3.1/../../../../arm-none-eabi/lib/thumb/v7-m/nofp\libc.a
END GROUP
LOAD d:/clion/gcc-arm-none-eabi-10.3-2021.10/bin/../lib/gcc/arm-none-eabi/10.3.1/thumb/v7-m/nofp/crtend.o
LOAD d:/clion/gcc-arm-none-eabi-10.3-2021.10/bin/../lib/gcc/arm-none-eabi/10.3.1/thumb/v7-m/nofp/crtn.o
                0x2000c000                _estack = (ORIGIN (RAM) + LENGTH (RAM))
                0x00000200                _Min_Heap_Size = 0x200
                0x00000400                _Min_Stack_Size = 0x400

.isr_vector     0x08000000      0x13c
                0x08000000                . = ALIGN (0x4)
 *(.isr_vector)
 .isr_vector    0x08000000      0x13c CMakeFiles/ISD2190.elf.dir/Core/Startup/startup_stm32l151rdtx.s.obj
                0x08000000                g_pfnVectors
                0x0800013c                . = ALIGN (0x4)

.text           0x08000140     0x8f70
                0x08000140                . = ALIGN (0x4)
 *(.text)
 .text          0x08000140       0x40 d:/clion/gcc-arm-none-eabi-10.3-2021.10/bin/../lib/gcc/arm-none-eabi/10.3.1/thumb/v7-m/nofp/crtbegin.o
 .text          0x08000180      0x254 d:/clion/gcc-arm-none-eabi-10.3-2021.10/bin/../lib/gcc/arm-none-eabi/10.3.1/thumb/v7-m/nofp\libgcc.a(_arm_muldf3.o)
                0x08000180                __muldf3
                0x08000180                __aeabi_dmul
 .text          0x080003d4      0x378 d:/clion/gcc-arm-none-eabi-10.3-2021.10/bin/../lib/gcc/arm-none-eabi/10.3.1/thumb/v7-m/nofp\libgcc.a(_arm_addsubdf3.o)
                0x080003d4                __aeabi_drsub
                0x080003dc                __aeabi_dsub
                0x080003dc                __subdf3
                0x080003e0                __aeabi_dadd
                0x080003e0                __adddf3
                0x08000658                __floatunsidf
                0x08000658                __aeabi_ui2d
                0x08000678                __floatsidf
                0x08000678                __aeabi_i2d
                0x0800069c                __aeabi_f2d
                0x0800069c                __extendsfdf2
                0x080006e0                __floatundidf
                0x080006e0                __aeabi_ul2d
                0x080006f0                __floatdidf
                0x080006f0                __aeabi_l2d
 .text          0x0800074c       0xa0 d:/clion/gcc-arm-none-eabi-10.3-2021.10/bin/../lib/gcc/arm-none-eabi/10.3.1/thumb/v7-m/nofp\libgcc.a(_arm_truncdfsf2.o)
                0x0800074c                __truncdfsf2
                0x0800074c                __aeabi_d2f
 .text          0x080007ec      0x21c d:/clion/gcc-arm-none-eabi-10.3-2021.10/bin/../lib/gcc/arm-none-eabi/10.3.1/thumb/v7-m/nofp\libgcc.a(_arm_addsubsf3.o)
                0x080007ec                __aeabi_frsub
                0x080007f4                __subsf3
                0x080007f4                __aeabi_fsub
                0x080007f8                __aeabi_fadd
                0x080007f8                __addsf3
                0x08000958                __aeabi_ui2f
                0x08000958                __floatunsisf
                0x08000960                __aeabi_i2f
                0x08000960                __floatsisf
                0x0800097c                __aeabi_ul2f
                0x0800097c                __floatundisf
                0x0800098c                __aeabi_l2f
                0x0800098c                __floatdisf
 .text          0x08000a08      0x2a0 d:/clion/gcc-arm-none-eabi-10.3-2021.10/bin/../lib/gcc/arm-none-eabi/10.3.1/thumb/v7-m/nofp\libgcc.a(_arm_muldivsf3.o)
                0x08000a08                __mulsf3
                0x08000a08                __aeabi_fmul
                0x08000b70                __aeabi_fdiv
                0x08000b70                __divsf3
 .text          0x08000ca8       0x40 d:/clion/gcc-arm-none-eabi-10.3-2021.10/bin/../lib/gcc/arm-none-eabi/10.3.1/thumb/v7-m/nofp\libgcc.a(_arm_fixunssfsi.o)
                0x08000ca8                __fixunssfsi
                0x08000ca8                __aeabi_f2uiz
 .text          0x08000ce8       0x30 d:/clion/gcc-arm-none-eabi-10.3-2021.10/bin/../lib/gcc/arm-none-eabi/10.3.1/thumb/v7-m/nofp\libgcc.a(_aeabi_uldivmod.o)
                0x08000ce8                __aeabi_uldivmod
 .text          0x08000d18      0x2d4 d:/clion/gcc-arm-none-eabi-10.3-2021.10/bin/../lib/gcc/arm-none-eabi/10.3.1/thumb/v7-m/nofp\libgcc.a(_udivmoddi4.o)
                0x08000d18                __udivmoddi4
 .text          0x08000fec        0x4 d:/clion/gcc-arm-none-eabi-10.3-2021.10/bin/../lib/gcc/arm-none-eabi/10.3.1/thumb/v7-m/nofp\libgcc.a(_dvmd_tls.o)
                0x08000fec                __aeabi_idiv0
                0x08000fec                __aeabi_ldiv0
 .text          0x08000ff0       0xec d:/clion/gcc-arm-none-eabi-10.3-2021.10/bin/../lib/gcc/arm-none-eabi/10.3.1/../../../../arm-none-eabi/lib/thumb/v7-m/nofp\libg.a(lib_a-memcpy.o)
                0x08000ff0                memcpy
 *(.text*)
 .text.MX_ADC_Init
                0x080010dc      0x204 CMakeFiles/ISD2190.elf.dir/Core/Src/adc.c.obj
                0x080010dc                MX_ADC_Init
 .text.HAL_ADC_MspInit
                0x080012e0       0xec CMakeFiles/ISD2190.elf.dir/Core/Src/adc.c.obj
                0x080012e0                HAL_ADC_MspInit
 .text.MX_DMA_Init
                0x080013cc       0xa4 CMakeFiles/ISD2190.elf.dir/Core/Src/dma.c.obj
                0x080013cc                MX_DMA_Init
 .text.Data_Collect_Task
                0x08001470      0x18c CMakeFiles/ISD2190.elf.dir/Core/Src/freertos.c.obj
                0x08001470                Data_Collect_Task
 .text.MX_FREERTOS_Init
                0x080015fc       0x78 CMakeFiles/ISD2190.elf.dir/Core/Src/freertos.c.obj
                0x080015fc                MX_FREERTOS_Init
 .text.calculate_checksum
                0x08001674       0x1a CMakeFiles/ISD2190.elf.dir/Core/Src/freertos.c.obj
                0x08001674                calculate_checksum
 *fill*         0x0800168e        0x2 
 .text.VM1_Receive_Task
                0x08001690       0xf4 CMakeFiles/ISD2190.elf.dir/Core/Src/freertos.c.obj
                0x08001690                VM1_Receive_Task
 .text.VM2_Receive_Task
                0x08001784       0xf4 CMakeFiles/ISD2190.elf.dir/Core/Src/freertos.c.obj
                0x08001784                VM2_Receive_Task
 .text.MX_GPIO_Init
                0x08001878       0xbc CMakeFiles/ISD2190.elf.dir/Core/Src/gpio.c.obj
                0x08001878                MX_GPIO_Init
 .text.MX_IWDG_Init
                0x08001934       0x28 CMakeFiles/ISD2190.elf.dir/Core/Src/iwdg.c.obj
                0x08001934                MX_IWDG_Init
 .text.HAL_TIM_PeriodElapsedCallback
                0x0800195c       0x80 CMakeFiles/ISD2190.elf.dir/Core/Src/main.c.obj
                0x0800195c                HAL_TIM_PeriodElapsedCallback
 .text.Error_Handler
                0x080019dc        0x4 CMakeFiles/ISD2190.elf.dir/Core/Src/main.c.obj
                0x080019dc                Error_Handler
 .text.SystemClock_Config
                0x080019e0       0x70 CMakeFiles/ISD2190.elf.dir/Core/Src/main.c.obj
                0x080019e0                SystemClock_Config
 .text.main     0x08001a50       0xa0 CMakeFiles/ISD2190.elf.dir/Core/Src/main.c.obj
                0x08001a50                main
 .text.HAL_MspInit
                0x08001af0       0x54 CMakeFiles/ISD2190.elf.dir/Core/Src/stm32l1xx_hal_msp.c.obj
                0x08001af0                HAL_MspInit
 .text.HAL_InitTick
                0x08001b44       0xa0 CMakeFiles/ISD2190.elf.dir/Core/Src/stm32l1xx_hal_timebase_tim.c.obj
                0x08001b44                HAL_InitTick
 .text.NMI_Handler
                0x08001be4        0x2 CMakeFiles/ISD2190.elf.dir/Core/Src/stm32l1xx_it.c.obj
                0x08001be4                NMI_Handler
 .text.HardFault_Handler
                0x08001be6        0x2 CMakeFiles/ISD2190.elf.dir/Core/Src/stm32l1xx_it.c.obj
                0x08001be6                HardFault_Handler
 .text.MemManage_Handler
                0x08001be8        0x2 CMakeFiles/ISD2190.elf.dir/Core/Src/stm32l1xx_it.c.obj
                0x08001be8                MemManage_Handler
 .text.BusFault_Handler
                0x08001bea        0x2 CMakeFiles/ISD2190.elf.dir/Core/Src/stm32l1xx_it.c.obj
                0x08001bea                BusFault_Handler
 .text.UsageFault_Handler
                0x08001bec        0x2 CMakeFiles/ISD2190.elf.dir/Core/Src/stm32l1xx_it.c.obj
                0x08001bec                UsageFault_Handler
 .text.DebugMon_Handler
                0x08001bee        0x2 CMakeFiles/ISD2190.elf.dir/Core/Src/stm32l1xx_it.c.obj
                0x08001bee                DebugMon_Handler
 .text.DMA1_Channel1_IRQHandler
                0x08001bf0       0x10 CMakeFiles/ISD2190.elf.dir/Core/Src/stm32l1xx_it.c.obj
                0x08001bf0                DMA1_Channel1_IRQHandler
 .text.DMA1_Channel2_IRQHandler
                0x08001c00       0x10 CMakeFiles/ISD2190.elf.dir/Core/Src/stm32l1xx_it.c.obj
                0x08001c00                DMA1_Channel2_IRQHandler
 .text.DMA1_Channel3_IRQHandler
                0x08001c10       0x10 CMakeFiles/ISD2190.elf.dir/Core/Src/stm32l1xx_it.c.obj
                0x08001c10                DMA1_Channel3_IRQHandler
 .text.DMA1_Channel6_IRQHandler
                0x08001c20       0x10 CMakeFiles/ISD2190.elf.dir/Core/Src/stm32l1xx_it.c.obj
                0x08001c20                DMA1_Channel6_IRQHandler
 .text.DMA1_Channel7_IRQHandler
                0x08001c30       0x10 CMakeFiles/ISD2190.elf.dir/Core/Src/stm32l1xx_it.c.obj
                0x08001c30                DMA1_Channel7_IRQHandler
 .text.TIM2_IRQHandler
                0x08001c40       0x10 CMakeFiles/ISD2190.elf.dir/Core/Src/stm32l1xx_it.c.obj
                0x08001c40                TIM2_IRQHandler
 .text.USART2_IRQHandler
                0x08001c50       0x10 CMakeFiles/ISD2190.elf.dir/Core/Src/stm32l1xx_it.c.obj
                0x08001c50                USART2_IRQHandler
 .text.USART3_IRQHandler
                0x08001c60       0x10 CMakeFiles/ISD2190.elf.dir/Core/Src/stm32l1xx_it.c.obj
                0x08001c60                USART3_IRQHandler
 .text.TIM7_IRQHandler
                0x08001c70       0x10 CMakeFiles/ISD2190.elf.dir/Core/Src/stm32l1xx_it.c.obj
                0x08001c70                TIM7_IRQHandler
 .text.UART5_IRQHandler
                0x08001c80       0x10 CMakeFiles/ISD2190.elf.dir/Core/Src/stm32l1xx_it.c.obj
                0x08001c80                UART5_IRQHandler
 .text.DMA2_Channel1_IRQHandler
                0x08001c90       0x10 CMakeFiles/ISD2190.elf.dir/Core/Src/stm32l1xx_it.c.obj
                0x08001c90                DMA2_Channel1_IRQHandler
 .text.DMA2_Channel2_IRQHandler
                0x08001ca0       0x10 CMakeFiles/ISD2190.elf.dir/Core/Src/stm32l1xx_it.c.obj
                0x08001ca0                DMA2_Channel2_IRQHandler
 .text._read    0x08001cb0       0x20 CMakeFiles/ISD2190.elf.dir/Core/Src/syscalls.c.obj
                0x08001cb0                _read
 .text._write   0x08001cd0       0x1c CMakeFiles/ISD2190.elf.dir/Core/Src/syscalls.c.obj
                0x08001cd0                _write
 .text._close   0x08001cec        0x6 CMakeFiles/ISD2190.elf.dir/Core/Src/syscalls.c.obj
                0x08001cec                _close
 .text._fstat   0x08001cf2        0xa CMakeFiles/ISD2190.elf.dir/Core/Src/syscalls.c.obj
                0x08001cf2                _fstat
 .text._isatty  0x08001cfc        0x4 CMakeFiles/ISD2190.elf.dir/Core/Src/syscalls.c.obj
                0x08001cfc                _isatty
 .text._lseek   0x08001d00        0x4 CMakeFiles/ISD2190.elf.dir/Core/Src/syscalls.c.obj
                0x08001d00                _lseek
 .text._sbrk    0x08001d04       0x48 CMakeFiles/ISD2190.elf.dir/Core/Src/sysmem.c.obj
                0x08001d04                _sbrk
 .text.SystemInit
                0x08001d4c        0x2 CMakeFiles/ISD2190.elf.dir/Core/Src/system_stm32l1xx.c.obj
                0x08001d4c                SystemInit
 *fill*         0x08001d4e        0x2 
 .text.MX_TIM2_Init
                0x08001d50       0x78 CMakeFiles/ISD2190.elf.dir/Core/Src/tim.c.obj
                0x08001d50                MX_TIM2_Init
 .text.HAL_TIM_Base_MspInit
                0x08001dc8       0x3a CMakeFiles/ISD2190.elf.dir/Core/Src/tim.c.obj
                0x08001dc8                HAL_TIM_Base_MspInit
 *fill*         0x08001e02        0x2 
 .text.MX_UART5_Init
                0x08001e04       0x34 CMakeFiles/ISD2190.elf.dir/Core/Src/usart.c.obj
                0x08001e04                MX_UART5_Init
 .text.MX_USART2_UART_Init
                0x08001e38       0x34 CMakeFiles/ISD2190.elf.dir/Core/Src/usart.c.obj
                0x08001e38                MX_USART2_UART_Init
 .text.MX_USART3_UART_Init
                0x08001e6c       0x34 CMakeFiles/ISD2190.elf.dir/Core/Src/usart.c.obj
                0x08001e6c                MX_USART3_UART_Init
 .text.HAL_UART_MspInit
                0x08001ea0      0x2e4 CMakeFiles/ISD2190.elf.dir/Core/Src/usart.c.obj
                0x08001ea0                HAL_UART_MspInit
 .text.__io_putchar
                0x08002184       0x20 CMakeFiles/ISD2190.elf.dir/Core/Src/usart.c.obj
                0x08002184                __io_putchar
 .text.Reset_Handler
                0x080021a4       0x48 CMakeFiles/ISD2190.elf.dir/Core/Startup/startup_stm32l151rdtx.s.obj
                0x080021a4                Reset_Handler
 .text.Default_Handler
                0x080021ec        0x2 CMakeFiles/ISD2190.elf.dir/Core/Startup/startup_stm32l151rdtx.s.obj
                0x080021ec                RTC_Alarm_IRQHandler
                0x080021ec                EXTI2_IRQHandler
                0x080021ec                COMP_ACQ_IRQHandler
                0x080021ec                TIM10_IRQHandler
                0x080021ec                USB_HP_IRQHandler
                0x080021ec                TIM6_IRQHandler
                0x080021ec                PVD_IRQHandler
                0x080021ec                SDIO_IRQHandler
                0x080021ec                EXTI3_IRQHandler
                0x080021ec                EXTI0_IRQHandler
                0x080021ec                I2C2_EV_IRQHandler
                0x080021ec                SPI1_IRQHandler
                0x080021ec                USB_FS_WKUP_IRQHandler
                0x080021ec                DMA1_Channel4_IRQHandler
                0x080021ec                ADC1_IRQHandler
                0x080021ec                TIM4_IRQHandler
                0x080021ec                I2C1_EV_IRQHandler
                0x080021ec                UART4_IRQHandler
                0x080021ec                DMA2_Channel4_IRQHandler
                0x080021ec                TIM3_IRQHandler
                0x080021ec                RCC_IRQHandler
                0x080021ec                Default_Handler
                0x080021ec                EXTI15_10_IRQHandler
                0x080021ec                TIM5_IRQHandler
                0x080021ec                EXTI9_5_IRQHandler
                0x080021ec                TIM9_IRQHandler
                0x080021ec                TAMPER_STAMP_IRQHandler
                0x080021ec                RTC_WKUP_IRQHandler
                0x080021ec                SPI2_IRQHandler
                0x080021ec                DMA2_Channel5_IRQHandler
                0x080021ec                DMA1_Channel5_IRQHandler
                0x080021ec                USB_LP_IRQHandler
                0x080021ec                EXTI4_IRQHandler
                0x080021ec                COMP_IRQHandler
                0x080021ec                WWDG_IRQHandler
                0x080021ec                DAC_IRQHandler
                0x080021ec                EXTI1_IRQHandler
                0x080021ec                TIM11_IRQHandler
                0x080021ec                I2C2_ER_IRQHandler
                0x080021ec                FLASH_IRQHandler
                0x080021ec                USART1_IRQHandler
                0x080021ec                SPI3_IRQHandler
                0x080021ec                I2C1_ER_IRQHandler
                0x080021ec                DMA2_Channel3_IRQHandler
 .text.HAL_Init
                0x080021ee       0x1e CMakeFiles/ISD2190.elf.dir/Drivers/STM32L1xx_HAL_Driver/Src/stm32l1xx_hal.c.obj
                0x080021ee                HAL_Init
 .text.HAL_IncTick
                0x0800220c       0x18 CMakeFiles/ISD2190.elf.dir/Drivers/STM32L1xx_HAL_Driver/Src/stm32l1xx_hal.c.obj
                0x0800220c                HAL_IncTick
 .text.HAL_GetTick
                0x08002224        0xc CMakeFiles/ISD2190.elf.dir/Drivers/STM32L1xx_HAL_Driver/Src/stm32l1xx_hal.c.obj
                0x08002224                HAL_GetTick
 .text.HAL_Delay
                0x08002230       0x28 CMakeFiles/ISD2190.elf.dir/Drivers/STM32L1xx_HAL_Driver/Src/stm32l1xx_hal.c.obj
                0x08002230                HAL_Delay
 .text.HAL_ADC_Init
                0x08002258      0x19c CMakeFiles/ISD2190.elf.dir/Drivers/STM32L1xx_HAL_Driver/Src/stm32l1xx_hal_adc.c.obj
                0x08002258                HAL_ADC_Init
 .text.ADC_DMAConvCplt
                0x080023f4       0x64 CMakeFiles/ISD2190.elf.dir/Drivers/STM32L1xx_HAL_Driver/Src/stm32l1xx_hal_adc.c.obj
 .text.HAL_ADC_ConvHalfCpltCallback
                0x08002458        0x2 CMakeFiles/ISD2190.elf.dir/Drivers/STM32L1xx_HAL_Driver/Src/stm32l1xx_hal_adc.c.obj
                0x08002458                HAL_ADC_ConvHalfCpltCallback
 .text.ADC_DMAHalfConvCplt
                0x0800245a        0xa CMakeFiles/ISD2190.elf.dir/Drivers/STM32L1xx_HAL_Driver/Src/stm32l1xx_hal_adc.c.obj
 .text.HAL_ADC_ErrorCallback
                0x08002464        0x2 CMakeFiles/ISD2190.elf.dir/Drivers/STM32L1xx_HAL_Driver/Src/stm32l1xx_hal_adc.c.obj
                0x08002464                HAL_ADC_ErrorCallback
 .text.ADC_DMAError
                0x08002466       0x1a CMakeFiles/ISD2190.elf.dir/Drivers/STM32L1xx_HAL_Driver/Src/stm32l1xx_hal_adc.c.obj
 .text.HAL_ADC_ConfigChannel
                0x08002480      0x1b4 CMakeFiles/ISD2190.elf.dir/Drivers/STM32L1xx_HAL_Driver/Src/stm32l1xx_hal_adc.c.obj
                0x08002480                HAL_ADC_ConfigChannel
 .text.ADC_Enable
                0x08002634       0x8c CMakeFiles/ISD2190.elf.dir/Drivers/STM32L1xx_HAL_Driver/Src/stm32l1xx_hal_adc.c.obj
                0x08002634                ADC_Enable
 .text.HAL_ADC_Start_DMA
                0x080026c0       0xc4 CMakeFiles/ISD2190.elf.dir/Drivers/STM32L1xx_HAL_Driver/Src/stm32l1xx_hal_adc.c.obj
                0x080026c0                HAL_ADC_Start_DMA
 .text.HAL_NVIC_SetPriorityGrouping
                0x08002784       0x24 CMakeFiles/ISD2190.elf.dir/Drivers/STM32L1xx_HAL_Driver/Src/stm32l1xx_hal_cortex.c.obj
                0x08002784                HAL_NVIC_SetPriorityGrouping
 .text.HAL_NVIC_SetPriority
                0x080027a8       0x70 CMakeFiles/ISD2190.elf.dir/Drivers/STM32L1xx_HAL_Driver/Src/stm32l1xx_hal_cortex.c.obj
                0x080027a8                HAL_NVIC_SetPriority
 .text.HAL_NVIC_EnableIRQ
                0x08002818       0x1c CMakeFiles/ISD2190.elf.dir/Drivers/STM32L1xx_HAL_Driver/Src/stm32l1xx_hal_cortex.c.obj
                0x08002818                HAL_NVIC_EnableIRQ
 .text.DMA_SetConfig
                0x08002834       0x36 CMakeFiles/ISD2190.elf.dir/Drivers/STM32L1xx_HAL_Driver/Src/stm32l1xx_hal_dma.c.obj
 *fill*         0x0800286a        0x2 
 .text.HAL_DMA_Init
                0x0800286c       0x98 CMakeFiles/ISD2190.elf.dir/Drivers/STM32L1xx_HAL_Driver/Src/stm32l1xx_hal_dma.c.obj
                0x0800286c                HAL_DMA_Init
 .text.HAL_DMA_Start_IT
                0x08002904       0x76 CMakeFiles/ISD2190.elf.dir/Drivers/STM32L1xx_HAL_Driver/Src/stm32l1xx_hal_dma.c.obj
                0x08002904                HAL_DMA_Start_IT
 .text.HAL_DMA_Abort
                0x0800297a       0x4a CMakeFiles/ISD2190.elf.dir/Drivers/STM32L1xx_HAL_Driver/Src/stm32l1xx_hal_dma.c.obj
                0x0800297a                HAL_DMA_Abort
 .text.HAL_DMA_Abort_IT
                0x080029c4       0x50 CMakeFiles/ISD2190.elf.dir/Drivers/STM32L1xx_HAL_Driver/Src/stm32l1xx_hal_dma.c.obj
                0x080029c4                HAL_DMA_Abort_IT
 .text.HAL_DMA_IRQHandler
                0x08002a14       0xc4 CMakeFiles/ISD2190.elf.dir/Drivers/STM32L1xx_HAL_Driver/Src/stm32l1xx_hal_dma.c.obj
                0x08002a14                HAL_DMA_IRQHandler
 .text.FLASH_SetErrorCode
                0x08002ad8       0x88 CMakeFiles/ISD2190.elf.dir/Drivers/STM32L1xx_HAL_Driver/Src/stm32l1xx_hal_flash.c.obj
 .text.HAL_FLASH_Unlock
                0x08002b60       0x64 CMakeFiles/ISD2190.elf.dir/Drivers/STM32L1xx_HAL_Driver/Src/stm32l1xx_hal_flash.c.obj
                0x08002b60                HAL_FLASH_Unlock
 .text.HAL_FLASH_Lock
                0x08002bc4       0x14 CMakeFiles/ISD2190.elf.dir/Drivers/STM32L1xx_HAL_Driver/Src/stm32l1xx_hal_flash.c.obj
                0x08002bc4                HAL_FLASH_Lock
 .text.HAL_FLASH_GetError
                0x08002bd8        0xc CMakeFiles/ISD2190.elf.dir/Drivers/STM32L1xx_HAL_Driver/Src/stm32l1xx_hal_flash.c.obj
                0x08002bd8                HAL_FLASH_GetError
 .text.FLASH_WaitForLastOperation
                0x08002be4       0x7c CMakeFiles/ISD2190.elf.dir/Drivers/STM32L1xx_HAL_Driver/Src/stm32l1xx_hal_flash.c.obj
                0x08002be4                FLASH_WaitForLastOperation
 .text.HAL_FLASH_Program
                0x08002c60       0x40 CMakeFiles/ISD2190.elf.dir/Drivers/STM32L1xx_HAL_Driver/Src/stm32l1xx_hal_flash.c.obj
                0x08002c60                HAL_FLASH_Program
 .text.FLASH_PageErase
                0x08002ca0       0x28 CMakeFiles/ISD2190.elf.dir/Drivers/STM32L1xx_HAL_Driver/Src/stm32l1xx_hal_flash_ex.c.obj
                0x08002ca0                FLASH_PageErase
 .text.HAL_FLASHEx_Erase
                0x08002cc8       0x7c CMakeFiles/ISD2190.elf.dir/Drivers/STM32L1xx_HAL_Driver/Src/stm32l1xx_hal_flash_ex.c.obj
                0x08002cc8                HAL_FLASHEx_Erase
 .text.HAL_GPIO_Init
                0x08002d44      0x1e8 CMakeFiles/ISD2190.elf.dir/Drivers/STM32L1xx_HAL_Driver/Src/stm32l1xx_hal_gpio.c.obj
                0x08002d44                HAL_GPIO_Init
 .text.HAL_GPIO_WritePin
                0x08002f2c        0xc CMakeFiles/ISD2190.elf.dir/Drivers/STM32L1xx_HAL_Driver/Src/stm32l1xx_hal_gpio.c.obj
                0x08002f2c                HAL_GPIO_WritePin
 .text.HAL_IWDG_Init
                0x08002f38       0x58 CMakeFiles/ISD2190.elf.dir/Drivers/STM32L1xx_HAL_Driver/Src/stm32l1xx_hal_iwdg.c.obj
                0x08002f38                HAL_IWDG_Init
 .text.RCC_SetFlashLatencyFromMSIRange
                0x08002f90       0x90 CMakeFiles/ISD2190.elf.dir/Drivers/STM32L1xx_HAL_Driver/Src/stm32l1xx_hal_rcc.c.obj
 .text.HAL_RCC_OscConfig
                0x08003020      0x4f8 CMakeFiles/ISD2190.elf.dir/Drivers/STM32L1xx_HAL_Driver/Src/stm32l1xx_hal_rcc.c.obj
                0x08003020                HAL_RCC_OscConfig
 .text.HAL_RCC_GetSysClockFreq
                0x08003518       0xc4 CMakeFiles/ISD2190.elf.dir/Drivers/STM32L1xx_HAL_Driver/Src/stm32l1xx_hal_rcc.c.obj
                0x08003518                HAL_RCC_GetSysClockFreq
 .text.HAL_RCC_ClockConfig
                0x080035dc      0x1dc CMakeFiles/ISD2190.elf.dir/Drivers/STM32L1xx_HAL_Driver/Src/stm32l1xx_hal_rcc.c.obj
                0x080035dc                HAL_RCC_ClockConfig
 .text.HAL_RCC_GetHCLKFreq
                0x080037b8        0xc CMakeFiles/ISD2190.elf.dir/Drivers/STM32L1xx_HAL_Driver/Src/stm32l1xx_hal_rcc.c.obj
                0x080037b8                HAL_RCC_GetHCLKFreq
 .text.HAL_RCC_GetPCLK1Freq
                0x080037c4       0x20 CMakeFiles/ISD2190.elf.dir/Drivers/STM32L1xx_HAL_Driver/Src/stm32l1xx_hal_rcc.c.obj
                0x080037c4                HAL_RCC_GetPCLK1Freq
 .text.HAL_RCC_GetPCLK2Freq
                0x080037e4       0x20 CMakeFiles/ISD2190.elf.dir/Drivers/STM32L1xx_HAL_Driver/Src/stm32l1xx_hal_rcc.c.obj
                0x080037e4                HAL_RCC_GetPCLK2Freq
 .text.HAL_RCC_GetClockConfig
                0x08003804       0x3c CMakeFiles/ISD2190.elf.dir/Drivers/STM32L1xx_HAL_Driver/Src/stm32l1xx_hal_rcc.c.obj
                0x08003804                HAL_RCC_GetClockConfig
 .text.TIM_Base_SetConfig
                0x08003840       0x88 CMakeFiles/ISD2190.elf.dir/Drivers/STM32L1xx_HAL_Driver/Src/stm32l1xx_hal_tim.c.obj
 .text.TIM_TI1_ConfigInputStage
                0x080038c8       0x24 CMakeFiles/ISD2190.elf.dir/Drivers/STM32L1xx_HAL_Driver/Src/stm32l1xx_hal_tim.c.obj
 .text.TIM_TI2_ConfigInputStage
                0x080038ec       0x26 CMakeFiles/ISD2190.elf.dir/Drivers/STM32L1xx_HAL_Driver/Src/stm32l1xx_hal_tim.c.obj
 .text.TIM_ITRx_SetConfig
                0x08003912       0x10 CMakeFiles/ISD2190.elf.dir/Drivers/STM32L1xx_HAL_Driver/Src/stm32l1xx_hal_tim.c.obj
 .text.TIM_ETR_SetConfig
                0x08003922       0x18 CMakeFiles/ISD2190.elf.dir/Drivers/STM32L1xx_HAL_Driver/Src/stm32l1xx_hal_tim.c.obj
 .text.HAL_TIM_Base_Init
                0x0800393a       0x48 CMakeFiles/ISD2190.elf.dir/Drivers/STM32L1xx_HAL_Driver/Src/stm32l1xx_hal_tim.c.obj
                0x0800393a                HAL_TIM_Base_Init
 *fill*         0x08003982        0x2 
 .text.HAL_TIM_Base_Start_IT
                0x08003984       0x68 CMakeFiles/ISD2190.elf.dir/Drivers/STM32L1xx_HAL_Driver/Src/stm32l1xx_hal_tim.c.obj
                0x08003984                HAL_TIM_Base_Start_IT
 .text.HAL_TIM_Base_Stop_IT
                0x080039ec       0x28 CMakeFiles/ISD2190.elf.dir/Drivers/STM32L1xx_HAL_Driver/Src/stm32l1xx_hal_tim.c.obj
                0x080039ec                HAL_TIM_Base_Stop_IT
 .text.HAL_TIM_ConfigClockSource
                0x08003a14       0xfe CMakeFiles/ISD2190.elf.dir/Drivers/STM32L1xx_HAL_Driver/Src/stm32l1xx_hal_tim.c.obj
                0x08003a14                HAL_TIM_ConfigClockSource
 .text.HAL_TIM_OC_DelayElapsedCallback
                0x08003b12        0x2 CMakeFiles/ISD2190.elf.dir/Drivers/STM32L1xx_HAL_Driver/Src/stm32l1xx_hal_tim.c.obj
                0x08003b12                HAL_TIM_OC_DelayElapsedCallback
 .text.HAL_TIM_IC_CaptureCallback
                0x08003b14        0x2 CMakeFiles/ISD2190.elf.dir/Drivers/STM32L1xx_HAL_Driver/Src/stm32l1xx_hal_tim.c.obj
                0x08003b14                HAL_TIM_IC_CaptureCallback
 .text.HAL_TIM_PWM_PulseFinishedCallback
                0x08003b16        0x2 CMakeFiles/ISD2190.elf.dir/Drivers/STM32L1xx_HAL_Driver/Src/stm32l1xx_hal_tim.c.obj
                0x08003b16                HAL_TIM_PWM_PulseFinishedCallback
 .text.HAL_TIM_TriggerCallback
                0x08003b18        0x2 CMakeFiles/ISD2190.elf.dir/Drivers/STM32L1xx_HAL_Driver/Src/stm32l1xx_hal_tim.c.obj
                0x08003b18                HAL_TIM_TriggerCallback
 .text.HAL_TIM_IRQHandler
                0x08003b1a      0x13a CMakeFiles/ISD2190.elf.dir/Drivers/STM32L1xx_HAL_Driver/Src/stm32l1xx_hal_tim.c.obj
                0x08003b1a                HAL_TIM_IRQHandler
 .text.HAL_TIMEx_MasterConfigSynchronization
                0x08003c54       0x6c CMakeFiles/ISD2190.elf.dir/Drivers/STM32L1xx_HAL_Driver/Src/stm32l1xx_hal_tim_ex.c.obj
                0x08003c54                HAL_TIMEx_MasterConfigSynchronization
 .text.UART_EndTxTransfer
                0x08003cc0       0x20 CMakeFiles/ISD2190.elf.dir/Drivers/STM32L1xx_HAL_Driver/Src/stm32l1xx_hal_uart.c.obj
 .text.UART_EndRxTransfer
                0x08003ce0       0x5c CMakeFiles/ISD2190.elf.dir/Drivers/STM32L1xx_HAL_Driver/Src/stm32l1xx_hal_uart.c.obj
 .text.UART_Transmit_IT
                0x08003d3c       0x60 CMakeFiles/ISD2190.elf.dir/Drivers/STM32L1xx_HAL_Driver/Src/stm32l1xx_hal_uart.c.obj
 .text.UART_SetConfig
                0x08003d9c       0xdc CMakeFiles/ISD2190.elf.dir/Drivers/STM32L1xx_HAL_Driver/Src/stm32l1xx_hal_uart.c.obj
 .text.UART_WaitOnFlagUntilTimeout
                0x08003e78       0x88 CMakeFiles/ISD2190.elf.dir/Drivers/STM32L1xx_HAL_Driver/Src/stm32l1xx_hal_uart.c.obj
 .text.HAL_UART_Init
                0x08003f00       0x60 CMakeFiles/ISD2190.elf.dir/Drivers/STM32L1xx_HAL_Driver/Src/stm32l1xx_hal_uart.c.obj
                0x08003f00                HAL_UART_Init
 .text.HAL_UART_Transmit
                0x08003f60       0xbe CMakeFiles/ISD2190.elf.dir/Drivers/STM32L1xx_HAL_Driver/Src/stm32l1xx_hal_uart.c.obj
                0x08003f60                HAL_UART_Transmit
 *fill*         0x0800401e        0x2 
 .text.HAL_UART_Transmit_DMA
                0x08004020       0x84 CMakeFiles/ISD2190.elf.dir/Drivers/STM32L1xx_HAL_Driver/Src/stm32l1xx_hal_uart.c.obj
                0x08004020                HAL_UART_Transmit_DMA
 .text.HAL_UART_TxCpltCallback
                0x080040a4        0x2 CMakeFiles/ISD2190.elf.dir/Drivers/STM32L1xx_HAL_Driver/Src/stm32l1xx_hal_uart.c.obj
                0x080040a4                HAL_UART_TxCpltCallback
 .text.UART_DMATransmitCplt
                0x080040a6       0x4c CMakeFiles/ISD2190.elf.dir/Drivers/STM32L1xx_HAL_Driver/Src/stm32l1xx_hal_uart.c.obj
 .text.UART_EndTransmit_IT
                0x080040f2       0x1a CMakeFiles/ISD2190.elf.dir/Drivers/STM32L1xx_HAL_Driver/Src/stm32l1xx_hal_uart.c.obj
 .text.HAL_UART_TxHalfCpltCallback
                0x0800410c        0x2 CMakeFiles/ISD2190.elf.dir/Drivers/STM32L1xx_HAL_Driver/Src/stm32l1xx_hal_uart.c.obj
                0x0800410c                HAL_UART_TxHalfCpltCallback
 .text.UART_DMATxHalfCplt
                0x0800410e        0xa CMakeFiles/ISD2190.elf.dir/Drivers/STM32L1xx_HAL_Driver/Src/stm32l1xx_hal_uart.c.obj
 .text.HAL_UART_RxCpltCallback
                0x08004118        0x2 CMakeFiles/ISD2190.elf.dir/Drivers/STM32L1xx_HAL_Driver/Src/stm32l1xx_hal_uart.c.obj
                0x08004118                HAL_UART_RxCpltCallback
 .text.HAL_UART_RxHalfCpltCallback
                0x0800411a        0x2 CMakeFiles/ISD2190.elf.dir/Drivers/STM32L1xx_HAL_Driver/Src/stm32l1xx_hal_uart.c.obj
                0x0800411a                HAL_UART_RxHalfCpltCallback
 .text.HAL_UART_ErrorCallback
                0x0800411c        0x2 CMakeFiles/ISD2190.elf.dir/Drivers/STM32L1xx_HAL_Driver/Src/stm32l1xx_hal_uart.c.obj
                0x0800411c                HAL_UART_ErrorCallback
 .text.UART_DMAError
                0x0800411e       0x58 CMakeFiles/ISD2190.elf.dir/Drivers/STM32L1xx_HAL_Driver/Src/stm32l1xx_hal_uart.c.obj
 .text.UART_DMAAbortOnError
                0x08004176       0x10 CMakeFiles/ISD2190.elf.dir/Drivers/STM32L1xx_HAL_Driver/Src/stm32l1xx_hal_uart.c.obj
 .text.UART_Receive_IT
                0x08004186       0xe6 CMakeFiles/ISD2190.elf.dir/Drivers/STM32L1xx_HAL_Driver/Src/stm32l1xx_hal_uart.c.obj
 .text.HAL_UART_IRQHandler
                0x0800426c      0x288 CMakeFiles/ISD2190.elf.dir/Drivers/STM32L1xx_HAL_Driver/Src/stm32l1xx_hal_uart.c.obj
                0x0800426c                HAL_UART_IRQHandler
 .text.UART_DMARxHalfCplt
                0x080044f4       0x1e CMakeFiles/ISD2190.elf.dir/Drivers/STM32L1xx_HAL_Driver/Src/stm32l1xx_hal_uart.c.obj
 .text.UART_DMAReceiveCplt
                0x08004512       0x9a CMakeFiles/ISD2190.elf.dir/Drivers/STM32L1xx_HAL_Driver/Src/stm32l1xx_hal_uart.c.obj
 .text.UART_Start_Receive_DMA
                0x080045ac       0xa4 CMakeFiles/ISD2190.elf.dir/Drivers/STM32L1xx_HAL_Driver/Src/stm32l1xx_hal_uart.c.obj
                0x080045ac                UART_Start_Receive_DMA
 .text.HAL_UARTEx_ReceiveToIdle_DMA
                0x08004650       0x66 CMakeFiles/ISD2190.elf.dir/Drivers/STM32L1xx_HAL_Driver/Src/stm32l1xx_hal_uart.c.obj
                0x08004650                HAL_UARTEx_ReceiveToIdle_DMA
 *fill*         0x080046b6        0x2 
 .text.osKernelInitialize
                0x080046b8       0x44 CMakeFiles/ISD2190.elf.dir/Middlewares/Third_Party/FreeRTOS/Source/CMSIS_RTOS_V2/cmsis_os2.c.obj
                0x080046b8                osKernelInitialize
 .text.osKernelStart
                0x080046fc       0x4c CMakeFiles/ISD2190.elf.dir/Middlewares/Third_Party/FreeRTOS/Source/CMSIS_RTOS_V2/cmsis_os2.c.obj
                0x080046fc                osKernelStart
 .text.osThreadNew
                0x08004748       0xf0 CMakeFiles/ISD2190.elf.dir/Middlewares/Third_Party/FreeRTOS/Source/CMSIS_RTOS_V2/cmsis_os2.c.obj
                0x08004748                osThreadNew
 .text.osDelay  0x08004838       0x44 CMakeFiles/ISD2190.elf.dir/Middlewares/Third_Party/FreeRTOS/Source/CMSIS_RTOS_V2/cmsis_os2.c.obj
                0x08004838                osDelay
 .text.vApplicationGetIdleTaskMemory
                0x0800487c       0x18 CMakeFiles/ISD2190.elf.dir/Middlewares/Third_Party/FreeRTOS/Source/CMSIS_RTOS_V2/cmsis_os2.c.obj
                0x0800487c                vApplicationGetIdleTaskMemory
 .text.vApplicationGetTimerTaskMemory
                0x08004894       0x18 CMakeFiles/ISD2190.elf.dir/Middlewares/Third_Party/FreeRTOS/Source/CMSIS_RTOS_V2/cmsis_os2.c.obj
                0x08004894                vApplicationGetTimerTaskMemory
 .text.vListInitialise
                0x080048ac       0x16 CMakeFiles/ISD2190.elf.dir/Middlewares/Third_Party/FreeRTOS/Source/list.c.obj
                0x080048ac                vListInitialise
 .text.vListInitialiseItem
                0x080048c2        0x6 CMakeFiles/ISD2190.elf.dir/Middlewares/Third_Party/FreeRTOS/Source/list.c.obj
                0x080048c2                vListInitialiseItem
 .text.vListInsertEnd
                0x080048c8       0x16 CMakeFiles/ISD2190.elf.dir/Middlewares/Third_Party/FreeRTOS/Source/list.c.obj
                0x080048c8                vListInsertEnd
 .text.vListInsert
                0x080048de       0x32 CMakeFiles/ISD2190.elf.dir/Middlewares/Third_Party/FreeRTOS/Source/list.c.obj
                0x080048de                vListInsert
 .text.uxListRemove
                0x08004910       0x26 CMakeFiles/ISD2190.elf.dir/Middlewares/Third_Party/FreeRTOS/Source/list.c.obj
                0x08004910                uxListRemove
 *fill*         0x08004936        0x2 
 .text.prvTaskExitError
                0x08004938       0x40 CMakeFiles/ISD2190.elf.dir/Middlewares/Third_Party/FreeRTOS/Source/portable/GCC/ARM_CM3/port.c.obj
 .text.prvPortStartFirstTask
                0x08004978       0x20 CMakeFiles/ISD2190.elf.dir/Middlewares/Third_Party/FreeRTOS/Source/portable/GCC/ARM_CM3/port.c.obj
 .text.pxPortInitialiseStack
                0x08004998       0x24 CMakeFiles/ISD2190.elf.dir/Middlewares/Third_Party/FreeRTOS/Source/portable/GCC/ARM_CM3/port.c.obj
                0x08004998                pxPortInitialiseStack
 *fill*         0x080049bc        0x4 
 .text.SVC_Handler
                0x080049c0       0x24 CMakeFiles/ISD2190.elf.dir/Middlewares/Third_Party/FreeRTOS/Source/portable/GCC/ARM_CM3/port.c.obj
                0x080049c0                SVC_Handler
 .text.vPortEnterCritical
                0x080049e4       0x44 CMakeFiles/ISD2190.elf.dir/Middlewares/Third_Party/FreeRTOS/Source/portable/GCC/ARM_CM3/port.c.obj
                0x080049e4                vPortEnterCritical
 .text.vPortExitCritical
                0x08004a28       0x2c CMakeFiles/ISD2190.elf.dir/Middlewares/Third_Party/FreeRTOS/Source/portable/GCC/ARM_CM3/port.c.obj
                0x08004a28                vPortExitCritical
 *fill*         0x08004a54        0xc 
 .text.PendSV_Handler
                0x08004a60       0x44 CMakeFiles/ISD2190.elf.dir/Middlewares/Third_Party/FreeRTOS/Source/portable/GCC/ARM_CM3/port.c.obj
                0x08004a60                PendSV_Handler
 .text.SysTick_Handler
                0x08004aa4       0x2c CMakeFiles/ISD2190.elf.dir/Middlewares/Third_Party/FreeRTOS/Source/portable/GCC/ARM_CM3/port.c.obj
                0x08004aa4                SysTick_Handler
 .text.vPortSetupTimerInterrupt
                0x08004ad0       0x28 CMakeFiles/ISD2190.elf.dir/Middlewares/Third_Party/FreeRTOS/Source/portable/GCC/ARM_CM3/port.c.obj
                0x08004ad0                vPortSetupTimerInterrupt
 .text.xPortStartScheduler
                0x08004af8       0xc0 CMakeFiles/ISD2190.elf.dir/Middlewares/Third_Party/FreeRTOS/Source/portable/GCC/ARM_CM3/port.c.obj
                0x08004af8                xPortStartScheduler
 .text.vPortValidateInterruptPriority
                0x08004bb8       0x5c CMakeFiles/ISD2190.elf.dir/Middlewares/Third_Party/FreeRTOS/Source/portable/GCC/ARM_CM3/port.c.obj
                0x08004bb8                vPortValidateInterruptPriority
 .text.prvHeapInit
                0x08004c14       0x64 CMakeFiles/ISD2190.elf.dir/Middlewares/Third_Party/FreeRTOS/Source/portable/MemMang/heap_4.c.obj
 .text.prvInsertBlockIntoFreeList
                0x08004c78       0x60 CMakeFiles/ISD2190.elf.dir/Middlewares/Third_Party/FreeRTOS/Source/portable/MemMang/heap_4.c.obj
 .text.pvPortMalloc
                0x08004cd8       0xf0 CMakeFiles/ISD2190.elf.dir/Middlewares/Third_Party/FreeRTOS/Source/portable/MemMang/heap_4.c.obj
                0x08004cd8                pvPortMalloc
 .text.vPortFree
                0x08004dc8       0x70 CMakeFiles/ISD2190.elf.dir/Middlewares/Third_Party/FreeRTOS/Source/portable/MemMang/heap_4.c.obj
                0x08004dc8                vPortFree
 .text.prvIsQueueFull
                0x08004e38       0x1e CMakeFiles/ISD2190.elf.dir/Middlewares/Third_Party/FreeRTOS/Source/queue.c.obj
 .text.prvIsQueueEmpty
                0x08004e56       0x1a CMakeFiles/ISD2190.elf.dir/Middlewares/Third_Party/FreeRTOS/Source/queue.c.obj
 .text.prvCopyDataToQueue
                0x08004e70       0x76 CMakeFiles/ISD2190.elf.dir/Middlewares/Third_Party/FreeRTOS/Source/queue.c.obj
 .text.prvCopyDataFromQueue
                0x08004ee6       0x24 CMakeFiles/ISD2190.elf.dir/Middlewares/Third_Party/FreeRTOS/Source/queue.c.obj
 .text.prvUnlockQueue
                0x08004f0a       0x6e CMakeFiles/ISD2190.elf.dir/Middlewares/Third_Party/FreeRTOS/Source/queue.c.obj
 .text.xQueueGenericReset
                0x08004f78       0x84 CMakeFiles/ISD2190.elf.dir/Middlewares/Third_Party/FreeRTOS/Source/queue.c.obj
                0x08004f78                xQueueGenericReset
 .text.prvInitialiseNewQueue
                0x08004ffc       0x22 CMakeFiles/ISD2190.elf.dir/Middlewares/Third_Party/FreeRTOS/Source/queue.c.obj
 .text.xQueueGenericCreateStatic
                0x0800501e       0x92 CMakeFiles/ISD2190.elf.dir/Middlewares/Third_Party/FreeRTOS/Source/queue.c.obj
                0x0800501e                xQueueGenericCreateStatic
 .text.xQueueGenericCreate
                0x080050b0       0x4e CMakeFiles/ISD2190.elf.dir/Middlewares/Third_Party/FreeRTOS/Source/queue.c.obj
                0x080050b0                xQueueGenericCreate
 .text.xQueueGenericSend
                0x080050fe      0x188 CMakeFiles/ISD2190.elf.dir/Middlewares/Third_Party/FreeRTOS/Source/queue.c.obj
                0x080050fe                xQueueGenericSend
 .text.xQueueGenericSendFromISR
                0x08005286       0xcc CMakeFiles/ISD2190.elf.dir/Middlewares/Third_Party/FreeRTOS/Source/queue.c.obj
                0x08005286                xQueueGenericSendFromISR
 .text.xQueueReceive
                0x08005352      0x15e CMakeFiles/ISD2190.elf.dir/Middlewares/Third_Party/FreeRTOS/Source/queue.c.obj
                0x08005352                xQueueReceive
 .text.vQueueAddToRegistry
                0x080054b0       0x28 CMakeFiles/ISD2190.elf.dir/Middlewares/Third_Party/FreeRTOS/Source/queue.c.obj
                0x080054b0                vQueueAddToRegistry
 .text.vQueueWaitForMessageRestricted
                0x080054d8       0x52 CMakeFiles/ISD2190.elf.dir/Middlewares/Third_Party/FreeRTOS/Source/queue.c.obj
                0x080054d8                vQueueWaitForMessageRestricted
 *fill*         0x0800552a        0x2 
 .text.prvResetNextTaskUnblockTime
                0x0800552c       0x2c CMakeFiles/ISD2190.elf.dir/Middlewares/Third_Party/FreeRTOS/Source/tasks.c.obj
 .text.prvInitialiseNewTask
                0x08005558       0xfa CMakeFiles/ISD2190.elf.dir/Middlewares/Third_Party/FreeRTOS/Source/tasks.c.obj
 *fill*         0x08005652        0x2 
 .text.prvInitialiseTaskLists
                0x08005654       0x68 CMakeFiles/ISD2190.elf.dir/Middlewares/Third_Party/FreeRTOS/Source/tasks.c.obj
 .text.prvAddNewTaskToReadyList
                0x080056bc       0xac CMakeFiles/ISD2190.elf.dir/Middlewares/Third_Party/FreeRTOS/Source/tasks.c.obj
 .text.prvDeleteTCB
                0x08005768       0x40 CMakeFiles/ISD2190.elf.dir/Middlewares/Third_Party/FreeRTOS/Source/tasks.c.obj
 .text.prvCheckTasksWaitingTermination
                0x080057a8       0x4c CMakeFiles/ISD2190.elf.dir/Middlewares/Third_Party/FreeRTOS/Source/tasks.c.obj
 .text.prvIdleTask
                0x080057f4       0x28 CMakeFiles/ISD2190.elf.dir/Middlewares/Third_Party/FreeRTOS/Source/tasks.c.obj
 .text.prvAddCurrentTaskToDelayedList
                0x0800581c       0x7c CMakeFiles/ISD2190.elf.dir/Middlewares/Third_Party/FreeRTOS/Source/tasks.c.obj
 .text.xTaskCreateStatic
                0x08005898       0x78 CMakeFiles/ISD2190.elf.dir/Middlewares/Third_Party/FreeRTOS/Source/tasks.c.obj
                0x08005898                xTaskCreateStatic
 .text.xTaskCreate
                0x08005910       0x6a CMakeFiles/ISD2190.elf.dir/Middlewares/Third_Party/FreeRTOS/Source/tasks.c.obj
                0x08005910                xTaskCreate
 *fill*         0x0800597a        0x2 
 .text.vTaskStartScheduler
                0x0800597c       0xac CMakeFiles/ISD2190.elf.dir/Middlewares/Third_Party/FreeRTOS/Source/tasks.c.obj
                0x0800597c                vTaskStartScheduler
 .text.vTaskSuspendAll
                0x08005a28       0x10 CMakeFiles/ISD2190.elf.dir/Middlewares/Third_Party/FreeRTOS/Source/tasks.c.obj
                0x08005a28                vTaskSuspendAll
 .text.xTaskGetTickCount
                0x08005a38        0xc CMakeFiles/ISD2190.elf.dir/Middlewares/Third_Party/FreeRTOS/Source/tasks.c.obj
                0x08005a38                xTaskGetTickCount
 .text.xTaskIncrementTick
                0x08005a44      0x118 CMakeFiles/ISD2190.elf.dir/Middlewares/Third_Party/FreeRTOS/Source/tasks.c.obj
                0x08005a44                xTaskIncrementTick
 .text.xTaskResumeAll
                0x08005b5c       0xf8 CMakeFiles/ISD2190.elf.dir/Middlewares/Third_Party/FreeRTOS/Source/tasks.c.obj
                0x08005b5c                xTaskResumeAll
 .text.vTaskDelay
                0x08005c54       0x4c CMakeFiles/ISD2190.elf.dir/Middlewares/Third_Party/FreeRTOS/Source/tasks.c.obj
                0x08005c54                vTaskDelay
 .text.vTaskSwitchContext
                0x08005ca0       0xa0 CMakeFiles/ISD2190.elf.dir/Middlewares/Third_Party/FreeRTOS/Source/tasks.c.obj
                0x08005ca0                vTaskSwitchContext
 .text.vTaskPlaceOnEventList
                0x08005d40       0x30 CMakeFiles/ISD2190.elf.dir/Middlewares/Third_Party/FreeRTOS/Source/tasks.c.obj
                0x08005d40                vTaskPlaceOnEventList
 .text.vTaskPlaceOnEventListRestricted
                0x08005d70       0x38 CMakeFiles/ISD2190.elf.dir/Middlewares/Third_Party/FreeRTOS/Source/tasks.c.obj
                0x08005d70                vTaskPlaceOnEventListRestricted
 .text.xTaskRemoveFromEventList
                0x08005da8       0x8c CMakeFiles/ISD2190.elf.dir/Middlewares/Third_Party/FreeRTOS/Source/tasks.c.obj
                0x08005da8                xTaskRemoveFromEventList
 .text.vTaskInternalSetTimeOutState
                0x08005e34       0x18 CMakeFiles/ISD2190.elf.dir/Middlewares/Third_Party/FreeRTOS/Source/tasks.c.obj
                0x08005e34                vTaskInternalSetTimeOutState
 .text.xTaskCheckForTimeOut
                0x08005e4c       0x84 CMakeFiles/ISD2190.elf.dir/Middlewares/Third_Party/FreeRTOS/Source/tasks.c.obj
                0x08005e4c                xTaskCheckForTimeOut
 .text.vTaskMissedYield
                0x08005ed0        0xc CMakeFiles/ISD2190.elf.dir/Middlewares/Third_Party/FreeRTOS/Source/tasks.c.obj
                0x08005ed0                vTaskMissedYield
 .text.xTaskGetSchedulerState
                0x08005edc       0x20 CMakeFiles/ISD2190.elf.dir/Middlewares/Third_Party/FreeRTOS/Source/tasks.c.obj
                0x08005edc                xTaskGetSchedulerState
 .text.xTaskPriorityDisinherit
                0x08005efc       0x90 CMakeFiles/ISD2190.elf.dir/Middlewares/Third_Party/FreeRTOS/Source/tasks.c.obj
                0x08005efc                xTaskPriorityDisinherit
 .text.prvGetNextExpireTime
                0x08005f8c       0x20 CMakeFiles/ISD2190.elf.dir/Middlewares/Third_Party/FreeRTOS/Source/timers.c.obj
 .text.prvInsertTimerInActiveList
                0x08005fac       0x48 CMakeFiles/ISD2190.elf.dir/Middlewares/Third_Party/FreeRTOS/Source/timers.c.obj
 .text.prvCheckForValidListAndQueue
                0x08005ff4       0x70 CMakeFiles/ISD2190.elf.dir/Middlewares/Third_Party/FreeRTOS/Source/timers.c.obj
 .text.xTimerCreateTimerTask
                0x08006064       0x64 CMakeFiles/ISD2190.elf.dir/Middlewares/Third_Party/FreeRTOS/Source/timers.c.obj
                0x08006064                xTimerCreateTimerTask
 .text.xTimerGenericCommand
                0x080060c8       0x6c CMakeFiles/ISD2190.elf.dir/Middlewares/Third_Party/FreeRTOS/Source/timers.c.obj
                0x080060c8                xTimerGenericCommand
 .text.prvSwitchTimerLists
                0x08006134       0x78 CMakeFiles/ISD2190.elf.dir/Middlewares/Third_Party/FreeRTOS/Source/timers.c.obj
 .text.prvSampleTimeNow
                0x080061ac       0x2c CMakeFiles/ISD2190.elf.dir/Middlewares/Third_Party/FreeRTOS/Source/timers.c.obj
 .text.prvProcessExpiredTimer
                0x080061d8       0x60 CMakeFiles/ISD2190.elf.dir/Middlewares/Third_Party/FreeRTOS/Source/timers.c.obj
 .text.prvProcessTimerOrBlockTask
                0x08006238       0x74 CMakeFiles/ISD2190.elf.dir/Middlewares/Third_Party/FreeRTOS/Source/timers.c.obj
 .text.prvProcessReceivedCommands
                0x080062ac       0xf8 CMakeFiles/ISD2190.elf.dir/Middlewares/Third_Party/FreeRTOS/Source/timers.c.obj
 .text.prvTimerTask
                0x080063a4       0x16 CMakeFiles/ISD2190.elf.dir/Middlewares/Third_Party/FreeRTOS/Source/timers.c.obj
 *fill*         0x080063ba        0x2 
 .text.Data_Collect
                0x080063bc      0x2c8 CMakeFiles/ISD2190.elf.dir/User/CollectData.c.obj
                0x080063bc                Data_Collect
 .text.HAL_UARTEx_RxEventCallback
                0x08006684       0xe0 CMakeFiles/ISD2190.elf.dir/User/CollectData.c.obj
                0x08006684                HAL_UARTEx_RxEventCallback
 .text.HAL_ADC_ConvCpltCallback
                0x08006764       0x24 CMakeFiles/ISD2190.elf.dir/User/CollectData.c.obj
                0x08006764                HAL_ADC_ConvCpltCallback
 .text.Init_VM  0x08006788       0x28 CMakeFiles/ISD2190.elf.dir/User/VMxx.c.obj
                0x08006788                Init_VM
 .text.Scan_VM  0x080067b0       0x28 CMakeFiles/ISD2190.elf.dir/User/VMxx.c.obj
                0x080067b0                Scan_VM
 .text.CRC_Check
                0x080067d8       0x42 CMakeFiles/ISD2190.elf.dir/User/bt4531.c.obj
                0x080067d8                CRC_Check
 *fill*         0x0800681a        0x2 
 .text.ConfigSend
                0x0800681c      0x114 CMakeFiles/ISD2190.elf.dir/User/bt4531.c.obj
                0x0800681c                ConfigSend
 .text.TotalConfigSend
                0x08006930      0x154 CMakeFiles/ISD2190.elf.dir/User/bt4531.c.obj
                0x08006930                TotalConfigSend
 .text.DataSend
                0x08006a84      0x108 CMakeFiles/ISD2190.elf.dir/User/bt4531.c.obj
                0x08006a84                DataSend
 .text.TotalDataSend
                0x08006b8c      0x13c CMakeFiles/ISD2190.elf.dir/User/bt4531.c.obj
                0x08006b8c                TotalDataSend
 .text.StatuCallback
                0x08006cc8       0x38 CMakeFiles/ISD2190.elf.dir/User/bt4531.c.obj
                0x08006cc8                StatuCallback
 .text.ConfigInit
                0x08006d00       0x44 CMakeFiles/ISD2190.elf.dir/User/bt4531.c.obj
                0x08006d00                ConfigInit
 .text.BleProcess
                0x08006d44      0x1c0 CMakeFiles/ISD2190.elf.dir/User/bt4531.c.obj
                0x08006d44                BleProcess
 .text.Flash_Write
                0x08006f04       0x78 CMakeFiles/ISD2190.elf.dir/User/flash.c.obj
                0x08006f04                Flash_Write
 .text.Flash_Read
                0x08006f7c       0x38 CMakeFiles/ISD2190.elf.dir/User/flash.c.obj
                0x08006f7c                Flash_Read
 *fill*         0x08006fb4        0x4 
 .text.BMYBJ_YB
                0x08006fb8       0x78 CMakeFiles/ISD2190.elf.dir/User/hardware.c.obj
                0x08006fb8                BMYBJ_YB
 .text.MRYBJ_YB
                0x08007030       0x78 CMakeFiles/ISD2190.elf.dir/User/hardware.c.obj
                0x08007030                MRYBJ_YB
 .text.GJJ_YL   0x080070a8       0xc4 CMakeFiles/ISD2190.elf.dir/User/hardware.c.obj
                0x080070a8                GJJ_YL
 *fill*         0x0800716c        0x4 
 .text.TYLH_YL_MPa
                0x08007170       0xc4 CMakeFiles/ISD2190.elf.dir/User/hardware.c.obj
                0x08007170                TYLH_YL_MPa
 *fill*         0x08007234        0x4 
 .text.SYJ_YL_MPa
                0x08007238      0x138 CMakeFiles/ISD2190.elf.dir/User/hardware.c.obj
                0x08007238                SYJ_YL_MPa
 .text.MSJ_YL_KN
                0x08007370      0x180 CMakeFiles/ISD2190.elf.dir/User/hardware.c.obj
                0x08007370                MSJ_YL_KN
 .text.calcuTem
                0x080074f0       0x48 CMakeFiles/ISD2190.elf.dir/User/temp.c.obj
                0x080074f0                calcuTem
 .text.calcuTemps
                0x08007538       0x1e CMakeFiles/ISD2190.elf.dir/User/temp.c.obj
                0x08007538                calcuTemps
 *fill*         0x08007556        0x2 
 .text.__errno  0x08007558        0xc d:/clion/gcc-arm-none-eabi-10.3-2021.10/bin/../lib/gcc/arm-none-eabi/10.3.1/../../../../arm-none-eabi/lib/thumb/v7-m/nofp\libg.a(lib_a-errno.o)
                0x08007558                __errno
 .text.__libc_init_array
                0x08007564       0x48 d:/clion/gcc-arm-none-eabi-10.3-2021.10/bin/../lib/gcc/arm-none-eabi/10.3.1/../../../../arm-none-eabi/lib/thumb/v7-m/nofp\libg.a(lib_a-init.o)
                0x08007564                __libc_init_array
 .text.memset   0x080075ac       0xa4 d:/clion/gcc-arm-none-eabi-10.3-2021.10/bin/../lib/gcc/arm-none-eabi/10.3.1/../../../../arm-none-eabi/lib/thumb/v7-m/nofp\libg.a(lib_a-memset.o)
                0x080075ac                memset
 .text._puts_r  0x08007650       0x9c d:/clion/gcc-arm-none-eabi-10.3-2021.10/bin/../lib/gcc/arm-none-eabi/10.3.1/../../../../arm-none-eabi/lib/thumb/v7-m/nofp\libg.a(lib_a-puts.o)
                0x08007650                _puts_r
 .text.puts     0x080076ec       0x10 d:/clion/gcc-arm-none-eabi-10.3-2021.10/bin/../lib/gcc/arm-none-eabi/10.3.1/../../../../arm-none-eabi/lib/thumb/v7-m/nofp\libg.a(lib_a-puts.o)
                0x080076ec                puts
 .text.cleanup_glue
                0x080076fc       0x48 d:/clion/gcc-arm-none-eabi-10.3-2021.10/bin/../lib/gcc/arm-none-eabi/10.3.1/../../../../arm-none-eabi/lib/thumb/v7-m/nofp\libg.a(lib_a-reent.o)
                0x080076fc                cleanup_glue
 .text._reclaim_reent
                0x08007744       0x90 d:/clion/gcc-arm-none-eabi-10.3-2021.10/bin/../lib/gcc/arm-none-eabi/10.3.1/../../../../arm-none-eabi/lib/thumb/v7-m/nofp\libg.a(lib_a-reent.o)
                0x08007744                _reclaim_reent
 .text.strlen   0x080077d4       0x5c d:/clion/gcc-arm-none-eabi-10.3-2021.10/bin/../lib/gcc/arm-none-eabi/10.3.1/../../../../arm-none-eabi/lib/thumb/v7-m/nofp\libg.a(lib_a-strlen-stub.o)
                0x080077d4                strlen
 .text.startup.register_fini
                0x08007830       0x14 d:/clion/gcc-arm-none-eabi-10.3-2021.10/bin/../lib/gcc/arm-none-eabi/10.3.1/../../../../arm-none-eabi/lib/thumb/v7-m/nofp\libg.a(lib_a-__call_atexit.o)
 .text.atexit   0x08007844        0xc d:/clion/gcc-arm-none-eabi-10.3-2021.10/bin/../lib/gcc/arm-none-eabi/10.3.1/../../../../arm-none-eabi/lib/thumb/v7-m/nofp\libg.a(lib_a-atexit.o)
                0x08007844                atexit
 .text._cleanup_r
                0x08007850        0xc d:/clion/gcc-arm-none-eabi-10.3-2021.10/bin/../lib/gcc/arm-none-eabi/10.3.1/../../../../arm-none-eabi/lib/thumb/v7-m/nofp\libg.a(lib_a-findfp.o)
                0x08007850                _cleanup_r
 .text.__sinit  0x0800785c      0x10c d:/clion/gcc-arm-none-eabi-10.3-2021.10/bin/../lib/gcc/arm-none-eabi/10.3.1/../../../../arm-none-eabi/lib/thumb/v7-m/nofp\libg.a(lib_a-findfp.o)
                0x0800785c                __sinit
 .text.__sfp_lock_acquire
                0x08007968        0xc d:/clion/gcc-arm-none-eabi-10.3-2021.10/bin/../lib/gcc/arm-none-eabi/10.3.1/../../../../arm-none-eabi/lib/thumb/v7-m/nofp\libg.a(lib_a-findfp.o)
                0x08007968                __sfp_lock_acquire
 .text.__sfp_lock_release
                0x08007974        0xc d:/clion/gcc-arm-none-eabi-10.3-2021.10/bin/../lib/gcc/arm-none-eabi/10.3.1/../../../../arm-none-eabi/lib/thumb/v7-m/nofp\libg.a(lib_a-findfp.o)
                0x08007974                __sfp_lock_release
 .text.__libc_fini_array
                0x08007980       0x2c d:/clion/gcc-arm-none-eabi-10.3-2021.10/bin/../lib/gcc/arm-none-eabi/10.3.1/../../../../arm-none-eabi/lib/thumb/v7-m/nofp\libg.a(lib_a-fini.o)
                0x08007980                __libc_fini_array
 .text._malloc_trim_r
                0x080079ac       0xa0 d:/clion/gcc-arm-none-eabi-10.3-2021.10/bin/../lib/gcc/arm-none-eabi/10.3.1/../../../../arm-none-eabi/lib/thumb/v7-m/nofp\libg.a(lib_a-freer.o)
                0x080079ac                _malloc_trim_r
 .text._free_r  0x08007a4c      0x200 d:/clion/gcc-arm-none-eabi-10.3-2021.10/bin/../lib/gcc/arm-none-eabi/10.3.1/../../../../arm-none-eabi/lib/thumb/v7-m/nofp\libg.a(lib_a-freer.o)
                0x08007a4c                _free_r
 .text.__sfvwrite_r
                0x08007c4c      0x2f0 d:/clion/gcc-arm-none-eabi-10.3-2021.10/bin/../lib/gcc/arm-none-eabi/10.3.1/../../../../arm-none-eabi/lib/thumb/v7-m/nofp\libg.a(lib_a-fvwrite.o)
                0x08007c4c                __sfvwrite_r
 .text._fwalk_reent
                0x08007f3c       0x48 d:/clion/gcc-arm-none-eabi-10.3-2021.10/bin/../lib/gcc/arm-none-eabi/10.3.1/../../../../arm-none-eabi/lib/thumb/v7-m/nofp\libg.a(lib_a-fwalk.o)
                0x08007f3c                _fwalk_reent
 .text.__retarget_lock_init_recursive
                0x08007f84        0x4 d:/clion/gcc-arm-none-eabi-10.3-2021.10/bin/../lib/gcc/arm-none-eabi/10.3.1/../../../../arm-none-eabi/lib/thumb/v7-m/nofp\libg.a(lib_a-lock.o)
                0x08007f84                __retarget_lock_init_recursive
 .text.__retarget_lock_close_recursive
                0x08007f88        0x4 d:/clion/gcc-arm-none-eabi-10.3-2021.10/bin/../lib/gcc/arm-none-eabi/10.3.1/../../../../arm-none-eabi/lib/thumb/v7-m/nofp\libg.a(lib_a-lock.o)
                0x08007f88                __retarget_lock_close_recursive
 .text.__retarget_lock_acquire_recursive
                0x08007f8c        0x4 d:/clion/gcc-arm-none-eabi-10.3-2021.10/bin/../lib/gcc/arm-none-eabi/10.3.1/../../../../arm-none-eabi/lib/thumb/v7-m/nofp\libg.a(lib_a-lock.o)
                0x08007f8c                __retarget_lock_acquire_recursive
 .text.__retarget_lock_release_recursive
                0x08007f90        0x4 d:/clion/gcc-arm-none-eabi-10.3-2021.10/bin/../lib/gcc/arm-none-eabi/10.3.1/../../../../arm-none-eabi/lib/thumb/v7-m/nofp\libg.a(lib_a-lock.o)
                0x08007f90                __retarget_lock_release_recursive
 .text._malloc_r
                0x08007f94      0x558 d:/clion/gcc-arm-none-eabi-10.3-2021.10/bin/../lib/gcc/arm-none-eabi/10.3.1/../../../../arm-none-eabi/lib/thumb/v7-m/nofp\libg.a(lib_a-mallocr.o)
                0x08007f94                _malloc_r
 .text.memchr   0x080084ec       0x90 d:/clion/gcc-arm-none-eabi-10.3-2021.10/bin/../lib/gcc/arm-none-eabi/10.3.1/../../../../arm-none-eabi/lib/thumb/v7-m/nofp\libg.a(lib_a-memchr-stub.o)
                0x080084ec                memchr
 .text.memmove  0x0800857c       0xf8 d:/clion/gcc-arm-none-eabi-10.3-2021.10/bin/../lib/gcc/arm-none-eabi/10.3.1/../../../../arm-none-eabi/lib/thumb/v7-m/nofp\libg.a(lib_a-memmove.o)
                0x0800857c                memmove
 .text.__malloc_lock
                0x08008674        0xc d:/clion/gcc-arm-none-eabi-10.3-2021.10/bin/../lib/gcc/arm-none-eabi/10.3.1/../../../../arm-none-eabi/lib/thumb/v7-m/nofp\libg.a(lib_a-mlock.o)
                0x08008674                __malloc_lock
 .text.__malloc_unlock
                0x08008680        0xc d:/clion/gcc-arm-none-eabi-10.3-2021.10/bin/../lib/gcc/arm-none-eabi/10.3.1/../../../../arm-none-eabi/lib/thumb/v7-m/nofp\libg.a(lib_a-mlock.o)
                0x08008680                __malloc_unlock
 .text._realloc_r
                0x0800868c      0x3dc d:/clion/gcc-arm-none-eabi-10.3-2021.10/bin/../lib/gcc/arm-none-eabi/10.3.1/../../../../arm-none-eabi/lib/thumb/v7-m/nofp\libg.a(lib_a-reallocr.o)
                0x0800868c                _realloc_r
 .text._sbrk_r  0x08008a68       0x24 d:/clion/gcc-arm-none-eabi-10.3-2021.10/bin/../lib/gcc/arm-none-eabi/10.3.1/../../../../arm-none-eabi/lib/thumb/v7-m/nofp\libg.a(lib_a-sbrkr.o)
                0x08008a68                _sbrk_r
 .text.__sread  0x08008a8c       0x24 d:/clion/gcc-arm-none-eabi-10.3-2021.10/bin/../lib/gcc/arm-none-eabi/10.3.1/../../../../arm-none-eabi/lib/thumb/v7-m/nofp\libg.a(lib_a-stdio.o)
                0x08008a8c                __sread
 .text.__swrite
                0x08008ab0       0x40 d:/clion/gcc-arm-none-eabi-10.3-2021.10/bin/../lib/gcc/arm-none-eabi/10.3.1/../../../../arm-none-eabi/lib/thumb/v7-m/nofp\libg.a(lib_a-stdio.o)
                0x08008ab0                __swrite
 .text.__sseek  0x08008af0       0x20 d:/clion/gcc-arm-none-eabi-10.3-2021.10/bin/../lib/gcc/arm-none-eabi/10.3.1/../../../../arm-none-eabi/lib/thumb/v7-m/nofp\libg.a(lib_a-stdio.o)
                0x08008af0                __sseek
 .text.__sclose
                0x08008b10        0x8 d:/clion/gcc-arm-none-eabi-10.3-2021.10/bin/../lib/gcc/arm-none-eabi/10.3.1/../../../../arm-none-eabi/lib/thumb/v7-m/nofp\libg.a(lib_a-stdio.o)
                0x08008b10                __sclose
 .text._write_r
                0x08008b18       0x2c d:/clion/gcc-arm-none-eabi-10.3-2021.10/bin/../lib/gcc/arm-none-eabi/10.3.1/../../../../arm-none-eabi/lib/thumb/v7-m/nofp\libg.a(lib_a-writer.o)
                0x08008b18                _write_r
 .text.__swsetup_r
                0x08008b44       0xd4 d:/clion/gcc-arm-none-eabi-10.3-2021.10/bin/../lib/gcc/arm-none-eabi/10.3.1/../../../../arm-none-eabi/lib/thumb/v7-m/nofp\libg.a(lib_a-wsetup.o)
                0x08008b44                __swsetup_r
 .text.__register_exitproc
                0x08008c18       0x8c d:/clion/gcc-arm-none-eabi-10.3-2021.10/bin/../lib/gcc/arm-none-eabi/10.3.1/../../../../arm-none-eabi/lib/thumb/v7-m/nofp\libg.a(lib_a-__atexit.o)
                0x08008c18                __register_exitproc
 .text._close_r
                0x08008ca4       0x24 d:/clion/gcc-arm-none-eabi-10.3-2021.10/bin/../lib/gcc/arm-none-eabi/10.3.1/../../../../arm-none-eabi/lib/thumb/v7-m/nofp\libg.a(lib_a-closer.o)
                0x08008ca4                _close_r
 .text._fclose_r
                0x08008cc8       0xcc d:/clion/gcc-arm-none-eabi-10.3-2021.10/bin/../lib/gcc/arm-none-eabi/10.3.1/../../../../arm-none-eabi/lib/thumb/v7-m/nofp\libg.a(lib_a-fclose.o)
                0x08008cc8                _fclose_r
 .text.__sflush_r
                0x08008d94      0x124 d:/clion/gcc-arm-none-eabi-10.3-2021.10/bin/../lib/gcc/arm-none-eabi/10.3.1/../../../../arm-none-eabi/lib/thumb/v7-m/nofp\libg.a(lib_a-fflush.o)
                0x08008d94                __sflush_r
 .text._fflush_r
                0x08008eb8       0x5c d:/clion/gcc-arm-none-eabi-10.3-2021.10/bin/../lib/gcc/arm-none-eabi/10.3.1/../../../../arm-none-eabi/lib/thumb/v7-m/nofp\libg.a(lib_a-fflush.o)
                0x08008eb8                _fflush_r
 .text._lseek_r
                0x08008f14       0x2c d:/clion/gcc-arm-none-eabi-10.3-2021.10/bin/../lib/gcc/arm-none-eabi/10.3.1/../../../../arm-none-eabi/lib/thumb/v7-m/nofp\libg.a(lib_a-lseekr.o)
                0x08008f14                _lseek_r
 .text.__smakebuf_r
                0x08008f40       0xe0 d:/clion/gcc-arm-none-eabi-10.3-2021.10/bin/../lib/gcc/arm-none-eabi/10.3.1/../../../../arm-none-eabi/lib/thumb/v7-m/nofp\libg.a(lib_a-makebuf.o)
                0x08008f40                __smakebuf_r
 .text._read_r  0x08009020       0x2c d:/clion/gcc-arm-none-eabi-10.3-2021.10/bin/../lib/gcc/arm-none-eabi/10.3.1/../../../../arm-none-eabi/lib/thumb/v7-m/nofp\libg.a(lib_a-readr.o)
                0x08009020                _read_r
 .text._fstat_r
                0x0800904c       0x28 d:/clion/gcc-arm-none-eabi-10.3-2021.10/bin/../lib/gcc/arm-none-eabi/10.3.1/../../../../arm-none-eabi/lib/thumb/v7-m/nofp\libg.a(lib_a-fstatr.o)
                0x0800904c                _fstat_r
 .text._isatty_r
                0x08009074       0x24 d:/clion/gcc-arm-none-eabi-10.3-2021.10/bin/../lib/gcc/arm-none-eabi/10.3.1/../../../../arm-none-eabi/lib/thumb/v7-m/nofp\libg.a(lib_a-isattyr.o)
                0x08009074                _isatty_r
 *(.glue_7)
 .glue_7        0x08009098        0x0 linker stubs
 *(.glue_7t)
 .glue_7t       0x08009098        0x0 linker stubs
 *(.eh_frame)
 .eh_frame      0x08009098        0x0 d:/clion/gcc-arm-none-eabi-10.3-2021.10/bin/../lib/gcc/arm-none-eabi/10.3.1/thumb/v7-m/nofp/crtbegin.o
 *(.init)
 .init          0x08009098        0x4 d:/clion/gcc-arm-none-eabi-10.3-2021.10/bin/../lib/gcc/arm-none-eabi/10.3.1/thumb/v7-m/nofp/crti.o
                0x08009098                _init
 .init          0x0800909c        0x8 d:/clion/gcc-arm-none-eabi-10.3-2021.10/bin/../lib/gcc/arm-none-eabi/10.3.1/thumb/v7-m/nofp/crtn.o
 *(.fini)
 .fini          0x080090a4        0x4 d:/clion/gcc-arm-none-eabi-10.3-2021.10/bin/../lib/gcc/arm-none-eabi/10.3.1/thumb/v7-m/nofp/crti.o
                0x080090a4                _fini
 .fini          0x080090a8        0x8 d:/clion/gcc-arm-none-eabi-10.3-2021.10/bin/../lib/gcc/arm-none-eabi/10.3.1/thumb/v7-m/nofp/crtn.o
                0x080090b0                . = ALIGN (0x4)
                0x080090b0                _etext = .

.vfp11_veneer   0x080090b0        0x0
 .vfp11_veneer  0x080090b0        0x0 linker stubs

.v4_bx          0x080090b0        0x0
 .v4_bx         0x080090b0        0x0 linker stubs

.iplt           0x080090b0        0x0
 .iplt          0x080090b0        0x0 d:/clion/gcc-arm-none-eabi-10.3-2021.10/bin/../lib/gcc/arm-none-eabi/10.3.1/thumb/v7-m/nofp/crtbegin.o

.rodata         0x080090b0      0x1ac
                0x080090b0                . = ALIGN (0x4)
 *(.rodata)
 *(.rodata*)
 .rodata.VM1_Receive_Task.str1.4
                0x080090b0        0x8 CMakeFiles/ISD2190.elf.dir/Core/Src/freertos.c.obj
 .rodata.VM2_Receive_Task.str1.4
                0x080090b8        0x9 CMakeFiles/ISD2190.elf.dir/Core/Src/freertos.c.obj
 *fill*         0x080090c1        0x3 
 .rodata.str1.4
                0x080090c4       0x30 CMakeFiles/ISD2190.elf.dir/Core/Src/freertos.c.obj
 .rodata.DataCollectTask_attributes
                0x080090f4       0x24 CMakeFiles/ISD2190.elf.dir/Core/Src/freertos.c.obj
                0x080090f4                DataCollectTask_attributes
 .rodata.VM1ReceiveTask_attributes
                0x08009118       0x24 CMakeFiles/ISD2190.elf.dir/Core/Src/freertos.c.obj
                0x08009118                VM1ReceiveTask_attributes
 .rodata.VM2ReceiveTask_attributes
                0x0800913c       0x24 CMakeFiles/ISD2190.elf.dir/Core/Src/freertos.c.obj
                0x0800913c                VM2ReceiveTask_attributes
 .rodata.main.str1.4
                0x08009160       0x14 CMakeFiles/ISD2190.elf.dir/Core/Src/main.c.obj
 .rodata.AHBPrescTable
                0x08009174       0x10 CMakeFiles/ISD2190.elf.dir/Core/Src/system_stm32l1xx.c.obj
                0x08009174                AHBPrescTable
 .rodata.APBPrescTable
                0x08009184        0x8 CMakeFiles/ISD2190.elf.dir/Core/Src/system_stm32l1xx.c.obj
                0x08009184                APBPrescTable
 .rodata.PLLMulTable
                0x0800918c        0x9 CMakeFiles/ISD2190.elf.dir/Core/Src/system_stm32l1xx.c.obj
                0x0800918c                PLLMulTable
 *fill*         0x08009195        0x3 
 .rodata.vTaskStartScheduler.str1.4
                0x08009198        0x5 CMakeFiles/ISD2190.elf.dir/Middlewares/Third_Party/FreeRTOS/Source/tasks.c.obj
 *fill*         0x0800919d        0x3 
 .rodata.prvCheckForValidListAndQueue.str1.4
                0x080091a0        0x5 CMakeFiles/ISD2190.elf.dir/Middlewares/Third_Party/FreeRTOS/Source/timers.c.obj
 *fill*         0x080091a5        0x3 
 .rodata.xTimerCreateTimerTask.str1.4
                0x080091a8        0x8 CMakeFiles/ISD2190.elf.dir/Middlewares/Third_Party/FreeRTOS/Source/timers.c.obj
 .rodata.tempRes_buf
                0x080091b0       0xa2 CMakeFiles/ISD2190.elf.dir/User/temp.c.obj
 *fill*         0x08009252        0x2 
 .rodata._global_impure_ptr
                0x08009254        0x4 d:/clion/gcc-arm-none-eabi-10.3-2021.10/bin/../lib/gcc/arm-none-eabi/10.3.1/../../../../arm-none-eabi/lib/thumb/v7-m/nofp\libg.a(lib_a-impure.o)
                0x08009254                _global_impure_ptr
 .rodata._puts_r.str1.4
                0x08009258        0x2 d:/clion/gcc-arm-none-eabi-10.3-2021.10/bin/../lib/gcc/arm-none-eabi/10.3.1/../../../../arm-none-eabi/lib/thumb/v7-m/nofp\libg.a(lib_a-puts.o)
                0x0800925c                . = ALIGN (0x4)
 *fill*         0x0800925a        0x2 

.ARM.extab      0x0800925c        0x0
                0x0800925c                . = ALIGN (0x4)
 *(.ARM.extab* .gnu.linkonce.armextab.*)
                0x0800925c                . = ALIGN (0x4)

.ARM            0x0800925c        0x8
                0x0800925c                . = ALIGN (0x4)
                0x0800925c                __exidx_start = .
 *(.ARM.exidx*)
 .ARM.exidx     0x0800925c        0x8 d:/clion/gcc-arm-none-eabi-10.3-2021.10/bin/../lib/gcc/arm-none-eabi/10.3.1/thumb/v7-m/nofp\libgcc.a(_udivmoddi4.o)
                0x08009264                __exidx_end = .
                0x08009264                . = ALIGN (0x4)

.rel.dyn        0x08009264        0x0
 .rel.iplt      0x08009264        0x0 d:/clion/gcc-arm-none-eabi-10.3-2021.10/bin/../lib/gcc/arm-none-eabi/10.3.1/thumb/v7-m/nofp/crtbegin.o

.preinit_array  0x08009264        0x0
                0x08009264                . = ALIGN (0x4)
                0x08009264                PROVIDE (__preinit_array_start = .)
 *(.preinit_array*)
                0x08009264                PROVIDE (__preinit_array_end = .)
                0x08009264                . = ALIGN (0x4)

.init_array     0x08009264        0x8
                0x08009264                . = ALIGN (0x4)
                0x08009264                PROVIDE (__init_array_start = .)
 *(SORT_BY_NAME(.init_array.*))
 .init_array.00000
                0x08009264        0x4 d:/clion/gcc-arm-none-eabi-10.3-2021.10/bin/../lib/gcc/arm-none-eabi/10.3.1/../../../../arm-none-eabi/lib/thumb/v7-m/nofp\libg.a(lib_a-__call_atexit.o)
 *(.init_array*)
 .init_array    0x08009268        0x4 d:/clion/gcc-arm-none-eabi-10.3-2021.10/bin/../lib/gcc/arm-none-eabi/10.3.1/thumb/v7-m/nofp/crtbegin.o
                0x0800926c                PROVIDE (__init_array_end = .)
                0x0800926c                . = ALIGN (0x4)

.fini_array     0x0800926c        0x4
                0x0800926c                . = ALIGN (0x4)
                0x0800926c                PROVIDE (__fini_array_start = .)
 *(SORT_BY_NAME(.fini_array.*))
 *(.fini_array*)
 .fini_array    0x0800926c        0x4 d:/clion/gcc-arm-none-eabi-10.3-2021.10/bin/../lib/gcc/arm-none-eabi/10.3.1/thumb/v7-m/nofp/crtbegin.o
                0x08009270                PROVIDE (__fini_array_end = .)
                0x08009270                . = ALIGN (0x4)
                0x08009270                _sidata = LOADADDR (.data)

.data           0x20000000      0x864 load address 0x08009270
                0x20000000                . = ALIGN (0x4)
                0x20000000                _sdata = .
 *(.data)
 *(.data*)
 .data.SystemCoreClock
                0x20000000        0x4 CMakeFiles/ISD2190.elf.dir/Core/Src/system_stm32l1xx.c.obj
                0x20000000                SystemCoreClock
 .data.uwTickFreq
                0x20000004        0x4 CMakeFiles/ISD2190.elf.dir/Drivers/STM32L1xx_HAL_Driver/Src/stm32l1xx_hal.c.obj
                0x20000004                uwTickFreq
 .data.uwTickPrio
                0x20000008        0x4 CMakeFiles/ISD2190.elf.dir/Drivers/STM32L1xx_HAL_Driver/Src/stm32l1xx_hal.c.obj
                0x20000008                uwTickPrio
 .data.uxCriticalNesting
                0x2000000c        0x4 CMakeFiles/ISD2190.elf.dir/Middlewares/Third_Party/FreeRTOS/Source/portable/GCC/ARM_CM3/port.c.obj
 .data.VM_Init_Cmd
                0x20000010        0x7 CMakeFiles/ISD2190.elf.dir/User/VMxx.c.obj
                0x20000010                VM_Init_Cmd
 *fill*         0x20000017        0x1 
 .data.VM_Scan_Cmd
                0x20000018        0x5 CMakeFiles/ISD2190.elf.dir/User/VMxx.c.obj
                0x20000018                VM_Scan_Cmd
 *fill*         0x2000001d        0x3 
 .data._impure_ptr
                0x20000020        0x4 d:/clion/gcc-arm-none-eabi-10.3-2021.10/bin/../lib/gcc/arm-none-eabi/10.3.1/../../../../arm-none-eabi/lib/thumb/v7-m/nofp\libg.a(lib_a-impure.o)
                0x20000020                _impure_ptr
 *fill*         0x20000024        0x4 
 .data.impure_data
                0x20000028      0x428 d:/clion/gcc-arm-none-eabi-10.3-2021.10/bin/../lib/gcc/arm-none-eabi/10.3.1/../../../../arm-none-eabi/lib/thumb/v7-m/nofp\libg.a(lib_a-impure.o)
 .data.__atexit_recursive_mutex
                0x20000450        0x4 d:/clion/gcc-arm-none-eabi-10.3-2021.10/bin/../lib/gcc/arm-none-eabi/10.3.1/../../../../arm-none-eabi/lib/thumb/v7-m/nofp\libg.a(lib_a-__call_atexit.o)
                0x20000450                __atexit_recursive_mutex
 .data.__malloc_av_
                0x20000454      0x408 d:/clion/gcc-arm-none-eabi-10.3-2021.10/bin/../lib/gcc/arm-none-eabi/10.3.1/../../../../arm-none-eabi/lib/thumb/v7-m/nofp\libg.a(lib_a-mallocr.o)
                0x20000454                __malloc_av_
 .data.__malloc_sbrk_base
                0x2000085c        0x4 d:/clion/gcc-arm-none-eabi-10.3-2021.10/bin/../lib/gcc/arm-none-eabi/10.3.1/../../../../arm-none-eabi/lib/thumb/v7-m/nofp\libg.a(lib_a-mallocr.o)
                0x2000085c                __malloc_sbrk_base
 .data.__malloc_trim_threshold
                0x20000860        0x4 d:/clion/gcc-arm-none-eabi-10.3-2021.10/bin/../lib/gcc/arm-none-eabi/10.3.1/../../../../arm-none-eabi/lib/thumb/v7-m/nofp\libg.a(lib_a-mallocr.o)
                0x20000860                __malloc_trim_threshold
 *(.RamFunc)
 *(.RamFunc*)
                0x20000864                . = ALIGN (0x4)
                0x20000864                _edata = .

.igot.plt       0x20000864        0x0 load address 0x08009ad4
 .igot.plt      0x20000864        0x0 d:/clion/gcc-arm-none-eabi-10.3-2021.10/bin/../lib/gcc/arm-none-eabi/10.3.1/thumb/v7-m/nofp/crtbegin.o
                0x20000864                . = ALIGN (0x4)

.bss            0x20000868     0x51c8 load address 0x08009ad4
                0x20000868                _sbss = .
                0x20000868                __bss_start__ = _sbss
 *(.bss)
 .bss           0x20000868       0x1c d:/clion/gcc-arm-none-eabi-10.3-2021.10/bin/../lib/gcc/arm-none-eabi/10.3.1/thumb/v7-m/nofp/crtbegin.o
 *(.bss*)
 .bss.hadc      0x20000884       0x54 CMakeFiles/ISD2190.elf.dir/Core/Src/adc.c.obj
                0x20000884                hadc
 .bss.hdma_adc  0x200008d8       0x44 CMakeFiles/ISD2190.elf.dir/Core/Src/adc.c.obj
                0x200008d8                hdma_adc
 .bss.DataCollectTaskBuffer
                0x2000091c      0x800 CMakeFiles/ISD2190.elf.dir/Core/Src/freertos.c.obj
                0x2000091c                DataCollectTaskBuffer
 *fill*         0x2000111c        0x4 
 .bss.DataCollectTaskControlBlock
                0x20001120      0x488 CMakeFiles/ISD2190.elf.dir/Core/Src/freertos.c.obj
                0x20001120                DataCollectTaskControlBlock
 .bss.DataCollectTaskHandle
                0x200015a8        0x4 CMakeFiles/ISD2190.elf.dir/Core/Src/freertos.c.obj
                0x200015a8                DataCollectTaskHandle
 .bss.VM1ReceiveTaskBuffer
                0x200015ac      0x200 CMakeFiles/ISD2190.elf.dir/Core/Src/freertos.c.obj
                0x200015ac                VM1ReceiveTaskBuffer
 *fill*         0x200017ac        0x4 
 .bss.VM1ReceiveTaskControlBlock
                0x200017b0      0x488 CMakeFiles/ISD2190.elf.dir/Core/Src/freertos.c.obj
                0x200017b0                VM1ReceiveTaskControlBlock
 .bss.VM1ReceiveTaskHandle
                0x20001c38        0x4 CMakeFiles/ISD2190.elf.dir/Core/Src/freertos.c.obj
                0x20001c38                VM1ReceiveTaskHandle
 .bss.VM2ReceiveTaskBuffer
                0x20001c3c      0x200 CMakeFiles/ISD2190.elf.dir/Core/Src/freertos.c.obj
                0x20001c3c                VM2ReceiveTaskBuffer
 *fill*         0x20001e3c        0x4 
 .bss.VM2ReceiveTaskControlBlock
                0x20001e40      0x488 CMakeFiles/ISD2190.elf.dir/Core/Src/freertos.c.obj
                0x20001e40                VM2ReceiveTaskControlBlock
 .bss.VM2ReceiveTaskHandle
                0x200022c8        0x4 CMakeFiles/ISD2190.elf.dir/Core/Src/freertos.c.obj
                0x200022c8                VM2ReceiveTaskHandle
 .bss.hiwdg     0x200022cc        0xc CMakeFiles/ISD2190.elf.dir/Core/Src/iwdg.c.obj
                0x200022cc                hiwdg
 .bss.ADC_Value
                0x200022d8       0x20 CMakeFiles/ISD2190.elf.dir/Core/Src/main.c.obj
                0x200022d8                ADC_Value
 .bss.BleBuf    0x200022f8       0x40 CMakeFiles/ISD2190.elf.dir/Core/Src/main.c.obj
                0x200022f8                BleBuf
 .bss.Cmd       0x20002338        0x1 CMakeFiles/ISD2190.elf.dir/Core/Src/main.c.obj
                0x20002338                Cmd
 .bss.Scan_Start
                0x20002339        0x1 CMakeFiles/ISD2190.elf.dir/Core/Src/main.c.obj
                0x20002339                Scan_Start
 *fill*         0x2000233a        0x2 
 .bss.Sensor    0x2000233c      0x500 CMakeFiles/ISD2190.elf.dir/Core/Src/main.c.obj
                0x2000233c                Sensor
 .bss.Temp_Value
                0x2000283c       0x20 CMakeFiles/ISD2190.elf.dir/Core/Src/main.c.obj
                0x2000283c                Temp_Value
 .bss.Uart2Buf  0x2000285c       0x40 CMakeFiles/ISD2190.elf.dir/Core/Src/main.c.obj
                0x2000285c                Uart2Buf
 .bss.Uart3Buf  0x2000289c       0x40 CMakeFiles/ISD2190.elf.dir/Core/Src/main.c.obj
                0x2000289c                Uart3Buf
 .bss.VM1_Busy  0x200028dc        0x1 CMakeFiles/ISD2190.elf.dir/Core/Src/main.c.obj
                0x200028dc                VM1_Busy
 .bss.VM1_Init  0x200028dd        0x1 CMakeFiles/ISD2190.elf.dir/Core/Src/main.c.obj
                0x200028dd                VM1_Init
 .bss.VM1_OK    0x200028de        0x1 CMakeFiles/ISD2190.elf.dir/Core/Src/main.c.obj
                0x200028de                VM1_OK
 .bss.VM2_Busy  0x200028df        0x1 CMakeFiles/ISD2190.elf.dir/Core/Src/main.c.obj
                0x200028df                VM2_Busy
 .bss.VM2_Init  0x200028e0        0x1 CMakeFiles/ISD2190.elf.dir/Core/Src/main.c.obj
                0x200028e0                VM2_Init
 .bss.VM2_OK    0x200028e1        0x1 CMakeFiles/ISD2190.elf.dir/Core/Src/main.c.obj
                0x200028e1                VM2_OK
 .bss.VM_ERR    0x200028e2        0x1 CMakeFiles/ISD2190.elf.dir/Core/Src/main.c.obj
                0x200028e2                VM_ERR
 .bss.ble_flag  0x200028e3        0x1 CMakeFiles/ISD2190.elf.dir/Core/Src/main.c.obj
                0x200028e3                ble_flag
 .bss.ble_len   0x200028e4        0x1 CMakeFiles/ISD2190.elf.dir/Core/Src/main.c.obj
                0x200028e4                ble_len
 *fill*         0x200028e5        0x3 
 .bss.usart2Queue
                0x200028e8        0x4 CMakeFiles/ISD2190.elf.dir/Core/Src/main.c.obj
                0x200028e8                usart2Queue
 .bss.usart3Queue
                0x200028ec        0x4 CMakeFiles/ISD2190.elf.dir/Core/Src/main.c.obj
                0x200028ec                usart3Queue
 .bss.htim7     0x200028f0       0x40 CMakeFiles/ISD2190.elf.dir/Core/Src/stm32l1xx_hal_timebase_tim.c.obj
                0x200028f0                htim7
 .bss.__sbrk_heap_end
                0x20002930        0x4 CMakeFiles/ISD2190.elf.dir/Core/Src/sysmem.c.obj
 .bss.htim2     0x20002934       0x40 CMakeFiles/ISD2190.elf.dir/Core/Src/tim.c.obj
                0x20002934                htim2
 .bss.hdma_uart5_rx
                0x20002974       0x44 CMakeFiles/ISD2190.elf.dir/Core/Src/usart.c.obj
                0x20002974                hdma_uart5_rx
 .bss.hdma_uart5_tx
                0x200029b8       0x44 CMakeFiles/ISD2190.elf.dir/Core/Src/usart.c.obj
                0x200029b8                hdma_uart5_tx
 .bss.hdma_usart2_rx
                0x200029fc       0x44 CMakeFiles/ISD2190.elf.dir/Core/Src/usart.c.obj
                0x200029fc                hdma_usart2_rx
 .bss.hdma_usart2_tx
                0x20002a40       0x44 CMakeFiles/ISD2190.elf.dir/Core/Src/usart.c.obj
                0x20002a40                hdma_usart2_tx
 .bss.hdma_usart3_rx
                0x20002a84       0x44 CMakeFiles/ISD2190.elf.dir/Core/Src/usart.c.obj
                0x20002a84                hdma_usart3_rx
 .bss.hdma_usart3_tx
                0x20002ac8       0x44 CMakeFiles/ISD2190.elf.dir/Core/Src/usart.c.obj
                0x20002ac8                hdma_usart3_tx
 .bss.huart2    0x20002b0c       0x48 CMakeFiles/ISD2190.elf.dir/Core/Src/usart.c.obj
                0x20002b0c                huart2
 .bss.huart3    0x20002b54       0x48 CMakeFiles/ISD2190.elf.dir/Core/Src/usart.c.obj
                0x20002b54                huart3
 .bss.huart5    0x20002b9c       0x48 CMakeFiles/ISD2190.elf.dir/Core/Src/usart.c.obj
                0x20002b9c                huart5
 .bss.uwTick    0x20002be4        0x4 CMakeFiles/ISD2190.elf.dir/Drivers/STM32L1xx_HAL_Driver/Src/stm32l1xx_hal.c.obj
                0x20002be4                uwTick
 .bss.pFlash    0x20002be8       0x18 CMakeFiles/ISD2190.elf.dir/Drivers/STM32L1xx_HAL_Driver/Src/stm32l1xx_hal_flash.c.obj
                0x20002be8                pFlash
 .bss.Idle_Stack
                0x20002c00      0x200 CMakeFiles/ISD2190.elf.dir/Middlewares/Third_Party/FreeRTOS/Source/CMSIS_RTOS_V2/cmsis_os2.c.obj
 .bss.Idle_TCB  0x20002e00      0x488 CMakeFiles/ISD2190.elf.dir/Middlewares/Third_Party/FreeRTOS/Source/CMSIS_RTOS_V2/cmsis_os2.c.obj
 .bss.KernelState
                0x20003288        0x4 CMakeFiles/ISD2190.elf.dir/Middlewares/Third_Party/FreeRTOS/Source/CMSIS_RTOS_V2/cmsis_os2.c.obj
 .bss.Timer_Stack
                0x2000328c      0x400 CMakeFiles/ISD2190.elf.dir/Middlewares/Third_Party/FreeRTOS/Source/CMSIS_RTOS_V2/cmsis_os2.c.obj
 *fill*         0x2000368c        0x4 
 .bss.Timer_TCB
                0x20003690      0x488 CMakeFiles/ISD2190.elf.dir/Middlewares/Third_Party/FreeRTOS/Source/CMSIS_RTOS_V2/cmsis_os2.c.obj
 .bss.ucMaxSysCallPriority
                0x20003b18        0x1 CMakeFiles/ISD2190.elf.dir/Middlewares/Third_Party/FreeRTOS/Source/portable/GCC/ARM_CM3/port.c.obj
 *fill*         0x20003b19        0x3 
 .bss.ulMaxPRIGROUPValue
                0x20003b1c        0x4 CMakeFiles/ISD2190.elf.dir/Middlewares/Third_Party/FreeRTOS/Source/portable/GCC/ARM_CM3/port.c.obj
 .bss.pxEnd     0x20003b20        0x4 CMakeFiles/ISD2190.elf.dir/Middlewares/Third_Party/FreeRTOS/Source/portable/MemMang/heap_4.c.obj
 .bss.ucHeap    0x20003b24     0x1800 CMakeFiles/ISD2190.elf.dir/Middlewares/Third_Party/FreeRTOS/Source/portable/MemMang/heap_4.c.obj
 .bss.xBlockAllocatedBit
                0x20005324        0x4 CMakeFiles/ISD2190.elf.dir/Middlewares/Third_Party/FreeRTOS/Source/portable/MemMang/heap_4.c.obj
 .bss.xFreeBytesRemaining
                0x20005328        0x4 CMakeFiles/ISD2190.elf.dir/Middlewares/Third_Party/FreeRTOS/Source/portable/MemMang/heap_4.c.obj
 .bss.xMinimumEverFreeBytesRemaining
                0x2000532c        0x4 CMakeFiles/ISD2190.elf.dir/Middlewares/Third_Party/FreeRTOS/Source/portable/MemMang/heap_4.c.obj
 .bss.xStart    0x20005330        0x8 CMakeFiles/ISD2190.elf.dir/Middlewares/Third_Party/FreeRTOS/Source/portable/MemMang/heap_4.c.obj
 .bss.xQueueRegistry
                0x20005338       0x40 CMakeFiles/ISD2190.elf.dir/Middlewares/Third_Party/FreeRTOS/Source/queue.c.obj
                0x20005338                xQueueRegistry
 .bss.pxCurrentTCB
                0x20005378        0x4 CMakeFiles/ISD2190.elf.dir/Middlewares/Third_Party/FreeRTOS/Source/tasks.c.obj
                0x20005378                pxCurrentTCB
 .bss.pxDelayedTaskList
                0x2000537c        0x4 CMakeFiles/ISD2190.elf.dir/Middlewares/Third_Party/FreeRTOS/Source/tasks.c.obj
 .bss.pxOverflowDelayedTaskList
                0x20005380        0x4 CMakeFiles/ISD2190.elf.dir/Middlewares/Third_Party/FreeRTOS/Source/tasks.c.obj
 .bss.pxReadyTasksLists
                0x20005384      0x460 CMakeFiles/ISD2190.elf.dir/Middlewares/Third_Party/FreeRTOS/Source/tasks.c.obj
 .bss.uxCurrentNumberOfTasks
                0x200057e4        0x4 CMakeFiles/ISD2190.elf.dir/Middlewares/Third_Party/FreeRTOS/Source/tasks.c.obj
 .bss.uxDeletedTasksWaitingCleanUp
                0x200057e8        0x4 CMakeFiles/ISD2190.elf.dir/Middlewares/Third_Party/FreeRTOS/Source/tasks.c.obj
 .bss.uxPendedTicks
                0x200057ec        0x4 CMakeFiles/ISD2190.elf.dir/Middlewares/Third_Party/FreeRTOS/Source/tasks.c.obj
 .bss.uxSchedulerSuspended
                0x200057f0        0x4 CMakeFiles/ISD2190.elf.dir/Middlewares/Third_Party/FreeRTOS/Source/tasks.c.obj
 .bss.uxTaskNumber
                0x200057f4        0x4 CMakeFiles/ISD2190.elf.dir/Middlewares/Third_Party/FreeRTOS/Source/tasks.c.obj
 .bss.uxTopReadyPriority
                0x200057f8        0x4 CMakeFiles/ISD2190.elf.dir/Middlewares/Third_Party/FreeRTOS/Source/tasks.c.obj
 .bss.xDelayedTaskList1
                0x200057fc       0x14 CMakeFiles/ISD2190.elf.dir/Middlewares/Third_Party/FreeRTOS/Source/tasks.c.obj
 .bss.xDelayedTaskList2
                0x20005810       0x14 CMakeFiles/ISD2190.elf.dir/Middlewares/Third_Party/FreeRTOS/Source/tasks.c.obj
 .bss.xIdleTaskHandle
                0x20005824        0x4 CMakeFiles/ISD2190.elf.dir/Middlewares/Third_Party/FreeRTOS/Source/tasks.c.obj
 .bss.xNextTaskUnblockTime
                0x20005828        0x4 CMakeFiles/ISD2190.elf.dir/Middlewares/Third_Party/FreeRTOS/Source/tasks.c.obj
 .bss.xNumOfOverflows
                0x2000582c        0x4 CMakeFiles/ISD2190.elf.dir/Middlewares/Third_Party/FreeRTOS/Source/tasks.c.obj
 .bss.xPendingReadyList
                0x20005830       0x14 CMakeFiles/ISD2190.elf.dir/Middlewares/Third_Party/FreeRTOS/Source/tasks.c.obj
 .bss.xSchedulerRunning
                0x20005844        0x4 CMakeFiles/ISD2190.elf.dir/Middlewares/Third_Party/FreeRTOS/Source/tasks.c.obj
 .bss.xSuspendedTaskList
                0x20005848       0x14 CMakeFiles/ISD2190.elf.dir/Middlewares/Third_Party/FreeRTOS/Source/tasks.c.obj
 .bss.xTasksWaitingTermination
                0x2000585c       0x14 CMakeFiles/ISD2190.elf.dir/Middlewares/Third_Party/FreeRTOS/Source/tasks.c.obj
 .bss.xTickCount
                0x20005870        0x4 CMakeFiles/ISD2190.elf.dir/Middlewares/Third_Party/FreeRTOS/Source/tasks.c.obj
 .bss.xYieldPending
                0x20005874        0x4 CMakeFiles/ISD2190.elf.dir/Middlewares/Third_Party/FreeRTOS/Source/tasks.c.obj
 .bss.pxCurrentTimerList
                0x20005878        0x4 CMakeFiles/ISD2190.elf.dir/Middlewares/Third_Party/FreeRTOS/Source/timers.c.obj
 .bss.pxOverflowTimerList
                0x2000587c        0x4 CMakeFiles/ISD2190.elf.dir/Middlewares/Third_Party/FreeRTOS/Source/timers.c.obj
 .bss.ucStaticTimerQueueStorage.1
                0x20005880       0xa0 CMakeFiles/ISD2190.elf.dir/Middlewares/Third_Party/FreeRTOS/Source/timers.c.obj
 .bss.xActiveTimerList1
                0x20005920       0x14 CMakeFiles/ISD2190.elf.dir/Middlewares/Third_Party/FreeRTOS/Source/timers.c.obj
 .bss.xActiveTimerList2
                0x20005934       0x14 CMakeFiles/ISD2190.elf.dir/Middlewares/Third_Party/FreeRTOS/Source/timers.c.obj
 .bss.xLastTime.2
                0x20005948        0x4 CMakeFiles/ISD2190.elf.dir/Middlewares/Third_Party/FreeRTOS/Source/timers.c.obj
 .bss.xStaticTimerQueue.0
                0x2000594c       0x50 CMakeFiles/ISD2190.elf.dir/Middlewares/Third_Party/FreeRTOS/Source/timers.c.obj
 .bss.xTimerQueue
                0x2000599c        0x4 CMakeFiles/ISD2190.elf.dir/Middlewares/Third_Party/FreeRTOS/Source/timers.c.obj
 .bss.xTimerTaskHandle
                0x200059a0        0x4 CMakeFiles/ISD2190.elf.dir/Middlewares/Third_Party/FreeRTOS/Source/timers.c.obj
 .bss.tx_buffer
                0x200059a4       0x40 CMakeFiles/ISD2190.elf.dir/User/bt4531.c.obj
                0x200059a4                tx_buffer
 .bss.data      0x200059e4        0x4 CMakeFiles/ISD2190.elf.dir/User/flash.c.obj
                0x200059e4                data
 .bss.errno     0x200059e8        0x4 d:/clion/gcc-arm-none-eabi-10.3-2021.10/bin/../lib/gcc/arm-none-eabi/10.3.1/../../../../arm-none-eabi/lib/thumb/v7-m/nofp\libg.a(lib_a-reent.o)
                0x200059e8                errno
 .bss.__lock___atexit_recursive_mutex
                0x200059ec        0x1 d:/clion/gcc-arm-none-eabi-10.3-2021.10/bin/../lib/gcc/arm-none-eabi/10.3.1/../../../../arm-none-eabi/lib/thumb/v7-m/nofp\libg.a(lib_a-lock.o)
                0x200059ec                __lock___atexit_recursive_mutex
 *fill*         0x200059ed        0x3 
 .bss.__lock___malloc_recursive_mutex
                0x200059f0        0x1 d:/clion/gcc-arm-none-eabi-10.3-2021.10/bin/../lib/gcc/arm-none-eabi/10.3.1/../../../../arm-none-eabi/lib/thumb/v7-m/nofp\libg.a(lib_a-lock.o)
                0x200059f0                __lock___malloc_recursive_mutex
 *fill*         0x200059f1        0x3 
 .bss.__lock___sfp_recursive_mutex
                0x200059f4        0x1 d:/clion/gcc-arm-none-eabi-10.3-2021.10/bin/../lib/gcc/arm-none-eabi/10.3.1/../../../../arm-none-eabi/lib/thumb/v7-m/nofp\libg.a(lib_a-lock.o)
                0x200059f4                __lock___sfp_recursive_mutex
 *fill*         0x200059f5        0x3 
 .bss.__lock___sinit_recursive_mutex
                0x200059f8        0x1 d:/clion/gcc-arm-none-eabi-10.3-2021.10/bin/../lib/gcc/arm-none-eabi/10.3.1/../../../../arm-none-eabi/lib/thumb/v7-m/nofp\libg.a(lib_a-lock.o)
                0x200059f8                __lock___sinit_recursive_mutex
 *fill*         0x200059f9        0x3 
 .bss.__malloc_current_mallinfo
                0x200059fc       0x28 d:/clion/gcc-arm-none-eabi-10.3-2021.10/bin/../lib/gcc/arm-none-eabi/10.3.1/../../../../arm-none-eabi/lib/thumb/v7-m/nofp\libg.a(lib_a-mallocr.o)
                0x200059fc                __malloc_current_mallinfo
 .bss.__malloc_max_sbrked_mem
                0x20005a24        0x4 d:/clion/gcc-arm-none-eabi-10.3-2021.10/bin/../lib/gcc/arm-none-eabi/10.3.1/../../../../arm-none-eabi/lib/thumb/v7-m/nofp\libg.a(lib_a-mallocr.o)
                0x20005a24                __malloc_max_sbrked_mem
 .bss.__malloc_max_total_mem
                0x20005a28        0x4 d:/clion/gcc-arm-none-eabi-10.3-2021.10/bin/../lib/gcc/arm-none-eabi/10.3.1/../../../../arm-none-eabi/lib/thumb/v7-m/nofp\libg.a(lib_a-mallocr.o)
                0x20005a28                __malloc_max_total_mem
 .bss.__malloc_top_pad
                0x20005a2c        0x4 d:/clion/gcc-arm-none-eabi-10.3-2021.10/bin/../lib/gcc/arm-none-eabi/10.3.1/../../../../arm-none-eabi/lib/thumb/v7-m/nofp\libg.a(lib_a-mallocr.o)
                0x20005a2c                __malloc_top_pad
 *(COMMON)
                0x20005a30                . = ALIGN (0x4)
                0x20005a30                _ebss = .
                0x20005a30                __bss_end__ = _ebss

._user_heap_stack
                0x20005a30      0x600 load address 0x08009ad4
                0x20005a30                . = ALIGN (0x8)
                [!provide]                PROVIDE (end = .)
                0x20005a30                PROVIDE (_end = .)
                0x20005c30                . = (. + _Min_Heap_Size)
 *fill*         0x20005a30      0x200 
                0x20006030                . = (. + _Min_Stack_Size)
 *fill*         0x20005c30      0x400 
                0x20006030                . = ALIGN (0x8)

/DISCARD/
 libc.a(*)
 libm.a(*)
 libgcc.a(*)

.ARM.attributes
                0x00000000       0x29
 *(.ARM.attributes)
 .ARM.attributes
                0x00000000       0x1d d:/clion/gcc-arm-none-eabi-10.3-2021.10/bin/../lib/gcc/arm-none-eabi/10.3.1/thumb/v7-m/nofp/crti.o
 .ARM.attributes
                0x0000001d       0x2d d:/clion/gcc-arm-none-eabi-10.3-2021.10/bin/../lib/gcc/arm-none-eabi/10.3.1/thumb/v7-m/nofp/crtbegin.o
 .ARM.attributes
                0x0000004a       0x2d CMakeFiles/ISD2190.elf.dir/Core/Src/adc.c.obj
 .ARM.attributes
                0x00000077       0x2d CMakeFiles/ISD2190.elf.dir/Core/Src/dma.c.obj