Archive member included to satisfy reference by file (symbol)

d:/clion/gcc-arm-none-eabi-10.3-2021.10/bin/../lib/gcc/arm-none-eabi/10.3.1/thumb/v7-m/nofp\libgcc.a(_arm_muldf3.o)
                              CMakeFiles/ISD2190.elf.dir/User/bt4531.c.obj (__aeabi_dmul)
d:/clion/gcc-arm-none-eabi-10.3-2021.10/bin/../lib/gcc/arm-none-eabi/10.3.1/thumb/v7-m/nofp\libgcc.a(_arm_addsubdf3.o)
                              CMakeFiles/ISD2190.elf.dir/User/bt4531.c.obj (__aeabi_dsub)
d:/clion/gcc-arm-none-eabi-10.3-2021.10/bin/../lib/gcc/arm-none-eabi/10.3.1/thumb/v7-m/nofp\libgcc.a(_arm_muldivdf3.o)
                              CMakeFiles/ISD2190.elf.dir/User/hardware.c.obj (__aeabi_ddiv)
d:/clion/gcc-arm-none-eabi-10.3-2021.10/bin/../lib/gcc/arm-none-eabi/10.3.1/thumb/v7-m/nofp\libgcc.a(_arm_fixunsdfsi.o)
                              CMakeFiles/ISD2190.elf.dir/User/bt4531.c.obj (__aeabi_d2uiz)
d:/clion/gcc-arm-none-eabi-10.3-2021.10/bin/../lib/gcc/arm-none-eabi/10.3.1/thumb/v7-m/nofp\libgcc.a(_aeabi_uldivmod.o)
                              CMakeFiles/ISD2190.elf.dir/Drivers/STM32L1xx_HAL_Driver/Src/stm32l1xx_hal_rcc.c.obj (__aeabi_uldivmod)
d:/clion/gcc-arm-none-eabi-10.3-2021.10/bin/../lib/gcc/arm-none-eabi/10.3.1/thumb/v7-m/nofp\libgcc.a(_udivmoddi4.o)
                              d:/clion/gcc-arm-none-eabi-10.3-2021.10/bin/../lib/gcc/arm-none-eabi/10.3.1/thumb/v7-m/nofp\libgcc.a(_aeabi_uldivmod.o) (__udivmoddi4)
d:/clion/gcc-arm-none-eabi-10.3-2021.10/bin/../lib/gcc/arm-none-eabi/10.3.1/thumb/v7-m/nofp\libgcc.a(_dvmd_tls.o)
                              d:/clion/gcc-arm-none-eabi-10.3-2021.10/bin/../lib/gcc/arm-none-eabi/10.3.1/thumb/v7-m/nofp\libgcc.a(_aeabi_uldivmod.o) (__aeabi_ldiv0)
d:/clion/gcc-arm-none-eabi-10.3-2021.10/bin/../lib/gcc/arm-none-eabi/10.3.1/../../../../arm-none-eabi/lib/thumb/v7-m/nofp\libg.a(lib_a-errno.o)
                              CMakeFiles/ISD2190.elf.dir/Core/Src/syscalls.c.obj (__errno)
d:/clion/gcc-arm-none-eabi-10.3-2021.10/bin/../lib/gcc/arm-none-eabi/10.3.1/../../../../arm-none-eabi/lib/thumb/v7-m/nofp\libg.a(lib_a-exit.o)
                              d:/clion/gcc-arm-none-eabi-10.3-2021.10/bin/../lib/gcc/arm-none-eabi/10.3.1/../../../../arm-none-eabi/lib/thumb/v7-m/nofp/crt0.o (exit)
d:/clion/gcc-arm-none-eabi-10.3-2021.10/bin/../lib/gcc/arm-none-eabi/10.3.1/../../../../arm-none-eabi/lib/thumb/v7-m/nofp\libg.a(lib_a-impure.o)
                              d:/clion/gcc-arm-none-eabi-10.3-2021.10/bin/../lib/gcc/arm-none-eabi/10.3.1/../../../../arm-none-eabi/lib/thumb/v7-m/nofp\libg.a(lib_a-exit.o) (_global_impure_ptr)
d:/clion/gcc-arm-none-eabi-10.3-2021.10/bin/../lib/gcc/arm-none-eabi/10.3.1/../../../../arm-none-eabi/lib/thumb/v7-m/nofp\libg.a(lib_a-init.o)
                              d:/clion/gcc-arm-none-eabi-10.3-2021.10/bin/../lib/gcc/arm-none-eabi/10.3.1/../../../../arm-none-eabi/lib/thumb/v7-m/nofp/crt0.o (__libc_init_array)
d:/clion/gcc-arm-none-eabi-10.3-2021.10/bin/../lib/gcc/arm-none-eabi/10.3.1/../../../../arm-none-eabi/lib/thumb/v7-m/nofp\libg.a(lib_a-malloc.o)
                              CMakeFiles/ISD2190.elf.dir/User/CollectData.c.obj (malloc)
d:/clion/gcc-arm-none-eabi-10.3-2021.10/bin/../lib/gcc/arm-none-eabi/10.3.1/../../../../arm-none-eabi/lib/thumb/v7-m/nofp\libg.a(lib_a-mallocr.o)
                              d:/clion/gcc-arm-none-eabi-10.3-2021.10/bin/../lib/gcc/arm-none-eabi/10.3.1/../../../../arm-none-eabi/lib/thumb/v7-m/nofp\libg.a(lib_a-malloc.o) (_malloc_r)
d:/clion/gcc-arm-none-eabi-10.3-2021.10/bin/../lib/gcc/arm-none-eabi/10.3.1/../../../../arm-none-eabi/lib/thumb/v7-m/nofp\libg.a(lib_a-memset.o)
                              d:/clion/gcc-arm-none-eabi-10.3-2021.10/bin/../lib/gcc/arm-none-eabi/10.3.1/../../../../arm-none-eabi/lib/thumb/v7-m/nofp/crt0.o (memset)
d:/clion/gcc-arm-none-eabi-10.3-2021.10/bin/../lib/gcc/arm-none-eabi/10.3.1/../../../../arm-none-eabi/lib/thumb/v7-m/nofp\libg.a(lib_a-mlock.o)
                              d:/clion/gcc-arm-none-eabi-10.3-2021.10/bin/../lib/gcc/arm-none-eabi/10.3.1/../../../../arm-none-eabi/lib/thumb/v7-m/nofp\libg.a(lib_a-mallocr.o) (__malloc_lock)
d:/clion/gcc-arm-none-eabi-10.3-2021.10/bin/../lib/gcc/arm-none-eabi/10.3.1/../../../../arm-none-eabi/lib/thumb/v7-m/nofp\libg.a(lib_a-puts.o)
                              CMakeFiles/ISD2190.elf.dir/Core/Src/main.c.obj (puts)
d:/clion/gcc-arm-none-eabi-10.3-2021.10/bin/../lib/gcc/arm-none-eabi/10.3.1/../../../../arm-none-eabi/lib/thumb/v7-m/nofp\libg.a(lib_a-sbrkr.o)
                              d:/clion/gcc-arm-none-eabi-10.3-2021.10/bin/../lib/gcc/arm-none-eabi/10.3.1/../../../../arm-none-eabi/lib/thumb/v7-m/nofp\libg.a(lib_a-mallocr.o) (_sbrk_r)
d:/clion/gcc-arm-none-eabi-10.3-2021.10/bin/../lib/gcc/arm-none-eabi/10.3.1/../../../../arm-none-eabi/lib/thumb/v7-m/nofp\libg.a(lib_a-strlen-stub.o)
[...]
Memory Configuration

Name             Origin             Length             Attributes
RAM              0x20000000         0x0000c000         xrw
FLASH            0x08000000         0x00060000         xr
*default*        0x00000000         0xffffffff

Linker script and memory map

LOAD d:/clion/gcc-arm-none-eabi-10.3-2021.10/bin/../lib/gcc/arm-none-eabi/10.3.1/thumb/v7-m/nofp/crti.o
LOAD d:/clion/gcc-arm-none-eabi-10.3-2021.10/bin/../lib/gcc/arm-none-eabi/10.3.1/thumb/v7-m/nofp/crtbegin.o
LOAD d:/clion/gcc-arm-none-eabi-10.3-2021.10/bin/../lib/gcc/arm-none-eabi/10.3.1/../../../../arm-none-eabi/lib/thumb/v7-m/nofp/crt0.o
LOAD CMakeFiles/ISD2190.elf.dir/Core/Src/adc.c.obj
LOAD CMakeFiles/ISD2190.elf.dir/Core/Src/dma.c.obj
LOAD CMakeFiles/ISD2190.elf.dir/Core/Src/gpio.c.obj
LOAD CMakeFiles/ISD2190.elf.dir/Core/Src/iwdg.c.obj
LOAD CMakeFiles/ISD2190.elf.dir/Core/Src/main.c.obj
LOAD CMakeFiles/ISD2190.elf.dir/Core/Src/stm32l1xx_hal_msp.c.obj
LOAD CMakeFiles/ISD2190.elf.dir/Core/Src/stm32l1xx_it.c.obj
LOAD CMakeFiles/ISD2190.elf.dir/Core/Src/syscalls.c.obj
LOAD CMakeFiles/ISD2190.elf.dir/Core/Src/sysmem.c.obj
LOAD CMakeFiles/ISD2190.elf.dir/Core/Src/system_stm32l1xx.c.obj
LOAD CMakeFiles/ISD2190.elf.dir/Core/Src/tim.c.obj
LOAD CMakeFiles/ISD2190.elf.dir/Core/Src/usart.c.obj
LOAD CMakeFiles/ISD2190.elf.dir/Core/Startup/startup_stm32l151rdtx.s.obj
LOAD CMakeFiles/ISD2190.elf.dir/Drivers/STM32L1xx_HAL_Driver/Src/stm32l1xx_hal.c.obj
LOAD CMakeFiles/ISD2190.elf.dir/Drivers/STM32L1xx_HAL_Driver/Src/stm32l1xx_hal_adc.c.obj
LOAD CMakeFiles/ISD2190.elf.dir/Drivers/STM32L1xx_HAL_Driver/Src/stm32l1xx_hal_adc_ex.c.obj
LOAD CMakeFiles/ISD2190.elf.dir/Drivers/STM32L1xx_HAL_Driver/Src/stm32l1xx_hal_cortex.c.obj
LOAD CMakeFiles/ISD2190.elf.dir/Drivers/STM32L1xx_HAL_Driver/Src/stm32l1xx_hal_dma.c.obj
LOAD CMakeFiles/ISD2190.elf.dir/Drivers/STM32L1xx_HAL_Driver/Src/stm32l1xx_hal_exti.c.obj
LOAD CMakeFiles/ISD2190.elf.dir/Drivers/STM32L1xx_HAL_Driver/Src/stm32l1xx_hal_flash.c.obj
LOAD CMakeFiles/ISD2190.elf.dir/Drivers/STM32L1xx_HAL_Driver/Src/stm32l1xx_hal_flash_ex.c.obj
LOAD CMakeFiles/ISD2190.elf.dir/Drivers/STM32L1xx_HAL_Driver/Src/stm32l1xx_hal_flash_ramfunc.c.obj
LOAD CMakeFiles/ISD2190.elf.dir/Drivers/STM32L1xx_HAL_Driver/Src/stm32l1xx_hal_gpio.c.obj
LOAD CMakeFiles/ISD2190.elf.dir/Drivers/STM32L1xx_HAL_Driver/Src/stm32l1xx_hal_iwdg.c.obj
LOAD CMakeFiles/ISD2190.elf.dir/Drivers/STM32L1xx_HAL_Driver/Src/stm32l1xx_hal_pwr.c.obj
LOAD CMakeFiles/ISD2190.elf.dir/Drivers/STM32L1xx_HAL_Driver/Src/stm32l1xx_hal_pwr_ex.c.obj
LOAD CMakeFiles/ISD2190.elf.dir/Drivers/STM32L1xx_HAL_Driver/Src/stm32l1xx_hal_rcc.c.obj
LOAD CMakeFiles/ISD2190.elf.dir/Drivers/STM32L1xx_HAL_Driver/Src/stm32l1xx_hal_rcc_ex.c.obj
LOAD CMakeFiles/ISD2190.elf.dir/Drivers/STM32L1xx_HAL_Driver/Src/stm32l1xx_hal_tim.c.obj
LOAD CMakeFiles/ISD2190.elf.dir/Drivers/STM32L1xx_HAL_Driver/Src/stm32l1xx_hal_tim_ex.c.obj
LOAD CMakeFiles/ISD2190.elf.dir/Drivers/STM32L1xx_HAL_Driver/Src/stm32l1xx_hal_uart.c.obj
LOAD CMakeFiles/ISD2190.elf.dir/User/CollectData.c.obj
LOAD CMakeFiles/ISD2190.elf.dir/User/VMxx.c.obj
LOAD CMakeFiles/ISD2190.elf.dir/User/bt4531.c.obj
LOAD CMakeFiles/ISD2190.elf.dir/User/flash.c.obj
LOAD CMakeFiles/ISD2190.elf.dir/User/hardware.c.obj
LOAD CMakeFiles/ISD2190.elf.dir/User/temp.c.obj
START GROUP
LOAD d:/clion/gcc-arm-none-eabi-10.3-2021.10/bin/../lib/gcc/arm-none-eabi/10.3.1/thumb/v7-m/nofp\libgcc.a
LOAD d:/clion/gcc-arm-none-eabi-10.3-2021.10/bin/../lib/gcc/arm-none-eabi/10.3.1/../../../../arm-none-eabi/lib/thumb/v7-m/nofp\libg.a
LOAD d:/clion/gcc-arm-none-eabi-10.3-2021.10/bin/../lib/gcc/arm-none-eabi/10.3.1/../../../../arm-none-eabi/lib/thumb/v7-m/nofp\libc.a
END GROUP
LOAD d:/clion/gcc-arm-none-eabi-10.3-2021.10/bin/../lib/gcc/arm-none-eabi/10.3.1/thumb/v7-m/nofp/crtend.o
LOAD d:/clion/gcc-arm-none-eabi-10.3-2021.10/bin/../lib/gcc/arm-none-eabi/10.3.1/thumb/v7-m/nofp/crtn.o
                0x2000c000                _estack = (ORIGIN (RAM) + LENGTH (RAM))
                0x00000200                _Min_Heap_Size = 0x200
                0x00000400                _Min_Stack_Size = 0x400

.isr_vector     0x08000000      0x13c
                0x08000000                . = ALIGN (0x4)
 *(.isr_vector)
 .isr_vector    0x08000000      0x13c CMakeFiles/ISD2190.elf.dir/Core/Startup/startup_stm32l151rdtx.s.obj
                0x08000000                g_pfnVectors
                0x0800013c                . = ALIGN (0x4)

.text           0x08000140     0x5b94
                0x08000140                . = ALIGN (0x4)
 *(.text)
 .text          0x08000140       0x40 d:/clion/gcc-arm-none-eabi-10.3-2021.10/bin/../lib/gcc/arm-none-eabi/10.3.1/thumb/v7-m/nofp/crtbegin.o
 .text          0x08000180      0x378 d:/clion/gcc-arm-none-eabi-10.3-2021.10/bin/../lib/gcc/arm-none-eabi/10.3.1/thumb/v7-m/nofp\libgcc.a(_arm_addsubdf3.o)
                0x08000180                __aeabi_drsub
                0x08000188                __aeabi_dsub
                0x08000188                __subdf3
                0x0800018c                __aeabi_dadd
                0x0800018c                __adddf3
                0x08000404                __floatunsidf
                0x08000404                __aeabi_ui2d
                0x08000424                __floatsidf
                0x08000424                __aeabi_i2d
                0x08000448                __aeabi_f2d
                0x08000448                __extendsfdf2
                0x0800048c                __floatundidf
                0x0800048c                __aeabi_ul2d
                0x0800049c                __floatdidf
                0x0800049c                __aeabi_l2d
 .text          0x080004f8      0x424 d:/clion/gcc-arm-none-eabi-10.3-2021.10/bin/../lib/gcc/arm-none-eabi/10.3.1/thumb/v7-m/nofp\libgcc.a(_arm_muldivdf3.o)
                0x080004f8                __aeabi_dmul
                0x080004f8                __muldf3
                0x0800074c                __divdf3
                0x0800074c                __aeabi_ddiv
 .text          0x0800091c       0x30 d:/clion/gcc-arm-none-eabi-10.3-2021.10/bin/../lib/gcc/arm-none-eabi/10.3.1/thumb/v7-m/nofp\libgcc.a(_aeabi_uldivmod.o)
                0x0800091c                __aeabi_uldivmod
 .text          0x0800094c      0x2d4 d:/clion/gcc-arm-none-eabi-10.3-2021.10/bin/../lib/gcc/arm-none-eabi/10.3.1/thumb/v7-m/nofp\libgcc.a(_udivmoddi4.o)
                0x0800094c                __udivmoddi4
 .text          0x08000c20        0x4 d:/clion/gcc-arm-none-eabi-10.3-2021.10/bin/../lib/gcc/arm-none-eabi/10.3.1/thumb/v7-m/nofp\libgcc.a(_dvmd_tls.o)
                0x08000c20                __aeabi_idiv0
                0x08000c20                __aeabi_ldiv0
 .text          0x08000c24       0xec d:/clion/gcc-arm-none-eabi-10.3-2021.10/bin/../lib/gcc/arm-none-eabi/10.3.1/../../../../arm-none-eabi/lib/thumb/v7-m/nofp\libg.a(lib_a-memcpy.o)
                0x08000c24                memcpy
 *(.text*)
 .text.MX_ADC_Init
                0x08000d10      0x20c CMakeFiles/ISD2190.elf.dir/Core/Src/adc.c.obj
                0x08000d10                MX_ADC_Init
 .text.HAL_ADC_MspInit
                0x08000f1c       0xec CMakeFiles/ISD2190.elf.dir/Core/Src/adc.c.obj
                0x08000f1c                HAL_ADC_MspInit
 .text.MX_DMA_Init
                0x08001008       0x34 CMakeFiles/ISD2190.elf.dir/Core/Src/dma.c.obj
                0x08001008                MX_DMA_Init
 .text.MX_GPIO_Init
                0x0800103c       0xbc CMakeFiles/ISD2190.elf.dir/Core/Src/gpio.c.obj
                0x0800103c                MX_GPIO_Init
 .text.Error_Handler
                0x080010f8        0x4 CMakeFiles/ISD2190.elf.dir/Core/Src/main.c.obj
                0x080010f8                Error_Handler
 .text.SystemClock_Config
                0x080010fc       0x70 CMakeFiles/ISD2190.elf.dir/Core/Src/main.c.obj
                0x080010fc                SystemClock_Config
 .text.main     0x0800116c      0x11c CMakeFiles/ISD2190.elf.dir/Core/Src/main.c.obj
                0x0800116c                main
 .text.HAL_MspInit
                0x08001288       0x44 CMakeFiles/ISD2190.elf.dir/Core/Src/stm32l1xx_hal_msp.c.obj
                0x08001288                HAL_MspInit
 .text.NMI_Handler
                0x080012cc        0x2 CMakeFiles/ISD2190.elf.dir/Core/Src/stm32l1xx_it.c.obj
                0x080012cc                NMI_Handler
 .text.HardFault_Handler
                0x080012ce        0x2 CMakeFiles/ISD2190.elf.dir/Core/Src/stm32l1xx_it.c.obj
                0x080012ce                HardFault_Handler
 .text.MemManage_Handler
                0x080012d0        0x2 CMakeFiles/ISD2190.elf.dir/Core/Src/stm32l1xx_it.c.obj
                0x080012d0                MemManage_Handler
 .text.BusFault_Handler
                0x080012d2        0x2 CMakeFiles/ISD2190.elf.dir/Core/Src/stm32l1xx_it.c.obj
                0x080012d2                BusFault_Handler
 .text.UsageFault_Handler
                0x080012d4        0x2 CMakeFiles/ISD2190.elf.dir/Core/Src/stm32l1xx_it.c.obj
                0x080012d4                UsageFault_Handler
 .text.SVC_Handler
                0x080012d6        0x2 CMakeFiles/ISD2190.elf.dir/Core/Src/stm32l1xx_it.c.obj
                0x080012d6                SVC_Handler
 .text.DebugMon_Handler
                0x080012d8        0x2 CMakeFiles/ISD2190.elf.dir/Core/Src/stm32l1xx_it.c.obj
                0x080012d8                DebugMon_Handler
 .text.PendSV_Handler
                0x080012da        0x2 CMakeFiles/ISD2190.elf.dir/Core/Src/stm32l1xx_it.c.obj
                0x080012da                PendSV_Handler
 .text.SysTick_Handler
                0x080012dc        0x8 CMakeFiles/ISD2190.elf.dir/Core/Src/stm32l1xx_it.c.obj
                0x080012dc                SysTick_Handler
 .text.DMA1_Channel1_IRQHandler
                0x080012e4       0x10 CMakeFiles/ISD2190.elf.dir/Core/Src/stm32l1xx_it.c.obj
                0x080012e4                DMA1_Channel1_IRQHandler
 .text.TIM2_IRQHandler
                0x080012f4       0x10 CMakeFiles/ISD2190.elf.dir/Core/Src/stm32l1xx_it.c.obj
                0x080012f4                TIM2_IRQHandler
 .text.USART2_IRQHandler
                0x08001304       0x10 CMakeFiles/ISD2190.elf.dir/Core/Src/stm32l1xx_it.c.obj
                0x08001304                USART2_IRQHandler
 .text.USART3_IRQHandler
                0x08001314       0x10 CMakeFiles/ISD2190.elf.dir/Core/Src/stm32l1xx_it.c.obj
                0x08001314                USART3_IRQHandler
 .text.UART5_IRQHandler
                0x08001324       0x10 CMakeFiles/ISD2190.elf.dir/Core/Src/stm32l1xx_it.c.obj
                0x08001324                UART5_IRQHandler
 .text._read    0x08001334       0x20 CMakeFiles/ISD2190.elf.dir/Core/Src/syscalls.c.obj
                0x08001334                _read
 .text._write   0x08001354       0x1c CMakeFiles/ISD2190.elf.dir/Core/Src/syscalls.c.obj
                0x08001354                _write
 .text._close   0x08001370        0x6 CMakeFiles/ISD2190.elf.dir/Core/Src/syscalls.c.obj
                0x08001370                _close
 .text._fstat   0x08001376        0xa CMakeFiles/ISD2190.elf.dir/Core/Src/syscalls.c.obj
                0x08001376                _fstat
 .text._isatty  0x08001380        0x4 CMakeFiles/ISD2190.elf.dir/Core/Src/syscalls.c.obj
                0x08001380                _isatty
 .text._lseek   0x08001384        0x4 CMakeFiles/ISD2190.elf.dir/Core/Src/syscalls.c.obj
                0x08001384                _lseek
 .text._sbrk    0x08001388       0x48 CMakeFiles/ISD2190.elf.dir/Core/Src/sysmem.c.obj
                0x08001388                _sbrk
 .text.SystemInit
                0x080013d0        0x2 CMakeFiles/ISD2190.elf.dir/Core/Src/system_stm32l1xx.c.obj
                0x080013d0                SystemInit
 *fill*         0x080013d2        0x2 
 .text.MX_TIM2_Init
                0x080013d4       0x78 CMakeFiles/ISD2190.elf.dir/Core/Src/tim.c.obj
                0x080013d4                MX_TIM2_Init
 .text.MX_TIM3_Init
                0x0800144c       0x70 CMakeFiles/ISD2190.elf.dir/Core/Src/tim.c.obj
                0x0800144c                MX_TIM3_Init
 .text.HAL_TIM_Base_MspInit
                0x080014bc       0x60 CMakeFiles/ISD2190.elf.dir/Core/Src/tim.c.obj
                0x080014bc                HAL_TIM_Base_MspInit
 .text.MX_UART5_Init
                0x0800151c       0x34 CMakeFiles/ISD2190.elf.dir/Core/Src/usart.c.obj
                0x0800151c                MX_UART5_Init
 .text.MX_USART2_UART_Init
                0x08001550       0x34 CMakeFiles/ISD2190.elf.dir/Core/Src/usart.c.obj
                0x08001550                MX_USART2_UART_Init
 .text.MX_USART3_UART_Init
                0x08001584       0x34 CMakeFiles/ISD2190.elf.dir/Core/Src/usart.c.obj
                0x08001584                MX_USART3_UART_Init
 .text.HAL_UART_MspInit
                0x080015b8      0x168 CMakeFiles/ISD2190.elf.dir/Core/Src/usart.c.obj
                0x080015b8                HAL_UART_MspInit
 .text.__io_putchar
                0x08001720       0x20 CMakeFiles/ISD2190.elf.dir/Core/Src/usart.c.obj
                0x08001720                __io_putchar
 .text.Reset_Handler
                0x08001740       0x48 CMakeFiles/ISD2190.elf.dir/Core/Startup/startup_stm32l151rdtx.s.obj
                0x08001740                Reset_Handler
 .text.Default_Handler
                0x08001788        0x2 CMakeFiles/ISD2190.elf.dir/Core/Startup/startup_stm32l151rdtx.s.obj
                0x08001788                RTC_Alarm_IRQHandler
                0x08001788                EXTI2_IRQHandler
                0x08001788                COMP_ACQ_IRQHandler
                0x08001788                TIM10_IRQHandler
                0x08001788                USB_HP_IRQHandler
                0x08001788                TIM6_IRQHandler
                0x08001788                PVD_IRQHandler
                0x08001788                SDIO_IRQHandler
                0x08001788                EXTI3_IRQHandler
                0x08001788                EXTI0_IRQHandler
                0x08001788                I2C2_EV_IRQHandler
                0x08001788                SPI1_IRQHandler
                0x08001788                USB_FS_WKUP_IRQHandler
                0x08001788                DMA2_Channel2_IRQHandler
                0x08001788                DMA1_Channel4_IRQHandler
                0x08001788                ADC1_IRQHandler
                0x08001788                DMA1_Channel7_IRQHandler
                0x08001788                TIM4_IRQHandler
                0x08001788                DMA2_Channel1_IRQHandler
                0x08001788                I2C1_EV_IRQHandler
                0x08001788                DMA1_Channel6_IRQHandler
                0x08001788                UART4_IRQHandler
                0x08001788                DMA2_Channel4_IRQHandler
                0x08001788                TIM3_IRQHandler
                0x08001788                RCC_IRQHandler
                0x08001788                Default_Handler
                0x08001788                EXTI15_10_IRQHandler
                0x08001788                TIM7_IRQHandler
                0x08001788                TIM5_IRQHandler
                0x08001788                EXTI9_5_IRQHandler
                0x08001788                TIM9_IRQHandler
                0x08001788                TAMPER_STAMP_IRQHandler
                0x08001788                RTC_WKUP_IRQHandler
                0x08001788                SPI2_IRQHandler
                0x08001788                DMA2_Channel5_IRQHandler
                0x08001788                DMA1_Channel5_IRQHandler
                0x08001788                USB_LP_IRQHandler
                0x08001788                EXTI4_IRQHandler
                0x08001788                DMA1_Channel3_IRQHandler
                0x08001788                COMP_IRQHandler
                0x08001788                WWDG_IRQHandler
                0x08001788                DAC_IRQHandler
                0x08001788                EXTI1_IRQHandler
                0x08001788                TIM11_IRQHandler
                0x08001788                I2C2_ER_IRQHandler
                0x08001788                DMA1_Channel2_IRQHandler
                0x08001788                FLASH_IRQHandler
                0x08001788                USART1_IRQHandler
                0x08001788                SPI3_IRQHandler
                0x08001788                I2C1_ER_IRQHandler
                0x08001788                DMA2_Channel3_IRQHandler
 *fill*         0x0800178a        0x2 
 .text.HAL_InitTick
                0x0800178c       0x50 CMakeFiles/ISD2190.elf.dir/Drivers/STM32L1xx_HAL_Driver/Src/stm32l1xx_hal.c.obj
                0x0800178c                HAL_InitTick
 .text.HAL_Init
                0x080017dc       0x1e CMakeFiles/ISD2190.elf.dir/Drivers/STM32L1xx_HAL_Driver/Src/stm32l1xx_hal.c.obj
                0x080017dc                HAL_Init
 *fill*         0x080017fa        0x2 
 .text.HAL_IncTick
                0x080017fc       0x18 CMakeFiles/ISD2190.elf.dir/Drivers/STM32L1xx_HAL_Driver/Src/stm32l1xx_hal.c.obj
                0x080017fc                HAL_IncTick
 .text.HAL_GetTick
                0x08001814        0xc CMakeFiles/ISD2190.elf.dir/Drivers/STM32L1xx_HAL_Driver/Src/stm32l1xx_hal.c.obj
                0x08001814                HAL_GetTick
 .text.HAL_Delay
                0x08001820       0x28 CMakeFiles/ISD2190.elf.dir/Drivers/STM32L1xx_HAL_Driver/Src/stm32l1xx_hal.c.obj
                0x08001820                HAL_Delay
 .text.HAL_ADC_Init
                0x08001848      0x19c CMakeFiles/ISD2190.elf.dir/Drivers/STM32L1xx_HAL_Driver/Src/stm32l1xx_hal_adc.c.obj
                0x08001848                HAL_ADC_Init
 .text.ADC_DMAConvCplt
                0x080019e4       0x64 CMakeFiles/ISD2190.elf.dir/Drivers/STM32L1xx_HAL_Driver/Src/stm32l1xx_hal_adc.c.obj
 .text.HAL_ADC_ConvHalfCpltCallback
                0x08001a48        0x2 CMakeFiles/ISD2190.elf.dir/Drivers/STM32L1xx_HAL_Driver/Src/stm32l1xx_hal_adc.c.obj
                0x08001a48                HAL_ADC_ConvHalfCpltCallback
 .text.ADC_DMAHalfConvCplt
                0x08001a4a        0xa CMakeFiles/ISD2190.elf.dir/Drivers/STM32L1xx_HAL_Driver/Src/stm32l1xx_hal_adc.c.obj
 .text.HAL_ADC_ErrorCallback
                0x08001a54        0x2 CMakeFiles/ISD2190.elf.dir/Drivers/STM32L1xx_HAL_Driver/Src/stm32l1xx_hal_adc.c.obj
                0x08001a54                HAL_ADC_ErrorCallback
 .text.ADC_DMAError
                0x08001a56       0x1a CMakeFiles/ISD2190.elf.dir/Drivers/STM32L1xx_HAL_Driver/Src/stm32l1xx_hal_adc.c.obj
 .text.HAL_ADC_ConfigChannel
                0x08001a70      0x1b4 CMakeFiles/ISD2190.elf.dir/Drivers/STM32L1xx_HAL_Driver/Src/stm32l1xx_hal_adc.c.obj
                0x08001a70                HAL_ADC_ConfigChannel
 .text.ADC_Enable
                0x08001c24       0x8c CMakeFiles/ISD2190.elf.dir/Drivers/STM32L1xx_HAL_Driver/Src/stm32l1xx_hal_adc.c.obj
                0x08001c24                ADC_Enable
 .text.HAL_ADC_Start_DMA
                0x08001cb0       0xc4 CMakeFiles/ISD2190.elf.dir/Drivers/STM32L1xx_HAL_Driver/Src/stm32l1xx_hal_adc.c.obj
                0x08001cb0                HAL_ADC_Start_DMA
 .text.HAL_NVIC_SetPriorityGrouping
                0x08001d74       0x24 CMakeFiles/ISD2190.elf.dir/Drivers/STM32L1xx_HAL_Driver/Src/stm32l1xx_hal_cortex.c.obj
                0x08001d74                HAL_NVIC_SetPriorityGrouping
 .text.HAL_NVIC_SetPriority
                0x08001d98       0x70 CMakeFiles/ISD2190.elf.dir/Drivers/STM32L1xx_HAL_Driver/Src/stm32l1xx_hal_cortex.c.obj
                0x08001d98                HAL_NVIC_SetPriority
 .text.HAL_NVIC_EnableIRQ
                0x08001e08       0x1c CMakeFiles/ISD2190.elf.dir/Drivers/STM32L1xx_HAL_Driver/Src/stm32l1xx_hal_cortex.c.obj
                0x08001e08                HAL_NVIC_EnableIRQ
 .text.HAL_SYSTICK_Config
                0x08001e24       0x28 CMakeFiles/ISD2190.elf.dir/Drivers/STM32L1xx_HAL_Driver/Src/stm32l1xx_hal_cortex.c.obj
                0x08001e24                HAL_SYSTICK_Config
 .text.DMA_SetConfig
                0x08001e4c       0x36 CMakeFiles/ISD2190.elf.dir/Drivers/STM32L1xx_HAL_Driver/Src/stm32l1xx_hal_dma.c.obj
 *fill*         0x08001e82        0x2 
 .text.HAL_DMA_Init
                0x08001e84       0x98 CMakeFiles/ISD2190.elf.dir/Drivers/STM32L1xx_HAL_Driver/Src/stm32l1xx_hal_dma.c.obj
                0x08001e84                HAL_DMA_Init
 .text.HAL_DMA_Start_IT
                0x08001f1c       0x76 CMakeFiles/ISD2190.elf.dir/Drivers/STM32L1xx_HAL_Driver/Src/stm32l1xx_hal_dma.c.obj
                0x08001f1c                HAL_DMA_Start_IT
 .text.HAL_DMA_Abort
                0x08001f92       0x4a CMakeFiles/ISD2190.elf.dir/Drivers/STM32L1xx_HAL_Driver/Src/stm32l1xx_hal_dma.c.obj
                0x08001f92                HAL_DMA_Abort
 .text.HAL_DMA_Abort_IT
                0x08001fdc       0x50 CMakeFiles/ISD2190.elf.dir/Drivers/STM32L1xx_HAL_Driver/Src/stm32l1xx_hal_dma.c.obj
                0x08001fdc                HAL_DMA_Abort_IT
 .text.HAL_DMA_IRQHandler
                0x0800202c       0xc4 CMakeFiles/ISD2190.elf.dir/Drivers/STM32L1xx_HAL_Driver/Src/stm32l1xx_hal_dma.c.obj
                0x0800202c                HAL_DMA_IRQHandler
 .text.HAL_GPIO_Init
                0x080020f0      0x1e8 CMakeFiles/ISD2190.elf.dir/Drivers/STM32L1xx_HAL_Driver/Src/stm32l1xx_hal_gpio.c.obj
                0x080020f0                HAL_GPIO_Init
 .text.HAL_GPIO_WritePin
                0x080022d8        0xc CMakeFiles/ISD2190.elf.dir/Drivers/STM32L1xx_HAL_Driver/Src/stm32l1xx_hal_gpio.c.obj
                0x080022d8                HAL_GPIO_WritePin
 .text.RCC_SetFlashLatencyFromMSIRange
                0x080022e4       0x90 CMakeFiles/ISD2190.elf.dir/Drivers/STM32L1xx_HAL_Driver/Src/stm32l1xx_hal_rcc.c.obj
 .text.HAL_RCC_OscConfig
                0x08002374      0x4f8 CMakeFiles/ISD2190.elf.dir/Drivers/STM32L1xx_HAL_Driver/Src/stm32l1xx_hal_rcc.c.obj
                0x08002374                HAL_RCC_OscConfig
 .text.HAL_RCC_GetSysClockFreq
                0x0800286c       0xc4 CMakeFiles/ISD2190.elf.dir/Drivers/STM32L1xx_HAL_Driver/Src/stm32l1xx_hal_rcc.c.obj
                0x0800286c                HAL_RCC_GetSysClockFreq
 .text.HAL_RCC_ClockConfig
                0x08002930      0x1dc CMakeFiles/ISD2190.elf.dir/Drivers/STM32L1xx_HAL_Driver/Src/stm32l1xx_hal_rcc.c.obj
                0x08002930                HAL_RCC_ClockConfig
 .text.HAL_RCC_GetHCLKFreq
                0x08002b0c        0xc CMakeFiles/ISD2190.elf.dir/Drivers/STM32L1xx_HAL_Driver/Src/stm32l1xx_hal_rcc.c.obj
                0x08002b0c                HAL_RCC_GetHCLKFreq
 .text.HAL_RCC_GetPCLK1Freq
                0x08002b18       0x20 CMakeFiles/ISD2190.elf.dir/Drivers/STM32L1xx_HAL_Driver/Src/stm32l1xx_hal_rcc.c.obj
                0x08002b18                HAL_RCC_GetPCLK1Freq
 .text.HAL_RCC_GetPCLK2Freq
                0x08002b38       0x20 CMakeFiles/ISD2190.elf.dir/Drivers/STM32L1xx_HAL_Driver/Src/stm32l1xx_hal_rcc.c.obj
                0x08002b38                HAL_RCC_GetPCLK2Freq
 .text.TIM_Base_SetConfig
                0x08002b58       0x88 CMakeFiles/ISD2190.elf.dir/Drivers/STM32L1xx_HAL_Driver/Src/stm32l1xx_hal_tim.c.obj
 .text.TIM_TI1_ConfigInputStage
                0x08002be0       0x24 CMakeFiles/ISD2190.elf.dir/Drivers/STM32L1xx_HAL_Driver/Src/stm32l1xx_hal_tim.c.obj
 .text.TIM_TI2_ConfigInputStage
                0x08002c04       0x26 CMakeFiles/ISD2190.elf.dir/Drivers/STM32L1xx_HAL_Driver/Src/stm32l1xx_hal_tim.c.obj
 .text.TIM_ITRx_SetConfig
                0x08002c2a       0x10 CMakeFiles/ISD2190.elf.dir/Drivers/STM32L1xx_HAL_Driver/Src/stm32l1xx_hal_tim.c.obj
 .text.TIM_ETR_SetConfig
                0x08002c3a       0x18 CMakeFiles/ISD2190.elf.dir/Drivers/STM32L1xx_HAL_Driver/Src/stm32l1xx_hal_tim.c.obj
 .text.HAL_TIM_Base_Init
                0x08002c52       0x48 CMakeFiles/ISD2190.elf.dir/Drivers/STM32L1xx_HAL_Driver/Src/stm32l1xx_hal_tim.c.obj
                0x08002c52                HAL_TIM_Base_Init
 *fill*         0x08002c9a        0x2 
 .text.HAL_TIM_Base_Start_IT
                0x08002c9c       0x68 CMakeFiles/ISD2190.elf.dir/Drivers/STM32L1xx_HAL_Driver/Src/stm32l1xx_hal_tim.c.obj
                0x08002c9c                HAL_TIM_Base_Start_IT
 .text.HAL_TIM_Base_Stop_IT
                0x08002d04       0x28 CMakeFiles/ISD2190.elf.dir/Drivers/STM32L1xx_HAL_Driver/Src/stm32l1xx_hal_tim.c.obj
                0x08002d04                HAL_TIM_Base_Stop_IT
 .text.HAL_TIM_ConfigClockSource
                0x08002d2c       0xfe CMakeFiles/ISD2190.elf.dir/Drivers/STM32L1xx_HAL_Driver/Src/stm32l1xx_hal_tim.c.obj
                0x08002d2c                HAL_TIM_ConfigClockSource
 .text.HAL_TIM_OC_DelayElapsedCallback
                0x08002e2a        0x2 CMakeFiles/ISD2190.elf.dir/Drivers/STM32L1xx_HAL_Driver/Src/stm32l1xx_hal_tim.c.obj
                0x08002e2a                HAL_TIM_OC_DelayElapsedCallback
 .text.HAL_TIM_IC_CaptureCallback
                0x08002e2c        0x2 CMakeFiles/ISD2190.elf.dir/Drivers/STM32L1xx_HAL_Driver/Src/stm32l1xx_hal_tim.c.obj
                0x08002e2c                HAL_TIM_IC_CaptureCallback
 .text.HAL_TIM_PWM_PulseFinishedCallback
                0x08002e2e        0x2 CMakeFiles/ISD2190.elf.dir/Drivers/STM32L1xx_HAL_Driver/Src/stm32l1xx_hal_tim.c.obj
                0x08002e2e                HAL_TIM_PWM_PulseFinishedCallback
 .text.HAL_TIM_TriggerCallback
                0x08002e30        0x2 CMakeFiles/ISD2190.elf.dir/Drivers/STM32L1xx_HAL_Driver/Src/stm32l1xx_hal_tim.c.obj
                0x08002e30                HAL_TIM_TriggerCallback
 .text.HAL_TIM_IRQHandler
                0x08002e32      0x13a CMakeFiles/ISD2190.elf.dir/Drivers/STM32L1xx_HAL_Driver/Src/stm32l1xx_hal_tim.c.obj
                0x08002e32                HAL_TIM_IRQHandler
 .text.HAL_TIMEx_MasterConfigSynchronization
                0x08002f6c       0x6c CMakeFiles/ISD2190.elf.dir/Drivers/STM32L1xx_HAL_Driver/Src/stm32l1xx_hal_tim_ex.c.obj
                0x08002f6c                HAL_TIMEx_MasterConfigSynchronization
 .text.UART_EndRxTransfer
                0x08002fd8       0x5c CMakeFiles/ISD2190.elf.dir/Drivers/STM32L1xx_HAL_Driver/Src/stm32l1xx_hal_uart.c.obj
 .text.UART_Transmit_IT
                0x08003034       0x60 CMakeFiles/ISD2190.elf.dir/Drivers/STM32L1xx_HAL_Driver/Src/stm32l1xx_hal_uart.c.obj
 .text.UART_SetConfig
                0x08003094       0xdc CMakeFiles/ISD2190.elf.dir/Drivers/STM32L1xx_HAL_Driver/Src/stm32l1xx_hal_uart.c.obj
 .text.UART_WaitOnFlagUntilTimeout
                0x08003170       0x88 CMakeFiles/ISD2190.elf.dir/Drivers/STM32L1xx_HAL_Driver/Src/stm32l1xx_hal_uart.c.obj
 .text.HAL_UART_Init
                0x080031f8       0x60 CMakeFiles/ISD2190.elf.dir/Drivers/STM32L1xx_HAL_Driver/Src/stm32l1xx_hal_uart.c.obj
                0x080031f8                HAL_UART_Init
 .text.HAL_UART_Transmit
                0x08003258       0xbe CMakeFiles/ISD2190.elf.dir/Drivers/STM32L1xx_HAL_Driver/Src/stm32l1xx_hal_uart.c.obj
                0x08003258                HAL_UART_Transmit
 .text.HAL_UART_TxCpltCallback
                0x08003316        0x2 CMakeFiles/ISD2190.elf.dir/Drivers/STM32L1xx_HAL_Driver/Src/stm32l1xx_hal_uart.c.obj
                0x08003316                HAL_UART_TxCpltCallback
 .text.UART_EndTransmit_IT
                0x08003318       0x1a CMakeFiles/ISD2190.elf.dir/Drivers/STM32L1xx_HAL_Driver/Src/stm32l1xx_hal_uart.c.obj
 .text.HAL_UART_ErrorCallback
                0x08003332        0x2 CMakeFiles/ISD2190.elf.dir/Drivers/STM32L1xx_HAL_Driver/Src/stm32l1xx_hal_uart.c.obj
                0x08003332                HAL_UART_ErrorCallback
 .text.UART_DMAAbortOnError
                0x08003334       0x10 CMakeFiles/ISD2190.elf.dir/Drivers/STM32L1xx_HAL_Driver/Src/stm32l1xx_hal_uart.c.obj
 .text.HAL_UARTEx_RxEventCallback
                0x08003344        0x2 CMakeFiles/ISD2190.elf.dir/Drivers/STM32L1xx_HAL_Driver/Src/stm32l1xx_hal_uart.c.obj
                0x08003344                HAL_UARTEx_RxEventCallback
 .text.UART_Receive_IT
                0x08003346       0xe6 CMakeFiles/ISD2190.elf.dir/Drivers/STM32L1xx_HAL_Driver/Src/stm32l1xx_hal_uart.c.obj
 .text.HAL_UART_IRQHandler
                0x0800342c      0x288 CMakeFiles/ISD2190.elf.dir/Drivers/STM32L1xx_HAL_Driver/Src/stm32l1xx_hal_uart.c.obj
                0x0800342c                HAL_UART_IRQHandler
 .text.UART_Start_Receive_IT
                0x080036b4       0x36 CMakeFiles/ISD2190.elf.dir/Drivers/STM32L1xx_HAL_Driver/Src/stm32l1xx_hal_uart.c.obj
                0x080036b4                UART_Start_Receive_IT
 .text.HAL_UART_Receive_IT
                0x080036ea       0x26 CMakeFiles/ISD2190.elf.dir/Drivers/STM32L1xx_HAL_Driver/Src/stm32l1xx_hal_uart.c.obj
                0x080036ea                HAL_UART_Receive_IT
 .text.Data_Collect
                0x08003710      0x2f8 CMakeFiles/ISD2190.elf.dir/User/CollectData.c.obj
                0x08003710                Data_Collect
 .text.HAL_UART_RxCpltCallback
                0x08003a08      0x1a4 CMakeFiles/ISD2190.elf.dir/User/CollectData.c.obj
                0x08003a08                HAL_UART_RxCpltCallback
 .text.HAL_ADC_ConvCpltCallback
                0x08003bac       0x28 CMakeFiles/ISD2190.elf.dir/User/CollectData.c.obj
                0x08003bac                HAL_ADC_ConvCpltCallback
 .text.HAL_TIM_PeriodElapsedCallback
                0x08003bd4       0x30 CMakeFiles/ISD2190.elf.dir/User/CollectData.c.obj
                0x08003bd4                HAL_TIM_PeriodElapsedCallback
 .text.Init_VM  0x08003c04       0x28 CMakeFiles/ISD2190.elf.dir/User/VMxx.c.obj
                0x08003c04                Init_VM
 .text.Scan_VM  0x08003c2c       0x28 CMakeFiles/ISD2190.elf.dir/User/VMxx.c.obj
                0x08003c2c                Scan_VM
 *fill*         0x08003c54        0x4 
 .text.BMYBJ_YB
                0x08003c58       0x90 CMakeFiles/ISD2190.elf.dir/User/hardware.c.obj
                0x08003c58                BMYBJ_YB
 .text.MRYBJ_YB
                0x08003ce8       0x90 CMakeFiles/ISD2190.elf.dir/User/hardware.c.obj
                0x08003ce8                MRYBJ_YB
 .text.GJJ_YL   0x08003d78       0xc0 CMakeFiles/ISD2190.elf.dir/User/hardware.c.obj
                0x08003d78                GJJ_YL
 .text.TYLH_YL_MPa
                0x08003e38       0xc0 CMakeFiles/ISD2190.elf.dir/User/hardware.c.obj
                0x08003e38                TYLH_YL_MPa
 .text.SYJ_YL_MPa
                0x08003ef8      0x138 CMakeFiles/ISD2190.elf.dir/User/hardware.c.obj
                0x08003ef8                SYJ_YL_MPa
 .text.MSJ_YL_KN
                0x08004030      0x1ac CMakeFiles/ISD2190.elf.dir/User/hardware.c.obj
                0x08004030                MSJ_YL_KN
 .text.calcuTem
                0x080041dc       0x48 CMakeFiles/ISD2190.elf.dir/User/temp.c.obj
                0x080041dc                calcuTem
 .text.calcuTemps
                0x08004224       0x1e CMakeFiles/ISD2190.elf.dir/User/temp.c.obj
                0x08004224                calcuTemps
 *fill*         0x08004242        0x2 
 .text.__errno  0x08004244        0xc d:/clion/gcc-arm-none-eabi-10.3-2021.10/bin/../lib/gcc/arm-none-eabi/10.3.1/../../../../arm-none-eabi/lib/thumb/v7-m/nofp\libg.a(lib_a-errno.o)
                0x08004244                __errno
 .text.__libc_init_array
                0x08004250       0x48 d:/clion/gcc-arm-none-eabi-10.3-2021.10/bin/../lib/gcc/arm-none-eabi/10.3.1/../../../../arm-none-eabi/lib/thumb/v7-m/nofp\libg.a(lib_a-init.o)
                0x08004250                __libc_init_array
 .text.malloc   0x08004298       0x10 d:/clion/gcc-arm-none-eabi-10.3-2021.10/bin/../lib/gcc/arm-none-eabi/10.3.1/../../../../arm-none-eabi/lib/thumb/v7-m/nofp\libg.a(lib_a-malloc.o)
                0x08004298                malloc
 .text._malloc_r
                0x080042a8      0x558 d:/clion/gcc-arm-none-eabi-10.3-2021.10/bin/../lib/gcc/arm-none-eabi/10.3.1/../../../../arm-none-eabi/lib/thumb/v7-m/nofp\libg.a(lib_a-mallocr.o)
                0x080042a8                _malloc_r
 .text.memset   0x08004800       0xa4 d:/clion/gcc-arm-none-eabi-10.3-2021.10/bin/../lib/gcc/arm-none-eabi/10.3.1/../../../../arm-none-eabi/lib/thumb/v7-m/nofp\libg.a(lib_a-memset.o)
                0x08004800                memset
 .text.__malloc_lock
                0x080048a4        0xc d:/clion/gcc-arm-none-eabi-10.3-2021.10/bin/../lib/gcc/arm-none-eabi/10.3.1/../../../../arm-none-eabi/lib/thumb/v7-m/nofp\libg.a(lib_a-mlock.o)
                0x080048a4                __malloc_lock
 .text.__malloc_unlock
                0x080048b0        0xc d:/clion/gcc-arm-none-eabi-10.3-2021.10/bin/../lib/gcc/arm-none-eabi/10.3.1/../../../../arm-none-eabi/lib/thumb/v7-m/nofp\libg.a(lib_a-mlock.o)
                0x080048b0                __malloc_unlock
 .text._puts_r  0x080048bc       0x9c d:/clion/gcc-arm-none-eabi-10.3-2021.10/bin/../lib/gcc/arm-none-eabi/10.3.1/../../../../arm-none-eabi/lib/thumb/v7-m/nofp\libg.a(lib_a-puts.o)
                0x080048bc                _puts_r
 .text.puts     0x08004958       0x10 d:/clion/gcc-arm-none-eabi-10.3-2021.10/bin/../lib/gcc/arm-none-eabi/10.3.1/../../../../arm-none-eabi/lib/thumb/v7-m/nofp\libg.a(lib_a-puts.o)
                0x08004958                puts
 .text._sbrk_r  0x08004968       0x24 d:/clion/gcc-arm-none-eabi-10.3-2021.10/bin/../lib/gcc/arm-none-eabi/10.3.1/../../../../arm-none-eabi/lib/thumb/v7-m/nofp\libg.a(lib_a-sbrkr.o)
                0x08004968                _sbrk_r
 .text.strlen   0x0800498c       0x5c d:/clion/gcc-arm-none-eabi-10.3-2021.10/bin/../lib/gcc/arm-none-eabi/10.3.1/../../../../arm-none-eabi/lib/thumb/v7-m/nofp\libg.a(lib_a-strlen-stub.o)
                0x0800498c                strlen
 .text.startup.register_fini
                0x080049e8       0x14 d:/clion/gcc-arm-none-eabi-10.3-2021.10/bin/../lib/gcc/arm-none-eabi/10.3.1/../../../../arm-none-eabi/lib/thumb/v7-m/nofp\libg.a(lib_a-__call_atexit.o)
 .text.atexit   0x080049fc        0xc d:/clion/gcc-arm-none-eabi-10.3-2021.10/bin/../lib/gcc/arm-none-eabi/10.3.1/../../../../arm-none-eabi/lib/thumb/v7-m/nofp\libg.a(lib_a-atexit.o)
                0x080049fc                atexit
 .text._cleanup_r
                0x08004a08        0xc d:/clion/gcc-arm-none-eabi-10.3-2021.10/bin/../lib/gcc/arm-none-eabi/10.3.1/../../../../arm-none-eabi/lib/thumb/v7-m/nofp\libg.a(lib_a-findfp.o)
                0x08004a08                _cleanup_r
 .text.__sinit  0x08004a14      0x10c d:/clion/gcc-arm-none-eabi-10.3-2021.10/bin/../lib/gcc/arm-none-eabi/10.3.1/../../../../arm-none-eabi/lib/thumb/v7-m/nofp\libg.a(lib_a-findfp.o)
                0x08004a14                __sinit
 .text.__sfp_lock_acquire
                0x08004b20        0xc d:/clion/gcc-arm-none-eabi-10.3-2021.10/bin/../lib/gcc/arm-none-eabi/10.3.1/../../../../arm-none-eabi/lib/thumb/v7-m/nofp\libg.a(lib_a-findfp.o)
                0x08004b20                __sfp_lock_acquire
 .text.__sfp_lock_release
                0x08004b2c        0xc d:/clion/gcc-arm-none-eabi-10.3-2021.10/bin/../lib/gcc/arm-none-eabi/10.3.1/../../../../arm-none-eabi/lib/thumb/v7-m/nofp\libg.a(lib_a-findfp.o)
                0x08004b2c                __sfp_lock_release
 .text.__libc_fini_array
                0x08004b38       0x2c d:/clion/gcc-arm-none-eabi-10.3-2021.10/bin/../lib/gcc/arm-none-eabi/10.3.1/../../../../arm-none-eabi/lib/thumb/v7-m/nofp\libg.a(lib_a-fini.o)
                0x08004b38                __libc_fini_array
 .text._malloc_trim_r
                0x08004b64       0xa0 d:/clion/gcc-arm-none-eabi-10.3-2021.10/bin/../lib/gcc/arm-none-eabi/10.3.1/../../../../arm-none-eabi/lib/thumb/v7-m/nofp\libg.a(lib_a-freer.o)
                0x08004b64                _malloc_trim_r
 .text._free_r  0x08004c04      0x200 d:/clion/gcc-arm-none-eabi-10.3-2021.10/bin/../lib/gcc/arm-none-eabi/10.3.1/../../../../arm-none-eabi/lib/thumb/v7-m/nofp\libg.a(lib_a-freer.o)
                0x08004c04                _free_r
 .text.__sfvwrite_r
                0x08004e04      0x2f0 d:/clion/gcc-arm-none-eabi-10.3-2021.10/bin/../lib/gcc/arm-none-eabi/10.3.1/../../../../arm-none-eabi/lib/thumb/v7-m/nofp\libg.a(lib_a-fvwrite.o)
                0x08004e04                __sfvwrite_r
 .text._fwalk_reent
                0x080050f4       0x48 d:/clion/gcc-arm-none-eabi-10.3-2021.10/bin/../lib/gcc/arm-none-eabi/10.3.1/../../../../arm-none-eabi/lib/thumb/v7-m/nofp\libg.a(lib_a-fwalk.o)
                0x080050f4                _fwalk_reent
 .text.__retarget_lock_init_recursive
                0x0800513c        0x4 d:/clion/gcc-arm-none-eabi-10.3-2021.10/bin/../lib/gcc/arm-none-eabi/10.3.1/../../../../arm-none-eabi/lib/thumb/v7-m/nofp\libg.a(lib_a-lock.o)
                0x0800513c                __retarget_lock_init_recursive
 .text.__retarget_lock_close_recursive
                0x08005140        0x4 d:/clion/gcc-arm-none-eabi-10.3-2021.10/bin/../lib/gcc/arm-none-eabi/10.3.1/../../../../arm-none-eabi/lib/thumb/v7-m/nofp\libg.a(lib_a-lock.o)
                0x08005140                __retarget_lock_close_recursive
 .text.__retarget_lock_acquire_recursive
                0x08005144        0x4 d:/clion/gcc-arm-none-eabi-10.3-2021.10/bin/../lib/gcc/arm-none-eabi/10.3.1/../../../../arm-none-eabi/lib/thumb/v7-m/nofp\libg.a(lib_a-lock.o)
                0x08005144                __retarget_lock_acquire_recursive
 .text.__retarget_lock_release_recursive
                0x08005148        0x4 d:/clion/gcc-arm-none-eabi-10.3-2021.10/bin/../lib/gcc/arm-none-eabi/10.3.1/../../../../arm-none-eabi/lib/thumb/v7-m/nofp\libg.a(lib_a-lock.o)
                0x08005148                __retarget_lock_release_recursive
 .text.memchr   0x0800514c       0x90 d:/clion/gcc-arm-none-eabi-10.3-2021.10/bin/../lib/gcc/arm-none-eabi/10.3.1/../../../../arm-none-eabi/lib/thumb/v7-m/nofp\libg.a(lib_a-memchr-stub.o)
                0x0800514c                memchr
 .text.memmove  0x080051dc       0xf8 d:/clion/gcc-arm-none-eabi-10.3-2021.10/bin/../lib/gcc/arm-none-eabi/10.3.1/../../../../arm-none-eabi/lib/thumb/v7-m/nofp\libg.a(lib_a-memmove.o)
                0x080051dc                memmove
 .text._realloc_r
                0x080052d4      0x3dc d:/clion/gcc-arm-none-eabi-10.3-2021.10/bin/../lib/gcc/arm-none-eabi/10.3.1/../../../../arm-none-eabi/lib/thumb/v7-m/nofp\libg.a(lib_a-reallocr.o)
                0x080052d4                _realloc_r
 .text.__sread  0x080056b0       0x24 d:/clion/gcc-arm-none-eabi-10.3-2021.10/bin/../lib/gcc/arm-none-eabi/10.3.1/../../../../arm-none-eabi/lib/thumb/v7-m/nofp\libg.a(lib_a-stdio.o)
                0x080056b0                __sread
 .text.__swrite
                0x080056d4       0x40 d:/clion/gcc-arm-none-eabi-10.3-2021.10/bin/../lib/gcc/arm-none-eabi/10.3.1/../../../../arm-none-eabi/lib/thumb/v7-m/nofp\libg.a(lib_a-stdio.o)
                0x080056d4                __swrite
 .text.__sseek  0x08005714       0x20 d:/clion/gcc-arm-none-eabi-10.3-2021.10/bin/../lib/gcc/arm-none-eabi/10.3.1/../../../../arm-none-eabi/lib/thumb/v7-m/nofp\libg.a(lib_a-stdio.o)
                0x08005714                __sseek
 .text.__sclose
                0x08005734        0x8 d:/clion/gcc-arm-none-eabi-10.3-2021.10/bin/../lib/gcc/arm-none-eabi/10.3.1/../../../../arm-none-eabi/lib/thumb/v7-m/nofp\libg.a(lib_a-stdio.o)
                0x08005734                __sclose
 .text._write_r
                0x0800573c       0x2c d:/clion/gcc-arm-none-eabi-10.3-2021.10/bin/../lib/gcc/arm-none-eabi/10.3.1/../../../../arm-none-eabi/lib/thumb/v7-m/nofp\libg.a(lib_a-writer.o)
                0x0800573c                _write_r
 .text.__swsetup_r
                0x08005768       0xd4 d:/clion/gcc-arm-none-eabi-10.3-2021.10/bin/../lib/gcc/arm-none-eabi/10.3.1/../../../../arm-none-eabi/lib/thumb/v7-m/nofp\libg.a(lib_a-wsetup.o)
                0x08005768                __swsetup_r
 .text.__register_exitproc
                0x0800583c       0x8c d:/clion/gcc-arm-none-eabi-10.3-2021.10/bin/../lib/gcc/arm-none-eabi/10.3.1/../../../../arm-none-eabi/lib/thumb/v7-m/nofp\libg.a(lib_a-__atexit.o)
                0x0800583c                __register_exitproc
 .text._close_r
                0x080058c8       0x24 d:/clion/gcc-arm-none-eabi-10.3-2021.10/bin/../lib/gcc/arm-none-eabi/10.3.1/../../../../arm-none-eabi/lib/thumb/v7-m/nofp\libg.a(lib_a-closer.o)
                0x080058c8                _close_r
 .text._fclose_r
                0x080058ec       0xcc d:/clion/gcc-arm-none-eabi-10.3-2021.10/bin/../lib/gcc/arm-none-eabi/10.3.1/../../../../arm-none-eabi/lib/thumb/v7-m/nofp\libg.a(lib_a-fclose.o)
                0x080058ec                _fclose_r
 .text.__sflush_r
                0x080059b8      0x124 d:/clion/gcc-arm-none-eabi-10.3-2021.10/bin/../lib/gcc/arm-none-eabi/10.3.1/../../../../arm-none-eabi/lib/thumb/v7-m/nofp\libg.a(lib_a-fflush.o)
                0x080059b8                __sflush_r
 .text._fflush_r
                0x08005adc       0x5c d:/clion/gcc-arm-none-eabi-10.3-2021.10/bin/../lib/gcc/arm-none-eabi/10.3.1/../../../../arm-none-eabi/lib/thumb/v7-m/nofp\libg.a(lib_a-fflush.o)
                0x08005adc                _fflush_r
 .text._lseek_r
                0x08005b38       0x2c d:/clion/gcc-arm-none-eabi-10.3-2021.10/bin/../lib/gcc/arm-none-eabi/10.3.1/../../../../arm-none-eabi/lib/thumb/v7-m/nofp\libg.a(lib_a-lseekr.o)
                0x08005b38                _lseek_r
 .text.__smakebuf_r
                0x08005b64       0xe0 d:/clion/gcc-arm-none-eabi-10.3-2021.10/bin/../lib/gcc/arm-none-eabi/10.3.1/../../../../arm-none-eabi/lib/thumb/v7-m/nofp\libg.a(lib_a-makebuf.o)
                0x08005b64                __smakebuf_r
 .text._read_r  0x08005c44       0x2c d:/clion/gcc-arm-none-eabi-10.3-2021.10/bin/../lib/gcc/arm-none-eabi/10.3.1/../../../../arm-none-eabi/lib/thumb/v7-m/nofp\libg.a(lib_a-readr.o)
                0x08005c44                _read_r
 .text._fstat_r
                0x08005c70       0x28 d:/clion/gcc-arm-none-eabi-10.3-2021.10/bin/../lib/gcc/arm-none-eabi/10.3.1/../../../../arm-none-eabi/lib/thumb/v7-m/nofp\libg.a(lib_a-fstatr.o)
                0x08005c70                _fstat_r
 .text._isatty_r
                0x08005c98       0x24 d:/clion/gcc-arm-none-eabi-10.3-2021.10/bin/../lib/gcc/arm-none-eabi/10.3.1/../../../../arm-none-eabi/lib/thumb/v7-m/nofp\libg.a(lib_a-isattyr.o)
                0x08005c98                _isatty_r
 *(.glue_7)
 .glue_7        0x08005cbc        0x0 linker stubs
 *(.glue_7t)
 .glue_7t       0x08005cbc        0x0 linker stubs
 *(.eh_frame)
 .eh_frame      0x08005cbc        0x0 d:/clion/gcc-arm-none-eabi-10.3-2021.10/bin/../lib/gcc/arm-none-eabi/10.3.1/thumb/v7-m/nofp/crtbegin.o
 *(.init)
 .init          0x08005cbc        0x4 d:/clion/gcc-arm-none-eabi-10.3-2021.10/bin/../lib/gcc/arm-none-eabi/10.3.1/thumb/v7-m/nofp/crti.o
                0x08005cbc                _init
 .init          0x08005cc0        0x8 d:/clion/gcc-arm-none-eabi-10.3-2021.10/bin/../lib/gcc/arm-none-eabi/10.3.1/thumb/v7-m/nofp/crtn.o
 *(.fini)
 .fini          0x08005cc8        0x4 d:/clion/gcc-arm-none-eabi-10.3-2021.10/bin/../lib/gcc/arm-none-eabi/10.3.1/thumb/v7-m/nofp/crti.o
                0x08005cc8                _fini
 .fini          0x08005ccc        0x8 d:/clion/gcc-arm-none-eabi-10.3-2021.10/bin/../lib/gcc/arm-none-eabi/10.3.1/thumb/v7-m/nofp/crtn.o
                0x08005cd4                . = ALIGN (0x4)
                0x08005cd4                _etext = .

.vfp11_veneer   0x08005cd4        0x0
 .vfp11_veneer  0x08005cd4        0x0 linker stubs

.v4_bx          0x08005cd4        0x0
 .v4_bx         0x08005cd4        0x0 linker stubs

.iplt           0x08005cd4        0x0
 .iplt          0x08005cd4        0x0 d:/clion/gcc-arm-none-eabi-10.3-2021.10/bin/../lib/gcc/arm-none-eabi/10.3.1/thumb/v7-m/nofp/crtbegin.o

.rodata         0x08005cd4       0xec
                0x08005cd4                . = ALIGN (0x4)
 *(.rodata)
 *(.rodata*)
 .rodata.main.str1.4
                0x08005cd4       0x1a CMakeFiles/ISD2190.elf.dir/Core/Src/main.c.obj
 *fill*         0x08005cee        0x2 
 .rodata.AHBPrescTable
                0x08005cf0       0x10 CMakeFiles/ISD2190.elf.dir/Core/Src/system_stm32l1xx.c.obj
                0x08005cf0                AHBPrescTable
 .rodata.APBPrescTable
                0x08005d00        0x8 CMakeFiles/ISD2190.elf.dir/Core/Src/system_stm32l1xx.c.obj
                0x08005d00                APBPrescTable
 .rodata.PLLMulTable
                0x08005d08        0x9 CMakeFiles/ISD2190.elf.dir/Core/Src/system_stm32l1xx.c.obj
                0x08005d08                PLLMulTable
 *fill*         0x08005d11        0x3 
 .rodata.tempRes_buf
                0x08005d14       0xa2 CMakeFiles/ISD2190.elf.dir/User/temp.c.obj
 *fill*         0x08005db6        0x2 
 .rodata._global_impure_ptr
                0x08005db8        0x4 d:/clion/gcc-arm-none-eabi-10.3-2021.10/bin/../lib/gcc/arm-none-eabi/10.3.1/../../../../arm-none-eabi/lib/thumb/v7-m/nofp\libg.a(lib_a-impure.o)
                0x08005db8                _global_impure_ptr
 .rodata._puts_r.str1.4
                0x08005dbc        0x2 d:/clion/gcc-arm-none-eabi-10.3-2021.10/bin/../lib/gcc/arm-none-eabi/10.3.1/../../../../arm-none-eabi/lib/thumb/v7-m/nofp\libg.a(lib_a-puts.o)
                0x08005dc0                . = ALIGN (0x4)
 *fill*         0x08005dbe        0x2 

.ARM.extab      0x08005dc0        0x0
                0x08005dc0                . = ALIGN (0x4)
 *(.ARM.extab* .gnu.linkonce.armextab.*)
                0x08005dc0                . = ALIGN (0x4)

.ARM            0x08005dc0        0x8
                0x08005dc0                . = ALIGN (0x4)
                0x08005dc0                __exidx_start = .
 *(.ARM.exidx*)
 .ARM.exidx     0x08005dc0        0x8 d:/clion/gcc-arm-none-eabi-10.3-2021.10/bin/../lib/gcc/arm-none-eabi/10.3.1/thumb/v7-m/nofp\libgcc.a(_udivmoddi4.o)
                0x08005dc8                __exidx_end = .
                0x08005dc8                . = ALIGN (0x4)

.rel.dyn        0x08005dc8        0x0
 .rel.iplt      0x08005dc8        0x0 d:/clion/gcc-arm-none-eabi-10.3-2021.10/bin/../lib/gcc/arm-none-eabi/10.3.1/thumb/v7-m/nofp/crtbegin.o

.preinit_array  0x08005dc8        0x0
                0x08005dc8                . = ALIGN (0x4)
                0x08005dc8                PROVIDE (__preinit_array_start = .)
 *(.preinit_array*)
                0x08005dc8                PROVIDE (__preinit_array_end = .)
                0x08005dc8                . = ALIGN (0x4)

.init_array     0x08005dc8        0x8
                0x08005dc8                . = ALIGN (0x4)
                0x08005dc8                PROVIDE (__init_array_start = .)
 *(SORT_BY_NAME(.init_array.*))
 .init_array.00000
                0x08005dc8        0x4 d:/clion/gcc-arm-none-eabi-10.3-2021.10/bin/../lib/gcc/arm-none-eabi/10.3.1/../../../../arm-none-eabi/lib/thumb/v7-m/nofp\libg.a(lib_a-__call_atexit.o)
 *(.init_array*)
 .init_array    0x08005dcc        0x4 d:/clion/gcc-arm-none-eabi-10.3-2021.10/bin/../lib/gcc/arm-none-eabi/10.3.1/thumb/v7-m/nofp/crtbegin.o
                0x08005dd0                PROVIDE (__init_array_end = .)
                0x08005dd0                . = ALIGN (0x4)

.fini_array     0x08005dd0        0x4
                0x08005dd0                . = ALIGN (0x4)
                0x08005dd0                PROVIDE (__fini_array_start = .)
 *(SORT_BY_NAME(.fini_array.*))
 *(.fini_array*)
 .fini_array    0x08005dd0        0x4 d:/clion/gcc-arm-none-eabi-10.3-2021.10/bin/../lib/gcc/arm-none-eabi/10.3.1/thumb/v7-m/nofp/crtbegin.o
                0x08005dd4                PROVIDE (__fini_array_end = .)
                0x08005dd4                . = ALIGN (0x4)
                0x08005dd4                _sidata = LOADADDR (.data)

.data           0x20000000      0x85c load address 0x08005dd4
                0x20000000                . = ALIGN (0x4)
                0x20000000                _sdata = .
 *(.data)
 *(.data*)
 .data.SystemCoreClock
                0x20000000        0x4 CMakeFiles/ISD2190.elf.dir/Core/Src/system_stm32l1xx.c.obj
                0x20000000                SystemCoreClock
 .data.uwTickFreq
                0x20000004        0x4 CMakeFiles/ISD2190.elf.dir/Drivers/STM32L1xx_HAL_Driver/Src/stm32l1xx_hal.c.obj
                0x20000004                uwTickFreq
 .data.uwTickPrio
                0x20000008        0x4 CMakeFiles/ISD2190.elf.dir/Drivers/STM32L1xx_HAL_Driver/Src/stm32l1xx_hal.c.obj
                0x20000008                uwTickPrio
 .data.VM_Init_Cmd
                0x2000000c        0x7 CMakeFiles/ISD2190.elf.dir/User/VMxx.c.obj
                0x2000000c                VM_Init_Cmd
 *fill*         0x20000013        0x1 
 .data.VM_Scan_Cmd
                0x20000014        0x5 CMakeFiles/ISD2190.elf.dir/User/VMxx.c.obj
                0x20000014                VM_Scan_Cmd
 *fill*         0x20000019        0x3 
 .data._impure_ptr
                0x2000001c        0x4 d:/clion/gcc-arm-none-eabi-10.3-2021.10/bin/../lib/gcc/arm-none-eabi/10.3.1/../../../../arm-none-eabi/lib/thumb/v7-m/nofp\libg.a(lib_a-impure.o)
                0x2000001c                _impure_ptr
 .data.impure_data
                0x20000020      0x428 d:/clion/gcc-arm-none-eabi-10.3-2021.10/bin/../lib/gcc/arm-none-eabi/10.3.1/../../../../arm-none-eabi/lib/thumb/v7-m/nofp\libg.a(lib_a-impure.o)
 .data.__malloc_av_
                0x20000448      0x408 d:/clion/gcc-arm-none-eabi-10.3-2021.10/bin/../lib/gcc/arm-none-eabi/10.3.1/../../../../arm-none-eabi/lib/thumb/v7-m/nofp\libg.a(lib_a-mallocr.o)
                0x20000448                __malloc_av_
 .data.__malloc_sbrk_base
                0x20000850        0x4 d:/clion/gcc-arm-none-eabi-10.3-2021.10/bin/../lib/gcc/arm-none-eabi/10.3.1/../../../../arm-none-eabi/lib/thumb/v7-m/nofp\libg.a(lib_a-mallocr.o)
                0x20000850                __malloc_sbrk_base
 .data.__malloc_trim_threshold
                0x20000854        0x4 d:/clion/gcc-arm-none-eabi-10.3-2021.10/bin/../lib/gcc/arm-none-eabi/10.3.1/../../../../arm-none-eabi/lib/thumb/v7-m/nofp\libg.a(lib_a-mallocr.o)
                0x20000854                __malloc_trim_threshold
 .data.__atexit_recursive_mutex
                0x20000858        0x4 d:/clion/gcc-arm-none-eabi-10.3-2021.10/bin/../lib/gcc/arm-none-eabi/10.3.1/../../../../arm-none-eabi/lib/thumb/v7-m/nofp\libg.a(lib_a-__call_atexit.o)
                0x20000858                __atexit_recursive_mutex
 *(.RamFunc)
 *(.RamFunc*)
                0x2000085c                . = ALIGN (0x4)
                0x2000085c                _edata = .

.igot.plt       0x2000085c        0x0 load address 0x08006630
 .igot.plt      0x2000085c        0x0 d:/clion/gcc-arm-none-eabi-10.3-2021.10/bin/../lib/gcc/arm-none-eabi/10.3.1/thumb/v7-m/nofp/crtbegin.o
                0x2000085c                . = ALIGN (0x4)

.bss            0x20000860      0x7b8 load address 0x08006630
                0x20000860                _sbss = .
                0x20000860                __bss_start__ = _sbss
 *(.bss)
 .bss           0x20000860       0x1c d:/clion/gcc-arm-none-eabi-10.3-2021.10/bin/../lib/gcc/arm-none-eabi/10.3.1/thumb/v7-m/nofp/crtbegin.o
 *(.bss*)
 .bss.hadc      0x2000087c       0x54 CMakeFiles/ISD2190.elf.dir/Core/Src/adc.c.obj
                0x2000087c                hadc
 .bss.hdma_adc  0x200008d0       0x44 CMakeFiles/ISD2190.elf.dir/Core/Src/adc.c.obj
                0x200008d0                hdma_adc
 .bss.ADC_Busy  0x20000914        0x1 CMakeFiles/ISD2190.elf.dir/Core/Src/main.c.obj
                0x20000914                ADC_Busy
 *fill*         0x20000915        0x3 
 .bss.ADC_Value
                0x20000918       0x20 CMakeFiles/ISD2190.elf.dir/Core/Src/main.c.obj
                0x20000918                ADC_Value
 .bss.Scan_Start
                0x20000938        0x1 CMakeFiles/ISD2190.elf.dir/Core/Src/main.c.obj
                0x20000938                Scan_Start
 *fill*         0x20000939        0x7 
 .bss.Sensor    0x20000940      0x400 CMakeFiles/ISD2190.elf.dir/Core/Src/main.c.obj
                0x20000940                Sensor
 .bss.Temp_Value
                0x20000d40       0x20 CMakeFiles/ISD2190.elf.dir/Core/Src/main.c.obj
                0x20000d40                Temp_Value
 .bss.VM_Busy   0x20000d60        0x1 CMakeFiles/ISD2190.elf.dir/Core/Src/main.c.obj
                0x20000d60                VM_Busy
 .bss.VM_ERR    0x20000d61        0x1 CMakeFiles/ISD2190.elf.dir/Core/Src/main.c.obj
                0x20000d61                VM_ERR
 .bss.VM_init   0x20000d62        0x1 CMakeFiles/ISD2190.elf.dir/Core/Src/main.c.obj
                0x20000d62                VM_init
 .bss.receiving
                0x20000d63        0x1 CMakeFiles/ISD2190.elf.dir/Core/Src/main.c.obj
                0x20000d63                receiving
 .bss.restart   0x20000d64        0x1 CMakeFiles/ISD2190.elf.dir/Core/Src/main.c.obj
                0x20000d64                restart
 *fill*         0x20000d65        0x3 
 .bss.rx_buffer
                0x20000d68       0xff CMakeFiles/ISD2190.elf.dir/Core/Src/main.c.obj
                0x20000d68                rx_buffer
 .bss.rx_check  0x20000e67        0x1 CMakeFiles/ISD2190.elf.dir/Core/Src/main.c.obj
                0x20000e67                rx_check
 .bss.rx_index  0x20000e68        0x1 CMakeFiles/ISD2190.elf.dir/Core/Src/main.c.obj
                0x20000e68                rx_index
 .bss.rxdata    0x20000e69        0x1 CMakeFiles/ISD2190.elf.dir/Core/Src/main.c.obj
                0x20000e69                rxdata
 *fill*         0x20000e6a        0x2 
 .bss.__sbrk_heap_end
                0x20000e6c        0x4 CMakeFiles/ISD2190.elf.dir/Core/Src/sysmem.c.obj
 .bss.htim2     0x20000e70       0x40 CMakeFiles/ISD2190.elf.dir/Core/Src/tim.c.obj
                0x20000e70                htim2
 .bss.htim3     0x20000eb0       0x40 CMakeFiles/ISD2190.elf.dir/Core/Src/tim.c.obj
                0x20000eb0                htim3
 .bss.huart2    0x20000ef0       0x48 CMakeFiles/ISD2190.elf.dir/Core/Src/usart.c.obj
                0x20000ef0                huart2
 .bss.huart3    0x20000f38       0x48 CMakeFiles/ISD2190.elf.dir/Core/Src/usart.c.obj
                0x20000f38                huart3
 .bss.huart5    0x20000f80       0x48 CMakeFiles/ISD2190.elf.dir/Core/Src/usart.c.obj
                0x20000f80                huart5
 .bss.uwTick    0x20000fc8        0x4 CMakeFiles/ISD2190.elf.dir/Drivers/STM32L1xx_HAL_Driver/Src/stm32l1xx_hal.c.obj
                0x20000fc8                uwTick
 .bss.i         0x20000fcc        0x4 CMakeFiles/ISD2190.elf.dir/User/CollectData.c.obj
                0x20000fcc                i
 .bss.__malloc_current_mallinfo
                0x20000fd0       0x28 d:/clion/gcc-arm-none-eabi-10.3-2021.10/bin/../lib/gcc/arm-none-eabi/10.3.1/../../../../arm-none-eabi/lib/thumb/v7-m/nofp\libg.a(lib_a-mallocr.o)
                0x20000fd0                __malloc_current_mallinfo
 .bss.__malloc_max_sbrked_mem
                0x20000ff8        0x4 d:/clion/gcc-arm-none-eabi-10.3-2021.10/bin/../lib/gcc/arm-none-eabi/10.3.1/../../../../arm-none-eabi/lib/thumb/v7-m/nofp\libg.a(lib_a-mallocr.o)
                0x20000ff8                __malloc_max_sbrked_mem
 .bss.__malloc_max_total_mem
                0x20000ffc        0x4 d:/clion/gcc-arm-none-eabi-10.3-2021.10/bin/../lib/gcc/arm-none-eabi/10.3.1/../../../../arm-none-eabi/lib/thumb/v7-m/nofp\libg.a(lib_a-mallocr.o)
                0x20000ffc                __malloc_max_total_mem
 .bss.__malloc_top_pad
                0x20001000        0x4 d:/clion/gcc-arm-none-eabi-10.3-2021.10/bin/../lib/gcc/arm-none-eabi/10.3.1/../../../../arm-none-eabi/lib/thumb/v7-m/nofp\libg.a(lib_a-mallocr.o)
                0x20001000                __malloc_top_pad
 .bss.__lock___atexit_recursive_mutex
                0x20001004        0x1 d:/clion/gcc-arm-none-eabi-10.3-2021.10/bin/../lib/gcc/arm-none-eabi/10.3.1/../../../../arm-none-eabi/lib/thumb/v7-m/nofp\libg.a(lib_a-lock.o)
                0x20001004                __lock___atexit_recursive_mutex
 *fill*         0x20001005        0x3 
 .bss.__lock___malloc_recursive_mutex
                0x20001008        0x1 d:/clion/gcc-arm-none-eabi-10.3-2021.10/bin/../lib/gcc/arm-none-eabi/10.3.1/../../../../arm-none-eabi/lib/thumb/v7-m/nofp\libg.a(lib_a-lock.o)
                0x20001008                __lock___malloc_recursive_mutex
 *fill*         0x20001009        0x3 
 .bss.__lock___sfp_recursive_mutex
                0x2000100c        0x1 d:/clion/gcc-arm-none-eabi-10.3-2021.10/bin/../lib/gcc/arm-none-eabi/10.3.1/../../../../arm-none-eabi/lib/thumb/v7-m/nofp\libg.a(lib_a-lock.o)
                0x2000100c                __lock___sfp_recursive_mutex
 *fill*         0x2000100d        0x3 
 .bss.__lock___sinit_recursive_mutex
                0x20001010        0x1 d:/clion/gcc-arm-none-eabi-10.3-2021.10/bin/../lib/gcc/arm-none-eabi/10.3.1/../../../../arm-none-eabi/lib/thumb/v7-m/nofp\libg.a(lib_a-lock.o)
                0x20001010                __lock___sinit_recursive_mutex
 *fill*         0x20001011        0x3 
 .bss.errno     0x20001014        0x4 d:/clion/gcc-arm-none-eabi-10.3-2021.10/bin/../lib/gcc/arm-none-eabi/10.3.1/../../../../arm-none-eabi/lib/thumb/v7-m/nofp\libg.a(lib_a-reent.o)
                0x20001014                errno
 *(COMMON)
                0x20001018                . = ALIGN (0x4)
                0x20001018                _ebss = .
                0x20001018                __bss_end__ = _ebss

._user_heap_stack
                0x20001018      0x600 load address 0x08006630
                0x20001018                . = ALIGN (0x8)
                [!provide]                PROVIDE (end = .)
                0x20001018                PROVIDE (_end = .)
                0x20001218                . = (. + _Min_Heap_Size)
 *fill*         0x20001018      0x200 
                0x20001618                . = (. + _Min_Stack_Size)
 *fill*         0x20001218      0x400 
                0x20001618                . = ALIGN (0x8)

/DISCARD/
 libc.a(*)
 libm.a(*)
 libgcc.a(*)

.ARM.attributes
                0x00000000       0x29
 *(.ARM.attributes)
 .ARM.attributes
                0x00000000       0x1d d:/clion/gcc-arm-none-eabi-10.3-2021.10/bin/../lib/gcc/arm-none-eabi/10.3.1/thumb/v7-m/nofp/crti.o
 .ARM.attributes
                0x0000001d       0x2d d:/clion/gcc-arm-none-eabi-10.3-2021.10/bin/../lib/gcc/arm-none-eabi/10.3.1/thumb/v7-m/nofp/crtbegin.o
 .ARM.attributes
                0x0000004a       0x2d CMakeFiles/ISD2190.elf.dir/Core/Src/adc.c.obj
 .ARM.attributes
                0x00000077       0x2d CMakeFiles/ISD2190.elf.dir/Core/Src/dma.c.obj
 .ARM.attributes
                0x000000a4       0x2d CMakeFiles/ISD2190.elf.dir/Core/Src/gpio.c.obj
 .ARM.attributes
                0x000000d1       0x2d CMakeFiles/ISD2190.elf.dir/Core/Src/main.c.obj
 .ARM.attributes
                0x000000fe       0x2d CMakeFiles/ISD2190.elf.dir/Core/Src/stm32l1xx_hal_msp.c.obj
 .ARM.attributes
                0x0000012b       0x2d CMakeFiles/ISD2190.elf.dir/Core/Src/stm32l1xx_it.c.obj
 .ARM.attributes
                0x00000158       0x2d CMakeFiles/ISD2190.elf.dir/Core/Src/syscalls.c.obj
 .ARM.attributes
                0x00000185       0x2d CMakeFiles/ISD2190.elf.dir/Core/Src/sysmem.c.obj
 .ARM.attributes
                0x000001b2       0x2d CMakeFiles/ISD2190.elf.dir/Core/Src/system_stm32l1xx.c.obj
 .ARM.attributes
                0x000001df       0x2d CMakeFiles/ISD2190.elf.dir/Core/Src/tim.c.obj
 .ARM.attributes
                0x0000020c       0x2d CMakeFiles/ISD2190.elf.dir/Core/Src/usart.c.obj
 .ARM.attributes
                0x00000239       0x21 CMakeFiles/ISD2190.elf.dir/Core/Startup/startup_stm32l151rdtx.s.obj
 .ARM.attributes
                0x0000025a       0x2d CMakeFiles/ISD2190.elf.dir/Drivers/STM32L1xx_HAL_Driver/Src/stm32l1xx_hal.c.obj
 .ARM.attributes
                0x00000287       0x2d CMakeFiles/ISD2190.elf.dir/Drivers/STM32L1xx_HAL_Driver/Src/stm32l1xx_hal_adc.c.obj
 .ARM.attributes
                0x000002b4       0x2d CMakeFiles/ISD2190.elf.dir/Drivers/STM32L1xx_HAL_Driver/Src/stm32l1xx_hal_cortex.c.obj
 .ARM.attributes
                0x000002e1       0x2d CMakeFiles/ISD2190.elf.dir/Drivers/STM32L1xx_HAL_Driver/Src/stm32l1xx_hal_dma.c.obj
 .ARM.attributes
                0x0000030e       0x2d CMakeFiles/ISD2190.elf.dir/Drivers/STM32L1xx_HAL_Driver/Src/stm32l1xx_hal_gpio.c.obj
 .ARM.attributes
                0x0000033b       0x2d CMakeFiles/ISD2190.elf.dir/Drivers/STM32L1xx_HAL_Driver/Src/stm32l1xx_hal_rcc.c.obj
 .ARM.attributes
                0x00000368       0x2d CMakeFiles/ISD2190.elf.dir/Drivers/STM32L1xx_HAL_Driver/Src/stm32l1xx_hal_tim.c.obj
 .ARM.attributes
                0x00000395       0x2d CMakeFiles/ISD2190.elf.dir/Drivers/STM32L1xx_HAL_Driver/Src/stm32l1xx_hal_tim_ex.c.obj
 .ARM.attributes
                0x000003c2       0x2d CMakeFiles/ISD2190.elf.dir/Drivers/STM32L1xx_HAL_Driver/Src/stm32l1xx_hal_uart.c.obj
 .ARM.attributes
                0x000003ef       0x2d CMakeFiles/ISD2190.elf.dir/User/CollectData.c.obj
 .ARM.attributes
                0x0000041c       0x2d CMakeFiles/ISD2190.elf.dir/User/VMxx.c.obj
 .ARM.attributes
                0x00000449       0x2d CMakeFiles/ISD2190.elf.dir/User/hardware.c.obj
 .ARM.attributes
                0x00000476       0x2d CMakeFiles/ISD2190.elf.dir/User/temp.c.obj
 .ARM.attributes
                0x000004a3       0x1d d:/clion/gcc-arm-none-eabi-10.3-2021.10/bin/../lib/gcc/arm-none-eabi/10.3.1/thumb/v7-m/nofp\libgcc.a(_arm_addsubdf3.o)
 .ARM.attributes
                0x000004c0       0x1d d:/clion/gcc-arm-none-eabi-10.3-2021.10/bin/../lib/gcc/arm-none-eabi/10.3.1/thumb/v7-m/nofp\libgcc.a(_arm_muldivdf3.o)
 .ARM.attributes
                0x000004dd       0x1d d:/clion/gcc-arm-none-eabi-10.3-2021.10/bin/../lib/gcc/arm-none-eabi/10.3.1/thumb/v7-m/nofp\libgcc.a(_aeabi_uldivmod.o)
 .ARM.attributes
                0x000004fa       0x2d d:/clion/gcc-arm-none-eabi-10.3-2021.10/bin/../lib/gcc/arm-none-eabi/10.3.1/thumb/v7-m/nofp\libgcc.a(_udivmoddi4.o)
 .ARM.attributes
                0x00000527       0x1d d:/clion/gcc-arm-none-eabi-10.3-2021.10/bin/../lib/gcc/arm-none-eabi/10.3.1/thumb/v7-m/nofp\libgcc.a(_dvmd_tls.o)
 .ARM.attributes
                0x00000544       0x2d d:/clion/gcc-arm-none-eabi-10.3-2021.10/bin/../lib/gcc/arm-none-eabi/10.3.1/../../../../arm-none-eabi/lib/thumb/v7-m/nofp\libg.a(lib_a-errno.o)
 .ARM.attributes
                0x00000571       0x2d d:/clion/gcc-arm-none-eabi-10.3-2021.10/bin/../lib/gcc/arm-none-eabi/10.3.1/../../../../arm-none-eabi/lib/thumb/v7-m/nofp\libg.a(lib_a-impure.o)
 .ARM.attributes
                0x0000059e       0x2d d:/clion/gcc-arm-none-eabi-10.3-2021.10/bin/../lib/gcc/arm-none-eabi/10.3.1/../../../../arm-none-eabi/lib/thumb/v7-m/nofp\libg.a(lib_a-init.o)
 .ARM.attributes
                0x000005cb       0x2d d:/clion/gcc-arm-none-eabi-10.3-2021.10/bin/../lib/gcc/arm-none-eabi/10.3.1/../../../../arm-none-eabi/lib/thumb/v7-m/nofp\libg.a(lib_a-malloc.o)
 .ARM.attributes
                0x000005f8       0x2d d:/clion/gcc-arm-none-eabi-10.3-2021.10/bin/../lib/gcc/arm-none-eabi/10.3.1/../../../../arm-none-eabi/lib/thumb/v7-m/nofp\libg.a(lib_a-mallocr.o)
 .ARM.attributes
                0x00000625       0x2d d:/clion/gcc-arm-none-eabi-10.3-2021.10/bin/../lib/gcc/arm-none-eabi/10.3.1/../../../../arm-none-eabi/lib/thumb/v7-m/nofp\libg.a(lib_a-memset.o)
 .ARM.attributes
                0x00000652       0x2d d:/clion/gcc-arm-none-eabi-10.3-2021.10/bin/../lib/gcc/arm-none-eabi/10.3.1/../../../../arm-none-eabi/lib/thumb/v7-m/nofp\libg.a(lib_a-mlock.o)
 .ARM.attributes
                0x0000067f       0x2d d:/clion/gcc-arm-none-eabi-10.3-2021.10/bin/../lib/gcc/arm-none-eabi/10.3.1/../../../../arm-none-eabi/lib/thumb/v7-m/nofp\libg.a(lib_a-puts.o)
 .ARM.attributes
                0x000006ac       0x2d d:/clion/gcc-arm-none-eabi-10.3-2021.10/bin/../lib/gcc/arm-none-eabi/10.3.1/../../../../arm-none-eabi/lib/thumb/v7-m/nofp\libg.a(lib_a-sbrkr.o)
 .ARM.attributes
                0x000006d9       0x2d d:/clion/gcc-arm-none-eabi-10.3-2021.10/bin/../lib/gcc/arm-none-eabi/10.3.1/../../../../arm-none-eabi/lib/thumb/v7-m/nofp\libg.a(lib_a-strlen-stub.o)
 .ARM.attributes
                0x00000706       0x2d d:/clion/gcc-arm-none-eabi-10.3-2021.10/bin/../lib/gcc/arm-none-eabi/10.3.1/../../../../arm-none-eabi/lib/thumb/v7-m/nofp\libg.a(lib_a-__call_atexit.o)
 .ARM.attributes
                0x00000733       0x2d d:/clion/gcc-arm-none-eabi-10.3-2021.10/bin/../lib/gcc/arm-none-eabi/10.3.1/../../../../arm-none-eabi/lib/thumb/v7-m/nofp\libg.a(lib_a-atexit.o)
 .ARM.attributes
                0x00000760       0x2d d:/clion/gcc-arm-none-eabi-10.3-2021.10/bin/../lib/gcc/arm-none-eabi/10.3.1/../../../../arm-none-eabi/lib/thumb/v7-m/nofp\libg.a(lib_a-findfp.o)
 .ARM.attributes
                0x0000078d       0x2d d:/clion/gcc-arm-none-eabi-10.3-2021.10/bin/../lib/gcc/arm-none-eabi/10.3.1/../../../../arm-none-eabi/lib/thumb/v7-m/nofp\libg.a(lib_a-fini.o)
 .ARM.attributes
                0x000007ba       0x2d d:/clion/gcc-arm-none-eabi-10.3-2021.10/bin/../lib/gcc/arm-none-eabi/10.3.1/../../../../arm-none-eabi/lib/thumb/v7-m/nofp\libg.a(lib_a-freer.o)
 .ARM.attributes
                0x000007e7       0x2d d:/clion/gcc-arm-none-eabi-10.3-2021.10/bin/../lib/gcc/arm-none-eabi/10.3.1/../../../../arm-none-eabi/lib/thumb/v7-m/nofp\libg.a(lib_a-fvwrite.o)
 .ARM.attributes
                0x00000814       0x2d d:/clion/gcc-arm-none-eabi-10.3-2021.10/bin/../lib/gcc/arm-none-eabi/10.3.1/../../../../arm-none-eabi/lib/thumb/v7-m/nofp\libg.a(lib_a-fwalk.o)
 .ARM.attributes
                0x00000841       0x2d d:/clion/gcc-arm-none-eabi-10.3-2021.10/bin/../lib/gcc/arm-none-eabi/10.3.1/../../../../arm-none-eabi/lib/thumb/v7-m/nofp\libg.a(lib_a-lock.o)
 .ARM.attributes
                0x0000086e       0x2d d:/clion/gcc-arm-none-eabi-10.3-2021.10/bin/../lib/gcc/arm-none-eabi/10.3.1/../../../../arm-none-eabi/lib/thumb/v7-m/nofp\libg.a(lib_a-memchr-stub.o)
 .ARM.attributes
                0x0000089b       0x1b d:/clion/gcc-arm-none-eabi-10.3-2021.10/bin/../lib/gcc/arm-none-eabi/10.3.1/../../../../arm-none-eabi/lib/thumb/v7-m/nofp\libg.a(lib_a-memcpy.o)
 .ARM.attributes
                0x000008b6       0x2d d:/clion/gcc-arm-none-eabi-10.3-2021.10/bin/../lib/gcc/arm-none-eabi/10.3.1/../../../../arm-none-eabi/lib/thumb/v7-m/nofp\libg.a(lib_a-memmove.o)
 .ARM.attributes
                0x000008e3       0x2d d:/clion/gcc-arm-none-eabi-10.3-2021.10/bin/../lib/gcc/arm-none-eabi/10.3.1/../../../../arm-none-eabi/lib/thumb/v7-m/nofp\libg.a(lib_a-reallocr.o)
 .ARM.attributes
                0x00000910       0x2d d:/clion/gcc-arm-none-eabi-10.3-2021.10/bin/../lib/gcc/arm-none-eabi/10.3.1/../../../../arm-none-eabi/lib/thumb/v7-m/nofp\libg.a(lib_a-reent.o)
 .ARM.attributes
                0x0000093d       0x2d d:/clion/gcc-arm-none-eabi-10.3-2021.10/bin/../lib/gcc/arm-none-eabi/10.3.1/../../../../arm-none-eabi/lib/thumb/v7-m/nofp\libg.a(lib_a-stdio.o)
 .ARM.attributes
                0x0000096a       0x2d d:/clion/gcc-arm-none-eabi-10.3-2021.10/bin/../lib/gcc/arm-none-eabi/10.3.1/../../../../arm-none-eabi/lib/thumb/v7-m/nofp\libg.a(lib_a-writer.o)
 .ARM.attributes
                0x00000997       0x2d d:/clion/gcc-arm-none-eabi-10.3-2021.10/bin/../lib/gcc/arm-none-eabi/10.3.1/../../../../arm-none-eabi/lib/thumb/v7-m/nofp\libg.a(lib_a-wsetup.o)
 .ARM.attributes
                0x000009c4       0x2d d:/clion/gcc-arm-none-eabi-10.3-2021.10/bin/../lib/gcc/arm-none-eabi/10.3.1/../../../../arm-none-eabi/lib/thumb/v7-m/nofp\libg.a(lib_a-__atexit.o)
 .ARM.attributes
                0x000009f1       0x2d d:/clion/gcc-arm-none-eabi-10.3-2021.10/bin/../lib/gcc/arm-none-eabi/10.3.1/../../../../arm-none-eabi/lib/thumb/v7-m/nofp\libg.a(lib_a-closer.o)
 .ARM.attributes
                0x00000a1e       0x2d d:/clion/gcc-arm-none-eabi-10.3-2021.10/bin/../lib/gcc/arm-none-eabi/10.3.1/../../../../arm-none-eabi/lib/thumb/v7-m/nofp\libg.a(lib_a-fclose.o)
 .ARM.attributes
                0x00000a4b       0x2d d:/clion/gcc-arm-none-eabi-10.3-2021.10/bin/../lib/gcc/arm-none-eabi/10.3.1/../../../../arm-none-eabi/lib/thumb/v7-m/nofp\libg.a(lib_a-fflush.o)
 .ARM.attributes
                0x00000a78       0x2d d:/clion/gcc-arm-none-eabi-10.3-2021.10/bin/../lib/gcc/arm-none-eabi/10.3.1/../../../../arm-none-eabi/lib/thumb/v7-m/nofp\libg.a(lib_a-lseekr.o)
 .ARM.attributes
                0x00000aa5       0x2d d:/clion/gcc-arm-none-eabi-10.3-2021.10/bin/../lib/gcc/arm-none-eabi/10.3.1/../../../../arm-none-eabi/lib/thumb/v7-m/nofp\libg.a(lib_a-makebuf.o)
 .ARM.attributes
                0x00000ad2       0x2d d:/clion/gcc-arm-none-eabi-10.3-2021.10/bin/../lib/gcc/arm-none-eabi/10.3.1/../../../../arm-none-eabi/lib/thumb/v7-m/nofp\libg.a(lib_a-readr.o)
 .ARM.attributes
                0x00000aff       0x2d d:/clion/gcc-arm-none-eabi-10.3-2021.10/bin/../lib/gcc/arm-none-eabi/10.3.1/../../../../arm-none-eabi/lib/thumb/v7-m/nofp\libg.a(lib_a-fstatr.o)
 .ARM.attributes
                0x00000b2c       0x2d d:/clion/gcc-arm-none-eabi-10.3-2021.10/bin/../lib/gcc/arm-none-eabi/10.3.1/../../../../arm-none-eabi/lib/thumb/v7-m/nofp\libg.a(lib_a-isattyr.o)
 .ARM.attributes
                0x00000b59       0x1d d:/clion/gcc-arm-none-eabi-10.3-2021.10/bin/../lib/gcc/arm-none-eabi/10.3.1/thumb/v7-m/nofp/crtn.o
OUTPUT(ISD2190.elf elf32-littlearm)
LOAD linker stubs
LOAD d:/clion/gcc-arm-none-eabi-10.3-2021.10/bin/../lib/gcc/arm-none-eabi/10.3.1/../../../../arm-none-eabi/lib/thumb/v7-m/nofp\libc.a
LOAD d:/clion/gcc-arm-none-eabi-10.3-2021.10/bin/../lib/gcc/arm-none-eabi/10.3.1/../../../../arm-none-eabi/lib/thumb/v7-m/nofp\libm.a
LOAD d:/clion/gcc-arm-none-eabi-10.3-2021.10/bin/../lib/gcc/arm-none-eabi/10.3.1/thumb/v7-m/nofp\libgcc.a

.debug_info     0x00000000    0x140ef
 .debug_info    0x00000000      0xcdd CMakeFiles/ISD2190.elf.dir/Core/Src/adc.c.obj
 .debug_info    0x00000cdd      0x37b CMakeFiles/ISD2190.elf.dir/Core/Src/dma.c.obj
 .debug_info    0x00001058      0x3f3 CMakeFiles/ISD2190.elf.dir/Core/Src/gpio.c.obj
 .debug_info    0x0000144b      0xfb5 CMakeFiles/ISD2190.elf.dir/Core/Src/main.c.obj
 .debug_info    0x00002400      0x1d8 CMakeFiles/ISD2190.elf.dir/Core/Src/stm32l1xx_hal_msp.c.obj
 .debug_info    0x000025d8      0xa41 CMakeFiles/ISD2190.elf.dir/Core/Src/stm32l1xx_it.c.obj
 .debug_info    0x00003019      0x7af CMakeFiles/ISD2190.elf.dir/Core/Src/syscalls.c.obj
 .debug_info    0x000037c8      0x174 CMakeFiles/ISD2190.elf.dir/Core/Src/sysmem.c.obj
 .debug_info    0x0000393c      0x2bc CMakeFiles/ISD2190.elf.dir/Core/Src/system_stm32l1xx.c.obj
 .debug_info    0x00003bf8      0xb9a CMakeFiles/ISD2190.elf.dir/Core/Src/tim.c.obj
 .debug_info    0x00004792      0xd9d CMakeFiles/ISD2190.elf.dir/Core/Src/usart.c.obj
 .debug_info    0x0000552f       0x22 CMakeFiles/ISD2190.elf.dir/Core/Startup/startup_stm32l151rdtx.s.obj
 .debug_info    0x00005551      0x7a3 CMakeFiles/ISD2190.elf.dir/Drivers/STM32L1xx_HAL_Driver/Src/stm32l1xx_hal.c.obj
 .debug_info    0x00005cf4     0x11a1 CMakeFiles/ISD2190.elf.dir/Drivers/STM32L1xx_HAL_Driver/Src/stm32l1xx_hal_adc.c.obj
 .debug_info    0x00006e95     0x1003 CMakeFiles/ISD2190.elf.dir/Drivers/STM32L1xx_HAL_Driver/Src/stm32l1xx_hal_cortex.c.obj
 .debug_info    0x00007e98      0x83b CMakeFiles/ISD2190.elf.dir/Drivers/STM32L1xx_HAL_Driver/Src/stm32l1xx_hal_dma.c.obj
 .debug_info    0x000086d3      0x671 CMakeFiles/ISD2190.elf.dir/Drivers/STM32L1xx_HAL_Driver/Src/stm32l1xx_hal_gpio.c.obj
 .debug_info    0x00008d44      0xc16 CMakeFiles/ISD2190.elf.dir/Drivers/STM32L1xx_HAL_Driver/Src/stm32l1xx_hal_rcc.c.obj
 .debug_info    0x0000995a     0x3b58 CMakeFiles/ISD2190.elf.dir/Drivers/STM32L1xx_HAL_Driver/Src/stm32l1xx_hal_tim.c.obj
 .debug_info    0x0000d4b2      0x6fe CMakeFiles/ISD2190.elf.dir/Drivers/STM32L1xx_HAL_Driver/Src/stm32l1xx_hal_tim_ex.c.obj
 .debug_info    0x0000dbb0     0x4211 CMakeFiles/ISD2190.elf.dir/Drivers/STM32L1xx_HAL_Driver/Src/stm32l1xx_hal_uart.c.obj
 .debug_info    0x00011dc1     0x10d3 CMakeFiles/ISD2190.elf.dir/User/CollectData.c.obj
 .debug_info    0x00012e94      0x643 CMakeFiles/ISD2190.elf.dir/User/VMxx.c.obj
 .debug_info    0x000134d7      0x9fa CMakeFiles/ISD2190.elf.dir/User/hardware.c.obj
 .debug_info    0x00013ed1      0x21e CMakeFiles/ISD2190.elf.dir/User/temp.c.obj

.debug_abbrev   0x00000000     0x2b74
 .debug_abbrev  0x00000000      0x20b CMakeFiles/ISD2190.elf.dir/Core/Src/adc.c.obj
 .debug_abbrev  0x0000020b      0x114 CMakeFiles/ISD2190.elf.dir/Core/Src/dma.c.obj
 .debug_abbrev  0x0000031f      0x14e CMakeFiles/ISD2190.elf.dir/Core/Src/gpio.c.obj
 .debug_abbrev  0x0000046d      0x20c CMakeFiles/ISD2190.elf.dir/Core/Src/main.c.obj
 .debug_abbrev  0x00000679       0xbf CMakeFiles/ISD2190.elf.dir/Core/Src/stm32l1xx_hal_msp.c.obj
 .debug_abbrev  0x00000738      0x19c CMakeFiles/ISD2190.elf.dir/Core/Src/stm32l1xx_it.c.obj
 .debug_abbrev  0x000008d4      0x1a3 CMakeFiles/ISD2190.elf.dir/Core/Src/syscalls.c.obj
 .debug_abbrev  0x00000a77       0xe7 CMakeFiles/ISD2190.elf.dir/Core/Src/sysmem.c.obj
 .debug_abbrev  0x00000b5e      0x119 CMakeFiles/ISD2190.elf.dir/Core/Src/system_stm32l1xx.c.obj
 .debug_abbrev  0x00000c77      0x1de CMakeFiles/ISD2190.elf.dir/Core/Src/tim.c.obj
 .debug_abbrev  0x00000e55      0x215 CMakeFiles/ISD2190.elf.dir/Core/Src/usart.c.obj
 .debug_abbrev  0x0000106a       0x12 CMakeFiles/ISD2190.elf.dir/Core/Startup/startup_stm32l151rdtx.s.obj
 .debug_abbrev  0x0000107c      0x24c CMakeFiles/ISD2190.elf.dir/Drivers/STM32L1xx_HAL_Driver/Src/stm32l1xx_hal.c.obj
 .debug_abbrev  0x000012c8      0x293 CMakeFiles/ISD2190.elf.dir/Drivers/STM32L1xx_HAL_Driver/Src/stm32l1xx_hal_adc.c.obj
 .debug_abbrev  0x0000155b      0x36a CMakeFiles/ISD2190.elf.dir/Drivers/STM32L1xx_HAL_Driver/Src/stm32l1xx_hal_cortex.c.obj
 .debug_abbrev  0x000018c5      0x21a CMakeFiles/ISD2190.elf.dir/Drivers/STM32L1xx_HAL_Driver/Src/stm32l1xx_hal_dma.c.obj
 .debug_abbrev  0x00001adf      0x1ef CMakeFiles/ISD2190.elf.dir/Drivers/STM32L1xx_HAL_Driver/Src/stm32l1xx_hal_gpio.c.obj
 .debug_abbrev  0x00001cce      0x2a8 CMakeFiles/ISD2190.elf.dir/Drivers/STM32L1xx_HAL_Driver/Src/stm32l1xx_hal_rcc.c.obj
 .debug_abbrev  0x00001f76      0x232 CMakeFiles/ISD2190.elf.dir/Drivers/STM32L1xx_HAL_Driver/Src/stm32l1xx_hal_tim.c.obj
 .debug_abbrev  0x000021a8      0x170 CMakeFiles/ISD2190.elf.dir/Drivers/STM32L1xx_HAL_Driver/Src/stm32l1xx_hal_tim_ex.c.obj
 .debug_abbrev  0x00002318      0x2dd CMakeFiles/ISD2190.elf.dir/Drivers/STM32L1xx_HAL_Driver/Src/stm32l1xx_hal_uart.c.obj
 .debug_abbrev  0x000025f5      0x239 CMakeFiles/ISD2190.elf.dir/User/CollectData.c.obj
 .debug_abbrev  0x0000282e      0x170 CMakeFiles/ISD2190.elf.dir/User/VMxx.c.obj
 .debug_abbrev  0x0000299e       0xe2 CMakeFiles/ISD2190.elf.dir/User/hardware.c.obj
 .debug_abbrev  0x00002a80       0xf4 CMakeFiles/ISD2190.elf.dir/User/temp.c.obj

.debug_loc      0x00000000     0xcd1b
 .debug_loc     0x00000000       0x71 CMakeFiles/ISD2190.elf.dir/Core/Src/adc.c.obj
 .debug_loc     0x00000071      0x3c5 CMakeFiles/ISD2190.elf.dir/Core/Src/syscalls.c.obj
 .debug_loc     0x00000436       0x64 CMakeFiles/ISD2190.elf.dir/Core/Src/sysmem.c.obj
 .debug_loc     0x0000049a      0x1d6 CMakeFiles/ISD2190.elf.dir/Core/Src/system_stm32l1xx.c.obj
 .debug_loc     0x00000670       0x9e CMakeFiles/ISD2190.elf.dir/Core/Src/tim.c.obj
 .debug_loc     0x0000070e      0x11b CMakeFiles/ISD2190.elf.dir/Core/Src/usart.c.obj
 .debug_loc     0x00000829      0x1cd CMakeFiles/ISD2190.elf.dir/Drivers/STM32L1xx_HAL_Driver/Src/stm32l1xx_hal.c.obj
 .debug_loc     0x000009f6      0xa62 CMakeFiles/ISD2190.elf.dir/Drivers/STM32L1xx_HAL_Driver/Src/stm32l1xx_hal_adc.c.obj
 .debug_loc     0x00001458      0x744 CMakeFiles/ISD2190.elf.dir/Drivers/STM32L1xx_HAL_Driver/Src/stm32l1xx_hal_cortex.c.obj
 .debug_loc     0x00001b9c      0x7cf CMakeFiles/ISD2190.elf.dir/Drivers/STM32L1xx_HAL_Driver/Src/stm32l1xx_hal_dma.c.obj
 .debug_loc     0x0000236b      0x41a CMakeFiles/ISD2190.elf.dir/Drivers/STM32L1xx_HAL_Driver/Src/stm32l1xx_hal_gpio.c.obj
 .debug_loc     0x00002785      0x6f8 CMakeFiles/ISD2190.elf.dir/Drivers/STM32L1xx_HAL_Driver/Src/stm32l1xx_hal_rcc.c.obj
 .debug_loc     0x00002e7d     0x4984 CMakeFiles/ISD2190.elf.dir/Drivers/STM32L1xx_HAL_Driver/Src/stm32l1xx_hal_tim.c.obj
 .debug_loc     0x00007801       0xc8 CMakeFiles/ISD2190.elf.dir/Drivers/STM32L1xx_HAL_Driver/Src/stm32l1xx_hal_tim_ex.c.obj
 .debug_loc     0x000078c9     0x487b CMakeFiles/ISD2190.elf.dir/Drivers/STM32L1xx_HAL_Driver/Src/stm32l1xx_hal_uart.c.obj
 .debug_loc     0x0000c144      0x1d0 CMakeFiles/ISD2190.elf.dir/User/CollectData.c.obj
 .debug_loc     0x0000c314      0x8a1 CMakeFiles/ISD2190.elf.dir/User/hardware.c.obj
 .debug_loc     0x0000cbb5      0x166 CMakeFiles/ISD2190.elf.dir/User/temp.c.obj

.debug_aranges  0x00000000      0xd90
 .debug_aranges
                0x00000000       0x30 CMakeFiles/ISD2190.elf.dir/Core/Src/adc.c.obj
 .debug_aranges
                0x00000030       0x20 CMakeFiles/ISD2190.elf.dir/Core/Src/dma.c.obj
 .debug_aranges
                0x00000050       0x20 CMakeFiles/ISD2190.elf.dir/Core/Src/gpio.c.obj
 .debug_aranges
                0x00000070       0x30 CMakeFiles/ISD2190.elf.dir/Core/Src/main.c.obj
 .debug_aranges
                0x000000a0       0x20 CMakeFiles/ISD2190.elf.dir/Core/Src/stm32l1xx_hal_msp.c.obj
 .debug_aranges
                0x000000c0       0x88 CMakeFiles/ISD2190.elf.dir/Core/Src/stm32l1xx_it.c.obj
 .debug_aranges
                0x00000148       0xa8 CMakeFiles/ISD2190.elf.dir/Core/Src/syscalls.c.obj
 .debug_aranges
                0x000001f0       0x20 CMakeFiles/ISD2190.elf.dir/Core/Src/sysmem.c.obj
 .debug_aranges
                0x00000210       0x28 CMakeFiles/ISD2190.elf.dir/Core/Src/system_stm32l1xx.c.obj
 .debug_aranges
                0x00000238       0x38 CMakeFiles/ISD2190.elf.dir/Core/Src/tim.c.obj
 .debug_aranges
                0x00000270       0x48 CMakeFiles/ISD2190.elf.dir/Core/Src/usart.c.obj
 .debug_aranges
                0x000002b8       0x28 CMakeFiles/ISD2190.elf.dir/Core/Startup/startup_stm32l151rdtx.s.obj
 .debug_aranges
                0x000002e0       0xe0 CMakeFiles/ISD2190.elf.dir/Drivers/STM32L1xx_HAL_Driver/Src/stm32l1xx_hal.c.obj
 .debug_aranges
                0x000003c0       0xf0 CMakeFiles/ISD2190.elf.dir/Drivers/STM32L1xx_HAL_Driver/Src/stm32l1xx_hal_adc.c.obj
 .debug_aranges
                0x000004b0       0xa8 CMakeFiles/ISD2190.elf.dir/Drivers/STM32L1xx_HAL_Driver/Src/stm32l1xx_hal_cortex.c.obj
 .debug_aranges
                0x00000558       0x80 CMakeFiles/ISD2190.elf.dir/Drivers/STM32L1xx_HAL_Driver/Src/stm32l1xx_hal_dma.c.obj
 .debug_aranges
                0x000005d8       0x58 CMakeFiles/ISD2190.elf.dir/Drivers/STM32L1xx_HAL_Driver/Src/stm32l1xx_hal_gpio.c.obj
 .debug_aranges
                0x00000630       0x90 CMakeFiles/ISD2190.elf.dir/Drivers/STM32L1xx_HAL_Driver/Src/stm32l1xx_hal_rcc.c.obj
 .debug_aranges
                0x000006c0      0x3d0 CMakeFiles/ISD2190.elf.dir/Drivers/STM32L1xx_HAL_Driver/Src/stm32l1xx_hal_tim.c.obj
 .debug_aranges
                0x00000a90       0x28 CMakeFiles/ISD2190.elf.dir/Drivers/STM32L1xx_HAL_Driver/Src/stm32l1xx_hal_tim_ex.c.obj
 .debug_aranges
                0x00000ab8      0x208 CMakeFiles/ISD2190.elf.dir/Drivers/STM32L1xx_HAL_Driver/Src/stm32l1xx_hal_uart.c.obj
 .debug_aranges
                0x00000cc0       0x38 CMakeFiles/ISD2190.elf.dir/User/CollectData.c.obj
 .debug_aranges
                0x00000cf8       0x28 CMakeFiles/ISD2190.elf.dir/User/VMxx.c.obj
 .debug_aranges
                0x00000d20       0x48 CMakeFiles/ISD2190.elf.dir/User/hardware.c.obj
 .debug_aranges
                0x00000d68       0x28 CMakeFiles/ISD2190.elf.dir/User/temp.c.obj

.debug_ranges   0x00000000      0xd00
 .debug_ranges  0x00000000       0x20 CMakeFiles/ISD2190.elf.dir/Core/Src/adc.c.obj
 .debug_ranges  0x00000020       0x10 CMakeFiles/ISD2190.elf.dir/Core/Src/dma.c.obj
 .debug_ranges  0x00000030       0x10 CMakeFiles/ISD2190.elf.dir/Core/Src/gpio.c.obj
 .debug_ranges  0x00000040       0x20 CMakeFiles/ISD2190.elf.dir/Core/Src/main.c.obj
 .debug_ranges  0x00000060       0x10 CMakeFiles/ISD2190.elf.dir/Core/Src/stm32l1xx_hal_msp.c.obj
 .debug_ranges  0x00000070       0x78 CMakeFiles/ISD2190.elf.dir/Core/Src/stm32l1xx_it.c.obj
 .debug_ranges  0x000000e8       0x98 CMakeFiles/ISD2190.elf.dir/Core/Src/syscalls.c.obj
 .debug_ranges  0x00000180       0x10 CMakeFiles/ISD2190.elf.dir/Core/Src/sysmem.c.obj
 .debug_ranges  0x00000190       0x18 CMakeFiles/ISD2190.elf.dir/Core/Src/system_stm32l1xx.c.obj
 .debug_ranges  0x000001a8       0x28 CMakeFiles/ISD2190.elf.dir/Core/Src/tim.c.obj
 .debug_ranges  0x000001d0       0x38 CMakeFiles/ISD2190.elf.dir/Core/Src/usart.c.obj
 .debug_ranges  0x00000208       0x20 CMakeFiles/ISD2190.elf.dir/Core/Startup/startup_stm32l151rdtx.s.obj
 .debug_ranges  0x00000228       0xd0 CMakeFiles/ISD2190.elf.dir/Drivers/STM32L1xx_HAL_Driver/Src/stm32l1xx_hal.c.obj
 .debug_ranges  0x000002f8       0xe0 CMakeFiles/ISD2190.elf.dir/Drivers/STM32L1xx_HAL_Driver/Src/stm32l1xx_hal_adc.c.obj
 .debug_ranges  0x000003d8       0xf8 CMakeFiles/ISD2190.elf.dir/Drivers/STM32L1xx_HAL_Driver/Src/stm32l1xx_hal_cortex.c.obj
 .debug_ranges  0x000004d0       0x70 CMakeFiles/ISD2190.elf.dir/Drivers/STM32L1xx_HAL_Driver/Src/stm32l1xx_hal_dma.c.obj
 .debug_ranges  0x00000540       0x48 CMakeFiles/ISD2190.elf.dir/Drivers/STM32L1xx_HAL_Driver/Src/stm32l1xx_hal_gpio.c.obj
 .debug_ranges  0x00000588       0x98 CMakeFiles/ISD2190.elf.dir/Drivers/STM32L1xx_HAL_Driver/Src/stm32l1xx_hal_rcc.c.obj
 .debug_ranges  0x00000620      0x3c0 CMakeFiles/ISD2190.elf.dir/Drivers/STM32L1xx_HAL_Driver/Src/stm32l1xx_hal_tim.c.obj
 .debug_ranges  0x000009e0       0x18 CMakeFiles/ISD2190.elf.dir/Drivers/STM32L1xx_HAL_Driver/Src/stm32l1xx_hal_tim_ex.c.obj
 .debug_ranges  0x000009f8      0x210 CMakeFiles/ISD2190.elf.dir/Drivers/STM32L1xx_HAL_Driver/Src/stm32l1xx_hal_uart.c.obj
 .debug_ranges  0x00000c08       0x58 CMakeFiles/ISD2190.elf.dir/User/CollectData.c.obj
 .debug_ranges  0x00000c60       0x18 CMakeFiles/ISD2190.elf.dir/User/VMxx.c.obj
 .debug_ranges  0x00000c78       0x70 CMakeFiles/ISD2190.elf.dir/User/hardware.c.obj
 .debug_ranges  0x00000ce8       0x18 CMakeFiles/ISD2190.elf.dir/User/temp.c.obj

.debug_line     0x00000000     0xf6e7
 .debug_line    0x00000000      0x5e7 CMakeFiles/ISD2190.elf.dir/Core/Src/adc.c.obj
 .debug_line    0x000005e7      0x1ca CMakeFiles/ISD2190.elf.dir/Core/Src/dma.c.obj
 .debug_line    0x000007b1      0x22b CMakeFiles/ISD2190.elf.dir/Core/Src/gpio.c.obj
 .debug_line    0x000009dc      0x462 CMakeFiles/ISD2190.elf.dir/Core/Src/main.c.obj
 .debug_line    0x00000e3e      0x188 CMakeFiles/ISD2190.elf.dir/Core/Src/stm32l1xx_hal_msp.c.obj
 .debug_line    0x00000fc6      0x392 CMakeFiles/ISD2190.elf.dir/Core/Src/stm32l1xx_it.c.obj
 .debug_line    0x00001358      0x40b CMakeFiles/ISD2190.elf.dir/Core/Src/syscalls.c.obj
 .debug_line    0x00001763      0x1c0 CMakeFiles/ISD2190.elf.dir/Core/Src/sysmem.c.obj
 .debug_line    0x00001923      0x269 CMakeFiles/ISD2190.elf.dir/Core/Src/system_stm32l1xx.c.obj
 .debug_line    0x00001b8c      0x400 CMakeFiles/ISD2190.elf.dir/Core/Src/tim.c.obj
 .debug_line    0x00001f8c      0x51c CMakeFiles/ISD2190.elf.dir/Core/Src/usart.c.obj
 .debug_line    0x000024a8       0xa2 CMakeFiles/ISD2190.elf.dir/Core/Startup/startup_stm32l151rdtx.s.obj
 .debug_line    0x0000254a      0x5a6 CMakeFiles/ISD2190.elf.dir/Drivers/STM32L1xx_HAL_Driver/Src/stm32l1xx_hal.c.obj
 .debug_line    0x00002af0      0xec2 CMakeFiles/ISD2190.elf.dir/Drivers/STM32L1xx_HAL_Driver/Src/stm32l1xx_hal_adc.c.obj
 .debug_line    0x000039b2      0x7ca CMakeFiles/ISD2190.elf.dir/Drivers/STM32L1xx_HAL_Driver/Src/stm32l1xx_hal_cortex.c.obj
 .debug_line    0x0000417c      0x9b4 CMakeFiles/ISD2190.elf.dir/Drivers/STM32L1xx_HAL_Driver/Src/stm32l1xx_hal_dma.c.obj
 .debug_line    0x00004b30      0x5ad CMakeFiles/ISD2190.elf.dir/Drivers/STM32L1xx_HAL_Driver/Src/stm32l1xx_hal_gpio.c.obj
 .debug_line    0x000050dd      0xe0d CMakeFiles/ISD2190.elf.dir/Drivers/STM32L1xx_HAL_Driver/Src/stm32l1xx_hal_rcc.c.obj
 .debug_line    0x00005eea     0x413c CMakeFiles/ISD2190.elf.dir/Drivers/STM32L1xx_HAL_Driver/Src/stm32l1xx_hal_tim.c.obj
 .debug_line    0x0000a026      0x356 CMakeFiles/ISD2190.elf.dir/Drivers/STM32L1xx_HAL_Driver/Src/stm32l1xx_hal_tim_ex.c.obj
 .debug_line    0x0000a37c     0x4411 CMakeFiles/ISD2190.elf.dir/Drivers/STM32L1xx_HAL_Driver/Src/stm32l1xx_hal_uart.c.obj
 .debug_line    0x0000e78d      0x7eb CMakeFiles/ISD2190.elf.dir/User/CollectData.c.obj
 .debug_line    0x0000ef78      0x204 CMakeFiles/ISD2190.elf.dir/User/VMxx.c.obj
 .debug_line    0x0000f17c      0x398 CMakeFiles/ISD2190.elf.dir/User/hardware.c.obj
 .debug_line    0x0000f514      0x1d3 CMakeFiles/ISD2190.elf.dir/User/temp.c.obj

.debug_str      0x00000000     0x40b6
 .debug_str     0x00000000      0x6e2 CMakeFiles/ISD2190.elf.dir/Core/Src/adc.c.obj
                                0x779 (size before relaxing)
 .debug_str     0x000006e2      0x3c0 CMakeFiles/ISD2190.elf.dir/Core/Src/dma.c.obj
                                0x5cc (size before relaxing)
 .debug_str     0x00000aa2       0x6a CMakeFiles/ISD2190.elf.dir/Core/Src/gpio.c.obj
                                0x305 (size before relaxing)
 .debug_str     0x00000b0c      0x83d CMakeFiles/ISD2190.elf.dir/Core/Src/main.c.obj
                                0xca6 (size before relaxing)
 .debug_str     0x00001349       0x48 CMakeFiles/ISD2190.elf.dir/Core/Src/stm32l1xx_hal_msp.c.obj
                                0x254 (size before relaxing)
 .debug_str     0x00001391      0x16b CMakeFiles/ISD2190.elf.dir/Core/Src/stm32l1xx_it.c.obj
                                0x9f7 (size before relaxing)
 .debug_str     0x000014fc      0x234 CMakeFiles/ISD2190.elf.dir/Core/Src/syscalls.c.obj
                                0x422 (size before relaxing)
 .debug_str     0x00001730       0x91 CMakeFiles/ISD2190.elf.dir/Core/Src/sysmem.c.obj
                                0x24e (size before relaxing)
 .debug_str     0x000017c1       0xb5 CMakeFiles/ISD2190.elf.dir/Core/Src/system_stm32l1xx.c.obj
                                0x2c5 (size before relaxing)
 .debug_str     0x00001876      0x163 CMakeFiles/ISD2190.elf.dir/Core/Src/tim.c.obj
                                0xc09 (size before relaxing)
 .debug_str     0x000019d9       0x6d CMakeFiles/ISD2190.elf.dir/Core/Src/usart.c.obj
                                0xb36 (size before relaxing)
 .debug_str     0x00001a46       0x52 CMakeFiles/ISD2190.elf.dir/Core/Startup/startup_stm32l151rdtx.s.obj
                                 0x83 (size before relaxing)
 .debug_str     0x00001a98      0x2a1 CMakeFiles/ISD2190.elf.dir/Drivers/STM32L1xx_HAL_Driver/Src/stm32l1xx_hal.c.obj
                                0x88a (size before relaxing)
 .debug_str     0x00001d39      0x309 CMakeFiles/ISD2190.elf.dir/Drivers/STM32L1xx_HAL_Driver/Src/stm32l1xx_hal_adc.c.obj
                                0x9ee (size before relaxing)
 .debug_str     0x00002042      0x4d2 CMakeFiles/ISD2190.elf.dir/Drivers/STM32L1xx_HAL_Driver/Src/stm32l1xx_hal_cortex.c.obj
                                0xac5 (size before relaxing)
 .debug_str     0x00002514      0x225 CMakeFiles/ISD2190.elf.dir/Drivers/STM32L1xx_HAL_Driver/Src/stm32l1xx_hal_dma.c.obj
                                0x64a (size before relaxing)
 .debug_str     0x00002739      0x12e CMakeFiles/ISD2190.elf.dir/Drivers/STM32L1xx_HAL_Driver/Src/stm32l1xx_hal_gpio.c.obj
                                0x446 (size before relaxing)
 .debug_str     0x00002867      0x26d CMakeFiles/ISD2190.elf.dir/Drivers/STM32L1xx_HAL_Driver/Src/stm32l1xx_hal_rcc.c.obj
                                0x734 (size before relaxing)
 .debug_str     0x00002ad4      0xdbf CMakeFiles/ISD2190.elf.dir/Drivers/STM32L1xx_HAL_Driver/Src/stm32l1xx_hal_tim.c.obj
                               0x15b8 (size before relaxing)
 .debug_str     0x00003893       0x73 CMakeFiles/ISD2190.elf.dir/Drivers/STM32L1xx_HAL_Driver/Src/stm32l1xx_hal_tim_ex.c.obj
                                0x76d (size before relaxing)
 .debug_str     0x00003906      0x5f3 CMakeFiles/ISD2190.elf.dir/Drivers/STM32L1xx_HAL_Driver/Src/stm32l1xx_hal_uart.c.obj
                                0xd2a (size before relaxing)
 .debug_str     0x00003ef9       0x8c CMakeFiles/ISD2190.elf.dir/User/CollectData.c.obj
                                0xcd2 (size before relaxing)
 .debug_str     0x00003f85       0x37 CMakeFiles/ISD2190.elf.dir/User/VMxx.c.obj
                                0x605 (size before relaxing)
 .debug_str     0x00003fbc       0x8c CMakeFiles/ISD2190.elf.dir/User/hardware.c.obj
                                0x2ac (size before relaxing)
 .debug_str     0x00004048       0x6e CMakeFiles/ISD2190.elf.dir/User/temp.c.obj
                                0x257 (size before relaxing)

.comment        0x00000000       0x49
 .comment       0x00000000       0x49 CMakeFiles/ISD2190.elf.dir/Core/Src/adc.c.obj
                                 0x4a (size before relaxing)
 .comment       0x00000049       0x4a CMakeFiles/ISD2190.elf.dir/Core/Src/dma.c.obj
 .comment       0x00000049       0x4a CMakeFiles/ISD2190.elf.dir/Core/Src/gpio.c.obj
 .comment       0x00000049       0x4a CMakeFiles/ISD2190.elf.dir/Core/Src/main.c.obj
 .comment       0x00000049       0x4a CMakeFiles/ISD2190.elf.dir/Core/Src/stm32l1xx_hal_msp.c.obj
 .comment       0x00000049       0x4a CMakeFiles/ISD2190.elf.dir/Core/Src/stm32l1xx_it.c.obj
 .comment       0x00000049       0x4a CMakeFiles/ISD2190.elf.dir/Core/Src/syscalls.c.obj
 .comment       0x00000049       0x4a CMakeFiles/ISD2190.elf.dir/Core/Src/sysmem.c.obj
 .comment       0x00000049       0x4a CMakeFiles/ISD2190.elf.dir/Core/Src/system_stm32l1xx.c.obj
 .comment       0x00000049       0x4a CMakeFiles/ISD2190.elf.dir/Core/Src/tim.c.obj
 .comment       0x00000049       0x4a CMakeFiles/ISD2190.elf.dir/Core/Src/usart.c.obj
 .comment       0x00000049       0x4a CMakeFiles/ISD2190.elf.dir/Drivers/STM32L1xx_HAL_Driver/Src/stm32l1xx_hal.c.obj
 .comment       0x00000049       0x4a CMakeFiles/ISD2190.elf.dir/Drivers/STM32L1xx_HAL_Driver/Src/stm32l1xx_hal_adc.c.obj
 .comment       0x00000049       0x4a CMakeFiles/ISD2190.elf.dir/Drivers/STM32L1xx_HAL_Driver/Src/stm32l1xx_hal_cortex.c.obj
 .comment       0x00000049       0x4a CMakeFiles/ISD2190.elf.dir/Drivers/STM32L1xx_HAL_Driver/Src/stm32l1xx_hal_dma.c.obj
 .comment       0x00000049       0x4a CMakeFiles/ISD2190.elf.dir/Drivers/STM32L1xx_HAL_Driver/Src/stm32l1xx_hal_gpio.c.obj
 .comment       0x00000049       0x4a CMakeFiles/ISD2190.elf.dir/Drivers/STM32L1xx_HAL_Driver/Src/stm32l1xx_hal_rcc.c.obj
 .comment       0x00000049       0x4a CMakeFiles/ISD2190.elf.dir/Drivers/STM32L1xx_HAL_Driver/Src/stm32l1xx_hal_tim.c.obj
 .comment       0x00000049       0x4a CMakeFiles/ISD2190.elf.dir/Drivers/STM32L1xx_HAL_Driver/Src/stm32l1xx_hal_tim_ex.c.obj
 .comment       0x00000049       0x4a CMakeFiles/ISD2190.elf.dir/Drivers/STM32L1xx_HAL_Driver/Src/stm32l1xx_hal_uart.c.obj
 .comment       0x00000049       0x4a CMakeFiles/ISD2190.elf.dir/User/CollectData.c.obj
 .comment       0x00000049       0x4a CMakeFiles/ISD2190.elf.dir/User/VMxx.c.obj
 .comment       0x00000049       0x4a CMakeFiles/ISD2190.elf.dir/User/hardware.c.obj
 .comment       0x00000049       0x4a CMakeFiles/ISD2190.elf.dir/User/temp.c.obj

.debug_frame    0x00000000     0x2d64
 .debug_frame   0x00000000       0x6c CMakeFiles/ISD2190.elf.dir/Core/Src/adc.c.obj
 .debug_frame   0x0000006c       0x2c CMakeFiles/ISD2190.elf.dir/Core/Src/dma.c.obj
 .debug_frame   0x00000098       0x34 CMakeFiles/ISD2190.elf.dir/Core/Src/gpio.c.obj
 .debug_frame   0x000000cc       0x58 CMakeFiles/ISD2190.elf.dir/Core/Src/main.c.obj
 .debug_frame   0x00000124       0x28 CMakeFiles/ISD2190.elf.dir/Core/Src/stm32l1xx_hal_msp.c.obj
 .debug_frame   0x0000014c      0x120 CMakeFiles/ISD2190.elf.dir/Core/Src/stm32l1xx_it.c.obj
 .debug_frame   0x0000026c      0x190 CMakeFiles/ISD2190.elf.dir/Core/Src/syscalls.c.obj
 .debug_frame   0x000003fc       0x28 CMakeFiles/ISD2190.elf.dir/Core/Src/sysmem.c.obj
 .debug_frame   0x00000424       0x30 CMakeFiles/ISD2190.elf.dir/Core/Src/system_stm32l1xx.c.obj
 .debug_frame   0x00000454       0x88 CMakeFiles/ISD2190.elf.dir/Core/Src/tim.c.obj
 .debug_frame   0x000004dc       0xb4 CMakeFiles/ISD2190.elf.dir/Core/Src/usart.c.obj
 .debug_frame   0x00000590      0x1cc CMakeFiles/ISD2190.elf.dir/Drivers/STM32L1xx_HAL_Driver/Src/stm32l1xx_hal.c.obj
 .debug_frame   0x0000075c      0x2c4 CMakeFiles/ISD2190.elf.dir/Drivers/STM32L1xx_HAL_Driver/Src/stm32l1xx_hal_adc.c.obj
 .debug_frame   0x00000a20      0x148 CMakeFiles/ISD2190.elf.dir/Drivers/STM32L1xx_HAL_Driver/Src/stm32l1xx_hal_cortex.c.obj
 .debug_frame   0x00000b68      0x138 CMakeFiles/ISD2190.elf.dir/Drivers/STM32L1xx_HAL_Driver/Src/stm32l1xx_hal_dma.c.obj
 .debug_frame   0x00000ca0       0xd0 CMakeFiles/ISD2190.elf.dir/Drivers/STM32L1xx_HAL_Driver/Src/stm32l1xx_hal_gpio.c.obj
 .debug_frame   0x00000d70      0x1a4 CMakeFiles/ISD2190.elf.dir/Drivers/STM32L1xx_HAL_Driver/Src/stm32l1xx_hal_rcc.c.obj
 .debug_frame   0x00000f14      0xb00 CMakeFiles/ISD2190.elf.dir/Drivers/STM32L1xx_HAL_Driver/Src/stm32l1xx_hal_tim.c.obj
 .debug_frame   0x00001a14       0x3c CMakeFiles/ISD2190.elf.dir/Drivers/STM32L1xx_HAL_Driver/Src/stm32l1xx_hal_tim_ex.c.obj
 .debug_frame   0x00001a50      0x5dc CMakeFiles/ISD2190.elf.dir/Drivers/STM32L1xx_HAL_Driver/Src/stm32l1xx_hal_uart.c.obj
 .debug_frame   0x0000202c       0x7c CMakeFiles/ISD2190.elf.dir/User/CollectData.c.obj
 .debug_frame   0x000020a8       0x58 CMakeFiles/ISD2190.elf.dir/User/VMxx.c.obj
 .debug_frame   0x00002100       0xf4 CMakeFiles/ISD2190.elf.dir/User/hardware.c.obj
 .debug_frame   0x000021f4       0x40 CMakeFiles/ISD2190.elf.dir/User/temp.c.obj
 .debug_frame   0x00002234       0xac d:/clion/gcc-arm-none-eabi-10.3-2021.10/bin/../lib/gcc/arm-none-eabi/10.3.1/thumb/v7-m/nofp\libgcc.a(_arm_addsubdf3.o)
 .debug_frame   0x000022e0       0x50 d:/clion/gcc-arm-none-eabi-10.3-2021.10/bin/../lib/gcc/arm-none-eabi/10.3.1/thumb/v7-m/nofp\libgcc.a(_arm_muldivdf3.o)
 .debug_frame   0x00002330       0x2c d:/clion/gcc-arm-none-eabi-10.3-2021.10/bin/../lib/gcc/arm-none-eabi/10.3.1/thumb/v7-m/nofp\libgcc.a(_aeabi_uldivmod.o)
 .debug_frame   0x0000235c       0x34 d:/clion/gcc-arm-none-eabi-10.3-2021.10/bin/../lib/gcc/arm-none-eabi/10.3.1/thumb/v7-m/nofp\libgcc.a(_udivmoddi4.o)