Archive member included to satisfy reference by file (symbol)

d:/clion/gcc-arm-none-eabi-10.3-2021.10/bin/../lib/gcc/arm-none-eabi/10.3.1/thumb/v7-m/nofp\libgcc.a(_arm_muldf3.o)
                              CMakeFiles/ISD2190.elf.dir/User/hardware.c.obj (__aeabi_dmul)
d:/clion/gcc-arm-none-eabi-10.3-2021.10/bin/../lib/gcc/arm-none-eabi/10.3.1/thumb/v7-m/nofp\libgcc.a(_arm_mulsf3.o)
                              CMakeFiles/ISD2190.elf.dir/User/hardware.c.obj (__aeabi_fmul)
d:/clion/gcc-arm-none-eabi-10.3-2021.10/bin/../lib/gcc/arm-none-eabi/10.3.1/thumb/v7-m/nofp\libgcc.a(_arm_addsubdf3.o)
                              CMakeFiles/ISD2190.elf.dir/User/hardware.c.obj (__aeabi_dsub)
d:/clion/gcc-arm-none-eabi-10.3-2021.10/bin/../lib/gcc/arm-none-eabi/10.3.1/thumb/v7-m/nofp\libgcc.a(_arm_truncdfsf2.o)
                              CMakeFiles/ISD2190.elf.dir/User/hardware.c.obj (__aeabi_d2f)
d:/clion/gcc-arm-none-eabi-10.3-2021.10/bin/../lib/gcc/arm-none-eabi/10.3.1/thumb/v7-m/nofp\libgcc.a(_arm_addsubsf3.o)
                              CMakeFiles/ISD2190.elf.dir/User/hardware.c.obj (__aeabi_fsub)
d:/clion/gcc-arm-none-eabi-10.3-2021.10/bin/../lib/gcc/arm-none-eabi/10.3.1/thumb/v7-m/nofp\libgcc.a(_arm_muldivsf3.o)
                              CMakeFiles/ISD2190.elf.dir/User/hardware.c.obj (__aeabi_fdiv)
d:/clion/gcc-arm-none-eabi-10.3-2021.10/bin/../lib/gcc/arm-none-eabi/10.3.1/thumb/v7-m/nofp\libgcc.a(_aeabi_uldivmod.o)
                              CMakeFiles/ISD2190.elf.dir/Drivers/STM32L1xx_HAL_Driver/Src/stm32l1xx_hal_rcc.c.obj (__aeabi_uldivmod)
d:/clion/gcc-arm-none-eabi-10.3-2021.10/bin/../lib/gcc/arm-none-eabi/10.3.1/thumb/v7-m/nofp\libgcc.a(_udivmoddi4.o)
                              d:/clion/gcc-arm-none-eabi-10.3-2021.10/bin/../lib/gcc/arm-none-eabi/10.3.1/thumb/v7-m/nofp\libgcc.a(_aeabi_uldivmod.o) (__udivmoddi4)
d:/clion/gcc-arm-none-eabi-10.3-2021.10/bin/../lib/gcc/arm-none-eabi/10.3.1/thumb/v7-m/nofp\libgcc.a(_dvmd_tls.o)
                              d:/clion/gcc-arm-none-eabi-10.3-2021.10/bin/../lib/gcc/arm-none-eabi/10.3.1/thumb/v7-m/nofp\libgcc.a(_aeabi_uldivmod.o) (__aeabi_ldiv0)
d:/clion/gcc-arm-none-eabi-10.3-2021.10/bin/../lib/gcc/arm-none-eabi/10.3.1/../../../../arm-none-eabi/lib/thumb/v7-m/nofp\libg.a(lib_a-errno.o)
                              CMakeFiles/ISD2190.elf.dir/Core/Src/syscalls.c.obj (__errno)
d:/clion/gcc-arm-none-eabi-10.3-2021.10/bin/../lib/gcc/arm-none-eabi/10.3.1/../../../../arm-none-eabi/lib/thumb/v7-m/nofp\libg.a(lib_a-exit.o)
                              d:/clion/gcc-arm-none-eabi-10.3-2021.10/bin/../lib/gcc/arm-none-eabi/10.3.1/../../../../arm-none-eabi/lib/thumb/v7-m/nofp/crt0.o (exit)
d:/clion/gcc-arm-none-eabi-10.3-2021.10/bin/../lib/gcc/arm-none-eabi/10.3.1/../../../../arm-none-eabi/lib/thumb/v7-m/nofp\libg.a(lib_a-impure.o)
                              d:/clion/gcc-arm-none-eabi-10.3-2021.10/bin/../lib/gcc/arm-none-eabi/10.3.1/../../../../arm-none-eabi/lib/thumb/v7-m/nofp\libg.a(lib_a-exit.o) (_global_impure_ptr)
d:/clion/gcc-arm-none-eabi-10.3-2021.10/bin/../lib/gcc/arm-none-eabi/10.3.1/../../../../arm-none-eabi/lib/thumb/v7-m/nofp\libg.a(lib_a-init.o)
                              d:/clion/gcc-arm-none-eabi-10.3-2021.10/bin/../lib/gcc/arm-none-eabi/10.3.1/../../../../arm-none-eabi/lib/thumb/v7-m/nofp/crt0.o (__libc_init_array)
d:/clion/gcc-arm-none-eabi-10.3-2021.10/bin/../lib/gcc/arm-none-eabi/10.3.1/../../../../arm-none-eabi/lib/thumb/v7-m/nofp\libg.a(lib_a-memcpy.o)
                              CMakeFiles/ISD2190.elf.dir/Core/Src/freertos.c.obj (memcpy)
d:/clion/gcc-arm-none-eabi-10.3-2021.10/bin/../lib/gcc/arm-none-eabi/10.3.1/../../../../arm-none-eabi/lib/thumb/v7-m/nofp\libg.a(lib_a-memset.o)
                              d:/clion/gcc-arm-none-eabi-10.3-2021.10/bin/../lib/gcc/arm-none-eabi/10.3.1/../../../../arm-none-eabi/lib/thumb/v7-m/nofp/crt0.o (memset)
d:/clion/gcc-arm-none-eabi-10.3-2021.10/bin/../lib/gcc/arm-none-eabi/10.3.1/../../../../arm-none-eabi/lib/thumb/v7-m/nofp\libg.a(lib_a-puts.o)
                              CMakeFiles/ISD2190.elf.dir/Core/Src/main.c.obj (puts)
d:/clion/gcc-arm-none-eabi-10.3-2021.10/bin/../lib/gcc/arm-none-eabi/10.3.1/../../../../arm-none-eabi/lib/thumb/v7-m/nofp\libg.a(lib_a-strlen-stub.o)
                              CMakeFiles/ISD2190.elf.dir/User/bt4531.c.obj (strlen)
d:/clion/gcc-arm-none-eabi-10.3-2021.10/bin/../lib/gcc/arm-none-eabi/10.3.1/../../../../arm-none-eabi/lib/thumb/v7-m/nofp\libg.a(lib_a-strncat.o)
                              CMakeFiles/ISD2190.elf.dir/User/bt4531.c.obj (strncat)
d:/clion/gcc-arm-none-eabi-10.3-2021.10/bin/../lib/gcc/arm-none-eabi/10.3.1/../../../../arm-none-eabi/lib/thumb/v7-m/nofp\libg.a(lib_a-__call_atexit.o)
                              d:/clion/gcc-arm-none-eabi-10.3-2021.10/bin/../lib/gcc/arm-none-eabi/10.3.1/../../../../arm-none-eabi/lib/thumb/v7-m/nofp\libg.a(lib_a-exit.o) (__call_exitprocs)
[...]
Memory Configuration

Name             Origin             Length             Attributes
RAM              0x20000000         0x0000c000         xrw
FLASH            0x08000000         0x00060000         xr
*default*        0x00000000         0xffffffff

Linker script and memory map

LOAD d:/clion/gcc-arm-none-eabi-10.3-2021.10/bin/../lib/gcc/arm-none-eabi/10.3.1/thumb/v7-m/nofp/crti.o
LOAD d:/clion/gcc-arm-none-eabi-10.3-2021.10/bin/../lib/gcc/arm-none-eabi/10.3.1/thumb/v7-m/nofp/crtbegin.o
LOAD d:/clion/gcc-arm-none-eabi-10.3-2021.10/bin/../lib/gcc/arm-none-eabi/10.3.1/../../../../arm-none-eabi/lib/thumb/v7-m/nofp/crt0.o
LOAD CMakeFiles/ISD2190.elf.dir/Core/Src/adc.c.obj
LOAD CMakeFiles/ISD2190.elf.dir/Core/Src/dma.c.obj
LOAD CMakeFiles/ISD2190.elf.dir/Core/Src/freertos.c.obj
LOAD CMakeFiles/ISD2190.elf.dir/Core/Src/gpio.c.obj
LOAD CMakeFiles/ISD2190.elf.dir/Core/Src/iwdg.c.obj
LOAD CMakeFiles/ISD2190.elf.dir/Core/Src/main.c.obj
LOAD CMakeFiles/ISD2190.elf.dir/Core/Src/stm32l1xx_hal_msp.c.obj
LOAD CMakeFiles/ISD2190.elf.dir/Core/Src/stm32l1xx_hal_timebase_tim.c.obj
LOAD CMakeFiles/ISD2190.elf.dir/Core/Src/stm32l1xx_it.c.obj
LOAD CMakeFiles/ISD2190.elf.dir/Core/Src/syscalls.c.obj
LOAD CMakeFiles/ISD2190.elf.dir/Core/Src/sysmem.c.obj
LOAD CMakeFiles/ISD2190.elf.dir/Core/Src/system_stm32l1xx.c.obj
LOAD CMakeFiles/ISD2190.elf.dir/Core/Src/tim.c.obj
LOAD CMakeFiles/ISD2190.elf.dir/Core/Src/usart.c.obj
LOAD CMakeFiles/ISD2190.elf.dir/Core/Startup/startup_stm32l151rdtx.s.obj
LOAD CMakeFiles/ISD2190.elf.dir/Drivers/STM32L1xx_HAL_Driver/Src/stm32l1xx_hal.c.obj
LOAD CMakeFiles/ISD2190.elf.dir/Drivers/STM32L1xx_HAL_Driver/Src/stm32l1xx_hal_adc.c.obj
LOAD CMakeFiles/ISD2190.elf.dir/Drivers/STM32L1xx_HAL_Driver/Src/stm32l1xx_hal_adc_ex.c.obj
LOAD CMakeFiles/ISD2190.elf.dir/Drivers/STM32L1xx_HAL_Driver/Src/stm32l1xx_hal_cortex.c.obj
LOAD CMakeFiles/ISD2190.elf.dir/Drivers/STM32L1xx_HAL_Driver/Src/stm32l1xx_hal_dma.c.obj
LOAD CMakeFiles/ISD2190.elf.dir/Drivers/STM32L1xx_HAL_Driver/Src/stm32l1xx_hal_exti.c.obj
LOAD CMakeFiles/ISD2190.elf.dir/Drivers/STM32L1xx_HAL_Driver/Src/stm32l1xx_hal_flash.c.obj
LOAD CMakeFiles/ISD2190.elf.dir/Drivers/STM32L1xx_HAL_Driver/Src/stm32l1xx_hal_flash_ex.c.obj
LOAD CMakeFiles/ISD2190.elf.dir/Drivers/STM32L1xx_HAL_Driver/Src/stm32l1xx_hal_flash_ramfunc.c.obj
LOAD CMakeFiles/ISD2190.elf.dir/Drivers/STM32L1xx_HAL_Driver/Src/stm32l1xx_hal_gpio.c.obj
LOAD CMakeFiles/ISD2190.elf.dir/Drivers/STM32L1xx_HAL_Driver/Src/stm32l1xx_hal_iwdg.c.obj
LOAD CMakeFiles/ISD2190.elf.dir/Drivers/STM32L1xx_HAL_Driver/Src/stm32l1xx_hal_pwr.c.obj
LOAD CMakeFiles/ISD2190.elf.dir/Drivers/STM32L1xx_HAL_Driver/Src/stm32l1xx_hal_pwr_ex.c.obj
LOAD CMakeFiles/ISD2190.elf.dir/Drivers/STM32L1xx_HAL_Driver/Src/stm32l1xx_hal_rcc.c.obj
LOAD CMakeFiles/ISD2190.elf.dir/Drivers/STM32L1xx_HAL_Driver/Src/stm32l1xx_hal_rcc_ex.c.obj
LOAD CMakeFiles/ISD2190.elf.dir/Drivers/STM32L1xx_HAL_Driver/Src/stm32l1xx_hal_tim.c.obj
LOAD CMakeFiles/ISD2190.elf.dir/Drivers/STM32L1xx_HAL_Driver/Src/stm32l1xx_hal_tim_ex.c.obj
LOAD CMakeFiles/ISD2190.elf.dir/Drivers/STM32L1xx_HAL_Driver/Src/stm32l1xx_hal_uart.c.obj
LOAD CMakeFiles/ISD2190.elf.dir/Middlewares/Third_Party/FreeRTOS/Source/CMSIS_RTOS_V2/cmsis_os2.c.obj
LOAD CMakeFiles/ISD2190.elf.dir/Middlewares/Third_Party/FreeRTOS/Source/croutine.c.obj
LOAD CMakeFiles/ISD2190.elf.dir/Middlewares/Third_Party/FreeRTOS/Source/event_groups.c.obj
LOAD CMakeFiles/ISD2190.elf.dir/Middlewares/Third_Party/FreeRTOS/Source/list.c.obj
LOAD CMakeFiles/ISD2190.elf.dir/Middlewares/Third_Party/FreeRTOS/Source/portable/GCC/ARM_CM3/port.c.obj
LOAD CMakeFiles/ISD2190.elf.dir/Middlewares/Third_Party/FreeRTOS/Source/portable/MemMang/heap_4.c.obj
LOAD CMakeFiles/ISD2190.elf.dir/Middlewares/Third_Party/FreeRTOS/Source/queue.c.obj
LOAD CMakeFiles/ISD2190.elf.dir/Middlewares/Third_Party/FreeRTOS/Source/stream_buffer.c.obj
LOAD CMakeFiles/ISD2190.elf.dir/Middlewares/Third_Party/FreeRTOS/Source/tasks.c.obj
LOAD CMakeFiles/ISD2190.elf.dir/Middlewares/Third_Party/FreeRTOS/Source/timers.c.obj
LOAD CMakeFiles/ISD2190.elf.dir/User/CollectData.c.obj
LOAD CMakeFiles/ISD2190.elf.dir/User/VMxx.c.obj
LOAD CMakeFiles/ISD2190.elf.dir/User/bt4531.c.obj
LOAD CMakeFiles/ISD2190.elf.dir/User/flash.c.obj
LOAD CMakeFiles/ISD2190.elf.dir/User/hardware.c.obj
LOAD CMakeFiles/ISD2190.elf.dir/User/temp.c.obj
START GROUP
LOAD d:/clion/gcc-arm-none-eabi-10.3-2021.10/bin/../lib/gcc/arm-none-eabi/10.3.1/thumb/v7-m/nofp\libgcc.a
LOAD d:/clion/gcc-arm-none-eabi-10.3-2021.10/bin/../lib/gcc/arm-none-eabi/10.3.1/../../../../arm-none-eabi/lib/thumb/v7-m/nofp\libg.a
LOAD d:/clion/gcc-arm-none-eabi-10.3-2021.10/bin/../lib/gcc/arm-none-eabi/10.3.1/../../../../arm-none-eabi/lib/thumb/v7-m/nofp\libc.a
END GROUP
LOAD d:/clion/gcc-arm-none-eabi-10.3-2021.10/bin/../lib/gcc/arm-none-eabi/10.3.1/thumb/v7-m/nofp/crtend.o
LOAD d:/clion/gcc-arm-none-eabi-10.3-2021.10/bin/../lib/gcc/arm-none-eabi/10.3.1/thumb/v7-m/nofp/crtn.o
                0x2000c000                _estack = (ORIGIN (RAM) + LENGTH (RAM))
                0x00000200                _Min_Heap_Size = 0x200
                0x00000400                _Min_Stack_Size = 0x400

.isr_vector     0x08000000      0x13c
                0x08000000                . = ALIGN (0x4)
 *(.isr_vector)
 .isr_vector    0x08000000      0x13c CMakeFiles/ISD2190.elf.dir/Core/Startup/startup_stm32l151rdtx.s.obj
                0x08000000                g_pfnVectors
                0x0800013c                . = ALIGN (0x4)

.text           0x08000140     0x9424
                0x08000140                . = ALIGN (0x4)
 *(.text)
 .text          0x08000140       0x40 d:/clion/gcc-arm-none-eabi-10.3-2021.10/bin/../lib/gcc/arm-none-eabi/10.3.1/thumb/v7-m/nofp/crtbegin.o
 .text          0x08000180      0x254 d:/clion/gcc-arm-none-eabi-10.3-2021.10/bin/../lib/gcc/arm-none-eabi/10.3.1/thumb/v7-m/nofp\libgcc.a(_arm_muldf3.o)
                0x08000180                __muldf3
                0x08000180                __aeabi_dmul
 .text          0x080003d4      0x378 d:/clion/gcc-arm-none-eabi-10.3-2021.10/bin/../lib/gcc/arm-none-eabi/10.3.1/thumb/v7-m/nofp\libgcc.a(_arm_addsubdf3.o)
                0x080003d4                __aeabi_drsub
                0x080003dc                __aeabi_dsub
                0x080003dc                __subdf3
                0x080003e0                __aeabi_dadd
                0x080003e0                __adddf3
                0x08000658                __floatunsidf
                0x08000658                __aeabi_ui2d
                0x08000678                __floatsidf
                0x08000678                __aeabi_i2d
                0x0800069c                __aeabi_f2d
                0x0800069c                __extendsfdf2
                0x080006e0                __floatundidf
                0x080006e0                __aeabi_ul2d
                0x080006f0                __floatdidf
                0x080006f0                __aeabi_l2d
 .text          0x0800074c       0xa0 d:/clion/gcc-arm-none-eabi-10.3-2021.10/bin/../lib/gcc/arm-none-eabi/10.3.1/thumb/v7-m/nofp\libgcc.a(_arm_truncdfsf2.o)
                0x0800074c                __truncdfsf2
                0x0800074c                __aeabi_d2f
 .text          0x080007ec      0x21c d:/clion/gcc-arm-none-eabi-10.3-2021.10/bin/../lib/gcc/arm-none-eabi/10.3.1/thumb/v7-m/nofp\libgcc.a(_arm_addsubsf3.o)
                0x080007ec                __aeabi_frsub
                0x080007f4                __subsf3
                0x080007f4                __aeabi_fsub
                0x080007f8                __aeabi_fadd
                0x080007f8                __addsf3
                0x08000958                __aeabi_ui2f
                0x08000958                __floatunsisf
                0x08000960                __aeabi_i2f
                0x08000960                __floatsisf
                0x0800097c                __aeabi_ul2f
                0x0800097c                __floatundisf
                0x0800098c                __aeabi_l2f
                0x0800098c                __floatdisf
 .text          0x08000a08      0x2a0 d:/clion/gcc-arm-none-eabi-10.3-2021.10/bin/../lib/gcc/arm-none-eabi/10.3.1/thumb/v7-m/nofp\libgcc.a(_arm_muldivsf3.o)
                0x08000a08                __mulsf3
                0x08000a08                __aeabi_fmul
                0x08000b70                __aeabi_fdiv
                0x08000b70                __divsf3
 .text          0x08000ca8       0x30 d:/clion/gcc-arm-none-eabi-10.3-2021.10/bin/../lib/gcc/arm-none-eabi/10.3.1/thumb/v7-m/nofp\libgcc.a(_aeabi_uldivmod.o)
                0x08000ca8                __aeabi_uldivmod
 .text          0x08000cd8      0x2d4 d:/clion/gcc-arm-none-eabi-10.3-2021.10/bin/../lib/gcc/arm-none-eabi/10.3.1/thumb/v7-m/nofp\libgcc.a(_udivmoddi4.o)
                0x08000cd8                __udivmoddi4
 .text          0x08000fac        0x4 d:/clion/gcc-arm-none-eabi-10.3-2021.10/bin/../lib/gcc/arm-none-eabi/10.3.1/thumb/v7-m/nofp\libgcc.a(_dvmd_tls.o)
                0x08000fac                __aeabi_idiv0
                0x08000fac                __aeabi_ldiv0
 .text          0x08000fb0       0xec d:/clion/gcc-arm-none-eabi-10.3-2021.10/bin/../lib/gcc/arm-none-eabi/10.3.1/../../../../arm-none-eabi/lib/thumb/v7-m/nofp\libg.a(lib_a-memcpy.o)
                0x08000fb0                memcpy
 *(.text*)
 .text.MX_ADC_Init
                0x0800109c      0x208 CMakeFiles/ISD2190.elf.dir/Core/Src/adc.c.obj
                0x0800109c                MX_ADC_Init
 .text.HAL_ADC_MspInit
                0x080012a4       0xec CMakeFiles/ISD2190.elf.dir/Core/Src/adc.c.obj
                0x080012a4                HAL_ADC_MspInit
 .text.MX_DMA_Init
                0x08001390       0xa4 CMakeFiles/ISD2190.elf.dir/Core/Src/dma.c.obj
                0x08001390                MX_DMA_Init
 .text.Data_Collect_Task
                0x08001434      0x17c CMakeFiles/ISD2190.elf.dir/Core/Src/freertos.c.obj
                0x08001434                Data_Collect_Task
 .text.MX_FREERTOS_Init
                0x080015b0       0x78 CMakeFiles/ISD2190.elf.dir/Core/Src/freertos.c.obj
                0x080015b0                MX_FREERTOS_Init
 .text.crc16    0x08001628       0x36 CMakeFiles/ISD2190.elf.dir/Core/Src/freertos.c.obj
                0x08001628                crc16
 *fill*         0x0800165e        0x2 
 .text.VM1_Receive_Task
                0x08001660      0x290 CMakeFiles/ISD2190.elf.dir/Core/Src/freertos.c.obj
                0x08001660                VM1_Receive_Task
 .text.VM2_Receive_Task
                0x080018f0      0x294 CMakeFiles/ISD2190.elf.dir/Core/Src/freertos.c.obj
                0x080018f0                VM2_Receive_Task
 .text.MX_GPIO_Init
                0x08001b84       0xbc CMakeFiles/ISD2190.elf.dir/Core/Src/gpio.c.obj
                0x08001b84                MX_GPIO_Init
 .text.MX_IWDG_Init
                0x08001c40       0x28 CMakeFiles/ISD2190.elf.dir/Core/Src/iwdg.c.obj
                0x08001c40                MX_IWDG_Init
 .text.HAL_TIM_PeriodElapsedCallback
                0x08001c68       0x80 CMakeFiles/ISD2190.elf.dir/Core/Src/main.c.obj
                0x08001c68                HAL_TIM_PeriodElapsedCallback
 .text.Error_Handler
                0x08001ce8        0x4 CMakeFiles/ISD2190.elf.dir/Core/Src/main.c.obj
                0x08001ce8                Error_Handler
 .text.SystemClock_Config
                0x08001cec       0x70 CMakeFiles/ISD2190.elf.dir/Core/Src/main.c.obj
                0x08001cec                SystemClock_Config
 .text.main     0x08001d5c       0xa4 CMakeFiles/ISD2190.elf.dir/Core/Src/main.c.obj
                0x08001d5c                main
 .text.HAL_MspInit
                0x08001e00       0x54 CMakeFiles/ISD2190.elf.dir/Core/Src/stm32l1xx_hal_msp.c.obj
                0x08001e00                HAL_MspInit
 .text.HAL_InitTick
                0x08001e54       0xa0 CMakeFiles/ISD2190.elf.dir/Core/Src/stm32l1xx_hal_timebase_tim.c.obj
                0x08001e54                HAL_InitTick
 .text.NMI_Handler
                0x08001ef4        0x2 CMakeFiles/ISD2190.elf.dir/Core/Src/stm32l1xx_it.c.obj
                0x08001ef4                NMI_Handler
 .text.HardFault_Handler
                0x08001ef6        0x2 CMakeFiles/ISD2190.elf.dir/Core/Src/stm32l1xx_it.c.obj
                0x08001ef6                HardFault_Handler
 .text.MemManage_Handler
                0x08001ef8        0x2 CMakeFiles/ISD2190.elf.dir/Core/Src/stm32l1xx_it.c.obj
                0x08001ef8                MemManage_Handler
 .text.BusFault_Handler
                0x08001efa        0x2 CMakeFiles/ISD2190.elf.dir/Core/Src/stm32l1xx_it.c.obj
                0x08001efa                BusFault_Handler
 .text.UsageFault_Handler
                0x08001efc        0x2 CMakeFiles/ISD2190.elf.dir/Core/Src/stm32l1xx_it.c.obj
                0x08001efc                UsageFault_Handler
 .text.DebugMon_Handler
                0x08001efe        0x2 CMakeFiles/ISD2190.elf.dir/Core/Src/stm32l1xx_it.c.obj
                0x08001efe                DebugMon_Handler
 .text.DMA1_Channel1_IRQHandler
                0x08001f00       0x10 CMakeFiles/ISD2190.elf.dir/Core/Src/stm32l1xx_it.c.obj
                0x08001f00                DMA1_Channel1_IRQHandler
 .text.DMA1_Channel2_IRQHandler
                0x08001f10       0x10 CMakeFiles/ISD2190.elf.dir/Core/Src/stm32l1xx_it.c.obj
                0x08001f10                DMA1_Channel2_IRQHandler
 .text.DMA1_Channel3_IRQHandler
                0x08001f20       0x10 CMakeFiles/ISD2190.elf.dir/Core/Src/stm32l1xx_it.c.obj
                0x08001f20                DMA1_Channel3_IRQHandler
 .text.DMA1_Channel6_IRQHandler
                0x08001f30       0x10 CMakeFiles/ISD2190.elf.dir/Core/Src/stm32l1xx_it.c.obj
                0x08001f30                DMA1_Channel6_IRQHandler
 .text.DMA1_Channel7_IRQHandler
                0x08001f40       0x10 CMakeFiles/ISD2190.elf.dir/Core/Src/stm32l1xx_it.c.obj
                0x08001f40                DMA1_Channel7_IRQHandler
 .text.TIM2_IRQHandler
                0x08001f50       0x10 CMakeFiles/ISD2190.elf.dir/Core/Src/stm32l1xx_it.c.obj
                0x08001f50                TIM2_IRQHandler
 .text.USART2_IRQHandler
                0x08001f60       0x10 CMakeFiles/ISD2190.elf.dir/Core/Src/stm32l1xx_it.c.obj
                0x08001f60                USART2_IRQHandler
 .text.USART3_IRQHandler
                0x08001f70       0x10 CMakeFiles/ISD2190.elf.dir/Core/Src/stm32l1xx_it.c.obj
                0x08001f70                USART3_IRQHandler
 .text.TIM7_IRQHandler
                0x08001f80       0x10 CMakeFiles/ISD2190.elf.dir/Core/Src/stm32l1xx_it.c.obj
                0x08001f80                TIM7_IRQHandler
 .text.UART5_IRQHandler
                0x08001f90       0x10 CMakeFiles/ISD2190.elf.dir/Core/Src/stm32l1xx_it.c.obj
                0x08001f90                UART5_IRQHandler
 .text.DMA2_Channel1_IRQHandler
                0x08001fa0       0x10 CMakeFiles/ISD2190.elf.dir/Core/Src/stm32l1xx_it.c.obj
                0x08001fa0                DMA2_Channel1_IRQHandler
 .text.DMA2_Channel2_IRQHandler
                0x08001fb0       0x10 CMakeFiles/ISD2190.elf.dir/Core/Src/stm32l1xx_it.c.obj
                0x08001fb0                DMA2_Channel2_IRQHandler
 .text._read    0x08001fc0       0x20 CMakeFiles/ISD2190.elf.dir/Core/Src/syscalls.c.obj
                0x08001fc0                _read
 .text._write   0x08001fe0       0x1c CMakeFiles/ISD2190.elf.dir/Core/Src/syscalls.c.obj
                0x08001fe0                _write
 .text._close   0x08001ffc        0x6 CMakeFiles/ISD2190.elf.dir/Core/Src/syscalls.c.obj
                0x08001ffc                _close
 .text._fstat   0x08002002        0xa CMakeFiles/ISD2190.elf.dir/Core/Src/syscalls.c.obj
                0x08002002                _fstat
 .text._isatty  0x0800200c        0x4 CMakeFiles/ISD2190.elf.dir/Core/Src/syscalls.c.obj
                0x0800200c                _isatty
 .text._lseek   0x08002010        0x4 CMakeFiles/ISD2190.elf.dir/Core/Src/syscalls.c.obj
                0x08002010                _lseek
 .text._sbrk    0x08002014       0x48 CMakeFiles/ISD2190.elf.dir/Core/Src/sysmem.c.obj
                0x08002014                _sbrk
 .text.SystemInit
                0x0800205c        0x2 CMakeFiles/ISD2190.elf.dir/Core/Src/system_stm32l1xx.c.obj
                0x0800205c                SystemInit
 *fill*         0x0800205e        0x2 
 .text.MX_TIM2_Init
                0x08002060       0x78 CMakeFiles/ISD2190.elf.dir/Core/Src/tim.c.obj
                0x08002060                MX_TIM2_Init
 .text.HAL_TIM_Base_MspInit
                0x080020d8       0x3a CMakeFiles/ISD2190.elf.dir/Core/Src/tim.c.obj
                0x080020d8                HAL_TIM_Base_MspInit
 *fill*         0x08002112        0x2 
 .text.MX_UART5_Init
                0x08002114       0x34 CMakeFiles/ISD2190.elf.dir/Core/Src/usart.c.obj
                0x08002114                MX_UART5_Init
 .text.MX_USART2_UART_Init
                0x08002148       0x34 CMakeFiles/ISD2190.elf.dir/Core/Src/usart.c.obj
                0x08002148                MX_USART2_UART_Init
 .text.MX_USART3_UART_Init
                0x0800217c       0x34 CMakeFiles/ISD2190.elf.dir/Core/Src/usart.c.obj
                0x0800217c                MX_USART3_UART_Init
 .text.HAL_UART_MspInit
                0x080021b0      0x2e4 CMakeFiles/ISD2190.elf.dir/Core/Src/usart.c.obj
                0x080021b0                HAL_UART_MspInit
 .text.__io_putchar
                0x08002494       0x20 CMakeFiles/ISD2190.elf.dir/Core/Src/usart.c.obj
                0x08002494                __io_putchar
 .text.Reset_Handler
                0x080024b4       0x48 CMakeFiles/ISD2190.elf.dir/Core/Startup/startup_stm32l151rdtx.s.obj
                0x080024b4                Reset_Handler
 .text.Default_Handler
                0x080024fc        0x2 CMakeFiles/ISD2190.elf.dir/Core/Startup/startup_stm32l151rdtx.s.obj
                0x080024fc                RTC_Alarm_IRQHandler
                0x080024fc                EXTI2_IRQHandler
                0x080024fc                COMP_ACQ_IRQHandler
                0x080024fc                TIM10_IRQHandler
                0x080024fc                USB_HP_IRQHandler
                0x080024fc                TIM6_IRQHandler
                0x080024fc                PVD_IRQHandler
                0x080024fc                SDIO_IRQHandler
                0x080024fc                EXTI3_IRQHandler
                0x080024fc                EXTI0_IRQHandler
                0x080024fc                I2C2_EV_IRQHandler
                0x080024fc                SPI1_IRQHandler
                0x080024fc                USB_FS_WKUP_IRQHandler
                0x080024fc                DMA1_Channel4_IRQHandler
                0x080024fc                ADC1_IRQHandler
                0x080024fc                TIM4_IRQHandler
                0x080024fc                I2C1_EV_IRQHandler
                0x080024fc                UART4_IRQHandler
                0x080024fc                DMA2_Channel4_IRQHandler
                0x080024fc                TIM3_IRQHandler
                0x080024fc                RCC_IRQHandler
                0x080024fc                Default_Handler
                0x080024fc                EXTI15_10_IRQHandler
                0x080024fc                TIM5_IRQHandler
                0x080024fc                EXTI9_5_IRQHandler
                0x080024fc                TIM9_IRQHandler
                0x080024fc                TAMPER_STAMP_IRQHandler
                0x080024fc                RTC_WKUP_IRQHandler
                0x080024fc                SPI2_IRQHandler
                0x080024fc                DMA2_Channel5_IRQHandler
                0x080024fc                DMA1_Channel5_IRQHandler
                0x080024fc                USB_LP_IRQHandler
                0x080024fc                EXTI4_IRQHandler
                0x080024fc                COMP_IRQHandler
                0x080024fc                WWDG_IRQHandler
                0x080024fc                DAC_IRQHandler
                0x080024fc                EXTI1_IRQHandler
                0x080024fc                TIM11_IRQHandler
                0x080024fc                I2C2_ER_IRQHandler
                0x080024fc                FLASH_IRQHandler
                0x080024fc                USART1_IRQHandler
                0x080024fc                SPI3_IRQHandler
                0x080024fc                I2C1_ER_IRQHandler
                0x080024fc                DMA2_Channel3_IRQHandler
 .text.HAL_Init
                0x080024fe       0x1e CMakeFiles/ISD2190.elf.dir/Drivers/STM32L1xx_HAL_Driver/Src/stm32l1xx_hal.c.obj
                0x080024fe                HAL_Init
 .text.HAL_IncTick
                0x0800251c       0x18 CMakeFiles/ISD2190.elf.dir/Drivers/STM32L1xx_HAL_Driver/Src/stm32l1xx_hal.c.obj
                0x0800251c                HAL_IncTick
 .text.HAL_GetTick
                0x08002534        0xc CMakeFiles/ISD2190.elf.dir/Drivers/STM32L1xx_HAL_Driver/Src/stm32l1xx_hal.c.obj
                0x08002534                HAL_GetTick
 .text.HAL_Delay
                0x08002540       0x28 CMakeFiles/ISD2190.elf.dir/Drivers/STM32L1xx_HAL_Driver/Src/stm32l1xx_hal.c.obj
                0x08002540                HAL_Delay
 .text.HAL_ADC_Init
                0x08002568      0x19c CMakeFiles/ISD2190.elf.dir/Drivers/STM32L1xx_HAL_Driver/Src/stm32l1xx_hal_adc.c.obj
                0x08002568                HAL_ADC_Init
 .text.HAL_ADC_ConvCpltCallback
                0x08002704        0x2 CMakeFiles/ISD2190.elf.dir/Drivers/STM32L1xx_HAL_Driver/Src/stm32l1xx_hal_adc.c.obj
                0x08002704                HAL_ADC_ConvCpltCallback
 .text.ADC_DMAConvCplt
                0x08002706       0x64 CMakeFiles/ISD2190.elf.dir/Drivers/STM32L1xx_HAL_Driver/Src/stm32l1xx_hal_adc.c.obj
 .text.HAL_ADC_ConvHalfCpltCallback
                0x0800276a        0x2 CMakeFiles/ISD2190.elf.dir/Drivers/STM32L1xx_HAL_Driver/Src/stm32l1xx_hal_adc.c.obj
                0x0800276a                HAL_ADC_ConvHalfCpltCallback
 .text.ADC_DMAHalfConvCplt
                0x0800276c        0xa CMakeFiles/ISD2190.elf.dir/Drivers/STM32L1xx_HAL_Driver/Src/stm32l1xx_hal_adc.c.obj
 .text.HAL_ADC_ErrorCallback
                0x08002776        0x2 CMakeFiles/ISD2190.elf.dir/Drivers/STM32L1xx_HAL_Driver/Src/stm32l1xx_hal_adc.c.obj
                0x08002776                HAL_ADC_ErrorCallback
 .text.ADC_DMAError
                0x08002778       0x1a CMakeFiles/ISD2190.elf.dir/Drivers/STM32L1xx_HAL_Driver/Src/stm32l1xx_hal_adc.c.obj
 *fill*         0x08002792        0x2 
 .text.HAL_ADC_ConfigChannel
                0x08002794      0x1b4 CMakeFiles/ISD2190.elf.dir/Drivers/STM32L1xx_HAL_Driver/Src/stm32l1xx_hal_adc.c.obj
                0x08002794                HAL_ADC_ConfigChannel
 .text.ADC_Enable
                0x08002948       0x8c CMakeFiles/ISD2190.elf.dir/Drivers/STM32L1xx_HAL_Driver/Src/stm32l1xx_hal_adc.c.obj
                0x08002948                ADC_Enable
 .text.HAL_ADC_Start_DMA
                0x080029d4       0xc4 CMakeFiles/ISD2190.elf.dir/Drivers/STM32L1xx_HAL_Driver/Src/stm32l1xx_hal_adc.c.obj
                0x080029d4                HAL_ADC_Start_DMA
 .text.HAL_NVIC_SetPriorityGrouping
                0x08002a98       0x24 CMakeFiles/ISD2190.elf.dir/Drivers/STM32L1xx_HAL_Driver/Src/stm32l1xx_hal_cortex.c.obj
                0x08002a98                HAL_NVIC_SetPriorityGrouping
 .text.HAL_NVIC_SetPriority
                0x08002abc       0x70 CMakeFiles/ISD2190.elf.dir/Drivers/STM32L1xx_HAL_Driver/Src/stm32l1xx_hal_cortex.c.obj
                0x08002abc                HAL_NVIC_SetPriority
 .text.HAL_NVIC_EnableIRQ
                0x08002b2c       0x1c CMakeFiles/ISD2190.elf.dir/Drivers/STM32L1xx_HAL_Driver/Src/stm32l1xx_hal_cortex.c.obj
                0x08002b2c                HAL_NVIC_EnableIRQ
 .text.DMA_SetConfig
                0x08002b48       0x36 CMakeFiles/ISD2190.elf.dir/Drivers/STM32L1xx_HAL_Driver/Src/stm32l1xx_hal_dma.c.obj
 *fill*         0x08002b7e        0x2 
 .text.HAL_DMA_Init
                0x08002b80       0x98 CMakeFiles/ISD2190.elf.dir/Drivers/STM32L1xx_HAL_Driver/Src/stm32l1xx_hal_dma.c.obj
                0x08002b80                HAL_DMA_Init
 .text.HAL_DMA_Start_IT
                0x08002c18       0x76 CMakeFiles/ISD2190.elf.dir/Drivers/STM32L1xx_HAL_Driver/Src/stm32l1xx_hal_dma.c.obj
                0x08002c18                HAL_DMA_Start_IT
 .text.HAL_DMA_Abort
                0x08002c8e       0x4a CMakeFiles/ISD2190.elf.dir/Drivers/STM32L1xx_HAL_Driver/Src/stm32l1xx_hal_dma.c.obj
                0x08002c8e                HAL_DMA_Abort
 .text.HAL_DMA_Abort_IT
                0x08002cd8       0x50 CMakeFiles/ISD2190.elf.dir/Drivers/STM32L1xx_HAL_Driver/Src/stm32l1xx_hal_dma.c.obj
                0x08002cd8                HAL_DMA_Abort_IT
 .text.HAL_DMA_IRQHandler
                0x08002d28       0xc4 CMakeFiles/ISD2190.elf.dir/Drivers/STM32L1xx_HAL_Driver/Src/stm32l1xx_hal_dma.c.obj
                0x08002d28                HAL_DMA_IRQHandler
 .text.FLASH_SetErrorCode
                0x08002dec       0x88 CMakeFiles/ISD2190.elf.dir/Drivers/STM32L1xx_HAL_Driver/Src/stm32l1xx_hal_flash.c.obj
 .text.HAL_FLASH_Unlock
                0x08002e74       0x64 CMakeFiles/ISD2190.elf.dir/Drivers/STM32L1xx_HAL_Driver/Src/stm32l1xx_hal_flash.c.obj
                0x08002e74                HAL_FLASH_Unlock
 .text.HAL_FLASH_Lock
                0x08002ed8       0x14 CMakeFiles/ISD2190.elf.dir/Drivers/STM32L1xx_HAL_Driver/Src/stm32l1xx_hal_flash.c.obj
                0x08002ed8                HAL_FLASH_Lock
 .text.HAL_FLASH_GetError
                0x08002eec        0xc CMakeFiles/ISD2190.elf.dir/Drivers/STM32L1xx_HAL_Driver/Src/stm32l1xx_hal_flash.c.obj
                0x08002eec                HAL_FLASH_GetError
 .text.FLASH_WaitForLastOperation
                0x08002ef8       0x7c CMakeFiles/ISD2190.elf.dir/Drivers/STM32L1xx_HAL_Driver/Src/stm32l1xx_hal_flash.c.obj
                0x08002ef8                FLASH_WaitForLastOperation
 .text.HAL_FLASH_Program
                0x08002f74       0x40 CMakeFiles/ISD2190.elf.dir/Drivers/STM32L1xx_HAL_Driver/Src/stm32l1xx_hal_flash.c.obj
                0x08002f74                HAL_FLASH_Program
 .text.FLASH_PageErase
                0x08002fb4       0x28 CMakeFiles/ISD2190.elf.dir/Drivers/STM32L1xx_HAL_Driver/Src/stm32l1xx_hal_flash_ex.c.obj
                0x08002fb4                FLASH_PageErase
 .text.HAL_FLASHEx_Erase
                0x08002fdc       0x7c CMakeFiles/ISD2190.elf.dir/Drivers/STM32L1xx_HAL_Driver/Src/stm32l1xx_hal_flash_ex.c.obj
                0x08002fdc                HAL_FLASHEx_Erase
 .text.HAL_GPIO_Init
                0x08003058      0x1e8 CMakeFiles/ISD2190.elf.dir/Drivers/STM32L1xx_HAL_Driver/Src/stm32l1xx_hal_gpio.c.obj
                0x08003058                HAL_GPIO_Init
 .text.HAL_GPIO_WritePin
                0x08003240        0xc CMakeFiles/ISD2190.elf.dir/Drivers/STM32L1xx_HAL_Driver/Src/stm32l1xx_hal_gpio.c.obj
                0x08003240                HAL_GPIO_WritePin
 .text.HAL_IWDG_Init
                0x0800324c       0x58 CMakeFiles/ISD2190.elf.dir/Drivers/STM32L1xx_HAL_Driver/Src/stm32l1xx_hal_iwdg.c.obj
                0x0800324c                HAL_IWDG_Init
 .text.RCC_SetFlashLatencyFromMSIRange
                0x080032a4       0x90 CMakeFiles/ISD2190.elf.dir/Drivers/STM32L1xx_HAL_Driver/Src/stm32l1xx_hal_rcc.c.obj
 .text.HAL_RCC_OscConfig
                0x08003334      0x4f8 CMakeFiles/ISD2190.elf.dir/Drivers/STM32L1xx_HAL_Driver/Src/stm32l1xx_hal_rcc.c.obj
                0x08003334                HAL_RCC_OscConfig
 .text.HAL_RCC_GetSysClockFreq
                0x0800382c       0xc4 CMakeFiles/ISD2190.elf.dir/Drivers/STM32L1xx_HAL_Driver/Src/stm32l1xx_hal_rcc.c.obj
                0x0800382c                HAL_RCC_GetSysClockFreq
 .text.HAL_RCC_ClockConfig
                0x080038f0      0x1dc CMakeFiles/ISD2190.elf.dir/Drivers/STM32L1xx_HAL_Driver/Src/stm32l1xx_hal_rcc.c.obj
                0x080038f0                HAL_RCC_ClockConfig
 .text.HAL_RCC_GetHCLKFreq
                0x08003acc        0xc CMakeFiles/ISD2190.elf.dir/Drivers/STM32L1xx_HAL_Driver/Src/stm32l1xx_hal_rcc.c.obj
                0x08003acc                HAL_RCC_GetHCLKFreq
 .text.HAL_RCC_GetPCLK1Freq
                0x08003ad8       0x20 CMakeFiles/ISD2190.elf.dir/Drivers/STM32L1xx_HAL_Driver/Src/stm32l1xx_hal_rcc.c.obj
                0x08003ad8                HAL_RCC_GetPCLK1Freq
 .text.HAL_RCC_GetPCLK2Freq
                0x08003af8       0x20 CMakeFiles/ISD2190.elf.dir/Drivers/STM32L1xx_HAL_Driver/Src/stm32l1xx_hal_rcc.c.obj
                0x08003af8                HAL_RCC_GetPCLK2Freq
 .text.HAL_RCC_GetClockConfig
                0x08003b18       0x3c CMakeFiles/ISD2190.elf.dir/Drivers/STM32L1xx_HAL_Driver/Src/stm32l1xx_hal_rcc.c.obj
                0x08003b18                HAL_RCC_GetClockConfig
 .text.TIM_Base_SetConfig
                0x08003b54       0x88 CMakeFiles/ISD2190.elf.dir/Drivers/STM32L1xx_HAL_Driver/Src/stm32l1xx_hal_tim.c.obj
 .text.TIM_TI1_ConfigInputStage
                0x08003bdc       0x24 CMakeFiles/ISD2190.elf.dir/Drivers/STM32L1xx_HAL_Driver/Src/stm32l1xx_hal_tim.c.obj
 .text.TIM_TI2_ConfigInputStage
                0x08003c00       0x26 CMakeFiles/ISD2190.elf.dir/Drivers/STM32L1xx_HAL_Driver/Src/stm32l1xx_hal_tim.c.obj
 .text.TIM_ITRx_SetConfig
                0x08003c26       0x10 CMakeFiles/ISD2190.elf.dir/Drivers/STM32L1xx_HAL_Driver/Src/stm32l1xx_hal_tim.c.obj
 .text.TIM_ETR_SetConfig
                0x08003c36       0x18 CMakeFiles/ISD2190.elf.dir/Drivers/STM32L1xx_HAL_Driver/Src/stm32l1xx_hal_tim.c.obj
 .text.HAL_TIM_Base_Init
                0x08003c4e       0x48 CMakeFiles/ISD2190.elf.dir/Drivers/STM32L1xx_HAL_Driver/Src/stm32l1xx_hal_tim.c.obj
                0x08003c4e                HAL_TIM_Base_Init
 *fill*         0x08003c96        0x2 
 .text.HAL_TIM_Base_Start_IT
                0x08003c98       0x68 CMakeFiles/ISD2190.elf.dir/Drivers/STM32L1xx_HAL_Driver/Src/stm32l1xx_hal_tim.c.obj
                0x08003c98                HAL_TIM_Base_Start_IT
 .text.HAL_TIM_Base_Stop_IT
                0x08003d00       0x28 CMakeFiles/ISD2190.elf.dir/Drivers/STM32L1xx_HAL_Driver/Src/stm32l1xx_hal_tim.c.obj
                0x08003d00                HAL_TIM_Base_Stop_IT
 .text.HAL_TIM_ConfigClockSource
                0x08003d28       0xfe CMakeFiles/ISD2190.elf.dir/Drivers/STM32L1xx_HAL_Driver/Src/stm32l1xx_hal_tim.c.obj
                0x08003d28                HAL_TIM_ConfigClockSource
 .text.HAL_TIM_OC_DelayElapsedCallback
                0x08003e26        0x2 CMakeFiles/ISD2190.elf.dir/Drivers/STM32L1xx_HAL_Driver/Src/stm32l1xx_hal_tim.c.obj
                0x08003e26                HAL_TIM_OC_DelayElapsedCallback
 .text.HAL_TIM_IC_CaptureCallback
                0x08003e28        0x2 CMakeFiles/ISD2190.elf.dir/Drivers/STM32L1xx_HAL_Driver/Src/stm32l1xx_hal_tim.c.obj
                0x08003e28                HAL_TIM_IC_CaptureCallback
 .text.HAL_TIM_PWM_PulseFinishedCallback
                0x08003e2a        0x2 CMakeFiles/ISD2190.elf.dir/Drivers/STM32L1xx_HAL_Driver/Src/stm32l1xx_hal_tim.c.obj
                0x08003e2a                HAL_TIM_PWM_PulseFinishedCallback
 .text.HAL_TIM_TriggerCallback
                0x08003e2c        0x2 CMakeFiles/ISD2190.elf.dir/Drivers/STM32L1xx_HAL_Driver/Src/stm32l1xx_hal_tim.c.obj
                0x08003e2c                HAL_TIM_TriggerCallback
 .text.HAL_TIM_IRQHandler
                0x08003e2e      0x13a CMakeFiles/ISD2190.elf.dir/Drivers/STM32L1xx_HAL_Driver/Src/stm32l1xx_hal_tim.c.obj
                0x08003e2e                HAL_TIM_IRQHandler
 .text.HAL_TIMEx_MasterConfigSynchronization
                0x08003f68       0x6c CMakeFiles/ISD2190.elf.dir/Drivers/STM32L1xx_HAL_Driver/Src/stm32l1xx_hal_tim_ex.c.obj
                0x08003f68                HAL_TIMEx_MasterConfigSynchronization
 .text.UART_EndTxTransfer
                0x08003fd4       0x20 CMakeFiles/ISD2190.elf.dir/Drivers/STM32L1xx_HAL_Driver/Src/stm32l1xx_hal_uart.c.obj
 .text.UART_EndRxTransfer
                0x08003ff4       0x5c CMakeFiles/ISD2190.elf.dir/Drivers/STM32L1xx_HAL_Driver/Src/stm32l1xx_hal_uart.c.obj
 .text.UART_Transmit_IT
                0x08004050       0x60 CMakeFiles/ISD2190.elf.dir/Drivers/STM32L1xx_HAL_Driver/Src/stm32l1xx_hal_uart.c.obj
 .text.UART_SetConfig
                0x080040b0       0xdc CMakeFiles/ISD2190.elf.dir/Drivers/STM32L1xx_HAL_Driver/Src/stm32l1xx_hal_uart.c.obj
 .text.UART_WaitOnFlagUntilTimeout
                0x0800418c       0x88 CMakeFiles/ISD2190.elf.dir/Drivers/STM32L1xx_HAL_Driver/Src/stm32l1xx_hal_uart.c.obj
 .text.HAL_UART_Init
                0x08004214       0x60 CMakeFiles/ISD2190.elf.dir/Drivers/STM32L1xx_HAL_Driver/Src/stm32l1xx_hal_uart.c.obj
                0x08004214                HAL_UART_Init
 .text.HAL_UART_Transmit
                0x08004274       0xbe CMakeFiles/ISD2190.elf.dir/Drivers/STM32L1xx_HAL_Driver/Src/stm32l1xx_hal_uart.c.obj
                0x08004274                HAL_UART_Transmit
 *fill*         0x08004332        0x2 
 .text.HAL_UART_Transmit_DMA
                0x08004334       0x84 CMakeFiles/ISD2190.elf.dir/Drivers/STM32L1xx_HAL_Driver/Src/stm32l1xx_hal_uart.c.obj
                0x08004334                HAL_UART_Transmit_DMA
 .text.HAL_UART_TxCpltCallback
                0x080043b8        0x2 CMakeFiles/ISD2190.elf.dir/Drivers/STM32L1xx_HAL_Driver/Src/stm32l1xx_hal_uart.c.obj
                0x080043b8                HAL_UART_TxCpltCallback
 .text.UART_DMATransmitCplt
                0x080043ba       0x4c CMakeFiles/ISD2190.elf.dir/Drivers/STM32L1xx_HAL_Driver/Src/stm32l1xx_hal_uart.c.obj
 .text.UART_EndTransmit_IT
                0x08004406       0x1a CMakeFiles/ISD2190.elf.dir/Drivers/STM32L1xx_HAL_Driver/Src/stm32l1xx_hal_uart.c.obj
 .text.HAL_UART_TxHalfCpltCallback
                0x08004420        0x2 CMakeFiles/ISD2190.elf.dir/Drivers/STM32L1xx_HAL_Driver/Src/stm32l1xx_hal_uart.c.obj
                0x08004420                HAL_UART_TxHalfCpltCallback
 .text.UART_DMATxHalfCplt
                0x08004422        0xa CMakeFiles/ISD2190.elf.dir/Drivers/STM32L1xx_HAL_Driver/Src/stm32l1xx_hal_uart.c.obj
 .text.HAL_UART_RxCpltCallback
                0x0800442c        0x2 CMakeFiles/ISD2190.elf.dir/Drivers/STM32L1xx_HAL_Driver/Src/stm32l1xx_hal_uart.c.obj
                0x0800442c                HAL_UART_RxCpltCallback
 .text.HAL_UART_RxHalfCpltCallback
                0x0800442e        0x2 CMakeFiles/ISD2190.elf.dir/Drivers/STM32L1xx_HAL_Driver/Src/stm32l1xx_hal_uart.c.obj
                0x0800442e                HAL_UART_RxHalfCpltCallback
 .text.HAL_UART_ErrorCallback
                0x08004430        0x2 CMakeFiles/ISD2190.elf.dir/Drivers/STM32L1xx_HAL_Driver/Src/stm32l1xx_hal_uart.c.obj
                0x08004430                HAL_UART_ErrorCallback
 .text.UART_DMAError
                0x08004432       0x58 CMakeFiles/ISD2190.elf.dir/Drivers/STM32L1xx_HAL_Driver/Src/stm32l1xx_hal_uart.c.obj
 .text.UART_DMAAbortOnError
                0x0800448a       0x10 CMakeFiles/ISD2190.elf.dir/Drivers/STM32L1xx_HAL_Driver/Src/stm32l1xx_hal_uart.c.obj
 .text.UART_Receive_IT
                0x0800449a       0xe6 CMakeFiles/ISD2190.elf.dir/Drivers/STM32L1xx_HAL_Driver/Src/stm32l1xx_hal_uart.c.obj
 .text.HAL_UART_IRQHandler
                0x08004580      0x288 CMakeFiles/ISD2190.elf.dir/Drivers/STM32L1xx_HAL_Driver/Src/stm32l1xx_hal_uart.c.obj
                0x08004580                HAL_UART_IRQHandler
 .text.UART_DMARxHalfCplt
                0x08004808       0x1e CMakeFiles/ISD2190.elf.dir/Drivers/STM32L1xx_HAL_Driver/Src/stm32l1xx_hal_uart.c.obj
 .text.UART_DMAReceiveCplt
                0x08004826       0x9a CMakeFiles/ISD2190.elf.dir/Drivers/STM32L1xx_HAL_Driver/Src/stm32l1xx_hal_uart.c.obj
 .text.UART_Start_Receive_DMA
                0x080048c0       0xa4 CMakeFiles/ISD2190.elf.dir/Drivers/STM32L1xx_HAL_Driver/Src/stm32l1xx_hal_uart.c.obj
                0x080048c0                UART_Start_Receive_DMA
 .text.HAL_UARTEx_ReceiveToIdle_DMA
                0x08004964       0x66 CMakeFiles/ISD2190.elf.dir/Drivers/STM32L1xx_HAL_Driver/Src/stm32l1xx_hal_uart.c.obj
                0x08004964                HAL_UARTEx_ReceiveToIdle_DMA
 *fill*         0x080049ca        0x2 
 .text.osKernelInitialize
                0x080049cc       0x44 CMakeFiles/ISD2190.elf.dir/Middlewares/Third_Party/FreeRTOS/Source/CMSIS_RTOS_V2/cmsis_os2.c.obj
                0x080049cc                osKernelInitialize
 .text.osKernelStart
                0x08004a10       0x4c CMakeFiles/ISD2190.elf.dir/Middlewares/Third_Party/FreeRTOS/Source/CMSIS_RTOS_V2/cmsis_os2.c.obj
                0x08004a10                osKernelStart
 .text.osThreadNew
                0x08004a5c       0xec CMakeFiles/ISD2190.elf.dir/Middlewares/Third_Party/FreeRTOS/Source/CMSIS_RTOS_V2/cmsis_os2.c.obj
                0x08004a5c                osThreadNew
 .text.osDelay  0x08004b48       0x44 CMakeFiles/ISD2190.elf.dir/Middlewares/Third_Party/FreeRTOS/Source/CMSIS_RTOS_V2/cmsis_os2.c.obj
                0x08004b48                osDelay
 .text.vApplicationGetIdleTaskMemory
                0x08004b8c       0x18 CMakeFiles/ISD2190.elf.dir/Middlewares/Third_Party/FreeRTOS/Source/CMSIS_RTOS_V2/cmsis_os2.c.obj
                0x08004b8c                vApplicationGetIdleTaskMemory
 .text.vApplicationGetTimerTaskMemory
                0x08004ba4       0x18 CMakeFiles/ISD2190.elf.dir/Middlewares/Third_Party/FreeRTOS/Source/CMSIS_RTOS_V2/cmsis_os2.c.obj
                0x08004ba4                vApplicationGetTimerTaskMemory
 .text.vListInitialise
                0x08004bbc       0x16 CMakeFiles/ISD2190.elf.dir/Middlewares/Third_Party/FreeRTOS/Source/list.c.obj
                0x08004bbc                vListInitialise
 .text.vListInitialiseItem
                0x08004bd2        0x6 CMakeFiles/ISD2190.elf.dir/Middlewares/Third_Party/FreeRTOS/Source/list.c.obj
                0x08004bd2                vListInitialiseItem
 .text.vListInsertEnd
                0x08004bd8       0x16 CMakeFiles/ISD2190.elf.dir/Middlewares/Third_Party/FreeRTOS/Source/list.c.obj
                0x08004bd8                vListInsertEnd
 .text.vListInsert
                0x08004bee       0x32 CMakeFiles/ISD2190.elf.dir/Middlewares/Third_Party/FreeRTOS/Source/list.c.obj
                0x08004bee                vListInsert
 .text.uxListRemove
                0x08004c20       0x26 CMakeFiles/ISD2190.elf.dir/Middlewares/Third_Party/FreeRTOS/Source/list.c.obj
                0x08004c20                uxListRemove
 *fill*         0x08004c46        0x2 
 .text.prvTaskExitError
                0x08004c48       0x40 CMakeFiles/ISD2190.elf.dir/Middlewares/Third_Party/FreeRTOS/Source/portable/GCC/ARM_CM3/port.c.obj
 .text.prvPortStartFirstTask
                0x08004c88       0x20 CMakeFiles/ISD2190.elf.dir/Middlewares/Third_Party/FreeRTOS/Source/portable/GCC/ARM_CM3/port.c.obj
 .text.pxPortInitialiseStack
                0x08004ca8       0x24 CMakeFiles/ISD2190.elf.dir/Middlewares/Third_Party/FreeRTOS/Source/portable/GCC/ARM_CM3/port.c.obj
                0x08004ca8                pxPortInitialiseStack
 *fill*         0x08004ccc        0x4 
 .text.SVC_Handler
                0x08004cd0       0x24 CMakeFiles/ISD2190.elf.dir/Middlewares/Third_Party/FreeRTOS/Source/portable/GCC/ARM_CM3/port.c.obj
                0x08004cd0                SVC_Handler
 .text.vPortEnterCritical
                0x08004cf4       0x44 CMakeFiles/ISD2190.elf.dir/Middlewares/Third_Party/FreeRTOS/Source/portable/GCC/ARM_CM3/port.c.obj
                0x08004cf4                vPortEnterCritical
 .text.vPortExitCritical
                0x08004d38       0x2c CMakeFiles/ISD2190.elf.dir/Middlewares/Third_Party/FreeRTOS/Source/portable/GCC/ARM_CM3/port.c.obj
                0x08004d38                vPortExitCritical
 *fill*         0x08004d64        0xc 
 .text.PendSV_Handler
                0x08004d70       0x44 CMakeFiles/ISD2190.elf.dir/Middlewares/Third_Party/FreeRTOS/Source/portable/GCC/ARM_CM3/port.c.obj
                0x08004d70                PendSV_Handler
 .text.SysTick_Handler
                0x08004db4       0x2c CMakeFiles/ISD2190.elf.dir/Middlewares/Third_Party/FreeRTOS/Source/portable/GCC/ARM_CM3/port.c.obj
                0x08004db4                SysTick_Handler
 .text.vPortSetupTimerInterrupt
                0x08004de0       0x28 CMakeFiles/ISD2190.elf.dir/Middlewares/Third_Party/FreeRTOS/Source/portable/GCC/ARM_CM3/port.c.obj
                0x08004de0                vPortSetupTimerInterrupt
 .text.xPortStartScheduler
                0x08004e08       0xc0 CMakeFiles/ISD2190.elf.dir/Middlewares/Third_Party/FreeRTOS/Source/portable/GCC/ARM_CM3/port.c.obj
                0x08004e08                xPortStartScheduler
 .text.vPortValidateInterruptPriority
                0x08004ec8       0x5c CMakeFiles/ISD2190.elf.dir/Middlewares/Third_Party/FreeRTOS/Source/portable/GCC/ARM_CM3/port.c.obj
                0x08004ec8                vPortValidateInterruptPriority
 .text.prvHeapInit
                0x08004f24       0x68 CMakeFiles/ISD2190.elf.dir/Middlewares/Third_Party/FreeRTOS/Source/portable/MemMang/heap_4.c.obj
 .text.prvInsertBlockIntoFreeList
                0x08004f8c       0x60 CMakeFiles/ISD2190.elf.dir/Middlewares/Third_Party/FreeRTOS/Source/portable/MemMang/heap_4.c.obj
 .text.pvPortMalloc
                0x08004fec       0xf0 CMakeFiles/ISD2190.elf.dir/Middlewares/Third_Party/FreeRTOS/Source/portable/MemMang/heap_4.c.obj
                0x08004fec                pvPortMalloc
 .text.vPortFree
                0x080050dc       0x70 CMakeFiles/ISD2190.elf.dir/Middlewares/Third_Party/FreeRTOS/Source/portable/MemMang/heap_4.c.obj
                0x080050dc                vPortFree
 .text.prvIsQueueFull
                0x0800514c       0x1e CMakeFiles/ISD2190.elf.dir/Middlewares/Third_Party/FreeRTOS/Source/queue.c.obj
 .text.prvIsQueueEmpty
                0x0800516a       0x1a CMakeFiles/ISD2190.elf.dir/Middlewares/Third_Party/FreeRTOS/Source/queue.c.obj
 .text.prvCopyDataToQueue
                0x08005184       0x76 CMakeFiles/ISD2190.elf.dir/Middlewares/Third_Party/FreeRTOS/Source/queue.c.obj
 .text.prvCopyDataFromQueue
                0x080051fa       0x24 CMakeFiles/ISD2190.elf.dir/Middlewares/Third_Party/FreeRTOS/Source/queue.c.obj
 .text.prvUnlockQueue
                0x0800521e       0x6e CMakeFiles/ISD2190.elf.dir/Middlewares/Third_Party/FreeRTOS/Source/queue.c.obj
 .text.xQueueGenericReset
                0x0800528c       0x84 CMakeFiles/ISD2190.elf.dir/Middlewares/Third_Party/FreeRTOS/Source/queue.c.obj
                0x0800528c                xQueueGenericReset
 .text.prvInitialiseNewQueue
                0x08005310       0x22 CMakeFiles/ISD2190.elf.dir/Middlewares/Third_Party/FreeRTOS/Source/queue.c.obj
 .text.xQueueGenericCreateStatic
                0x08005332       0x92 CMakeFiles/ISD2190.elf.dir/Middlewares/Third_Party/FreeRTOS/Source/queue.c.obj
                0x08005332                xQueueGenericCreateStatic
 .text.xQueueGenericCreate
                0x080053c4       0x4e CMakeFiles/ISD2190.elf.dir/Middlewares/Third_Party/FreeRTOS/Source/queue.c.obj
                0x080053c4                xQueueGenericCreate
 .text.xQueueGenericSend
                0x08005412      0x188 CMakeFiles/ISD2190.elf.dir/Middlewares/Third_Party/FreeRTOS/Source/queue.c.obj
                0x08005412                xQueueGenericSend
 .text.xQueueGenericSendFromISR
                0x0800559a       0xcc CMakeFiles/ISD2190.elf.dir/Middlewares/Third_Party/FreeRTOS/Source/queue.c.obj
                0x0800559a                xQueueGenericSendFromISR
 .text.xQueueReceive
                0x08005666      0x15e CMakeFiles/ISD2190.elf.dir/Middlewares/Third_Party/FreeRTOS/Source/queue.c.obj
                0x08005666                xQueueReceive
 .text.vQueueAddToRegistry
                0x080057c4       0x28 CMakeFiles/ISD2190.elf.dir/Middlewares/Third_Party/FreeRTOS/Source/queue.c.obj
                0x080057c4                vQueueAddToRegistry
 .text.vQueueWaitForMessageRestricted
                0x080057ec       0x52 CMakeFiles/ISD2190.elf.dir/Middlewares/Third_Party/FreeRTOS/Source/queue.c.obj
                0x080057ec                vQueueWaitForMessageRestricted
 *fill*         0x0800583e        0x2 
 .text.prvResetNextTaskUnblockTime
                0x08005840       0x2c CMakeFiles/ISD2190.elf.dir/Middlewares/Third_Party/FreeRTOS/Source/tasks.c.obj
 .text.prvInitialiseNewTask
                0x0800586c       0x9c CMakeFiles/ISD2190.elf.dir/Middlewares/Third_Party/FreeRTOS/Source/tasks.c.obj
 .text.prvInitialiseTaskLists
                0x08005908       0x68 CMakeFiles/ISD2190.elf.dir/Middlewares/Third_Party/FreeRTOS/Source/tasks.c.obj
 .text.prvAddNewTaskToReadyList
                0x08005970       0xac CMakeFiles/ISD2190.elf.dir/Middlewares/Third_Party/FreeRTOS/Source/tasks.c.obj
 .text.prvDeleteTCB
                0x08005a1c       0x38 CMakeFiles/ISD2190.elf.dir/Middlewares/Third_Party/FreeRTOS/Source/tasks.c.obj
 .text.prvCheckTasksWaitingTermination
                0x08005a54       0x4c CMakeFiles/ISD2190.elf.dir/Middlewares/Third_Party/FreeRTOS/Source/tasks.c.obj
 .text.prvIdleTask
                0x08005aa0       0x28 CMakeFiles/ISD2190.elf.dir/Middlewares/Third_Party/FreeRTOS/Source/tasks.c.obj
 .text.prvAddCurrentTaskToDelayedList
                0x08005ac8       0x7c CMakeFiles/ISD2190.elf.dir/Middlewares/Third_Party/FreeRTOS/Source/tasks.c.obj
 .text.xTaskCreateStatic
                0x08005b44       0x74 CMakeFiles/ISD2190.elf.dir/Middlewares/Third_Party/FreeRTOS/Source/tasks.c.obj
                0x08005b44                xTaskCreateStatic
 .text.xTaskCreate
                0x08005bb8       0x68 CMakeFiles/ISD2190.elf.dir/Middlewares/Third_Party/FreeRTOS/Source/tasks.c.obj
                0x08005bb8                xTaskCreate
 .text.vTaskStartScheduler
                0x08005c20       0x9c CMakeFiles/ISD2190.elf.dir/Middlewares/Third_Party/FreeRTOS/Source/tasks.c.obj
                0x08005c20                vTaskStartScheduler
 .text.vTaskSuspendAll
                0x08005cbc       0x10 CMakeFiles/ISD2190.elf.dir/Middlewares/Third_Party/FreeRTOS/Source/tasks.c.obj
                0x08005cbc                vTaskSuspendAll
 .text.xTaskGetTickCount
                0x08005ccc        0xc CMakeFiles/ISD2190.elf.dir/Middlewares/Third_Party/FreeRTOS/Source/tasks.c.obj
                0x08005ccc                xTaskGetTickCount
 .text.xTaskIncrementTick
                0x08005cd8      0x118 CMakeFiles/ISD2190.elf.dir/Middlewares/Third_Party/FreeRTOS/Source/tasks.c.obj
                0x08005cd8                xTaskIncrementTick
 .text.xTaskResumeAll
                0x08005df0       0xf8 CMakeFiles/ISD2190.elf.dir/Middlewares/Third_Party/FreeRTOS/Source/tasks.c.obj
                0x08005df0                xTaskResumeAll
 .text.vTaskDelay
                0x08005ee8       0x4c CMakeFiles/ISD2190.elf.dir/Middlewares/Third_Party/FreeRTOS/Source/tasks.c.obj
                0x08005ee8                vTaskDelay
 .text.vTaskSwitchContext
                0x08005f34       0x94 CMakeFiles/ISD2190.elf.dir/Middlewares/Third_Party/FreeRTOS/Source/tasks.c.obj
                0x08005f34                vTaskSwitchContext
 .text.vTaskPlaceOnEventList
                0x08005fc8       0x30 CMakeFiles/ISD2190.elf.dir/Middlewares/Third_Party/FreeRTOS/Source/tasks.c.obj
                0x08005fc8                vTaskPlaceOnEventList
 .text.vTaskPlaceOnEventListRestricted
                0x08005ff8       0x38 CMakeFiles/ISD2190.elf.dir/Middlewares/Third_Party/FreeRTOS/Source/tasks.c.obj
                0x08005ff8                vTaskPlaceOnEventListRestricted
 .text.xTaskRemoveFromEventList
                0x08006030       0x8c CMakeFiles/ISD2190.elf.dir/Middlewares/Third_Party/FreeRTOS/Source/tasks.c.obj
                0x08006030                xTaskRemoveFromEventList
 .text.vTaskInternalSetTimeOutState
                0x080060bc       0x18 CMakeFiles/ISD2190.elf.dir/Middlewares/Third_Party/FreeRTOS/Source/tasks.c.obj
                0x080060bc                vTaskInternalSetTimeOutState
 .text.xTaskCheckForTimeOut
                0x080060d4       0x84 CMakeFiles/ISD2190.elf.dir/Middlewares/Third_Party/FreeRTOS/Source/tasks.c.obj
                0x080060d4                xTaskCheckForTimeOut
 .text.vTaskMissedYield
                0x08006158        0xc CMakeFiles/ISD2190.elf.dir/Middlewares/Third_Party/FreeRTOS/Source/tasks.c.obj
                0x08006158                vTaskMissedYield
 .text.xTaskGetSchedulerState
                0x08006164       0x20 CMakeFiles/ISD2190.elf.dir/Middlewares/Third_Party/FreeRTOS/Source/tasks.c.obj
                0x08006164                xTaskGetSchedulerState
 .text.xTaskPriorityDisinherit
                0x08006184       0x90 CMakeFiles/ISD2190.elf.dir/Middlewares/Third_Party/FreeRTOS/Source/tasks.c.obj
                0x08006184                xTaskPriorityDisinherit
 .text.prvGetNextExpireTime
                0x08006214       0x20 CMakeFiles/ISD2190.elf.dir/Middlewares/Third_Party/FreeRTOS/Source/timers.c.obj
 .text.prvInsertTimerInActiveList
                0x08006234       0x48 CMakeFiles/ISD2190.elf.dir/Middlewares/Third_Party/FreeRTOS/Source/timers.c.obj
 .text.prvCheckForValidListAndQueue
                0x0800627c       0x70 CMakeFiles/ISD2190.elf.dir/Middlewares/Third_Party/FreeRTOS/Source/timers.c.obj
 .text.xTimerCreateTimerTask
                0x080062ec       0x64 CMakeFiles/ISD2190.elf.dir/Middlewares/Third_Party/FreeRTOS/Source/timers.c.obj
                0x080062ec                xTimerCreateTimerTask
 .text.xTimerGenericCommand
                0x08006350       0x6c CMakeFiles/ISD2190.elf.dir/Middlewares/Third_Party/FreeRTOS/Source/timers.c.obj
                0x08006350                xTimerGenericCommand
 .text.prvSwitchTimerLists
                0x080063bc       0x78 CMakeFiles/ISD2190.elf.dir/Middlewares/Third_Party/FreeRTOS/Source/timers.c.obj
 .text.prvSampleTimeNow
                0x08006434       0x2c CMakeFiles/ISD2190.elf.dir/Middlewares/Third_Party/FreeRTOS/Source/timers.c.obj
 .text.prvProcessExpiredTimer
                0x08006460       0x60 CMakeFiles/ISD2190.elf.dir/Middlewares/Third_Party/FreeRTOS/Source/timers.c.obj
 .text.prvProcessTimerOrBlockTask
                0x080064c0       0x74 CMakeFiles/ISD2190.elf.dir/Middlewares/Third_Party/FreeRTOS/Source/timers.c.obj
 .text.prvProcessReceivedCommands
                0x08006534       0xf8 CMakeFiles/ISD2190.elf.dir/Middlewares/Third_Party/FreeRTOS/Source/timers.c.obj
 .text.prvTimerTask
                0x0800662c       0x16 CMakeFiles/ISD2190.elf.dir/Middlewares/Third_Party/FreeRTOS/Source/timers.c.obj
 *fill*         0x08006642        0x2 
 .text.Data_Collect
                0x08006644      0x2e4 CMakeFiles/ISD2190.elf.dir/User/CollectData.c.obj
                0x08006644                Data_Collect
 .text.HAL_UARTEx_RxEventCallback
                0x08006928       0xe4 CMakeFiles/ISD2190.elf.dir/User/CollectData.c.obj
                0x08006928                HAL_UARTEx_RxEventCallback
 .text.Init_VM  0x08006a0c       0x28 CMakeFiles/ISD2190.elf.dir/User/VMxx.c.obj
                0x08006a0c                Init_VM
 .text.Scan_VM  0x08006a34       0x28 CMakeFiles/ISD2190.elf.dir/User/VMxx.c.obj
                0x08006a34                Scan_VM
 .text.Read_VM  0x08006a5c       0x28 CMakeFiles/ISD2190.elf.dir/User/VMxx.c.obj
                0x08006a5c                Read_VM
 .text.Verify_VM
                0x08006a84       0x28 CMakeFiles/ISD2190.elf.dir/User/VMxx.c.obj
                0x08006a84                Verify_VM
 .text.Clear_VM
                0x08006aac       0x28 CMakeFiles/ISD2190.elf.dir/User/VMxx.c.obj
                0x08006aac                Clear_VM
 .text.CRC_Check
                0x08006ad4       0x42 CMakeFiles/ISD2190.elf.dir/User/bt4531.c.obj
                0x08006ad4                CRC_Check
 *fill*         0x08006b16        0x2 
 .text.ConfigSend
                0x08006b18      0x110 CMakeFiles/ISD2190.elf.dir/User/bt4531.c.obj
                0x08006b18                ConfigSend
 .text.TotalConfigSend
                0x08006c28      0x154 CMakeFiles/ISD2190.elf.dir/User/bt4531.c.obj
                0x08006c28                TotalConfigSend
 .text.TotalDataSend
                0x08006d7c      0x140 CMakeFiles/ISD2190.elf.dir/User/bt4531.c.obj
                0x08006d7c                TotalDataSend
 .text.StatuCallback
                0x08006ebc       0x38 CMakeFiles/ISD2190.elf.dir/User/bt4531.c.obj
                0x08006ebc                StatuCallback
 .text.SenserConfig
                0x08006ef4       0xf0 CMakeFiles/ISD2190.elf.dir/User/bt4531.c.obj
                0x08006ef4                SenserConfig
 .text.ConfigInit
                0x08006fe4       0x48 CMakeFiles/ISD2190.elf.dir/User/bt4531.c.obj
                0x08006fe4                ConfigInit
 .text.IpConfig
                0x0800702c       0x3c CMakeFiles/ISD2190.elf.dir/User/bt4531.c.obj
                0x0800702c                IpConfig
 .text.IdConfig
                0x08007068       0x7c CMakeFiles/ISD2190.elf.dir/User/bt4531.c.obj
                0x08007068                IdConfig
 .text.RewriteConfig
                0x080070e4      0x194 CMakeFiles/ISD2190.elf.dir/User/bt4531.c.obj
                0x080070e4                RewriteConfig
 .text.IpConfigSend
                0x08007278       0x7c CMakeFiles/ISD2190.elf.dir/User/bt4531.c.obj
                0x08007278                IpConfigSend
 .text.BleProcess
                0x080072f4      0x184 CMakeFiles/ISD2190.elf.dir/User/bt4531.c.obj
                0x080072f4                BleProcess
 .text.Flash_Write
                0x08007478       0x74 CMakeFiles/ISD2190.elf.dir/User/flash.c.obj
                0x08007478                Flash_Write
 .text.Flash_Read
                0x080074ec       0x34 CMakeFiles/ISD2190.elf.dir/User/flash.c.obj
                0x080074ec                Flash_Read
 .text.Config_Write
                0x08007520       0x64 CMakeFiles/ISD2190.elf.dir/User/flash.c.obj
                0x08007520                Config_Write
 .text.Config_Read
                0x08007584       0x20 CMakeFiles/ISD2190.elf.dir/User/flash.c.obj
                0x08007584                Config_Read
 *fill*         0x080075a4        0x4 
 .text.BMYBJ_YB
                0x080075a8       0x78 CMakeFiles/ISD2190.elf.dir/User/hardware.c.obj
                0x080075a8                BMYBJ_YB
 .text.MRYBJ_YB
                0x08007620       0x78 CMakeFiles/ISD2190.elf.dir/User/hardware.c.obj
                0x08007620                MRYBJ_YB
 .text.GJJ_YL   0x08007698       0xac CMakeFiles/ISD2190.elf.dir/User/hardware.c.obj
                0x08007698                GJJ_YL
 *fill*         0x08007744        0x4 
 .text.TYLH_YL_MPa
                0x08007748       0xac CMakeFiles/ISD2190.elf.dir/User/hardware.c.obj
                0x08007748                TYLH_YL_MPa
 *fill*         0x080077f4        0x4 
 .text.SYJ_YL_MPa
                0x080077f8       0xd8 CMakeFiles/ISD2190.elf.dir/User/hardware.c.obj
                0x080077f8                SYJ_YL_MPa
 .text.MSJ_YL_KN
                0x080078d0      0x150 CMakeFiles/ISD2190.elf.dir/User/hardware.c.obj
                0x080078d0                MSJ_YL_KN
 .text.calcuTem
                0x08007a20       0x48 CMakeFiles/ISD2190.elf.dir/User/temp.c.obj
                0x08007a20                calcuTem
 .text.calcuTemps
                0x08007a68       0x20 CMakeFiles/ISD2190.elf.dir/User/temp.c.obj
                0x08007a68                calcuTemps
 .text.__errno  0x08007a88        0xc d:/clion/gcc-arm-none-eabi-10.3-2021.10/bin/../lib/gcc/arm-none-eabi/10.3.1/../../../../arm-none-eabi/lib/thumb/v7-m/nofp\libg.a(lib_a-errno.o)
                0x08007a88                __errno
 .text.__libc_init_array
                0x08007a94       0x48 d:/clion/gcc-arm-none-eabi-10.3-2021.10/bin/../lib/gcc/arm-none-eabi/10.3.1/../../../../arm-none-eabi/lib/thumb/v7-m/nofp\libg.a(lib_a-init.o)
                0x08007a94                __libc_init_array
 .text.memset   0x08007adc       0xa4 d:/clion/gcc-arm-none-eabi-10.3-2021.10/bin/../lib/gcc/arm-none-eabi/10.3.1/../../../../arm-none-eabi/lib/thumb/v7-m/nofp\libg.a(lib_a-memset.o)
                0x08007adc                memset
 .text._puts_r  0x08007b80       0x9c d:/clion/gcc-arm-none-eabi-10.3-2021.10/bin/../lib/gcc/arm-none-eabi/10.3.1/../../../../arm-none-eabi/lib/thumb/v7-m/nofp\libg.a(lib_a-puts.o)
                0x08007b80                _puts_r
 .text.puts     0x08007c1c       0x10 d:/clion/gcc-arm-none-eabi-10.3-2021.10/bin/../lib/gcc/arm-none-eabi/10.3.1/../../../../arm-none-eabi/lib/thumb/v7-m/nofp\libg.a(lib_a-puts.o)
                0x08007c1c                puts
 .text.strlen   0x08007c2c       0x5c d:/clion/gcc-arm-none-eabi-10.3-2021.10/bin/../lib/gcc/arm-none-eabi/10.3.1/../../../../arm-none-eabi/lib/thumb/v7-m/nofp\libg.a(lib_a-strlen-stub.o)
                0x08007c2c                strlen
 .text.strncat  0x08007c88       0x5c d:/clion/gcc-arm-none-eabi-10.3-2021.10/bin/../lib/gcc/arm-none-eabi/10.3.1/../../../../arm-none-eabi/lib/thumb/v7-m/nofp\libg.a(lib_a-strncat.o)
                0x08007c88                strncat
 .text.startup.register_fini
                0x08007ce4       0x14 d:/clion/gcc-arm-none-eabi-10.3-2021.10/bin/../lib/gcc/arm-none-eabi/10.3.1/../../../../arm-none-eabi/lib/thumb/v7-m/nofp\libg.a(lib_a-__call_atexit.o)
 .text.atexit   0x08007cf8        0xc d:/clion/gcc-arm-none-eabi-10.3-2021.10/bin/../lib/gcc/arm-none-eabi/10.3.1/../../../../arm-none-eabi/lib/thumb/v7-m/nofp\libg.a(lib_a-atexit.o)
                0x08007cf8                atexit
 .text._cleanup_r
                0x08007d04        0xc d:/clion/gcc-arm-none-eabi-10.3-2021.10/bin/../lib/gcc/arm-none-eabi/10.3.1/../../../../arm-none-eabi/lib/thumb/v7-m/nofp\libg.a(lib_a-findfp.o)
                0x08007d04                _cleanup_r
 .text.__sinit  0x08007d10      0x10c d:/clion/gcc-arm-none-eabi-10.3-2021.10/bin/../lib/gcc/arm-none-eabi/10.3.1/../../../../arm-none-eabi/lib/thumb/v7-m/nofp\libg.a(lib_a-findfp.o)
                0x08007d10                __sinit
 .text.__sfp_lock_acquire
                0x08007e1c        0xc d:/clion/gcc-arm-none-eabi-10.3-2021.10/bin/../lib/gcc/arm-none-eabi/10.3.1/../../../../arm-none-eabi/lib/thumb/v7-m/nofp\libg.a(lib_a-findfp.o)
                0x08007e1c                __sfp_lock_acquire
 .text.__sfp_lock_release
                0x08007e28        0xc d:/clion/gcc-arm-none-eabi-10.3-2021.10/bin/../lib/gcc/arm-none-eabi/10.3.1/../../../../arm-none-eabi/lib/thumb/v7-m/nofp\libg.a(lib_a-findfp.o)
                0x08007e28                __sfp_lock_release
 .text.__libc_fini_array
                0x08007e34       0x2c d:/clion/gcc-arm-none-eabi-10.3-2021.10/bin/../lib/gcc/arm-none-eabi/10.3.1/../../../../arm-none-eabi/lib/thumb/v7-m/nofp\libg.a(lib_a-fini.o)
                0x08007e34                __libc_fini_array
 .text.__sfvwrite_r
                0x08007e60      0x2f0 d:/clion/gcc-arm-none-eabi-10.3-2021.10/bin/../lib/gcc/arm-none-eabi/10.3.1/../../../../arm-none-eabi/lib/thumb/v7-m/nofp\libg.a(lib_a-fvwrite.o)
                0x08007e60                __sfvwrite_r
 .text._fwalk_reent
                0x08008150       0x48 d:/clion/gcc-arm-none-eabi-10.3-2021.10/bin/../lib/gcc/arm-none-eabi/10.3.1/../../../../arm-none-eabi/lib/thumb/v7-m/nofp\libg.a(lib_a-fwalk.o)
                0x08008150                _fwalk_reent
 .text.__retarget_lock_init_recursive
                0x08008198        0x4 d:/clion/gcc-arm-none-eabi-10.3-2021.10/bin/../lib/gcc/arm-none-eabi/10.3.1/../../../../arm-none-eabi/lib/thumb/v7-m/nofp\libg.a(lib_a-lock.o)
                0x08008198                __retarget_lock_init_recursive
 .text.__retarget_lock_close_recursive
                0x0800819c        0x4 d:/clion/gcc-arm-none-eabi-10.3-2021.10/bin/../lib/gcc/arm-none-eabi/10.3.1/../../../../arm-none-eabi/lib/thumb/v7-m/nofp\libg.a(lib_a-lock.o)
                0x0800819c                __retarget_lock_close_recursive
 .text.__retarget_lock_acquire_recursive
                0x080081a0        0x4 d:/clion/gcc-arm-none-eabi-10.3-2021.10/bin/../lib/gcc/arm-none-eabi/10.3.1/../../../../arm-none-eabi/lib/thumb/v7-m/nofp\libg.a(lib_a-lock.o)
                0x080081a0                __retarget_lock_acquire_recursive
 .text.__retarget_lock_release_recursive
                0x080081a4        0x4 d:/clion/gcc-arm-none-eabi-10.3-2021.10/bin/../lib/gcc/arm-none-eabi/10.3.1/../../../../arm-none-eabi/lib/thumb/v7-m/nofp\libg.a(lib_a-lock.o)
                0x080081a4                __retarget_lock_release_recursive
 .text._malloc_r
                0x080081a8      0x558 d:/clion/gcc-arm-none-eabi-10.3-2021.10/bin/../lib/gcc/arm-none-eabi/10.3.1/../../../../arm-none-eabi/lib/thumb/v7-m/nofp\libg.a(lib_a-mallocr.o)
                0x080081a8                _malloc_r
 .text.memchr   0x08008700       0x90 d:/clion/gcc-arm-none-eabi-10.3-2021.10/bin/../lib/gcc/arm-none-eabi/10.3.1/../../../../arm-none-eabi/lib/thumb/v7-m/nofp\libg.a(lib_a-memchr-stub.o)
                0x08008700                memchr
 .text.memmove  0x08008790       0xf8 d:/clion/gcc-arm-none-eabi-10.3-2021.10/bin/../lib/gcc/arm-none-eabi/10.3.1/../../../../arm-none-eabi/lib/thumb/v7-m/nofp\libg.a(lib_a-memmove.o)
                0x08008790                memmove
 .text.__malloc_lock
                0x08008888        0xc d:/clion/gcc-arm-none-eabi-10.3-2021.10/bin/../lib/gcc/arm-none-eabi/10.3.1/../../../../arm-none-eabi/lib/thumb/v7-m/nofp\libg.a(lib_a-mlock.o)
                0x08008888                __malloc_lock
 .text.__malloc_unlock
                0x08008894        0xc d:/clion/gcc-arm-none-eabi-10.3-2021.10/bin/../lib/gcc/arm-none-eabi/10.3.1/../../../../arm-none-eabi/lib/thumb/v7-m/nofp\libg.a(lib_a-mlock.o)
                0x08008894                __malloc_unlock
 .text._realloc_r
                0x080088a0      0x3dc d:/clion/gcc-arm-none-eabi-10.3-2021.10/bin/../lib/gcc/arm-none-eabi/10.3.1/../../../../arm-none-eabi/lib/thumb/v7-m/nofp\libg.a(lib_a-reallocr.o)
                0x080088a0                _realloc_r
 .text._sbrk_r  0x08008c7c       0x24 d:/clion/gcc-arm-none-eabi-10.3-2021.10/bin/../lib/gcc/arm-none-eabi/10.3.1/../../../../arm-none-eabi/lib/thumb/v7-m/nofp\libg.a(lib_a-sbrkr.o)
                0x08008c7c                _sbrk_r
 .text.__sread  0x08008ca0       0x24 d:/clion/gcc-arm-none-eabi-10.3-2021.10/bin/../lib/gcc/arm-none-eabi/10.3.1/../../../../arm-none-eabi/lib/thumb/v7-m/nofp\libg.a(lib_a-stdio.o)
                0x08008ca0                __sread
 .text.__swrite
                0x08008cc4       0x40 d:/clion/gcc-arm-none-eabi-10.3-2021.10/bin/../lib/gcc/arm-none-eabi/10.3.1/../../../../arm-none-eabi/lib/thumb/v7-m/nofp\libg.a(lib_a-stdio.o)
                0x08008cc4                __swrite
 .text.__sseek  0x08008d04       0x20 d:/clion/gcc-arm-none-eabi-10.3-2021.10/bin/../lib/gcc/arm-none-eabi/10.3.1/../../../../arm-none-eabi/lib/thumb/v7-m/nofp\libg.a(lib_a-stdio.o)
                0x08008d04                __sseek
 .text.__sclose
                0x08008d24        0x8 d:/clion/gcc-arm-none-eabi-10.3-2021.10/bin/../lib/gcc/arm-none-eabi/10.3.1/../../../../arm-none-eabi/lib/thumb/v7-m/nofp\libg.a(lib_a-stdio.o)
                0x08008d24                __sclose
 .text._write_r
                0x08008d2c       0x2c d:/clion/gcc-arm-none-eabi-10.3-2021.10/bin/../lib/gcc/arm-none-eabi/10.3.1/../../../../arm-none-eabi/lib/thumb/v7-m/nofp\libg.a(lib_a-writer.o)
                0x08008d2c                _write_r
 .text.__swsetup_r
                0x08008d58       0xd4 d:/clion/gcc-arm-none-eabi-10.3-2021.10/bin/../lib/gcc/arm-none-eabi/10.3.1/../../../../arm-none-eabi/lib/thumb/v7-m/nofp\libg.a(lib_a-wsetup.o)
                0x08008d58                __swsetup_r
 .text.__register_exitproc
                0x08008e2c       0x8c d:/clion/gcc-arm-none-eabi-10.3-2021.10/bin/../lib/gcc/arm-none-eabi/10.3.1/../../../../arm-none-eabi/lib/thumb/v7-m/nofp\libg.a(lib_a-__atexit.o)
                0x08008e2c                __register_exitproc
 .text._close_r
                0x08008eb8       0x24 d:/clion/gcc-arm-none-eabi-10.3-2021.10/bin/../lib/gcc/arm-none-eabi/10.3.1/../../../../arm-none-eabi/lib/thumb/v7-m/nofp\libg.a(lib_a-closer.o)
                0x08008eb8                _close_r
 .text._fclose_r
                0x08008edc       0xcc d:/clion/gcc-arm-none-eabi-10.3-2021.10/bin/../lib/gcc/arm-none-eabi/10.3.1/../../../../arm-none-eabi/lib/thumb/v7-m/nofp\libg.a(lib_a-fclose.o)
                0x08008edc                _fclose_r
 .text.__sflush_r
                0x08008fa8      0x124 d:/clion/gcc-arm-none-eabi-10.3-2021.10/bin/../lib/gcc/arm-none-eabi/10.3.1/../../../../arm-none-eabi/lib/thumb/v7-m/nofp\libg.a(lib_a-fflush.o)
                0x08008fa8                __sflush_r
 .text._fflush_r
                0x080090cc       0x5c d:/clion/gcc-arm-none-eabi-10.3-2021.10/bin/../lib/gcc/arm-none-eabi/10.3.1/../../../../arm-none-eabi/lib/thumb/v7-m/nofp\libg.a(lib_a-fflush.o)
                0x080090cc                _fflush_r
 .text._malloc_trim_r
                0x08009128       0xa0 d:/clion/gcc-arm-none-eabi-10.3-2021.10/bin/../lib/gcc/arm-none-eabi/10.3.1/../../../../arm-none-eabi/lib/thumb/v7-m/nofp\libg.a(lib_a-freer.o)
                0x08009128                _malloc_trim_r
 .text._free_r  0x080091c8      0x200 d:/clion/gcc-arm-none-eabi-10.3-2021.10/bin/../lib/gcc/arm-none-eabi/10.3.1/../../../../arm-none-eabi/lib/thumb/v7-m/nofp\libg.a(lib_a-freer.o)
                0x080091c8                _free_r
 .text._lseek_r
                0x080093c8       0x2c d:/clion/gcc-arm-none-eabi-10.3-2021.10/bin/../lib/gcc/arm-none-eabi/10.3.1/../../../../arm-none-eabi/lib/thumb/v7-m/nofp\libg.a(lib_a-lseekr.o)
                0x080093c8                _lseek_r
 .text.__smakebuf_r
                0x080093f4       0xe0 d:/clion/gcc-arm-none-eabi-10.3-2021.10/bin/../lib/gcc/arm-none-eabi/10.3.1/../../../../arm-none-eabi/lib/thumb/v7-m/nofp\libg.a(lib_a-makebuf.o)
                0x080093f4                __smakebuf_r
 .text._read_r  0x080094d4       0x2c d:/clion/gcc-arm-none-eabi-10.3-2021.10/bin/../lib/gcc/arm-none-eabi/10.3.1/../../../../arm-none-eabi/lib/thumb/v7-m/nofp\libg.a(lib_a-readr.o)
                0x080094d4                _read_r
 .text._fstat_r
                0x08009500       0x28 d:/clion/gcc-arm-none-eabi-10.3-2021.10/bin/../lib/gcc/arm-none-eabi/10.3.1/../../../../arm-none-eabi/lib/thumb/v7-m/nofp\libg.a(lib_a-fstatr.o)
                0x08009500                _fstat_r
 .text._isatty_r
                0x08009528       0x24 d:/clion/gcc-arm-none-eabi-10.3-2021.10/bin/../lib/gcc/arm-none-eabi/10.3.1/../../../../arm-none-eabi/lib/thumb/v7-m/nofp\libg.a(lib_a-isattyr.o)
                0x08009528                _isatty_r
 *(.glue_7)
 .glue_7        0x0800954c        0x0 linker stubs
 *(.glue_7t)
 .glue_7t       0x0800954c        0x0 linker stubs
 *(.eh_frame)
 .eh_frame      0x0800954c        0x0 d:/clion/gcc-arm-none-eabi-10.3-2021.10/bin/../lib/gcc/arm-none-eabi/10.3.1/thumb/v7-m/nofp/crtbegin.o
 *(.init)
 .init          0x0800954c        0x4 d:/clion/gcc-arm-none-eabi-10.3-2021.10/bin/../lib/gcc/arm-none-eabi/10.3.1/thumb/v7-m/nofp/crti.o
                0x0800954c                _init
 .init          0x08009550        0x8 d:/clion/gcc-arm-none-eabi-10.3-2021.10/bin/../lib/gcc/arm-none-eabi/10.3.1/thumb/v7-m/nofp/crtn.o
 *(.fini)
 .fini          0x08009558        0x4 d:/clion/gcc-arm-none-eabi-10.3-2021.10/bin/../lib/gcc/arm-none-eabi/10.3.1/thumb/v7-m/nofp/crti.o
                0x08009558                _fini
 .fini          0x0800955c        0x8 d:/clion/gcc-arm-none-eabi-10.3-2021.10/bin/../lib/gcc/arm-none-eabi/10.3.1/thumb/v7-m/nofp/crtn.o
                0x08009564                . = ALIGN (0x4)
                0x08009564                _etext = .

.vfp11_veneer   0x08009564        0x0
 .vfp11_veneer  0x08009564        0x0 linker stubs

.v4_bx          0x08009564        0x0
 .v4_bx         0x08009564        0x0 linker stubs

.iplt           0x08009564        0x0
 .iplt          0x08009564        0x0 d:/clion/gcc-arm-none-eabi-10.3-2021.10/bin/../lib/gcc/arm-none-eabi/10.3.1/thumb/v7-m/nofp/crtbegin.o

.rodata         0x08009564      0x1b8
                0x08009564                . = ALIGN (0x4)
 *(.rodata)
 .rodata        0x08009564        0x4 CMakeFiles/ISD2190.elf.dir/User/bt4531.c.obj
 *(.rodata*)
 .rodata.VM1_Receive_Task.str1.4
                0x08009568        0x8 CMakeFiles/ISD2190.elf.dir/Core/Src/freertos.c.obj
 .rodata.VM2_Receive_Task.str1.4
                0x08009570        0x9 CMakeFiles/ISD2190.elf.dir/Core/Src/freertos.c.obj
 *fill*         0x08009579        0x3 
 .rodata.str1.4
                0x0800957c       0x30 CMakeFiles/ISD2190.elf.dir/Core/Src/freertos.c.obj
 .rodata.DataCollectTask_attributes
                0x080095ac       0x24 CMakeFiles/ISD2190.elf.dir/Core/Src/freertos.c.obj
                0x080095ac                DataCollectTask_attributes
 .rodata.VM1ReceiveTask_attributes
                0x080095d0       0x24 CMakeFiles/ISD2190.elf.dir/Core/Src/freertos.c.obj
                0x080095d0                VM1ReceiveTask_attributes
 .rodata.VM2ReceiveTask_attributes
                0x080095f4       0x24 CMakeFiles/ISD2190.elf.dir/Core/Src/freertos.c.obj
                0x080095f4                VM2ReceiveTask_attributes
 .rodata.main.str1.4
                0x08009618       0x10 CMakeFiles/ISD2190.elf.dir/Core/Src/main.c.obj
 .rodata.AHBPrescTable
                0x08009628       0x10 CMakeFiles/ISD2190.elf.dir/Core/Src/system_stm32l1xx.c.obj
                0x08009628                AHBPrescTable
 .rodata.APBPrescTable
                0x08009638        0x8 CMakeFiles/ISD2190.elf.dir/Core/Src/system_stm32l1xx.c.obj
                0x08009638                APBPrescTable
 .rodata.PLLMulTable
                0x08009640        0x9 CMakeFiles/ISD2190.elf.dir/Core/Src/system_stm32l1xx.c.obj
                0x08009640                PLLMulTable
 *fill*         0x08009649        0x3 
 .rodata.vTaskStartScheduler.str1.4
                0x0800964c        0x5 CMakeFiles/ISD2190.elf.dir/Middlewares/Third_Party/FreeRTOS/Source/tasks.c.obj
 *fill*         0x08009651        0x3 
 .rodata.prvCheckForValidListAndQueue.str1.4
                0x08009654        0x5 CMakeFiles/ISD2190.elf.dir/Middlewares/Third_Party/FreeRTOS/Source/timers.c.obj
 *fill*         0x08009659        0x3 
 .rodata.xTimerCreateTimerTask.str1.4
                0x0800965c        0x8 CMakeFiles/ISD2190.elf.dir/Middlewares/Third_Party/FreeRTOS/Source/timers.c.obj
 .rodata.IdConfig.str1.4
                0x08009664        0x9 CMakeFiles/ISD2190.elf.dir/User/bt4531.c.obj
 *fill*         0x0800966d        0x3 
 .rodata.tempRes_buf
                0x08009670       0xa2 CMakeFiles/ISD2190.elf.dir/User/temp.c.obj
 *fill*         0x08009712        0x2 
 .rodata._global_impure_ptr
                0x08009714        0x4 d:/clion/gcc-arm-none-eabi-10.3-2021.10/bin/../lib/gcc/arm-none-eabi/10.3.1/../../../../arm-none-eabi/lib/thumb/v7-m/nofp\libg.a(lib_a-impure.o)
                0x08009714                _global_impure_ptr
 .rodata._puts_r.str1.4
                0x08009718        0x2 d:/clion/gcc-arm-none-eabi-10.3-2021.10/bin/../lib/gcc/arm-none-eabi/10.3.1/../../../../arm-none-eabi/lib/thumb/v7-m/nofp\libg.a(lib_a-puts.o)
                0x0800971c                . = ALIGN (0x4)
 *fill*         0x0800971a        0x2 

.ARM.extab      0x0800971c        0x0
                0x0800971c                . = ALIGN (0x4)
 *(.ARM.extab* .gnu.linkonce.armextab.*)
                0x0800971c                . = ALIGN (0x4)

.ARM            0x0800971c        0x8
                0x0800971c                . = ALIGN (0x4)
                0x0800971c                __exidx_start = .
 *(.ARM.exidx*)
 .ARM.exidx     0x0800971c        0x8 d:/clion/gcc-arm-none-eabi-10.3-2021.10/bin/../lib/gcc/arm-none-eabi/10.3.1/thumb/v7-m/nofp\libgcc.a(_udivmoddi4.o)
                0x08009724                __exidx_end = .
                0x08009724                . = ALIGN (0x4)

.rel.dyn        0x08009724        0x0
 .rel.iplt      0x08009724        0x0 d:/clion/gcc-arm-none-eabi-10.3-2021.10/bin/../lib/gcc/arm-none-eabi/10.3.1/thumb/v7-m/nofp/crtbegin.o

.preinit_array  0x08009724        0x0
                0x08009724                . = ALIGN (0x4)
                0x08009724                PROVIDE (__preinit_array_start = .)
 *(.preinit_array*)
                0x08009724                PROVIDE (__preinit_array_end = .)
                0x08009724                . = ALIGN (0x4)

.init_array     0x08009724        0x8
                0x08009724                . = ALIGN (0x4)
                0x08009724                PROVIDE (__init_array_start = .)
 *(SORT_BY_NAME(.init_array.*))
 .init_array.00000
                0x08009724        0x4 d:/clion/gcc-arm-none-eabi-10.3-2021.10/bin/../lib/gcc/arm-none-eabi/10.3.1/../../../../arm-none-eabi/lib/thumb/v7-m/nofp\libg.a(lib_a-__call_atexit.o)
 *(.init_array*)
 .init_array    0x08009728        0x4 d:/clion/gcc-arm-none-eabi-10.3-2021.10/bin/../lib/gcc/arm-none-eabi/10.3.1/thumb/v7-m/nofp/crtbegin.o
                0x0800972c                PROVIDE (__init_array_end = .)
                0x0800972c                . = ALIGN (0x4)

.fini_array     0x0800972c        0x4
                0x0800972c                . = ALIGN (0x4)
                0x0800972c                PROVIDE (__fini_array_start = .)
 *(SORT_BY_NAME(.fini_array.*))
 *(.fini_array*)
 .fini_array    0x0800972c        0x4 d:/clion/gcc-arm-none-eabi-10.3-2021.10/bin/../lib/gcc/arm-none-eabi/10.3.1/thumb/v7-m/nofp/crtbegin.o
                0x08009730                PROVIDE (__fini_array_end = .)
                0x08009730                . = ALIGN (0x4)
                0x08009730                _sidata = LOADADDR (.data)

.data           0x20000000      0x87c load address 0x08009730
                0x20000000                . = ALIGN (0x4)
                0x20000000                _sdata = .
 *(.data)
 *(.data*)
 .data.SystemCoreClock
                0x20000000        0x4 CMakeFiles/ISD2190.elf.dir/Core/Src/system_stm32l1xx.c.obj
                0x20000000                SystemCoreClock
 .data.uwTickFreq
                0x20000004        0x4 CMakeFiles/ISD2190.elf.dir/Drivers/STM32L1xx_HAL_Driver/Src/stm32l1xx_hal.c.obj
                0x20000004                uwTickFreq
 .data.uwTickPrio
                0x20000008        0x4 CMakeFiles/ISD2190.elf.dir/Drivers/STM32L1xx_HAL_Driver/Src/stm32l1xx_hal.c.obj
                0x20000008                uwTickPrio
 .data.uxCriticalNesting
                0x2000000c        0x4 CMakeFiles/ISD2190.elf.dir/Middlewares/Third_Party/FreeRTOS/Source/portable/GCC/ARM_CM3/port.c.obj
 .data.VM_Clear_Cmd
                0x20000010        0x8 CMakeFiles/ISD2190.elf.dir/User/VMxx.c.obj
                0x20000010                VM_Clear_Cmd
 .data.VM_Init_Cmd
                0x20000018        0x8 CMakeFiles/ISD2190.elf.dir/User/VMxx.c.obj
                0x20000018                VM_Init_Cmd
 .data.VM_Read_Cmd
                0x20000020        0x8 CMakeFiles/ISD2190.elf.dir/User/VMxx.c.obj
                0x20000020                VM_Read_Cmd
 .data.VM_Scan_Cmd
                0x20000028        0x8 CMakeFiles/ISD2190.elf.dir/User/VMxx.c.obj
                0x20000028                VM_Scan_Cmd
 .data.VM_Verify_Cmd
                0x20000030        0x8 CMakeFiles/ISD2190.elf.dir/User/VMxx.c.obj
                0x20000030                VM_Verify_Cmd
 .data._impure_ptr
                0x20000038        0x4 d:/clion/gcc-arm-none-eabi-10.3-2021.10/bin/../lib/gcc/arm-none-eabi/10.3.1/../../../../arm-none-eabi/lib/thumb/v7-m/nofp\libg.a(lib_a-impure.o)
                0x20000038                _impure_ptr
 *fill*         0x2000003c        0x4 
 .data.impure_data
                0x20000040      0x428 d:/clion/gcc-arm-none-eabi-10.3-2021.10/bin/../lib/gcc/arm-none-eabi/10.3.1/../../../../arm-none-eabi/lib/thumb/v7-m/nofp\libg.a(lib_a-impure.o)
 .data.__atexit_recursive_mutex
                0x20000468        0x4 d:/clion/gcc-arm-none-eabi-10.3-2021.10/bin/../lib/gcc/arm-none-eabi/10.3.1/../../../../arm-none-eabi/lib/thumb/v7-m/nofp\libg.a(lib_a-__call_atexit.o)
                0x20000468                __atexit_recursive_mutex
 .data.__malloc_av_
                0x2000046c      0x408 d:/clion/gcc-arm-none-eabi-10.3-2021.10/bin/../lib/gcc/arm-none-eabi/10.3.1/../../../../arm-none-eabi/lib/thumb/v7-m/nofp\libg.a(lib_a-mallocr.o)
                0x2000046c                __malloc_av_
 .data.__malloc_sbrk_base
                0x20000874        0x4 d:/clion/gcc-arm-none-eabi-10.3-2021.10/bin/../lib/gcc/arm-none-eabi/10.3.1/../../../../arm-none-eabi/lib/thumb/v7-m/nofp\libg.a(lib_a-mallocr.o)
                0x20000874                __malloc_sbrk_base
 .data.__malloc_trim_threshold
                0x20000878        0x4 d:/clion/gcc-arm-none-eabi-10.3-2021.10/bin/../lib/gcc/arm-none-eabi/10.3.1/../../../../arm-none-eabi/lib/thumb/v7-m/nofp\libg.a(lib_a-mallocr.o)
                0x20000878                __malloc_trim_threshold
 *(.RamFunc)
 *(.RamFunc*)
                0x2000087c                . = ALIGN (0x4)
                0x2000087c                _edata = .

.igot.plt       0x2000087c        0x0 load address 0x08009fac
 .igot.plt      0x2000087c        0x0 d:/clion/gcc-arm-none-eabi-10.3-2021.10/bin/../lib/gcc/arm-none-eabi/10.3.1/thumb/v7-m/nofp/crtbegin.o
                0x2000087c                . = ALIGN (0x4)

.bss            0x20000880     0x3634 load address 0x08009fac
                0x20000880                _sbss = .
                0x20000880                __bss_start__ = _sbss
 *(.bss)
 .bss           0x20000880       0x1c d:/clion/gcc-arm-none-eabi-10.3-2021.10/bin/../lib/gcc/arm-none-eabi/10.3.1/thumb/v7-m/nofp/crtbegin.o
 *(.bss*)
 .bss.hadc      0x2000089c       0x54 CMakeFiles/ISD2190.elf.dir/Core/Src/adc.c.obj
                0x2000089c                hadc
 .bss.hdma_adc  0x200008f0       0x44 CMakeFiles/ISD2190.elf.dir/Core/Src/adc.c.obj
                0x200008f0                hdma_adc
 .bss.DataCollectTaskBuffer
                0x20000934     0x1000 CMakeFiles/ISD2190.elf.dir/Core/Src/freertos.c.obj
                0x20000934                DataCollectTaskBuffer
 .bss.DataCollectTaskControlBlock
                0x20001934       0x5c CMakeFiles/ISD2190.elf.dir/Core/Src/freertos.c.obj
                0x20001934                DataCollectTaskControlBlock
 .bss.DataCollectTaskHandle
                0x20001990        0x4 CMakeFiles/ISD2190.elf.dir/Core/Src/freertos.c.obj
                0x20001990                DataCollectTaskHandle
 .bss.VM1ReceiveTaskBuffer
                0x20001994      0x200 CMakeFiles/ISD2190.elf.dir/Core/Src/freertos.c.obj
                0x20001994                VM1ReceiveTaskBuffer
 .bss.VM1ReceiveTaskControlBlock
                0x20001b94       0x5c CMakeFiles/ISD2190.elf.dir/Core/Src/freertos.c.obj
                0x20001b94                VM1ReceiveTaskControlBlock
 .bss.VM1ReceiveTaskHandle
                0x20001bf0        0x4 CMakeFiles/ISD2190.elf.dir/Core/Src/freertos.c.obj
                0x20001bf0                VM1ReceiveTaskHandle
 .bss.VM2ReceiveTaskBuffer
                0x20001bf4      0x200 CMakeFiles/ISD2190.elf.dir/Core/Src/freertos.c.obj
                0x20001bf4                VM2ReceiveTaskBuffer
 .bss.VM2ReceiveTaskControlBlock
                0x20001df4       0x5c CMakeFiles/ISD2190.elf.dir/Core/Src/freertos.c.obj
                0x20001df4                VM2ReceiveTaskControlBlock
 .bss.VM2ReceiveTaskHandle
                0x20001e50        0x4 CMakeFiles/ISD2190.elf.dir/Core/Src/freertos.c.obj
                0x20001e50                VM2ReceiveTaskHandle
 .bss.hiwdg     0x20001e54        0xc CMakeFiles/ISD2190.elf.dir/Core/Src/iwdg.c.obj
                0x20001e54                hiwdg
 .bss.ADC_Value
                0x20001e60       0x20 CMakeFiles/ISD2190.elf.dir/Core/Src/main.c.obj
                0x20001e60                ADC_Value
 .bss.BleBuf    0x20001e80      0x100 CMakeFiles/ISD2190.elf.dir/Core/Src/main.c.obj
                0x20001e80                BleBuf
 .bss.Cmd       0x20001f80        0x1 CMakeFiles/ISD2190.elf.dir/Core/Src/main.c.obj
                0x20001f80                Cmd
 *fill*         0x20001f81        0x3 
 .bss.Config    0x20001f84       0x34 CMakeFiles/ISD2190.elf.dir/Core/Src/main.c.obj
                0x20001f84                Config
 .bss.Scan_Start
                0x20001fb8        0x1 CMakeFiles/ISD2190.elf.dir/Core/Src/main.c.obj
                0x20001fb8                Scan_Start
 *fill*         0x20001fb9        0x7 
 .bss.Sensor    0x20001fc0      0x600 CMakeFiles/ISD2190.elf.dir/Core/Src/main.c.obj
                0x20001fc0                Sensor
 .bss.Temp_Value
                0x200025c0       0x20 CMakeFiles/ISD2190.elf.dir/Core/Src/main.c.obj
                0x200025c0                Temp_Value
 .bss.Uart2Buf  0x200025e0       0x20 CMakeFiles/ISD2190.elf.dir/Core/Src/main.c.obj
                0x200025e0                Uart2Buf
 .bss.Uart3Buf  0x20002600       0x20 CMakeFiles/ISD2190.elf.dir/Core/Src/main.c.obj
                0x20002600                Uart3Buf
 .bss.VM1_Busy  0x20002620        0x1 CMakeFiles/ISD2190.elf.dir/Core/Src/main.c.obj
                0x20002620                VM1_Busy
 .bss.VM1_Init  0x20002621        0x1 CMakeFiles/ISD2190.elf.dir/Core/Src/main.c.obj
                0x20002621                VM1_Init
 .bss.VM1_OK    0x20002622        0x1 CMakeFiles/ISD2190.elf.dir/Core/Src/main.c.obj
                0x20002622                VM1_OK
 .bss.VM2_Busy  0x20002623        0x1 CMakeFiles/ISD2190.elf.dir/Core/Src/main.c.obj
                0x20002623                VM2_Busy
 .bss.VM2_Init  0x20002624        0x1 CMakeFiles/ISD2190.elf.dir/Core/Src/main.c.obj
                0x20002624                VM2_Init
 .bss.VM2_OK    0x20002625        0x1 CMakeFiles/ISD2190.elf.dir/Core/Src/main.c.obj
                0x20002625                VM2_OK
 .bss.VM_ERR    0x20002626        0x1 CMakeFiles/ISD2190.elf.dir/Core/Src/main.c.obj
                0x20002626                VM_ERR
 .bss.ble_flag  0x20002627        0x1 CMakeFiles/ISD2190.elf.dir/Core/Src/main.c.obj
                0x20002627                ble_flag
 .bss.ble_len   0x20002628        0x1 CMakeFiles/ISD2190.elf.dir/Core/Src/main.c.obj
                0x20002628                ble_len
 *fill*         0x20002629        0x3 
 .bss.usart2Queue
                0x2000262c        0x4 CMakeFiles/ISD2190.elf.dir/Core/Src/main.c.obj
                0x2000262c                usart2Queue
 .bss.usart3Queue
                0x20002630        0x4 CMakeFiles/ISD2190.elf.dir/Core/Src/main.c.obj
                0x20002630                usart3Queue
 .bss.htim7     0x20002634       0x40 CMakeFiles/ISD2190.elf.dir/Core/Src/stm32l1xx_hal_timebase_tim.c.obj
                0x20002634                htim7
 .bss.__sbrk_heap_end
                0x20002674        0x4 CMakeFiles/ISD2190.elf.dir/Core/Src/sysmem.c.obj
 .bss.htim2     0x20002678       0x40 CMakeFiles/ISD2190.elf.dir/Core/Src/tim.c.obj
                0x20002678                htim2
 .bss.hdma_uart5_rx
                0x200026b8       0x44 CMakeFiles/ISD2190.elf.dir/Core/Src/usart.c.obj
                0x200026b8                hdma_uart5_rx
 .bss.hdma_uart5_tx
                0x200026fc       0x44 CMakeFiles/ISD2190.elf.dir/Core/Src/usart.c.obj
                0x200026fc                hdma_uart5_tx
 .bss.hdma_usart2_rx
                0x20002740       0x44 CMakeFiles/ISD2190.elf.dir/Core/Src/usart.c.obj
                0x20002740                hdma_usart2_rx
 .bss.hdma_usart2_tx
                0x20002784       0x44 CMakeFiles/ISD2190.elf.dir/Core/Src/usart.c.obj
                0x20002784                hdma_usart2_tx
 .bss.hdma_usart3_rx
                0x200027c8       0x44 CMakeFiles/ISD2190.elf.dir/Core/Src/usart.c.obj
                0x200027c8                hdma_usart3_rx
 .bss.hdma_usart3_tx
                0x2000280c       0x44 CMakeFiles/ISD2190.elf.dir/Core/Src/usart.c.obj
                0x2000280c                hdma_usart3_tx
 .bss.huart2    0x20002850       0x48 CMakeFiles/ISD2190.elf.dir/Core/Src/usart.c.obj
                0x20002850                huart2
 .bss.huart3    0x20002898       0x48 CMakeFiles/ISD2190.elf.dir/Core/Src/usart.c.obj
                0x20002898                huart3
 .bss.huart5    0x200028e0       0x48 CMakeFiles/ISD2190.elf.dir/Core/Src/usart.c.obj
                0x200028e0                huart5
 .bss.uwTick    0x20002928        0x4 CMakeFiles/ISD2190.elf.dir/Drivers/STM32L1xx_HAL_Driver/Src/stm32l1xx_hal.c.obj
                0x20002928                uwTick
 .bss.pFlash    0x2000292c       0x18 CMakeFiles/ISD2190.elf.dir/Drivers/STM32L1xx_HAL_Driver/Src/stm32l1xx_hal_flash.c.obj
                0x2000292c                pFlash
 .bss.Idle_Stack
                0x20002944      0x200 CMakeFiles/ISD2190.elf.dir/Middlewares/Third_Party/FreeRTOS/Source/CMSIS_RTOS_V2/cmsis_os2.c.obj
 .bss.Idle_TCB  0x20002b44       0x5c CMakeFiles/ISD2190.elf.dir/Middlewares/Third_Party/FreeRTOS/Source/CMSIS_RTOS_V2/cmsis_os2.c.obj
 .bss.KernelState
                0x20002ba0        0x4 CMakeFiles/ISD2190.elf.dir/Middlewares/Third_Party/FreeRTOS/Source/CMSIS_RTOS_V2/cmsis_os2.c.obj
 .bss.Timer_Stack
                0x20002ba4      0x400 CMakeFiles/ISD2190.elf.dir/Middlewares/Third_Party/FreeRTOS/Source/CMSIS_RTOS_V2/cmsis_os2.c.obj
 .bss.Timer_TCB
                0x20002fa4       0x5c CMakeFiles/ISD2190.elf.dir/Middlewares/Third_Party/FreeRTOS/Source/CMSIS_RTOS_V2/cmsis_os2.c.obj
 .bss.ucMaxSysCallPriority
                0x20003000        0x1 CMakeFiles/ISD2190.elf.dir/Middlewares/Third_Party/FreeRTOS/Source/portable/GCC/ARM_CM3/port.c.obj
 *fill*         0x20003001        0x3 
 .bss.ulMaxPRIGROUPValue
                0x20003004        0x4 CMakeFiles/ISD2190.elf.dir/Middlewares/Third_Party/FreeRTOS/Source/portable/GCC/ARM_CM3/port.c.obj
 .bss.pxEnd     0x20003008        0x4 CMakeFiles/ISD2190.elf.dir/Middlewares/Third_Party/FreeRTOS/Source/portable/MemMang/heap_4.c.obj
 .bss.ucHeap    0x2000300c      0x5dc CMakeFiles/ISD2190.elf.dir/Middlewares/Third_Party/FreeRTOS/Source/portable/MemMang/heap_4.c.obj
 .bss.xBlockAllocatedBit
                0x200035e8        0x4 CMakeFiles/ISD2190.elf.dir/Middlewares/Third_Party/FreeRTOS/Source/portable/MemMang/heap_4.c.obj
 .bss.xFreeBytesRemaining
                0x200035ec        0x4 CMakeFiles/ISD2190.elf.dir/Middlewares/Third_Party/FreeRTOS/Source/portable/MemMang/heap_4.c.obj
 .bss.xMinimumEverFreeBytesRemaining
                0x200035f0        0x4 CMakeFiles/ISD2190.elf.dir/Middlewares/Third_Party/FreeRTOS/Source/portable/MemMang/heap_4.c.obj
 .bss.xStart    0x200035f4        0x8 CMakeFiles/ISD2190.elf.dir/Middlewares/Third_Party/FreeRTOS/Source/portable/MemMang/heap_4.c.obj
 .bss.xQueueRegistry
                0x200035fc       0x40 CMakeFiles/ISD2190.elf.dir/Middlewares/Third_Party/FreeRTOS/Source/queue.c.obj
                0x200035fc                xQueueRegistry
 .bss.pxCurrentTCB
                0x2000363c        0x4 CMakeFiles/ISD2190.elf.dir/Middlewares/Third_Party/FreeRTOS/Source/tasks.c.obj
                0x2000363c                pxCurrentTCB
 .bss.pxDelayedTaskList
                0x20003640        0x4 CMakeFiles/ISD2190.elf.dir/Middlewares/Third_Party/FreeRTOS/Source/tasks.c.obj
 .bss.pxOverflowDelayedTaskList
                0x20003644        0x4 CMakeFiles/ISD2190.elf.dir/Middlewares/Third_Party/FreeRTOS/Source/tasks.c.obj
 .bss.pxReadyTasksLists
                0x20003648      0x460 CMakeFiles/ISD2190.elf.dir/Middlewares/Third_Party/FreeRTOS/Source/tasks.c.obj
 .bss.uxCurrentNumberOfTasks
                0x20003aa8        0x4 CMakeFiles/ISD2190.elf.dir/Middlewares/Third_Party/FreeRTOS/Source/tasks.c.obj
 .bss.uxDeletedTasksWaitingCleanUp
                0x20003aac        0x4 CMakeFiles/ISD2190.elf.dir/Middlewares/Third_Party/FreeRTOS/Source/tasks.c.obj
 .bss.uxPendedTicks
                0x20003ab0        0x4 CMakeFiles/ISD2190.elf.dir/Middlewares/Third_Party/FreeRTOS/Source/tasks.c.obj
 .bss.uxSchedulerSuspended
                0x20003ab4        0x4 CMakeFiles/ISD2190.elf.dir/Middlewares/Third_Party/FreeRTOS/Source/tasks.c.obj
 .bss.uxTaskNumber
                0x20003ab8        0x4 CMakeFiles/ISD2190.elf.dir/Middlewares/Third_Party/FreeRTOS/Source/tasks.c.obj
 .bss.uxTopReadyPriority
                0x20003abc        0x4 CMakeFiles/ISD2190.elf.dir/Middlewares/Third_Party/FreeRTOS/Source/tasks.c.obj
 .bss.xDelayedTaskList1
                0x20003ac0       0x14 CMakeFiles/ISD2190.elf.dir/Middlewares/Third_Party/FreeRTOS/Source/tasks.c.obj
 .bss.xDelayedTaskList2
                0x20003ad4       0x14 CMakeFiles/ISD2190.elf.dir/Middlewares/Third_Party/FreeRTOS/Source/tasks.c.obj
 .bss.xIdleTaskHandle
                0x20003ae8        0x4 CMakeFiles/ISD2190.elf.dir/Middlewares/Third_Party/FreeRTOS/Source/tasks.c.obj
 .bss.xNextTaskUnblockTime
                0x20003aec        0x4 CMakeFiles/ISD2190.elf.dir/Middlewares/Third_Party/FreeRTOS/Source/tasks.c.obj
 .bss.xNumOfOverflows
                0x20003af0        0x4 CMakeFiles/ISD2190.elf.dir/Middlewares/Third_Party/FreeRTOS/Source/tasks.c.obj
 .bss.xPendingReadyList
                0x20003af4       0x14 CMakeFiles/ISD2190.elf.dir/Middlewares/Third_Party/FreeRTOS/Source/tasks.c.obj
 .bss.xSchedulerRunning
                0x20003b08        0x4 CMakeFiles/ISD2190.elf.dir/Middlewares/Third_Party/FreeRTOS/Source/tasks.c.obj
 .bss.xSuspendedTaskList
                0x20003b0c       0x14 CMakeFiles/ISD2190.elf.dir/Middlewares/Third_Party/FreeRTOS/Source/tasks.c.obj
 .bss.xTasksWaitingTermination
                0x20003b20       0x14 CMakeFiles/ISD2190.elf.dir/Middlewares/Third_Party/FreeRTOS/Source/tasks.c.obj
 .bss.xTickCount
                0x20003b34        0x4 CMakeFiles/ISD2190.elf.dir/Middlewares/Third_Party/FreeRTOS/Source/tasks.c.obj
 .bss.xYieldPending
                0x20003b38        0x4 CMakeFiles/ISD2190.elf.dir/Middlewares/Third_Party/FreeRTOS/Source/tasks.c.obj
 .bss.pxCurrentTimerList
                0x20003b3c        0x4 CMakeFiles/ISD2190.elf.dir/Middlewares/Third_Party/FreeRTOS/Source/timers.c.obj
 .bss.pxOverflowTimerList
                0x20003b40        0x4 CMakeFiles/ISD2190.elf.dir/Middlewares/Third_Party/FreeRTOS/Source/timers.c.obj
 .bss.ucStaticTimerQueueStorage.1
                0x20003b44       0xa0 CMakeFiles/ISD2190.elf.dir/Middlewares/Third_Party/FreeRTOS/Source/timers.c.obj
 .bss.xActiveTimerList1
                0x20003be4       0x14 CMakeFiles/ISD2190.elf.dir/Middlewares/Third_Party/FreeRTOS/Source/timers.c.obj
 .bss.xActiveTimerList2
                0x20003bf8       0x14 CMakeFiles/ISD2190.elf.dir/Middlewares/Third_Party/FreeRTOS/Source/timers.c.obj
 .bss.xLastTime.2
                0x20003c0c        0x4 CMakeFiles/ISD2190.elf.dir/Middlewares/Third_Party/FreeRTOS/Source/timers.c.obj
 .bss.xStaticTimerQueue.0
                0x20003c10       0x50 CMakeFiles/ISD2190.elf.dir/Middlewares/Third_Party/FreeRTOS/Source/timers.c.obj
 .bss.xTimerQueue
                0x20003c60        0x4 CMakeFiles/ISD2190.elf.dir/Middlewares/Third_Party/FreeRTOS/Source/timers.c.obj
 .bss.xTimerTaskHandle
                0x20003c64        0x4 CMakeFiles/ISD2190.elf.dir/Middlewares/Third_Party/FreeRTOS/Source/timers.c.obj
 .bss.tx_buffer
                0x20003c68      0x200 CMakeFiles/ISD2190.elf.dir/User/bt4531.c.obj
                0x20003c68                tx_buffer
 .bss.data      0x20003e68        0x4 CMakeFiles/ISD2190.elf.dir/User/flash.c.obj
                0x20003e68                data
 .bss.__lock___atexit_recursive_mutex
                0x20003e6c        0x1 d:/clion/gcc-arm-none-eabi-10.3-2021.10/bin/../lib/gcc/arm-none-eabi/10.3.1/../../../../arm-none-eabi/lib/thumb/v7-m/nofp\libg.a(lib_a-lock.o)
                0x20003e6c                __lock___atexit_recursive_mutex
 *fill*         0x20003e6d        0x3 
 .bss.__lock___malloc_recursive_mutex
                0x20003e70        0x1 d:/clion/gcc-arm-none-eabi-10.3-2021.10/bin/../lib/gcc/arm-none-eabi/10.3.1/../../../../arm-none-eabi/lib/thumb/v7-m/nofp\libg.a(lib_a-lock.o)
                0x20003e70                __lock___malloc_recursive_mutex
 *fill*         0x20003e71        0x3 
 .bss.__lock___sfp_recursive_mutex
                0x20003e74        0x1 d:/clion/gcc-arm-none-eabi-10.3-2021.10/bin/../lib/gcc/arm-none-eabi/10.3.1/../../../../arm-none-eabi/lib/thumb/v7-m/nofp\libg.a(lib_a-lock.o)
                0x20003e74                __lock___sfp_recursive_mutex
 *fill*         0x20003e75        0x3 
 .bss.__lock___sinit_recursive_mutex
                0x20003e78        0x1 d:/clion/gcc-arm-none-eabi-10.3-2021.10/bin/../lib/gcc/arm-none-eabi/10.3.1/../../../../arm-none-eabi/lib/thumb/v7-m/nofp\libg.a(lib_a-lock.o)
                0x20003e78                __lock___sinit_recursive_mutex
 *fill*         0x20003e79        0x3 
 .bss.__malloc_current_mallinfo
                0x20003e7c       0x28 d:/clion/gcc-arm-none-eabi-10.3-2021.10/bin/../lib/gcc/arm-none-eabi/10.3.1/../../../../arm-none-eabi/lib/thumb/v7-m/nofp\libg.a(lib_a-mallocr.o)
                0x20003e7c                __malloc_current_mallinfo
 .bss.__malloc_max_sbrked_mem
                0x20003ea4        0x4 d:/clion/gcc-arm-none-eabi-10.3-2021.10/bin/../lib/gcc/arm-none-eabi/10.3.1/../../../../arm-none-eabi/lib/thumb/v7-m/nofp\libg.a(lib_a-mallocr.o)
                0x20003ea4                __malloc_max_sbrked_mem
 .bss.__malloc_max_total_mem
                0x20003ea8        0x4 d:/clion/gcc-arm-none-eabi-10.3-2021.10/bin/../lib/gcc/arm-none-eabi/10.3.1/../../../../arm-none-eabi/lib/thumb/v7-m/nofp\libg.a(lib_a-mallocr.o)
                0x20003ea8                __malloc_max_total_mem
 .bss.__malloc_top_pad
                0x20003eac        0x4 d:/clion/gcc-arm-none-eabi-10.3-2021.10/bin/../lib/gcc/arm-none-eabi/10.3.1/../../../../arm-none-eabi/lib/thumb/v7-m/nofp\libg.a(lib_a-mallocr.o)
                0x20003eac                __malloc_top_pad
 .bss.errno     0x20003eb0        0x4 d:/clion/gcc-arm-none-eabi-10.3-2021.10/bin/../lib/gcc/arm-none-eabi/10.3.1/../../../../arm-none-eabi/lib/thumb/v7-m/nofp\libg.a(lib_a-reent.o)