Archive member included to satisfy reference by file (symbol)

d:/clion/gcc-arm-none-eabi-10.3-2021.10/bin/../lib/gcc/arm-none-eabi/10.3.1/thumb/v7-m/nofp\libgcc.a(_arm_muldf3.o)
                              CMakeFiles/ISD2190.elf.dir/User/hardware.c.obj (__aeabi_dmul)
d:/clion/gcc-arm-none-eabi-10.3-2021.10/bin/../lib/gcc/arm-none-eabi/10.3.1/thumb/v7-m/nofp\libgcc.a(_arm_mulsf3.o)
                              CMakeFiles/ISD2190.elf.dir/User/hardware.c.obj (__aeabi_fmul)
d:/clion/gcc-arm-none-eabi-10.3-2021.10/bin/../lib/gcc/arm-none-eabi/10.3.1/thumb/v7-m/nofp\libgcc.a(_arm_addsubdf3.o)
                              CMakeFiles/ISD2190.elf.dir/User/hardware.c.obj (__aeabi_dsub)
d:/clion/gcc-arm-none-eabi-10.3-2021.10/bin/../lib/gcc/arm-none-eabi/10.3.1/thumb/v7-m/nofp\libgcc.a(_arm_truncdfsf2.o)
                              CMakeFiles/ISD2190.elf.dir/User/hardware.c.obj (__aeabi_d2f)
d:/clion/gcc-arm-none-eabi-10.3-2021.10/bin/../lib/gcc/arm-none-eabi/10.3.1/thumb/v7-m/nofp\libgcc.a(_arm_addsubsf3.o)
                              CMakeFiles/ISD2190.elf.dir/User/hardware.c.obj (__aeabi_fsub)
d:/clion/gcc-arm-none-eabi-10.3-2021.10/bin/../lib/gcc/arm-none-eabi/10.3.1/thumb/v7-m/nofp\libgcc.a(_arm_muldivsf3.o)
                              CMakeFiles/ISD2190.elf.dir/User/hardware.c.obj (__aeabi_fdiv)
d:/clion/gcc-arm-none-eabi-10.3-2021.10/bin/../lib/gcc/arm-none-eabi/10.3.1/thumb/v7-m/nofp\libgcc.a(_aeabi_uldivmod.o)
                              CMakeFiles/ISD2190.elf.dir/Drivers/STM32L1xx_HAL_Driver/Src/stm32l1xx_hal_rcc.c.obj (__aeabi_uldivmod)
d:/clion/gcc-arm-none-eabi-10.3-2021.10/bin/../lib/gcc/arm-none-eabi/10.3.1/thumb/v7-m/nofp\libgcc.a(_udivmoddi4.o)
                              d:/clion/gcc-arm-none-eabi-10.3-2021.10/bin/../lib/gcc/arm-none-eabi/10.3.1/thumb/v7-m/nofp\libgcc.a(_aeabi_uldivmod.o) (__udivmoddi4)
d:/clion/gcc-arm-none-eabi-10.3-2021.10/bin/../lib/gcc/arm-none-eabi/10.3.1/thumb/v7-m/nofp\libgcc.a(_dvmd_tls.o)
                              d:/clion/gcc-arm-none-eabi-10.3-2021.10/bin/../lib/gcc/arm-none-eabi/10.3.1/thumb/v7-m/nofp\libgcc.a(_aeabi_uldivmod.o) (__aeabi_ldiv0)
d:/clion/gcc-arm-none-eabi-10.3-2021.10/bin/../lib/gcc/arm-none-eabi/10.3.1/../../../../arm-none-eabi/lib/thumb/v7-m/nofp\libg.a(lib_a-errno.o)
                              CMakeFiles/ISD2190.elf.dir/Core/Src/syscalls.c.obj (__errno)
d:/clion/gcc-arm-none-eabi-10.3-2021.10/bin/../lib/gcc/arm-none-eabi/10.3.1/../../../../arm-none-eabi/lib/thumb/v7-m/nofp\libg.a(lib_a-exit.o)
                              d:/clion/gcc-arm-none-eabi-10.3-2021.10/bin/../lib/gcc/arm-none-eabi/10.3.1/../../../../arm-none-eabi/lib/thumb/v7-m/nofp/crt0.o (exit)
d:/clion/gcc-arm-none-eabi-10.3-2021.10/bin/../lib/gcc/arm-none-eabi/10.3.1/../../../../arm-none-eabi/lib/thumb/v7-m/nofp\libg.a(lib_a-impure.o)
                              d:/clion/gcc-arm-none-eabi-10.3-2021.10/bin/../lib/gcc/arm-none-eabi/10.3.1/../../../../arm-none-eabi/lib/thumb/v7-m/nofp\libg.a(lib_a-exit.o) (_global_impure_ptr)
d:/clion/gcc-arm-none-eabi-10.3-2021.10/bin/../lib/gcc/arm-none-eabi/10.3.1/../../../../arm-none-eabi/lib/thumb/v7-m/nofp\libg.a(lib_a-init.o)
                              d:/clion/gcc-arm-none-eabi-10.3-2021.10/bin/../lib/gcc/arm-none-eabi/10.3.1/../../../../arm-none-eabi/lib/thumb/v7-m/nofp/crt0.o (__libc_init_array)
d:/clion/gcc-arm-none-eabi-10.3-2021.10/bin/../lib/gcc/arm-none-eabi/10.3.1/../../../../arm-none-eabi/lib/thumb/v7-m/nofp\libg.a(lib_a-memcpy.o)
                              CMakeFiles/ISD2190.elf.dir/Core/Src/freertos.c.obj (memcpy)
d:/clion/gcc-arm-none-eabi-10.3-2021.10/bin/../lib/gcc/arm-none-eabi/10.3.1/../../../../arm-none-eabi/lib/thumb/v7-m/nofp\libg.a(lib_a-memset.o)
                              d:/clion/gcc-arm-none-eabi-10.3-2021.10/bin/../lib/gcc/arm-none-eabi/10.3.1/../../../../arm-none-eabi/lib/thumb/v7-m/nofp/crt0.o (memset)
d:/clion/gcc-arm-none-eabi-10.3-2021.10/bin/../lib/gcc/arm-none-eabi/10.3.1/../../../../arm-none-eabi/lib/thumb/v7-m/nofp\libg.a(lib_a-puts.o)
                              CMakeFiles/ISD2190.elf.dir/Core/Src/main.c.obj (puts)
d:/clion/gcc-arm-none-eabi-10.3-2021.10/bin/../lib/gcc/arm-none-eabi/10.3.1/../../../../arm-none-eabi/lib/thumb/v7-m/nofp\libg.a(lib_a-strlen-stub.o)
                              d:/clion/gcc-arm-none-eabi-10.3-2021.10/bin/../lib/gcc/arm-none-eabi/10.3.1/../../../../arm-none-eabi/lib/thumb/v7-m/nofp\libg.a(lib_a-puts.o) (strlen)
d:/clion/gcc-arm-none-eabi-10.3-2021.10/bin/../lib/gcc/arm-none-eabi/10.3.1/../../../../arm-none-eabi/lib/thumb/v7-m/nofp\libg.a(lib_a-__call_atexit.o)
                              d:/clion/gcc-arm-none-eabi-10.3-2021.10/bin/../lib/gcc/arm-none-eabi/10.3.1/../../../../arm-none-eabi/lib/thumb/v7-m/nofp\libg.a(lib_a-exit.o) (__call_exitprocs)
d:/clion/gcc-arm-none-eabi-10.3-2021.10/bin/../lib/gcc/arm-none-eabi/10.3.1/../../../../arm-none-eabi/lib/thumb/v7-m/nofp\libg.a(lib_a-atexit.o)
[...]
Memory Configuration

Name             Origin             Length             Attributes
RAM              0x20000000         0x0000c000         xrw
FLASH            0x08000000         0x00060000         xr
*default*        0x00000000         0xffffffff

Linker script and memory map

LOAD d:/clion/gcc-arm-none-eabi-10.3-2021.10/bin/../lib/gcc/arm-none-eabi/10.3.1/thumb/v7-m/nofp/crti.o
LOAD d:/clion/gcc-arm-none-eabi-10.3-2021.10/bin/../lib/gcc/arm-none-eabi/10.3.1/thumb/v7-m/nofp/crtbegin.o
LOAD d:/clion/gcc-arm-none-eabi-10.3-2021.10/bin/../lib/gcc/arm-none-eabi/10.3.1/../../../../arm-none-eabi/lib/thumb/v7-m/nofp/crt0.o
LOAD CMakeFiles/ISD2190.elf.dir/Core/Src/adc.c.obj
LOAD CMakeFiles/ISD2190.elf.dir/Core/Src/dma.c.obj
LOAD CMakeFiles/ISD2190.elf.dir/Core/Src/freertos.c.obj
LOAD CMakeFiles/ISD2190.elf.dir/Core/Src/gpio.c.obj
LOAD CMakeFiles/ISD2190.elf.dir/Core/Src/iwdg.c.obj
LOAD CMakeFiles/ISD2190.elf.dir/Core/Src/main.c.obj
LOAD CMakeFiles/ISD2190.elf.dir/Core/Src/stm32l1xx_hal_msp.c.obj
LOAD CMakeFiles/ISD2190.elf.dir/Core/Src/stm32l1xx_hal_timebase_tim.c.obj
LOAD CMakeFiles/ISD2190.elf.dir/Core/Src/stm32l1xx_it.c.obj
LOAD CMakeFiles/ISD2190.elf.dir/Core/Src/syscalls.c.obj
LOAD CMakeFiles/ISD2190.elf.dir/Core/Src/sysmem.c.obj
LOAD CMakeFiles/ISD2190.elf.dir/Core/Src/system_stm32l1xx.c.obj
LOAD CMakeFiles/ISD2190.elf.dir/Core/Src/tim.c.obj
LOAD CMakeFiles/ISD2190.elf.dir/Core/Src/usart.c.obj
LOAD CMakeFiles/ISD2190.elf.dir/Core/Startup/startup_stm32l151rdtx.s.obj
LOAD CMakeFiles/ISD2190.elf.dir/Drivers/STM32L1xx_HAL_Driver/Src/stm32l1xx_hal.c.obj
LOAD CMakeFiles/ISD2190.elf.dir/Drivers/STM32L1xx_HAL_Driver/Src/stm32l1xx_hal_adc.c.obj
LOAD CMakeFiles/ISD2190.elf.dir/Drivers/STM32L1xx_HAL_Driver/Src/stm32l1xx_hal_adc_ex.c.obj
LOAD CMakeFiles/ISD2190.elf.dir/Drivers/STM32L1xx_HAL_Driver/Src/stm32l1xx_hal_cortex.c.obj
LOAD CMakeFiles/ISD2190.elf.dir/Drivers/STM32L1xx_HAL_Driver/Src/stm32l1xx_hal_dma.c.obj
LOAD CMakeFiles/ISD2190.elf.dir/Drivers/STM32L1xx_HAL_Driver/Src/stm32l1xx_hal_exti.c.obj
LOAD CMakeFiles/ISD2190.elf.dir/Drivers/STM32L1xx_HAL_Driver/Src/stm32l1xx_hal_flash.c.obj
LOAD CMakeFiles/ISD2190.elf.dir/Drivers/STM32L1xx_HAL_Driver/Src/stm32l1xx_hal_flash_ex.c.obj
LOAD CMakeFiles/ISD2190.elf.dir/Drivers/STM32L1xx_HAL_Driver/Src/stm32l1xx_hal_flash_ramfunc.c.obj
LOAD CMakeFiles/ISD2190.elf.dir/Drivers/STM32L1xx_HAL_Driver/Src/stm32l1xx_hal_gpio.c.obj
LOAD CMakeFiles/ISD2190.elf.dir/Drivers/STM32L1xx_HAL_Driver/Src/stm32l1xx_hal_iwdg.c.obj
LOAD CMakeFiles/ISD2190.elf.dir/Drivers/STM32L1xx_HAL_Driver/Src/stm32l1xx_hal_pwr.c.obj
LOAD CMakeFiles/ISD2190.elf.dir/Drivers/STM32L1xx_HAL_Driver/Src/stm32l1xx_hal_pwr_ex.c.obj
LOAD CMakeFiles/ISD2190.elf.dir/Drivers/STM32L1xx_HAL_Driver/Src/stm32l1xx_hal_rcc.c.obj
LOAD CMakeFiles/ISD2190.elf.dir/Drivers/STM32L1xx_HAL_Driver/Src/stm32l1xx_hal_rcc_ex.c.obj
LOAD CMakeFiles/ISD2190.elf.dir/Drivers/STM32L1xx_HAL_Driver/Src/stm32l1xx_hal_tim.c.obj
LOAD CMakeFiles/ISD2190.elf.dir/Drivers/STM32L1xx_HAL_Driver/Src/stm32l1xx_hal_tim_ex.c.obj
LOAD CMakeFiles/ISD2190.elf.dir/Drivers/STM32L1xx_HAL_Driver/Src/stm32l1xx_hal_uart.c.obj
LOAD CMakeFiles/ISD2190.elf.dir/Middlewares/Third_Party/FreeRTOS/Source/CMSIS_RTOS_V2/cmsis_os2.c.obj
LOAD CMakeFiles/ISD2190.elf.dir/Middlewares/Third_Party/FreeRTOS/Source/croutine.c.obj
LOAD CMakeFiles/ISD2190.elf.dir/Middlewares/Third_Party/FreeRTOS/Source/event_groups.c.obj
LOAD CMakeFiles/ISD2190.elf.dir/Middlewares/Third_Party/FreeRTOS/Source/list.c.obj
LOAD CMakeFiles/ISD2190.elf.dir/Middlewares/Third_Party/FreeRTOS/Source/portable/GCC/ARM_CM3/port.c.obj
LOAD CMakeFiles/ISD2190.elf.dir/Middlewares/Third_Party/FreeRTOS/Source/portable/MemMang/heap_4.c.obj
LOAD CMakeFiles/ISD2190.elf.dir/Middlewares/Third_Party/FreeRTOS/Source/queue.c.obj
LOAD CMakeFiles/ISD2190.elf.dir/Middlewares/Third_Party/FreeRTOS/Source/stream_buffer.c.obj
LOAD CMakeFiles/ISD2190.elf.dir/Middlewares/Third_Party/FreeRTOS/Source/tasks.c.obj
LOAD CMakeFiles/ISD2190.elf.dir/Middlewares/Third_Party/FreeRTOS/Source/timers.c.obj
LOAD CMakeFiles/ISD2190.elf.dir/User/CollectData.c.obj
LOAD CMakeFiles/ISD2190.elf.dir/User/VMxx.c.obj
LOAD CMakeFiles/ISD2190.elf.dir/User/bt4531.c.obj
LOAD CMakeFiles/ISD2190.elf.dir/User/flash.c.obj
LOAD CMakeFiles/ISD2190.elf.dir/User/hardware.c.obj
LOAD CMakeFiles/ISD2190.elf.dir/User/temp.c.obj
START GROUP
LOAD d:/clion/gcc-arm-none-eabi-10.3-2021.10/bin/../lib/gcc/arm-none-eabi/10.3.1/thumb/v7-m/nofp\libgcc.a
LOAD d:/clion/gcc-arm-none-eabi-10.3-2021.10/bin/../lib/gcc/arm-none-eabi/10.3.1/../../../../arm-none-eabi/lib/thumb/v7-m/nofp\libg.a
LOAD d:/clion/gcc-arm-none-eabi-10.3-2021.10/bin/../lib/gcc/arm-none-eabi/10.3.1/../../../../arm-none-eabi/lib/thumb/v7-m/nofp\libc.a
END GROUP
LOAD d:/clion/gcc-arm-none-eabi-10.3-2021.10/bin/../lib/gcc/arm-none-eabi/10.3.1/thumb/v7-m/nofp/crtend.o
LOAD d:/clion/gcc-arm-none-eabi-10.3-2021.10/bin/../lib/gcc/arm-none-eabi/10.3.1/thumb/v7-m/nofp/crtn.o
                0x2000c000                _estack = (ORIGIN (RAM) + LENGTH (RAM))
                0x00000200                _Min_Heap_Size = 0x200
                0x00000400                _Min_Stack_Size = 0x400

.isr_vector     0x08000000      0x13c
                0x08000000                . = ALIGN (0x4)
 *(.isr_vector)
 .isr_vector    0x08000000      0x13c CMakeFiles/ISD2190.elf.dir/Core/Startup/startup_stm32l151rdtx.s.obj
                0x08000000                g_pfnVectors
                0x0800013c                . = ALIGN (0x4)

.text           0x08000140     0x9010
                0x08000140                . = ALIGN (0x4)
 *(.text)
 .text          0x08000140       0x40 d:/clion/gcc-arm-none-eabi-10.3-2021.10/bin/../lib/gcc/arm-none-eabi/10.3.1/thumb/v7-m/nofp/crtbegin.o
 .text          0x08000180      0x254 d:/clion/gcc-arm-none-eabi-10.3-2021.10/bin/../lib/gcc/arm-none-eabi/10.3.1/thumb/v7-m/nofp\libgcc.a(_arm_muldf3.o)
                0x08000180                __muldf3
                0x08000180                __aeabi_dmul
 .text          0x080003d4      0x378 d:/clion/gcc-arm-none-eabi-10.3-2021.10/bin/../lib/gcc/arm-none-eabi/10.3.1/thumb/v7-m/nofp\libgcc.a(_arm_addsubdf3.o)
                0x080003d4                __aeabi_drsub
                0x080003dc                __aeabi_dsub
                0x080003dc                __subdf3
                0x080003e0                __aeabi_dadd
                0x080003e0                __adddf3
                0x08000658                __floatunsidf
                0x08000658                __aeabi_ui2d
                0x08000678                __floatsidf
                0x08000678                __aeabi_i2d
                0x0800069c                __aeabi_f2d
                0x0800069c                __extendsfdf2
                0x080006e0                __floatundidf
                0x080006e0                __aeabi_ul2d
                0x080006f0                __floatdidf
                0x080006f0                __aeabi_l2d
 .text          0x0800074c       0xa0 d:/clion/gcc-arm-none-eabi-10.3-2021.10/bin/../lib/gcc/arm-none-eabi/10.3.1/thumb/v7-m/nofp\libgcc.a(_arm_truncdfsf2.o)
                0x0800074c                __truncdfsf2
                0x0800074c                __aeabi_d2f
 .text          0x080007ec      0x21c d:/clion/gcc-arm-none-eabi-10.3-2021.10/bin/../lib/gcc/arm-none-eabi/10.3.1/thumb/v7-m/nofp\libgcc.a(_arm_addsubsf3.o)
                0x080007ec                __aeabi_frsub
                0x080007f4                __subsf3
                0x080007f4                __aeabi_fsub
                0x080007f8                __aeabi_fadd
                0x080007f8                __addsf3
                0x08000958                __aeabi_ui2f
                0x08000958                __floatunsisf
                0x08000960                __aeabi_i2f
                0x08000960                __floatsisf
                0x0800097c                __aeabi_ul2f
                0x0800097c                __floatundisf
                0x0800098c                __aeabi_l2f
                0x0800098c                __floatdisf
 .text          0x08000a08      0x2a0 d:/clion/gcc-arm-none-eabi-10.3-2021.10/bin/../lib/gcc/arm-none-eabi/10.3.1/thumb/v7-m/nofp\libgcc.a(_arm_muldivsf3.o)
                0x08000a08                __mulsf3
                0x08000a08                __aeabi_fmul
                0x08000b70                __aeabi_fdiv
                0x08000b70                __divsf3
 .text          0x08000ca8       0x30 d:/clion/gcc-arm-none-eabi-10.3-2021.10/bin/../lib/gcc/arm-none-eabi/10.3.1/thumb/v7-m/nofp\libgcc.a(_aeabi_uldivmod.o)
                0x08000ca8                __aeabi_uldivmod
 .text          0x08000cd8      0x2d4 d:/clion/gcc-arm-none-eabi-10.3-2021.10/bin/../lib/gcc/arm-none-eabi/10.3.1/thumb/v7-m/nofp\libgcc.a(_udivmoddi4.o)
                0x08000cd8                __udivmoddi4
 .text          0x08000fac        0x4 d:/clion/gcc-arm-none-eabi-10.3-2021.10/bin/../lib/gcc/arm-none-eabi/10.3.1/thumb/v7-m/nofp\libgcc.a(_dvmd_tls.o)
                0x08000fac                __aeabi_idiv0
                0x08000fac                __aeabi_ldiv0
 .text          0x08000fb0       0xec d:/clion/gcc-arm-none-eabi-10.3-2021.10/bin/../lib/gcc/arm-none-eabi/10.3.1/../../../../arm-none-eabi/lib/thumb/v7-m/nofp\libg.a(lib_a-memcpy.o)
                0x08000fb0                memcpy
 *(.text*)
 .text.MX_ADC_Init
                0x0800109c      0x208 CMakeFiles/ISD2190.elf.dir/Core/Src/adc.c.obj
                0x0800109c                MX_ADC_Init
 .text.HAL_ADC_MspInit
                0x080012a4       0xec CMakeFiles/ISD2190.elf.dir/Core/Src/adc.c.obj
                0x080012a4                HAL_ADC_MspInit
 .text.MX_DMA_Init
                0x08001390       0xa4 CMakeFiles/ISD2190.elf.dir/Core/Src/dma.c.obj
                0x08001390                MX_DMA_Init
 .text.Data_Collect_Task
                0x08001434      0x174 CMakeFiles/ISD2190.elf.dir/Core/Src/freertos.c.obj
                0x08001434                Data_Collect_Task
 .text.MX_FREERTOS_Init
                0x080015a8       0x78 CMakeFiles/ISD2190.elf.dir/Core/Src/freertos.c.obj
                0x080015a8                MX_FREERTOS_Init
 .text.crc16    0x08001620       0x36 CMakeFiles/ISD2190.elf.dir/Core/Src/freertos.c.obj
                0x08001620                crc16
 *fill*         0x08001656        0x2 
 .text.VM1_Receive_Task
                0x08001658      0x26c CMakeFiles/ISD2190.elf.dir/Core/Src/freertos.c.obj
                0x08001658                VM1_Receive_Task
 .text.VM2_Receive_Task
                0x080018c4      0x274 CMakeFiles/ISD2190.elf.dir/Core/Src/freertos.c.obj
                0x080018c4                VM2_Receive_Task
 .text.MX_GPIO_Init
                0x08001b38       0xbc CMakeFiles/ISD2190.elf.dir/Core/Src/gpio.c.obj
                0x08001b38                MX_GPIO_Init
 .text.MX_IWDG_Init
                0x08001bf4       0x28 CMakeFiles/ISD2190.elf.dir/Core/Src/iwdg.c.obj
                0x08001bf4                MX_IWDG_Init
 .text.HAL_TIM_PeriodElapsedCallback
                0x08001c1c       0x80 CMakeFiles/ISD2190.elf.dir/Core/Src/main.c.obj
                0x08001c1c                HAL_TIM_PeriodElapsedCallback
 .text.Error_Handler
                0x08001c9c        0x4 CMakeFiles/ISD2190.elf.dir/Core/Src/main.c.obj
                0x08001c9c                Error_Handler
 .text.SystemClock_Config
                0x08001ca0       0x70 CMakeFiles/ISD2190.elf.dir/Core/Src/main.c.obj
                0x08001ca0                SystemClock_Config
 .text.main     0x08001d10       0xa0 CMakeFiles/ISD2190.elf.dir/Core/Src/main.c.obj
                0x08001d10                main
 .text.HAL_MspInit
                0x08001db0       0x54 CMakeFiles/ISD2190.elf.dir/Core/Src/stm32l1xx_hal_msp.c.obj
                0x08001db0                HAL_MspInit
 .text.HAL_InitTick
                0x08001e04       0xa0 CMakeFiles/ISD2190.elf.dir/Core/Src/stm32l1xx_hal_timebase_tim.c.obj
                0x08001e04                HAL_InitTick
 .text.NMI_Handler
                0x08001ea4        0x2 CMakeFiles/ISD2190.elf.dir/Core/Src/stm32l1xx_it.c.obj
                0x08001ea4                NMI_Handler
 .text.HardFault_Handler
                0x08001ea6        0x2 CMakeFiles/ISD2190.elf.dir/Core/Src/stm32l1xx_it.c.obj
                0x08001ea6                HardFault_Handler
 .text.MemManage_Handler
                0x08001ea8        0x2 CMakeFiles/ISD2190.elf.dir/Core/Src/stm32l1xx_it.c.obj
                0x08001ea8                MemManage_Handler
 .text.BusFault_Handler
                0x08001eaa        0x2 CMakeFiles/ISD2190.elf.dir/Core/Src/stm32l1xx_it.c.obj
                0x08001eaa                BusFault_Handler
 .text.UsageFault_Handler
                0x08001eac        0x2 CMakeFiles/ISD2190.elf.dir/Core/Src/stm32l1xx_it.c.obj
                0x08001eac                UsageFault_Handler
 .text.DebugMon_Handler
                0x08001eae        0x2 CMakeFiles/ISD2190.elf.dir/Core/Src/stm32l1xx_it.c.obj
                0x08001eae                DebugMon_Handler
 .text.DMA1_Channel1_IRQHandler
                0x08001eb0       0x10 CMakeFiles/ISD2190.elf.dir/Core/Src/stm32l1xx_it.c.obj
                0x08001eb0                DMA1_Channel1_IRQHandler
 .text.DMA1_Channel2_IRQHandler
                0x08001ec0       0x10 CMakeFiles/ISD2190.elf.dir/Core/Src/stm32l1xx_it.c.obj
                0x08001ec0                DMA1_Channel2_IRQHandler
 .text.DMA1_Channel3_IRQHandler
                0x08001ed0       0x10 CMakeFiles/ISD2190.elf.dir/Core/Src/stm32l1xx_it.c.obj
                0x08001ed0                DMA1_Channel3_IRQHandler
 .text.DMA1_Channel6_IRQHandler
                0x08001ee0       0x10 CMakeFiles/ISD2190.elf.dir/Core/Src/stm32l1xx_it.c.obj
                0x08001ee0                DMA1_Channel6_IRQHandler
 .text.DMA1_Channel7_IRQHandler
                0x08001ef0       0x10 CMakeFiles/ISD2190.elf.dir/Core/Src/stm32l1xx_it.c.obj
                0x08001ef0                DMA1_Channel7_IRQHandler
 .text.TIM2_IRQHandler
                0x08001f00       0x10 CMakeFiles/ISD2190.elf.dir/Core/Src/stm32l1xx_it.c.obj
                0x08001f00                TIM2_IRQHandler
 .text.USART2_IRQHandler
                0x08001f10       0x10 CMakeFiles/ISD2190.elf.dir/Core/Src/stm32l1xx_it.c.obj
                0x08001f10                USART2_IRQHandler
 .text.USART3_IRQHandler
                0x08001f20       0x10 CMakeFiles/ISD2190.elf.dir/Core/Src/stm32l1xx_it.c.obj
                0x08001f20                USART3_IRQHandler
 .text.TIM7_IRQHandler
                0x08001f30       0x10 CMakeFiles/ISD2190.elf.dir/Core/Src/stm32l1xx_it.c.obj
                0x08001f30                TIM7_IRQHandler
 .text.UART5_IRQHandler
                0x08001f40       0x10 CMakeFiles/ISD2190.elf.dir/Core/Src/stm32l1xx_it.c.obj
                0x08001f40                UART5_IRQHandler
 .text.DMA2_Channel1_IRQHandler
                0x08001f50       0x10 CMakeFiles/ISD2190.elf.dir/Core/Src/stm32l1xx_it.c.obj
                0x08001f50                DMA2_Channel1_IRQHandler
 .text.DMA2_Channel2_IRQHandler
                0x08001f60       0x10 CMakeFiles/ISD2190.elf.dir/Core/Src/stm32l1xx_it.c.obj
                0x08001f60                DMA2_Channel2_IRQHandler
 .text._read    0x08001f70       0x20 CMakeFiles/ISD2190.elf.dir/Core/Src/syscalls.c.obj
                0x08001f70                _read
 .text._write   0x08001f90       0x1c CMakeFiles/ISD2190.elf.dir/Core/Src/syscalls.c.obj
                0x08001f90                _write
 .text._close   0x08001fac        0x6 CMakeFiles/ISD2190.elf.dir/Core/Src/syscalls.c.obj
                0x08001fac                _close
 .text._fstat   0x08001fb2        0xa CMakeFiles/ISD2190.elf.dir/Core/Src/syscalls.c.obj
                0x08001fb2                _fstat
 .text._isatty  0x08001fbc        0x4 CMakeFiles/ISD2190.elf.dir/Core/Src/syscalls.c.obj
                0x08001fbc                _isatty
 .text._lseek   0x08001fc0        0x4 CMakeFiles/ISD2190.elf.dir/Core/Src/syscalls.c.obj
                0x08001fc0                _lseek
 .text._sbrk    0x08001fc4       0x48 CMakeFiles/ISD2190.elf.dir/Core/Src/sysmem.c.obj
                0x08001fc4                _sbrk
 .text.SystemInit
                0x0800200c        0x2 CMakeFiles/ISD2190.elf.dir/Core/Src/system_stm32l1xx.c.obj
                0x0800200c                SystemInit
 *fill*         0x0800200e        0x2 
 .text.MX_TIM2_Init
                0x08002010       0x78 CMakeFiles/ISD2190.elf.dir/Core/Src/tim.c.obj
                0x08002010                MX_TIM2_Init
 .text.HAL_TIM_Base_MspInit
                0x08002088       0x3a CMakeFiles/ISD2190.elf.dir/Core/Src/tim.c.obj
                0x08002088                HAL_TIM_Base_MspInit
 *fill*         0x080020c2        0x2 
 .text.MX_UART5_Init
                0x080020c4       0x34 CMakeFiles/ISD2190.elf.dir/Core/Src/usart.c.obj
                0x080020c4                MX_UART5_Init
 .text.MX_USART2_UART_Init
                0x080020f8       0x34 CMakeFiles/ISD2190.elf.dir/Core/Src/usart.c.obj
                0x080020f8                MX_USART2_UART_Init
 .text.MX_USART3_UART_Init
                0x0800212c       0x34 CMakeFiles/ISD2190.elf.dir/Core/Src/usart.c.obj
                0x0800212c                MX_USART3_UART_Init
 .text.HAL_UART_MspInit
                0x08002160      0x2e4 CMakeFiles/ISD2190.elf.dir/Core/Src/usart.c.obj
                0x08002160                HAL_UART_MspInit
 .text.__io_putchar
                0x08002444       0x20 CMakeFiles/ISD2190.elf.dir/Core/Src/usart.c.obj
                0x08002444                __io_putchar
 .text.Reset_Handler
                0x08002464       0x48 CMakeFiles/ISD2190.elf.dir/Core/Startup/startup_stm32l151rdtx.s.obj
                0x08002464                Reset_Handler
 .text.Default_Handler
                0x080024ac        0x2 CMakeFiles/ISD2190.elf.dir/Core/Startup/startup_stm32l151rdtx.s.obj
                0x080024ac                RTC_Alarm_IRQHandler
                0x080024ac                EXTI2_IRQHandler
                0x080024ac                COMP_ACQ_IRQHandler
                0x080024ac                TIM10_IRQHandler
                0x080024ac                USB_HP_IRQHandler
                0x080024ac                TIM6_IRQHandler
                0x080024ac                PVD_IRQHandler
                0x080024ac                SDIO_IRQHandler
                0x080024ac                EXTI3_IRQHandler
                0x080024ac                EXTI0_IRQHandler
                0x080024ac                I2C2_EV_IRQHandler
                0x080024ac                SPI1_IRQHandler
                0x080024ac                USB_FS_WKUP_IRQHandler
                0x080024ac                DMA1_Channel4_IRQHandler
                0x080024ac                ADC1_IRQHandler
                0x080024ac                TIM4_IRQHandler
                0x080024ac                I2C1_EV_IRQHandler
                0x080024ac                UART4_IRQHandler
                0x080024ac                DMA2_Channel4_IRQHandler
                0x080024ac                TIM3_IRQHandler
                0x080024ac                RCC_IRQHandler
                0x080024ac                Default_Handler
                0x080024ac                EXTI15_10_IRQHandler
                0x080024ac                TIM5_IRQHandler
                0x080024ac                EXTI9_5_IRQHandler
                0x080024ac                TIM9_IRQHandler
                0x080024ac                TAMPER_STAMP_IRQHandler
                0x080024ac                RTC_WKUP_IRQHandler
                0x080024ac                SPI2_IRQHandler
                0x080024ac                DMA2_Channel5_IRQHandler
                0x080024ac                DMA1_Channel5_IRQHandler
                0x080024ac                USB_LP_IRQHandler
                0x080024ac                EXTI4_IRQHandler
                0x080024ac                COMP_IRQHandler
                0x080024ac                WWDG_IRQHandler
                0x080024ac                DAC_IRQHandler
                0x080024ac                EXTI1_IRQHandler
                0x080024ac                TIM11_IRQHandler
                0x080024ac                I2C2_ER_IRQHandler
                0x080024ac                FLASH_IRQHandler
                0x080024ac                USART1_IRQHandler
                0x080024ac                SPI3_IRQHandler
                0x080024ac                I2C1_ER_IRQHandler
                0x080024ac                DMA2_Channel3_IRQHandler
 .text.HAL_Init
                0x080024ae       0x1e CMakeFiles/ISD2190.elf.dir/Drivers/STM32L1xx_HAL_Driver/Src/stm32l1xx_hal.c.obj
                0x080024ae                HAL_Init
 .text.HAL_IncTick
                0x080024cc       0x18 CMakeFiles/ISD2190.elf.dir/Drivers/STM32L1xx_HAL_Driver/Src/stm32l1xx_hal.c.obj
                0x080024cc                HAL_IncTick
 .text.HAL_GetTick
                0x080024e4        0xc CMakeFiles/ISD2190.elf.dir/Drivers/STM32L1xx_HAL_Driver/Src/stm32l1xx_hal.c.obj
                0x080024e4                HAL_GetTick
 .text.HAL_Delay
                0x080024f0       0x28 CMakeFiles/ISD2190.elf.dir/Drivers/STM32L1xx_HAL_Driver/Src/stm32l1xx_hal.c.obj
                0x080024f0                HAL_Delay
 .text.HAL_ADC_Init
                0x08002518      0x19c CMakeFiles/ISD2190.elf.dir/Drivers/STM32L1xx_HAL_Driver/Src/stm32l1xx_hal_adc.c.obj
                0x08002518                HAL_ADC_Init
 .text.HAL_ADC_ConvCpltCallback
                0x080026b4        0x2 CMakeFiles/ISD2190.elf.dir/Drivers/STM32L1xx_HAL_Driver/Src/stm32l1xx_hal_adc.c.obj
                0x080026b4                HAL_ADC_ConvCpltCallback
 .text.ADC_DMAConvCplt
                0x080026b6       0x64 CMakeFiles/ISD2190.elf.dir/Drivers/STM32L1xx_HAL_Driver/Src/stm32l1xx_hal_adc.c.obj
 .text.HAL_ADC_ConvHalfCpltCallback
                0x0800271a        0x2 CMakeFiles/ISD2190.elf.dir/Drivers/STM32L1xx_HAL_Driver/Src/stm32l1xx_hal_adc.c.obj
                0x0800271a                HAL_ADC_ConvHalfCpltCallback
 .text.ADC_DMAHalfConvCplt
                0x0800271c        0xa CMakeFiles/ISD2190.elf.dir/Drivers/STM32L1xx_HAL_Driver/Src/stm32l1xx_hal_adc.c.obj
 .text.HAL_ADC_ErrorCallback
                0x08002726        0x2 CMakeFiles/ISD2190.elf.dir/Drivers/STM32L1xx_HAL_Driver/Src/stm32l1xx_hal_adc.c.obj
                0x08002726                HAL_ADC_ErrorCallback
 .text.ADC_DMAError
                0x08002728       0x1a CMakeFiles/ISD2190.elf.dir/Drivers/STM32L1xx_HAL_Driver/Src/stm32l1xx_hal_adc.c.obj
 *fill*         0x08002742        0x2 
 .text.HAL_ADC_ConfigChannel
                0x08002744      0x1b4 CMakeFiles/ISD2190.elf.dir/Drivers/STM32L1xx_HAL_Driver/Src/stm32l1xx_hal_adc.c.obj
                0x08002744                HAL_ADC_ConfigChannel
 .text.ADC_Enable
                0x080028f8       0x8c CMakeFiles/ISD2190.elf.dir/Drivers/STM32L1xx_HAL_Driver/Src/stm32l1xx_hal_adc.c.obj
                0x080028f8                ADC_Enable
 .text.HAL_ADC_Start_DMA
                0x08002984       0xc4 CMakeFiles/ISD2190.elf.dir/Drivers/STM32L1xx_HAL_Driver/Src/stm32l1xx_hal_adc.c.obj
                0x08002984                HAL_ADC_Start_DMA
 .text.HAL_NVIC_SetPriorityGrouping
                0x08002a48       0x24 CMakeFiles/ISD2190.elf.dir/Drivers/STM32L1xx_HAL_Driver/Src/stm32l1xx_hal_cortex.c.obj
                0x08002a48                HAL_NVIC_SetPriorityGrouping
 .text.HAL_NVIC_SetPriority
                0x08002a6c       0x70 CMakeFiles/ISD2190.elf.dir/Drivers/STM32L1xx_HAL_Driver/Src/stm32l1xx_hal_cortex.c.obj
                0x08002a6c                HAL_NVIC_SetPriority
 .text.HAL_NVIC_EnableIRQ
                0x08002adc       0x1c CMakeFiles/ISD2190.elf.dir/Drivers/STM32L1xx_HAL_Driver/Src/stm32l1xx_hal_cortex.c.obj
                0x08002adc                HAL_NVIC_EnableIRQ
 .text.DMA_SetConfig
                0x08002af8       0x36 CMakeFiles/ISD2190.elf.dir/Drivers/STM32L1xx_HAL_Driver/Src/stm32l1xx_hal_dma.c.obj
 *fill*         0x08002b2e        0x2 
 .text.HAL_DMA_Init
                0x08002b30       0x98 CMakeFiles/ISD2190.elf.dir/Drivers/STM32L1xx_HAL_Driver/Src/stm32l1xx_hal_dma.c.obj
                0x08002b30                HAL_DMA_Init
 .text.HAL_DMA_Start_IT
                0x08002bc8       0x76 CMakeFiles/ISD2190.elf.dir/Drivers/STM32L1xx_HAL_Driver/Src/stm32l1xx_hal_dma.c.obj
                0x08002bc8                HAL_DMA_Start_IT
 .text.HAL_DMA_Abort
                0x08002c3e       0x4a CMakeFiles/ISD2190.elf.dir/Drivers/STM32L1xx_HAL_Driver/Src/stm32l1xx_hal_dma.c.obj
                0x08002c3e                HAL_DMA_Abort
 .text.HAL_DMA_Abort_IT
                0x08002c88       0x50 CMakeFiles/ISD2190.elf.dir/Drivers/STM32L1xx_HAL_Driver/Src/stm32l1xx_hal_dma.c.obj
                0x08002c88                HAL_DMA_Abort_IT
 .text.HAL_DMA_IRQHandler
                0x08002cd8       0xc4 CMakeFiles/ISD2190.elf.dir/Drivers/STM32L1xx_HAL_Driver/Src/stm32l1xx_hal_dma.c.obj
                0x08002cd8                HAL_DMA_IRQHandler
 .text.FLASH_SetErrorCode
                0x08002d9c       0x88 CMakeFiles/ISD2190.elf.dir/Drivers/STM32L1xx_HAL_Driver/Src/stm32l1xx_hal_flash.c.obj
 .text.HAL_FLASH_Unlock
                0x08002e24       0x64 CMakeFiles/ISD2190.elf.dir/Drivers/STM32L1xx_HAL_Driver/Src/stm32l1xx_hal_flash.c.obj
                0x08002e24                HAL_FLASH_Unlock
 .text.HAL_FLASH_Lock
                0x08002e88       0x14 CMakeFiles/ISD2190.elf.dir/Drivers/STM32L1xx_HAL_Driver/Src/stm32l1xx_hal_flash.c.obj
                0x08002e88                HAL_FLASH_Lock
 .text.HAL_FLASH_GetError
                0x08002e9c        0xc CMakeFiles/ISD2190.elf.dir/Drivers/STM32L1xx_HAL_Driver/Src/stm32l1xx_hal_flash.c.obj
                0x08002e9c                HAL_FLASH_GetError
 .text.FLASH_WaitForLastOperation
                0x08002ea8       0x7c CMakeFiles/ISD2190.elf.dir/Drivers/STM32L1xx_HAL_Driver/Src/stm32l1xx_hal_flash.c.obj
                0x08002ea8                FLASH_WaitForLastOperation
 .text.HAL_FLASH_Program
                0x08002f24       0x40 CMakeFiles/ISD2190.elf.dir/Drivers/STM32L1xx_HAL_Driver/Src/stm32l1xx_hal_flash.c.obj
                0x08002f24                HAL_FLASH_Program
 .text.FLASH_PageErase
                0x08002f64       0x28 CMakeFiles/ISD2190.elf.dir/Drivers/STM32L1xx_HAL_Driver/Src/stm32l1xx_hal_flash_ex.c.obj
                0x08002f64                FLASH_PageErase
 .text.HAL_FLASHEx_Erase
                0x08002f8c       0x7c CMakeFiles/ISD2190.elf.dir/Drivers/STM32L1xx_HAL_Driver/Src/stm32l1xx_hal_flash_ex.c.obj
                0x08002f8c                HAL_FLASHEx_Erase
 .text.HAL_GPIO_Init
                0x08003008      0x1e8 CMakeFiles/ISD2190.elf.dir/Drivers/STM32L1xx_HAL_Driver/Src/stm32l1xx_hal_gpio.c.obj
                0x08003008                HAL_GPIO_Init
 .text.HAL_GPIO_WritePin
                0x080031f0        0xc CMakeFiles/ISD2190.elf.dir/Drivers/STM32L1xx_HAL_Driver/Src/stm32l1xx_hal_gpio.c.obj
                0x080031f0                HAL_GPIO_WritePin
 .text.HAL_IWDG_Init
                0x080031fc       0x58 CMakeFiles/ISD2190.elf.dir/Drivers/STM32L1xx_HAL_Driver/Src/stm32l1xx_hal_iwdg.c.obj
                0x080031fc                HAL_IWDG_Init
 .text.RCC_SetFlashLatencyFromMSIRange
                0x08003254       0x90 CMakeFiles/ISD2190.elf.dir/Drivers/STM32L1xx_HAL_Driver/Src/stm32l1xx_hal_rcc.c.obj
 .text.HAL_RCC_OscConfig
                0x080032e4      0x4f8 CMakeFiles/ISD2190.elf.dir/Drivers/STM32L1xx_HAL_Driver/Src/stm32l1xx_hal_rcc.c.obj
                0x080032e4                HAL_RCC_OscConfig
 .text.HAL_RCC_GetSysClockFreq
                0x080037dc       0xc4 CMakeFiles/ISD2190.elf.dir/Drivers/STM32L1xx_HAL_Driver/Src/stm32l1xx_hal_rcc.c.obj
                0x080037dc                HAL_RCC_GetSysClockFreq
 .text.HAL_RCC_ClockConfig
                0x080038a0      0x1dc CMakeFiles/ISD2190.elf.dir/Drivers/STM32L1xx_HAL_Driver/Src/stm32l1xx_hal_rcc.c.obj
                0x080038a0                HAL_RCC_ClockConfig
 .text.HAL_RCC_GetHCLKFreq
                0x08003a7c        0xc CMakeFiles/ISD2190.elf.dir/Drivers/STM32L1xx_HAL_Driver/Src/stm32l1xx_hal_rcc.c.obj
                0x08003a7c                HAL_RCC_GetHCLKFreq
 .text.HAL_RCC_GetPCLK1Freq
                0x08003a88       0x20 CMakeFiles/ISD2190.elf.dir/Drivers/STM32L1xx_HAL_Driver/Src/stm32l1xx_hal_rcc.c.obj
                0x08003a88                HAL_RCC_GetPCLK1Freq
 .text.HAL_RCC_GetPCLK2Freq
                0x08003aa8       0x20 CMakeFiles/ISD2190.elf.dir/Drivers/STM32L1xx_HAL_Driver/Src/stm32l1xx_hal_rcc.c.obj
                0x08003aa8                HAL_RCC_GetPCLK2Freq
 .text.HAL_RCC_GetClockConfig
                0x08003ac8       0x3c CMakeFiles/ISD2190.elf.dir/Drivers/STM32L1xx_HAL_Driver/Src/stm32l1xx_hal_rcc.c.obj
                0x08003ac8                HAL_RCC_GetClockConfig
 .text.TIM_Base_SetConfig
                0x08003b04       0x88 CMakeFiles/ISD2190.elf.dir/Drivers/STM32L1xx_HAL_Driver/Src/stm32l1xx_hal_tim.c.obj
 .text.TIM_TI1_ConfigInputStage
                0x08003b8c       0x24 CMakeFiles/ISD2190.elf.dir/Drivers/STM32L1xx_HAL_Driver/Src/stm32l1xx_hal_tim.c.obj
 .text.TIM_TI2_ConfigInputStage
                0x08003bb0       0x26 CMakeFiles/ISD2190.elf.dir/Drivers/STM32L1xx_HAL_Driver/Src/stm32l1xx_hal_tim.c.obj
 .text.TIM_ITRx_SetConfig
                0x08003bd6       0x10 CMakeFiles/ISD2190.elf.dir/Drivers/STM32L1xx_HAL_Driver/Src/stm32l1xx_hal_tim.c.obj
 .text.TIM_ETR_SetConfig
                0x08003be6       0x18 CMakeFiles/ISD2190.elf.dir/Drivers/STM32L1xx_HAL_Driver/Src/stm32l1xx_hal_tim.c.obj
 .text.HAL_TIM_Base_Init
                0x08003bfe       0x48 CMakeFiles/ISD2190.elf.dir/Drivers/STM32L1xx_HAL_Driver/Src/stm32l1xx_hal_tim.c.obj
                0x08003bfe                HAL_TIM_Base_Init
 *fill*         0x08003c46        0x2 
 .text.HAL_TIM_Base_Start_IT
                0x08003c48       0x68 CMakeFiles/ISD2190.elf.dir/Drivers/STM32L1xx_HAL_Driver/Src/stm32l1xx_hal_tim.c.obj
                0x08003c48                HAL_TIM_Base_Start_IT
 .text.HAL_TIM_Base_Stop_IT
                0x08003cb0       0x28 CMakeFiles/ISD2190.elf.dir/Drivers/STM32L1xx_HAL_Driver/Src/stm32l1xx_hal_tim.c.obj
                0x08003cb0                HAL_TIM_Base_Stop_IT
 .text.HAL_TIM_ConfigClockSource
                0x08003cd8       0xfe CMakeFiles/ISD2190.elf.dir/Drivers/STM32L1xx_HAL_Driver/Src/stm32l1xx_hal_tim.c.obj
                0x08003cd8                HAL_TIM_ConfigClockSource
 .text.HAL_TIM_OC_DelayElapsedCallback
                0x08003dd6        0x2 CMakeFiles/ISD2190.elf.dir/Drivers/STM32L1xx_HAL_Driver/Src/stm32l1xx_hal_tim.c.obj
                0x08003dd6                HAL_TIM_OC_DelayElapsedCallback
 .text.HAL_TIM_IC_CaptureCallback
                0x08003dd8        0x2 CMakeFiles/ISD2190.elf.dir/Drivers/STM32L1xx_HAL_Driver/Src/stm32l1xx_hal_tim.c.obj
                0x08003dd8                HAL_TIM_IC_CaptureCallback
 .text.HAL_TIM_PWM_PulseFinishedCallback
                0x08003dda        0x2 CMakeFiles/ISD2190.elf.dir/Drivers/STM32L1xx_HAL_Driver/Src/stm32l1xx_hal_tim.c.obj
                0x08003dda                HAL_TIM_PWM_PulseFinishedCallback
 .text.HAL_TIM_TriggerCallback
                0x08003ddc        0x2 CMakeFiles/ISD2190.elf.dir/Drivers/STM32L1xx_HAL_Driver/Src/stm32l1xx_hal_tim.c.obj
                0x08003ddc                HAL_TIM_TriggerCallback
 .text.HAL_TIM_IRQHandler
                0x08003dde      0x13a CMakeFiles/ISD2190.elf.dir/Drivers/STM32L1xx_HAL_Driver/Src/stm32l1xx_hal_tim.c.obj
                0x08003dde                HAL_TIM_IRQHandler
 .text.HAL_TIMEx_MasterConfigSynchronization
                0x08003f18       0x6c CMakeFiles/ISD2190.elf.dir/Drivers/STM32L1xx_HAL_Driver/Src/stm32l1xx_hal_tim_ex.c.obj
                0x08003f18                HAL_TIMEx_MasterConfigSynchronization
 .text.UART_EndTxTransfer
                0x08003f84       0x20 CMakeFiles/ISD2190.elf.dir/Drivers/STM32L1xx_HAL_Driver/Src/stm32l1xx_hal_uart.c.obj
 .text.UART_EndRxTransfer
                0x08003fa4       0x5c CMakeFiles/ISD2190.elf.dir/Drivers/STM32L1xx_HAL_Driver/Src/stm32l1xx_hal_uart.c.obj
 .text.UART_Transmit_IT
                0x08004000       0x60 CMakeFiles/ISD2190.elf.dir/Drivers/STM32L1xx_HAL_Driver/Src/stm32l1xx_hal_uart.c.obj
 .text.UART_SetConfig
                0x08004060       0xdc CMakeFiles/ISD2190.elf.dir/Drivers/STM32L1xx_HAL_Driver/Src/stm32l1xx_hal_uart.c.obj
 .text.UART_WaitOnFlagUntilTimeout
                0x0800413c       0x88 CMakeFiles/ISD2190.elf.dir/Drivers/STM32L1xx_HAL_Driver/Src/stm32l1xx_hal_uart.c.obj
 .text.HAL_UART_Init
                0x080041c4       0x60 CMakeFiles/ISD2190.elf.dir/Drivers/STM32L1xx_HAL_Driver/Src/stm32l1xx_hal_uart.c.obj
                0x080041c4                HAL_UART_Init
 .text.HAL_UART_Transmit
                0x08004224       0xbe CMakeFiles/ISD2190.elf.dir/Drivers/STM32L1xx_HAL_Driver/Src/stm32l1xx_hal_uart.c.obj
                0x08004224                HAL_UART_Transmit
 *fill*         0x080042e2        0x2 
 .text.HAL_UART_Transmit_DMA
                0x080042e4       0x84 CMakeFiles/ISD2190.elf.dir/Drivers/STM32L1xx_HAL_Driver/Src/stm32l1xx_hal_uart.c.obj
                0x080042e4                HAL_UART_Transmit_DMA
 .text.HAL_UART_TxCpltCallback
                0x08004368        0x2 CMakeFiles/ISD2190.elf.dir/Drivers/STM32L1xx_HAL_Driver/Src/stm32l1xx_hal_uart.c.obj
                0x08004368                HAL_UART_TxCpltCallback
 .text.UART_DMATransmitCplt
                0x0800436a       0x4c CMakeFiles/ISD2190.elf.dir/Drivers/STM32L1xx_HAL_Driver/Src/stm32l1xx_hal_uart.c.obj
 .text.UART_EndTransmit_IT
                0x080043b6       0x1a CMakeFiles/ISD2190.elf.dir/Drivers/STM32L1xx_HAL_Driver/Src/stm32l1xx_hal_uart.c.obj
 .text.HAL_UART_TxHalfCpltCallback
                0x080043d0        0x2 CMakeFiles/ISD2190.elf.dir/Drivers/STM32L1xx_HAL_Driver/Src/stm32l1xx_hal_uart.c.obj
                0x080043d0                HAL_UART_TxHalfCpltCallback
 .text.UART_DMATxHalfCplt
                0x080043d2        0xa CMakeFiles/ISD2190.elf.dir/Drivers/STM32L1xx_HAL_Driver/Src/stm32l1xx_hal_uart.c.obj
 .text.HAL_UART_RxCpltCallback
                0x080043dc        0x2 CMakeFiles/ISD2190.elf.dir/Drivers/STM32L1xx_HAL_Driver/Src/stm32l1xx_hal_uart.c.obj
                0x080043dc                HAL_UART_RxCpltCallback
 .text.HAL_UART_RxHalfCpltCallback
                0x080043de        0x2 CMakeFiles/ISD2190.elf.dir/Drivers/STM32L1xx_HAL_Driver/Src/stm32l1xx_hal_uart.c.obj
                0x080043de                HAL_UART_RxHalfCpltCallback
 .text.HAL_UART_ErrorCallback
                0x080043e0        0x2 CMakeFiles/ISD2190.elf.dir/Drivers/STM32L1xx_HAL_Driver/Src/stm32l1xx_hal_uart.c.obj
                0x080043e0                HAL_UART_ErrorCallback
 .text.UART_DMAError
                0x080043e2       0x58 CMakeFiles/ISD2190.elf.dir/Drivers/STM32L1xx_HAL_Driver/Src/stm32l1xx_hal_uart.c.obj
 .text.UART_DMAAbortOnError
                0x0800443a       0x10 CMakeFiles/ISD2190.elf.dir/Drivers/STM32L1xx_HAL_Driver/Src/stm32l1xx_hal_uart.c.obj
 .text.UART_Receive_IT
                0x0800444a       0xe6 CMakeFiles/ISD2190.elf.dir/Drivers/STM32L1xx_HAL_Driver/Src/stm32l1xx_hal_uart.c.obj
 .text.HAL_UART_IRQHandler
                0x08004530      0x288 CMakeFiles/ISD2190.elf.dir/Drivers/STM32L1xx_HAL_Driver/Src/stm32l1xx_hal_uart.c.obj
                0x08004530                HAL_UART_IRQHandler
 .text.UART_DMARxHalfCplt
                0x080047b8       0x1e CMakeFiles/ISD2190.elf.dir/Drivers/STM32L1xx_HAL_Driver/Src/stm32l1xx_hal_uart.c.obj
 .text.UART_DMAReceiveCplt
                0x080047d6       0x9a CMakeFiles/ISD2190.elf.dir/Drivers/STM32L1xx_HAL_Driver/Src/stm32l1xx_hal_uart.c.obj
 .text.UART_Start_Receive_DMA
                0x08004870       0xa4 CMakeFiles/ISD2190.elf.dir/Drivers/STM32L1xx_HAL_Driver/Src/stm32l1xx_hal_uart.c.obj
                0x08004870                UART_Start_Receive_DMA
 .text.HAL_UARTEx_ReceiveToIdle_DMA
                0x08004914       0x66 CMakeFiles/ISD2190.elf.dir/Drivers/STM32L1xx_HAL_Driver/Src/stm32l1xx_hal_uart.c.obj
                0x08004914                HAL_UARTEx_ReceiveToIdle_DMA
 *fill*         0x0800497a        0x2 
 .text.osKernelInitialize
                0x0800497c       0x44 CMakeFiles/ISD2190.elf.dir/Middlewares/Third_Party/FreeRTOS/Source/CMSIS_RTOS_V2/cmsis_os2.c.obj
                0x0800497c                osKernelInitialize
 .text.osKernelStart
                0x080049c0       0x4c CMakeFiles/ISD2190.elf.dir/Middlewares/Third_Party/FreeRTOS/Source/CMSIS_RTOS_V2/cmsis_os2.c.obj
                0x080049c0                osKernelStart
 .text.osThreadNew
                0x08004a0c       0xec CMakeFiles/ISD2190.elf.dir/Middlewares/Third_Party/FreeRTOS/Source/CMSIS_RTOS_V2/cmsis_os2.c.obj
                0x08004a0c                osThreadNew
 .text.osDelay  0x08004af8       0x44 CMakeFiles/ISD2190.elf.dir/Middlewares/Third_Party/FreeRTOS/Source/CMSIS_RTOS_V2/cmsis_os2.c.obj
                0x08004af8                osDelay
 .text.vApplicationGetIdleTaskMemory
                0x08004b3c       0x18 CMakeFiles/ISD2190.elf.dir/Middlewares/Third_Party/FreeRTOS/Source/CMSIS_RTOS_V2/cmsis_os2.c.obj
                0x08004b3c                vApplicationGetIdleTaskMemory
 .text.vApplicationGetTimerTaskMemory
                0x08004b54       0x18 CMakeFiles/ISD2190.elf.dir/Middlewares/Third_Party/FreeRTOS/Source/CMSIS_RTOS_V2/cmsis_os2.c.obj
                0x08004b54                vApplicationGetTimerTaskMemory
 .text.vListInitialise
                0x08004b6c       0x16 CMakeFiles/ISD2190.elf.dir/Middlewares/Third_Party/FreeRTOS/Source/list.c.obj
                0x08004b6c                vListInitialise
 .text.vListInitialiseItem
                0x08004b82        0x6 CMakeFiles/ISD2190.elf.dir/Middlewares/Third_Party/FreeRTOS/Source/list.c.obj
                0x08004b82                vListInitialiseItem
 .text.vListInsertEnd
                0x08004b88       0x16 CMakeFiles/ISD2190.elf.dir/Middlewares/Third_Party/FreeRTOS/Source/list.c.obj
                0x08004b88                vListInsertEnd
 .text.vListInsert
                0x08004b9e       0x32 CMakeFiles/ISD2190.elf.dir/Middlewares/Third_Party/FreeRTOS/Source/list.c.obj
                0x08004b9e                vListInsert
 .text.uxListRemove
                0x08004bd0       0x26 CMakeFiles/ISD2190.elf.dir/Middlewares/Third_Party/FreeRTOS/Source/list.c.obj
                0x08004bd0                uxListRemove
 *fill*         0x08004bf6        0x2 
 .text.prvTaskExitError
                0x08004bf8       0x40 CMakeFiles/ISD2190.elf.dir/Middlewares/Third_Party/FreeRTOS/Source/portable/GCC/ARM_CM3/port.c.obj
 .text.prvPortStartFirstTask
                0x08004c38       0x20 CMakeFiles/ISD2190.elf.dir/Middlewares/Third_Party/FreeRTOS/Source/portable/GCC/ARM_CM3/port.c.obj
 .text.pxPortInitialiseStack
                0x08004c58       0x24 CMakeFiles/ISD2190.elf.dir/Middlewares/Third_Party/FreeRTOS/Source/portable/GCC/ARM_CM3/port.c.obj
                0x08004c58                pxPortInitialiseStack
 *fill*         0x08004c7c        0x4 
 .text.SVC_Handler
                0x08004c80       0x24 CMakeFiles/ISD2190.elf.dir/Middlewares/Third_Party/FreeRTOS/Source/portable/GCC/ARM_CM3/port.c.obj
                0x08004c80                SVC_Handler
 .text.vPortEnterCritical
                0x08004ca4       0x44 CMakeFiles/ISD2190.elf.dir/Middlewares/Third_Party/FreeRTOS/Source/portable/GCC/ARM_CM3/port.c.obj
                0x08004ca4                vPortEnterCritical
 .text.vPortExitCritical
                0x08004ce8       0x2c CMakeFiles/ISD2190.elf.dir/Middlewares/Third_Party/FreeRTOS/Source/portable/GCC/ARM_CM3/port.c.obj
                0x08004ce8                vPortExitCritical
 *fill*         0x08004d14        0xc 
 .text.PendSV_Handler
                0x08004d20       0x44 CMakeFiles/ISD2190.elf.dir/Middlewares/Third_Party/FreeRTOS/Source/portable/GCC/ARM_CM3/port.c.obj
                0x08004d20                PendSV_Handler
 .text.SysTick_Handler
                0x08004d64       0x2c CMakeFiles/ISD2190.elf.dir/Middlewares/Third_Party/FreeRTOS/Source/portable/GCC/ARM_CM3/port.c.obj
                0x08004d64                SysTick_Handler
 .text.vPortSetupTimerInterrupt
                0x08004d90       0x28 CMakeFiles/ISD2190.elf.dir/Middlewares/Third_Party/FreeRTOS/Source/portable/GCC/ARM_CM3/port.c.obj
                0x08004d90                vPortSetupTimerInterrupt
 .text.xPortStartScheduler
                0x08004db8       0xc0 CMakeFiles/ISD2190.elf.dir/Middlewares/Third_Party/FreeRTOS/Source/portable/GCC/ARM_CM3/port.c.obj
                0x08004db8                xPortStartScheduler
 .text.vPortValidateInterruptPriority
                0x08004e78       0x5c CMakeFiles/ISD2190.elf.dir/Middlewares/Third_Party/FreeRTOS/Source/portable/GCC/ARM_CM3/port.c.obj
                0x08004e78                vPortValidateInterruptPriority
 .text.prvHeapInit
                0x08004ed4       0x68 CMakeFiles/ISD2190.elf.dir/Middlewares/Third_Party/FreeRTOS/Source/portable/MemMang/heap_4.c.obj
 .text.prvInsertBlockIntoFreeList
                0x08004f3c       0x60 CMakeFiles/ISD2190.elf.dir/Middlewares/Third_Party/FreeRTOS/Source/portable/MemMang/heap_4.c.obj
 .text.pvPortMalloc
                0x08004f9c       0xf0 CMakeFiles/ISD2190.elf.dir/Middlewares/Third_Party/FreeRTOS/Source/portable/MemMang/heap_4.c.obj
                0x08004f9c                pvPortMalloc
 .text.vPortFree
                0x0800508c       0x70 CMakeFiles/ISD2190.elf.dir/Middlewares/Third_Party/FreeRTOS/Source/portable/MemMang/heap_4.c.obj
                0x0800508c                vPortFree
 .text.prvIsQueueFull
                0x080050fc       0x1e CMakeFiles/ISD2190.elf.dir/Middlewares/Third_Party/FreeRTOS/Source/queue.c.obj
 .text.prvIsQueueEmpty
                0x0800511a       0x1a CMakeFiles/ISD2190.elf.dir/Middlewares/Third_Party/FreeRTOS/Source/queue.c.obj
 .text.prvCopyDataToQueue
                0x08005134       0x76 CMakeFiles/ISD2190.elf.dir/Middlewares/Third_Party/FreeRTOS/Source/queue.c.obj
 .text.prvCopyDataFromQueue
                0x080051aa       0x24 CMakeFiles/ISD2190.elf.dir/Middlewares/Third_Party/FreeRTOS/Source/queue.c.obj
 .text.prvUnlockQueue
                0x080051ce       0x6e CMakeFiles/ISD2190.elf.dir/Middlewares/Third_Party/FreeRTOS/Source/queue.c.obj
 .text.xQueueGenericReset
                0x0800523c       0x84 CMakeFiles/ISD2190.elf.dir/Middlewares/Third_Party/FreeRTOS/Source/queue.c.obj
                0x0800523c                xQueueGenericReset
 .text.prvInitialiseNewQueue
                0x080052c0       0x22 CMakeFiles/ISD2190.elf.dir/Middlewares/Third_Party/FreeRTOS/Source/queue.c.obj
 .text.xQueueGenericCreateStatic
                0x080052e2       0x92 CMakeFiles/ISD2190.elf.dir/Middlewares/Third_Party/FreeRTOS/Source/queue.c.obj
                0x080052e2                xQueueGenericCreateStatic
 .text.xQueueGenericCreate
                0x08005374       0x4e CMakeFiles/ISD2190.elf.dir/Middlewares/Third_Party/FreeRTOS/Source/queue.c.obj
                0x08005374                xQueueGenericCreate
 .text.xQueueGenericSend
                0x080053c2      0x188 CMakeFiles/ISD2190.elf.dir/Middlewares/Third_Party/FreeRTOS/Source/queue.c.obj
                0x080053c2                xQueueGenericSend
 .text.xQueueGenericSendFromISR
                0x0800554a       0xcc CMakeFiles/ISD2190.elf.dir/Middlewares/Third_Party/FreeRTOS/Source/queue.c.obj
                0x0800554a                xQueueGenericSendFromISR
 .text.xQueueReceive
                0x08005616      0x15e CMakeFiles/ISD2190.elf.dir/Middlewares/Third_Party/FreeRTOS/Source/queue.c.obj
                0x08005616                xQueueReceive
 .text.vQueueAddToRegistry
                0x08005774       0x28 CMakeFiles/ISD2190.elf.dir/Middlewares/Third_Party/FreeRTOS/Source/queue.c.obj
                0x08005774                vQueueAddToRegistry
 .text.vQueueWaitForMessageRestricted
                0x0800579c       0x52 CMakeFiles/ISD2190.elf.dir/Middlewares/Third_Party/FreeRTOS/Source/queue.c.obj
                0x0800579c                vQueueWaitForMessageRestricted
 *fill*         0x080057ee        0x2 
 .text.prvResetNextTaskUnblockTime
                0x080057f0       0x2c CMakeFiles/ISD2190.elf.dir/Middlewares/Third_Party/FreeRTOS/Source/tasks.c.obj
 .text.prvInitialiseNewTask
                0x0800581c       0x9c CMakeFiles/ISD2190.elf.dir/Middlewares/Third_Party/FreeRTOS/Source/tasks.c.obj
 .text.prvInitialiseTaskLists
                0x080058b8       0x68 CMakeFiles/ISD2190.elf.dir/Middlewares/Third_Party/FreeRTOS/Source/tasks.c.obj
 .text.prvAddNewTaskToReadyList
                0x08005920       0xac CMakeFiles/ISD2190.elf.dir/Middlewares/Third_Party/FreeRTOS/Source/tasks.c.obj
 .text.prvDeleteTCB
                0x080059cc       0x38 CMakeFiles/ISD2190.elf.dir/Middlewares/Third_Party/FreeRTOS/Source/tasks.c.obj
 .text.prvCheckTasksWaitingTermination
                0x08005a04       0x4c CMakeFiles/ISD2190.elf.dir/Middlewares/Third_Party/FreeRTOS/Source/tasks.c.obj
 .text.prvIdleTask
                0x08005a50       0x28 CMakeFiles/ISD2190.elf.dir/Middlewares/Third_Party/FreeRTOS/Source/tasks.c.obj
 .text.prvAddCurrentTaskToDelayedList
                0x08005a78       0x7c CMakeFiles/ISD2190.elf.dir/Middlewares/Third_Party/FreeRTOS/Source/tasks.c.obj
 .text.xTaskCreateStatic
                0x08005af4       0x74 CMakeFiles/ISD2190.elf.dir/Middlewares/Third_Party/FreeRTOS/Source/tasks.c.obj
                0x08005af4                xTaskCreateStatic
 .text.xTaskCreate
                0x08005b68       0x68 CMakeFiles/ISD2190.elf.dir/Middlewares/Third_Party/FreeRTOS/Source/tasks.c.obj
                0x08005b68                xTaskCreate
 .text.vTaskStartScheduler
                0x08005bd0       0x9c CMakeFiles/ISD2190.elf.dir/Middlewares/Third_Party/FreeRTOS/Source/tasks.c.obj
                0x08005bd0                vTaskStartScheduler
 .text.vTaskSuspendAll
                0x08005c6c       0x10 CMakeFiles/ISD2190.elf.dir/Middlewares/Third_Party/FreeRTOS/Source/tasks.c.obj
                0x08005c6c                vTaskSuspendAll
 .text.xTaskGetTickCount
                0x08005c7c        0xc CMakeFiles/ISD2190.elf.dir/Middlewares/Third_Party/FreeRTOS/Source/tasks.c.obj
                0x08005c7c                xTaskGetTickCount
 .text.xTaskIncrementTick
                0x08005c88      0x118 CMakeFiles/ISD2190.elf.dir/Middlewares/Third_Party/FreeRTOS/Source/tasks.c.obj
                0x08005c88                xTaskIncrementTick
 .text.xTaskResumeAll
                0x08005da0       0xf8 CMakeFiles/ISD2190.elf.dir/Middlewares/Third_Party/FreeRTOS/Source/tasks.c.obj
                0x08005da0                xTaskResumeAll
 .text.vTaskDelay
                0x08005e98       0x4c CMakeFiles/ISD2190.elf.dir/Middlewares/Third_Party/FreeRTOS/Source/tasks.c.obj
                0x08005e98                vTaskDelay
 .text.vTaskSwitchContext
                0x08005ee4       0x94 CMakeFiles/ISD2190.elf.dir/Middlewares/Third_Party/FreeRTOS/Source/tasks.c.obj
                0x08005ee4                vTaskSwitchContext
 .text.vTaskPlaceOnEventList
                0x08005f78       0x30 CMakeFiles/ISD2190.elf.dir/Middlewares/Third_Party/FreeRTOS/Source/tasks.c.obj
                0x08005f78                vTaskPlaceOnEventList
 .text.vTaskPlaceOnEventListRestricted
                0x08005fa8       0x38 CMakeFiles/ISD2190.elf.dir/Middlewares/Third_Party/FreeRTOS/Source/tasks.c.obj
                0x08005fa8                vTaskPlaceOnEventListRestricted
 .text.xTaskRemoveFromEventList
                0x08005fe0       0x8c CMakeFiles/ISD2190.elf.dir/Middlewares/Third_Party/FreeRTOS/Source/tasks.c.obj
                0x08005fe0                xTaskRemoveFromEventList
 .text.vTaskInternalSetTimeOutState
                0x0800606c       0x18 CMakeFiles/ISD2190.elf.dir/Middlewares/Third_Party/FreeRTOS/Source/tasks.c.obj
                0x0800606c                vTaskInternalSetTimeOutState
 .text.xTaskCheckForTimeOut
                0x08006084       0x84 CMakeFiles/ISD2190.elf.dir/Middlewares/Third_Party/FreeRTOS/Source/tasks.c.obj
                0x08006084                xTaskCheckForTimeOut
 .text.vTaskMissedYield
                0x08006108        0xc CMakeFiles/ISD2190.elf.dir/Middlewares/Third_Party/FreeRTOS/Source/tasks.c.obj
                0x08006108                vTaskMissedYield
 .text.xTaskGetSchedulerState
                0x08006114       0x20 CMakeFiles/ISD2190.elf.dir/Middlewares/Third_Party/FreeRTOS/Source/tasks.c.obj
                0x08006114                xTaskGetSchedulerState
 .text.xTaskPriorityDisinherit
                0x08006134       0x90 CMakeFiles/ISD2190.elf.dir/Middlewares/Third_Party/FreeRTOS/Source/tasks.c.obj
                0x08006134                xTaskPriorityDisinherit
 .text.prvGetNextExpireTime
                0x080061c4       0x20 CMakeFiles/ISD2190.elf.dir/Middlewares/Third_Party/FreeRTOS/Source/timers.c.obj
 .text.prvInsertTimerInActiveList
                0x080061e4       0x48 CMakeFiles/ISD2190.elf.dir/Middlewares/Third_Party/FreeRTOS/Source/timers.c.obj
 .text.prvCheckForValidListAndQueue
                0x0800622c       0x70 CMakeFiles/ISD2190.elf.dir/Middlewares/Third_Party/FreeRTOS/Source/timers.c.obj
 .text.xTimerCreateTimerTask
                0x0800629c       0x64 CMakeFiles/ISD2190.elf.dir/Middlewares/Third_Party/FreeRTOS/Source/timers.c.obj
                0x0800629c                xTimerCreateTimerTask
 .text.xTimerGenericCommand
                0x08006300       0x6c CMakeFiles/ISD2190.elf.dir/Middlewares/Third_Party/FreeRTOS/Source/timers.c.obj
                0x08006300                xTimerGenericCommand
 .text.prvSwitchTimerLists
                0x0800636c       0x78 CMakeFiles/ISD2190.elf.dir/Middlewares/Third_Party/FreeRTOS/Source/timers.c.obj
 .text.prvSampleTimeNow
                0x080063e4       0x2c CMakeFiles/ISD2190.elf.dir/Middlewares/Third_Party/FreeRTOS/Source/timers.c.obj
 .text.prvProcessExpiredTimer
                0x08006410       0x60 CMakeFiles/ISD2190.elf.dir/Middlewares/Third_Party/FreeRTOS/Source/timers.c.obj
 .text.prvProcessTimerOrBlockTask
                0x08006470       0x74 CMakeFiles/ISD2190.elf.dir/Middlewares/Third_Party/FreeRTOS/Source/timers.c.obj
 .text.prvProcessReceivedCommands
                0x080064e4       0xf8 CMakeFiles/ISD2190.elf.dir/Middlewares/Third_Party/FreeRTOS/Source/timers.c.obj
 .text.prvTimerTask
                0x080065dc       0x16 CMakeFiles/ISD2190.elf.dir/Middlewares/Third_Party/FreeRTOS/Source/timers.c.obj
 *fill*         0x080065f2        0x2 
 .text.Data_Collect
                0x080065f4      0x2c0 CMakeFiles/ISD2190.elf.dir/User/CollectData.c.obj
                0x080065f4                Data_Collect
 .text.HAL_UARTEx_RxEventCallback
                0x080068b4       0xe0 CMakeFiles/ISD2190.elf.dir/User/CollectData.c.obj
                0x080068b4                HAL_UARTEx_RxEventCallback
 .text.Init_VM  0x08006994       0x28 CMakeFiles/ISD2190.elf.dir/User/VMxx.c.obj
                0x08006994                Init_VM
 .text.Scan_VM  0x080069bc       0x28 CMakeFiles/ISD2190.elf.dir/User/VMxx.c.obj
                0x080069bc                Scan_VM
 .text.Read_VM  0x080069e4       0x28 CMakeFiles/ISD2190.elf.dir/User/VMxx.c.obj
                0x080069e4                Read_VM
 .text.Verify_VM
                0x08006a0c       0x28 CMakeFiles/ISD2190.elf.dir/User/VMxx.c.obj
                0x08006a0c                Verify_VM
 .text.Clear_VM
                0x08006a34       0x28 CMakeFiles/ISD2190.elf.dir/User/VMxx.c.obj
                0x08006a34                Clear_VM
 .text.CRC_Check
                0x08006a5c       0x42 CMakeFiles/ISD2190.elf.dir/User/bt4531.c.obj
                0x08006a5c                CRC_Check
 *fill*         0x08006a9e        0x2 
 .text.ConfigSend
                0x08006aa0      0x118 CMakeFiles/ISD2190.elf.dir/User/bt4531.c.obj
                0x08006aa0                ConfigSend
 .text.TotalConfigSend
                0x08006bb8      0x154 CMakeFiles/ISD2190.elf.dir/User/bt4531.c.obj
                0x08006bb8                TotalConfigSend
 .text.TotalDataSend
                0x08006d0c      0x138 CMakeFiles/ISD2190.elf.dir/User/bt4531.c.obj
                0x08006d0c                TotalDataSend
 .text.StatuCallback
                0x08006e44       0x38 CMakeFiles/ISD2190.elf.dir/User/bt4531.c.obj
                0x08006e44                StatuCallback
 .text.ConfigInit
                0x08006e7c       0x44 CMakeFiles/ISD2190.elf.dir/User/bt4531.c.obj
                0x08006e7c                ConfigInit
 .text.BleProcess
                0x08006ec0      0x1c0 CMakeFiles/ISD2190.elf.dir/User/bt4531.c.obj
                0x08006ec0                BleProcess
 .text.Flash_Write
                0x08007080       0x78 CMakeFiles/ISD2190.elf.dir/User/flash.c.obj
                0x08007080                Flash_Write
 .text.Flash_Read
                0x080070f8       0x38 CMakeFiles/ISD2190.elf.dir/User/flash.c.obj
                0x080070f8                Flash_Read
 .text.BMYBJ_YB
                0x08007130       0x78 CMakeFiles/ISD2190.elf.dir/User/hardware.c.obj
                0x08007130                BMYBJ_YB
 .text.MRYBJ_YB
                0x080071a8       0x78 CMakeFiles/ISD2190.elf.dir/User/hardware.c.obj
                0x080071a8                MRYBJ_YB
 .text.GJJ_YL   0x08007220       0xc4 CMakeFiles/ISD2190.elf.dir/User/hardware.c.obj
                0x08007220                GJJ_YL
 *fill*         0x080072e4        0x4 
 .text.TYLH_YL_MPa
                0x080072e8       0xc4 CMakeFiles/ISD2190.elf.dir/User/hardware.c.obj
                0x080072e8                TYLH_YL_MPa
 *fill*         0x080073ac        0x4 
 .text.SYJ_YL_MPa
                0x080073b0      0x138 CMakeFiles/ISD2190.elf.dir/User/hardware.c.obj
                0x080073b0                SYJ_YL_MPa
 .text.MSJ_YL_KN
                0x080074e8      0x180 CMakeFiles/ISD2190.elf.dir/User/hardware.c.obj
                0x080074e8                MSJ_YL_KN
 .text.calcuTem
                0x08007668       0x48 CMakeFiles/ISD2190.elf.dir/User/temp.c.obj
                0x08007668                calcuTem
 .text.calcuTemps
                0x080076b0       0x20 CMakeFiles/ISD2190.elf.dir/User/temp.c.obj
                0x080076b0                calcuTemps
 .text.__errno  0x080076d0        0xc d:/clion/gcc-arm-none-eabi-10.3-2021.10/bin/../lib/gcc/arm-none-eabi/10.3.1/../../../../arm-none-eabi/lib/thumb/v7-m/nofp\libg.a(lib_a-errno.o)
                0x080076d0                __errno
 .text.__libc_init_array
                0x080076dc       0x48 d:/clion/gcc-arm-none-eabi-10.3-2021.10/bin/../lib/gcc/arm-none-eabi/10.3.1/../../../../arm-none-eabi/lib/thumb/v7-m/nofp\libg.a(lib_a-init.o)
                0x080076dc                __libc_init_array
 .text.memset   0x08007724       0xa4 d:/clion/gcc-arm-none-eabi-10.3-2021.10/bin/../lib/gcc/arm-none-eabi/10.3.1/../../../../arm-none-eabi/lib/thumb/v7-m/nofp\libg.a(lib_a-memset.o)
                0x08007724                memset
 .text._puts_r  0x080077c8       0x9c d:/clion/gcc-arm-none-eabi-10.3-2021.10/bin/../lib/gcc/arm-none-eabi/10.3.1/../../../../arm-none-eabi/lib/thumb/v7-m/nofp\libg.a(lib_a-puts.o)
                0x080077c8                _puts_r
 .text.puts     0x08007864       0x10 d:/clion/gcc-arm-none-eabi-10.3-2021.10/bin/../lib/gcc/arm-none-eabi/10.3.1/../../../../arm-none-eabi/lib/thumb/v7-m/nofp\libg.a(lib_a-puts.o)
                0x08007864                puts
 .text.strlen   0x08007874       0x5c d:/clion/gcc-arm-none-eabi-10.3-2021.10/bin/../lib/gcc/arm-none-eabi/10.3.1/../../../../arm-none-eabi/lib/thumb/v7-m/nofp\libg.a(lib_a-strlen-stub.o)
                0x08007874                strlen
 .text.startup.register_fini
                0x080078d0       0x14 d:/clion/gcc-arm-none-eabi-10.3-2021.10/bin/../lib/gcc/arm-none-eabi/10.3.1/../../../../arm-none-eabi/lib/thumb/v7-m/nofp\libg.a(lib_a-__call_atexit.o)
 .text.atexit   0x080078e4        0xc d:/clion/gcc-arm-none-eabi-10.3-2021.10/bin/../lib/gcc/arm-none-eabi/10.3.1/../../../../arm-none-eabi/lib/thumb/v7-m/nofp\libg.a(lib_a-atexit.o)
                0x080078e4                atexit
 .text._cleanup_r
                0x080078f0        0xc d:/clion/gcc-arm-none-eabi-10.3-2021.10/bin/../lib/gcc/arm-none-eabi/10.3.1/../../../../arm-none-eabi/lib/thumb/v7-m/nofp\libg.a(lib_a-findfp.o)
                0x080078f0                _cleanup_r
 .text.__sinit  0x080078fc      0x10c d:/clion/gcc-arm-none-eabi-10.3-2021.10/bin/../lib/gcc/arm-none-eabi/10.3.1/../../../../arm-none-eabi/lib/thumb/v7-m/nofp\libg.a(lib_a-findfp.o)
                0x080078fc                __sinit
 .text.__sfp_lock_acquire
                0x08007a08        0xc d:/clion/gcc-arm-none-eabi-10.3-2021.10/bin/../lib/gcc/arm-none-eabi/10.3.1/../../../../arm-none-eabi/lib/thumb/v7-m/nofp\libg.a(lib_a-findfp.o)
                0x08007a08                __sfp_lock_acquire
 .text.__sfp_lock_release
                0x08007a14        0xc d:/clion/gcc-arm-none-eabi-10.3-2021.10/bin/../lib/gcc/arm-none-eabi/10.3.1/../../../../arm-none-eabi/lib/thumb/v7-m/nofp\libg.a(lib_a-findfp.o)
                0x08007a14                __sfp_lock_release
 .text.__libc_fini_array
                0x08007a20       0x2c d:/clion/gcc-arm-none-eabi-10.3-2021.10/bin/../lib/gcc/arm-none-eabi/10.3.1/../../../../arm-none-eabi/lib/thumb/v7-m/nofp\libg.a(lib_a-fini.o)
                0x08007a20                __libc_fini_array
 .text.__sfvwrite_r
                0x08007a4c      0x2f0 d:/clion/gcc-arm-none-eabi-10.3-2021.10/bin/../lib/gcc/arm-none-eabi/10.3.1/../../../../arm-none-eabi/lib/thumb/v7-m/nofp\libg.a(lib_a-fvwrite.o)
                0x08007a4c                __sfvwrite_r
 .text._fwalk_reent
                0x08007d3c       0x48 d:/clion/gcc-arm-none-eabi-10.3-2021.10/bin/../lib/gcc/arm-none-eabi/10.3.1/../../../../arm-none-eabi/lib/thumb/v7-m/nofp\libg.a(lib_a-fwalk.o)
                0x08007d3c                _fwalk_reent
 .text.__retarget_lock_init_recursive
                0x08007d84        0x4 d:/clion/gcc-arm-none-eabi-10.3-2021.10/bin/../lib/gcc/arm-none-eabi/10.3.1/../../../../arm-none-eabi/lib/thumb/v7-m/nofp\libg.a(lib_a-lock.o)
                0x08007d84                __retarget_lock_init_recursive
 .text.__retarget_lock_close_recursive
                0x08007d88        0x4 d:/clion/gcc-arm-none-eabi-10.3-2021.10/bin/../lib/gcc/arm-none-eabi/10.3.1/../../../../arm-none-eabi/lib/thumb/v7-m/nofp\libg.a(lib_a-lock.o)
                0x08007d88                __retarget_lock_close_recursive
 .text.__retarget_lock_acquire_recursive
                0x08007d8c        0x4 d:/clion/gcc-arm-none-eabi-10.3-2021.10/bin/../lib/gcc/arm-none-eabi/10.3.1/../../../../arm-none-eabi/lib/thumb/v7-m/nofp\libg.a(lib_a-lock.o)
                0x08007d8c                __retarget_lock_acquire_recursive
 .text.__retarget_lock_release_recursive
                0x08007d90        0x4 d:/clion/gcc-arm-none-eabi-10.3-2021.10/bin/../lib/gcc/arm-none-eabi/10.3.1/../../../../arm-none-eabi/lib/thumb/v7-m/nofp\libg.a(lib_a-lock.o)
                0x08007d90                __retarget_lock_release_recursive
 .text._malloc_r
                0x08007d94      0x558 d:/clion/gcc-arm-none-eabi-10.3-2021.10/bin/../lib/gcc/arm-none-eabi/10.3.1/../../../../arm-none-eabi/lib/thumb/v7-m/nofp\libg.a(lib_a-mallocr.o)
                0x08007d94                _malloc_r
 .text.memchr   0x080082ec       0x90 d:/clion/gcc-arm-none-eabi-10.3-2021.10/bin/../lib/gcc/arm-none-eabi/10.3.1/../../../../arm-none-eabi/lib/thumb/v7-m/nofp\libg.a(lib_a-memchr-stub.o)
                0x080082ec                memchr
 .text.memmove  0x0800837c       0xf8 d:/clion/gcc-arm-none-eabi-10.3-2021.10/bin/../lib/gcc/arm-none-eabi/10.3.1/../../../../arm-none-eabi/lib/thumb/v7-m/nofp\libg.a(lib_a-memmove.o)
                0x0800837c                memmove
 .text.__malloc_lock
                0x08008474        0xc d:/clion/gcc-arm-none-eabi-10.3-2021.10/bin/../lib/gcc/arm-none-eabi/10.3.1/../../../../arm-none-eabi/lib/thumb/v7-m/nofp\libg.a(lib_a-mlock.o)
                0x08008474                __malloc_lock
 .text.__malloc_unlock
                0x08008480        0xc d:/clion/gcc-arm-none-eabi-10.3-2021.10/bin/../lib/gcc/arm-none-eabi/10.3.1/../../../../arm-none-eabi/lib/thumb/v7-m/nofp\libg.a(lib_a-mlock.o)
                0x08008480                __malloc_unlock
 .text._realloc_r
                0x0800848c      0x3dc d:/clion/gcc-arm-none-eabi-10.3-2021.10/bin/../lib/gcc/arm-none-eabi/10.3.1/../../../../arm-none-eabi/lib/thumb/v7-m/nofp\libg.a(lib_a-reallocr.o)
                0x0800848c                _realloc_r
 .text._sbrk_r  0x08008868       0x24 d:/clion/gcc-arm-none-eabi-10.3-2021.10/bin/../lib/gcc/arm-none-eabi/10.3.1/../../../../arm-none-eabi/lib/thumb/v7-m/nofp\libg.a(lib_a-sbrkr.o)
                0x08008868                _sbrk_r
 .text.__sread  0x0800888c       0x24 d:/clion/gcc-arm-none-eabi-10.3-2021.10/bin/../lib/gcc/arm-none-eabi/10.3.1/../../../../arm-none-eabi/lib/thumb/v7-m/nofp\libg.a(lib_a-stdio.o)
                0x0800888c                __sread
 .text.__swrite
                0x080088b0       0x40 d:/clion/gcc-arm-none-eabi-10.3-2021.10/bin/../lib/gcc/arm-none-eabi/10.3.1/../../../../arm-none-eabi/lib/thumb/v7-m/nofp\libg.a(lib_a-stdio.o)
                0x080088b0                __swrite
 .text.__sseek  0x080088f0       0x20 d:/clion/gcc-arm-none-eabi-10.3-2021.10/bin/../lib/gcc/arm-none-eabi/10.3.1/../../../../arm-none-eabi/lib/thumb/v7-m/nofp\libg.a(lib_a-stdio.o)
                0x080088f0                __sseek
 .text.__sclose
                0x08008910        0x8 d:/clion/gcc-arm-none-eabi-10.3-2021.10/bin/../lib/gcc/arm-none-eabi/10.3.1/../../../../arm-none-eabi/lib/thumb/v7-m/nofp\libg.a(lib_a-stdio.o)
                0x08008910                __sclose
 .text._write_r
                0x08008918       0x2c d:/clion/gcc-arm-none-eabi-10.3-2021.10/bin/../lib/gcc/arm-none-eabi/10.3.1/../../../../arm-none-eabi/lib/thumb/v7-m/nofp\libg.a(lib_a-writer.o)
                0x08008918                _write_r
 .text.__swsetup_r
                0x08008944       0xd4 d:/clion/gcc-arm-none-eabi-10.3-2021.10/bin/../lib/gcc/arm-none-eabi/10.3.1/../../../../arm-none-eabi/lib/thumb/v7-m/nofp\libg.a(lib_a-wsetup.o)
                0x08008944                __swsetup_r
 .text.__register_exitproc
                0x08008a18       0x8c d:/clion/gcc-arm-none-eabi-10.3-2021.10/bin/../lib/gcc/arm-none-eabi/10.3.1/../../../../arm-none-eabi/lib/thumb/v7-m/nofp\libg.a(lib_a-__atexit.o)
                0x08008a18                __register_exitproc
 .text._close_r
                0x08008aa4       0x24 d:/clion/gcc-arm-none-eabi-10.3-2021.10/bin/../lib/gcc/arm-none-eabi/10.3.1/../../../../arm-none-eabi/lib/thumb/v7-m/nofp\libg.a(lib_a-closer.o)
                0x08008aa4                _close_r
 .text._fclose_r
                0x08008ac8       0xcc d:/clion/gcc-arm-none-eabi-10.3-2021.10/bin/../lib/gcc/arm-none-eabi/10.3.1/../../../../arm-none-eabi/lib/thumb/v7-m/nofp\libg.a(lib_a-fclose.o)
                0x08008ac8                _fclose_r
 .text.__sflush_r
                0x08008b94      0x124 d:/clion/gcc-arm-none-eabi-10.3-2021.10/bin/../lib/gcc/arm-none-eabi/10.3.1/../../../../arm-none-eabi/lib/thumb/v7-m/nofp\libg.a(lib_a-fflush.o)
                0x08008b94                __sflush_r
 .text._fflush_r
                0x08008cb8       0x5c d:/clion/gcc-arm-none-eabi-10.3-2021.10/bin/../lib/gcc/arm-none-eabi/10.3.1/../../../../arm-none-eabi/lib/thumb/v7-m/nofp\libg.a(lib_a-fflush.o)
                0x08008cb8                _fflush_r
 .text._malloc_trim_r
                0x08008d14       0xa0 d:/clion/gcc-arm-none-eabi-10.3-2021.10/bin/../lib/gcc/arm-none-eabi/10.3.1/../../../../arm-none-eabi/lib/thumb/v7-m/nofp\libg.a(lib_a-freer.o)
                0x08008d14                _malloc_trim_r
 .text._free_r  0x08008db4      0x200 d:/clion/gcc-arm-none-eabi-10.3-2021.10/bin/../lib/gcc/arm-none-eabi/10.3.1/../../../../arm-none-eabi/lib/thumb/v7-m/nofp\libg.a(lib_a-freer.o)
                0x08008db4                _free_r
 .text._lseek_r
                0x08008fb4       0x2c d:/clion/gcc-arm-none-eabi-10.3-2021.10/bin/../lib/gcc/arm-none-eabi/10.3.1/../../../../arm-none-eabi/lib/thumb/v7-m/nofp\libg.a(lib_a-lseekr.o)
                0x08008fb4                _lseek_r
 .text.__smakebuf_r
                0x08008fe0       0xe0 d:/clion/gcc-arm-none-eabi-10.3-2021.10/bin/../lib/gcc/arm-none-eabi/10.3.1/../../../../arm-none-eabi/lib/thumb/v7-m/nofp\libg.a(lib_a-makebuf.o)
                0x08008fe0                __smakebuf_r
 .text._read_r  0x080090c0       0x2c d:/clion/gcc-arm-none-eabi-10.3-2021.10/bin/../lib/gcc/arm-none-eabi/10.3.1/../../../../arm-none-eabi/lib/thumb/v7-m/nofp\libg.a(lib_a-readr.o)
                0x080090c0                _read_r
 .text._fstat_r
                0x080090ec       0x28 d:/clion/gcc-arm-none-eabi-10.3-2021.10/bin/../lib/gcc/arm-none-eabi/10.3.1/../../../../arm-none-eabi/lib/thumb/v7-m/nofp\libg.a(lib_a-fstatr.o)
                0x080090ec                _fstat_r
 .text._isatty_r
                0x08009114       0x24 d:/clion/gcc-arm-none-eabi-10.3-2021.10/bin/../lib/gcc/arm-none-eabi/10.3.1/../../../../arm-none-eabi/lib/thumb/v7-m/nofp\libg.a(lib_a-isattyr.o)
                0x08009114                _isatty_r
 *(.glue_7)
 .glue_7        0x08009138        0x0 linker stubs
 *(.glue_7t)
 .glue_7t       0x08009138        0x0 linker stubs
 *(.eh_frame)
 .eh_frame      0x08009138        0x0 d:/clion/gcc-arm-none-eabi-10.3-2021.10/bin/../lib/gcc/arm-none-eabi/10.3.1/thumb/v7-m/nofp/crtbegin.o
 *(.init)
 .init          0x08009138        0x4 d:/clion/gcc-arm-none-eabi-10.3-2021.10/bin/../lib/gcc/arm-none-eabi/10.3.1/thumb/v7-m/nofp/crti.o
                0x08009138                _init
 .init          0x0800913c        0x8 d:/clion/gcc-arm-none-eabi-10.3-2021.10/bin/../lib/gcc/arm-none-eabi/10.3.1/thumb/v7-m/nofp/crtn.o
 *(.fini)
 .fini          0x08009144        0x4 d:/clion/gcc-arm-none-eabi-10.3-2021.10/bin/../lib/gcc/arm-none-eabi/10.3.1/thumb/v7-m/nofp/crti.o
                0x08009144                _fini
 .fini          0x08009148        0x8 d:/clion/gcc-arm-none-eabi-10.3-2021.10/bin/../lib/gcc/arm-none-eabi/10.3.1/thumb/v7-m/nofp/crtn.o
                0x08009150                . = ALIGN (0x4)
                0x08009150                _etext = .

.vfp11_veneer   0x08009150        0x0
 .vfp11_veneer  0x08009150        0x0 linker stubs

.v4_bx          0x08009150        0x0
 .v4_bx         0x08009150        0x0 linker stubs

.iplt           0x08009150        0x0
 .iplt          0x08009150        0x0 d:/clion/gcc-arm-none-eabi-10.3-2021.10/bin/../lib/gcc/arm-none-eabi/10.3.1/thumb/v7-m/nofp/crtbegin.o

.rodata         0x08009150      0x1ac
                0x08009150                . = ALIGN (0x4)
 *(.rodata)
 *(.rodata*)
 .rodata.VM1_Receive_Task.str1.4
                0x08009150        0x8 CMakeFiles/ISD2190.elf.dir/Core/Src/freertos.c.obj
 .rodata.VM2_Receive_Task.str1.4
                0x08009158        0x9 CMakeFiles/ISD2190.elf.dir/Core/Src/freertos.c.obj
 *fill*         0x08009161        0x3 
 .rodata.str1.4
                0x08009164       0x30 CMakeFiles/ISD2190.elf.dir/Core/Src/freertos.c.obj
 .rodata.DataCollectTask_attributes
                0x08009194       0x24 CMakeFiles/ISD2190.elf.dir/Core/Src/freertos.c.obj
                0x08009194                DataCollectTask_attributes
 .rodata.VM1ReceiveTask_attributes
                0x080091b8       0x24 CMakeFiles/ISD2190.elf.dir/Core/Src/freertos.c.obj
                0x080091b8                VM1ReceiveTask_attributes
 .rodata.VM2ReceiveTask_attributes
                0x080091dc       0x24 CMakeFiles/ISD2190.elf.dir/Core/Src/freertos.c.obj
                0x080091dc                VM2ReceiveTask_attributes
 .rodata.main.str1.4
                0x08009200       0x14 CMakeFiles/ISD2190.elf.dir/Core/Src/main.c.obj
 .rodata.AHBPrescTable
                0x08009214       0x10 CMakeFiles/ISD2190.elf.dir/Core/Src/system_stm32l1xx.c.obj
                0x08009214                AHBPrescTable
 .rodata.APBPrescTable
                0x08009224        0x8 CMakeFiles/ISD2190.elf.dir/Core/Src/system_stm32l1xx.c.obj
                0x08009224                APBPrescTable
 .rodata.PLLMulTable
                0x0800922c        0x9 CMakeFiles/ISD2190.elf.dir/Core/Src/system_stm32l1xx.c.obj
                0x0800922c                PLLMulTable
 *fill*         0x08009235        0x3 
 .rodata.vTaskStartScheduler.str1.4
                0x08009238        0x5 CMakeFiles/ISD2190.elf.dir/Middlewares/Third_Party/FreeRTOS/Source/tasks.c.obj
 *fill*         0x0800923d        0x3 
 .rodata.prvCheckForValidListAndQueue.str1.4
                0x08009240        0x5 CMakeFiles/ISD2190.elf.dir/Middlewares/Third_Party/FreeRTOS/Source/timers.c.obj
 *fill*         0x08009245        0x3 
 .rodata.xTimerCreateTimerTask.str1.4
                0x08009248        0x8 CMakeFiles/ISD2190.elf.dir/Middlewares/Third_Party/FreeRTOS/Source/timers.c.obj
 .rodata.tempRes_buf
                0x08009250       0xa2 CMakeFiles/ISD2190.elf.dir/User/temp.c.obj
 *fill*         0x080092f2        0x2 
 .rodata._global_impure_ptr
                0x080092f4        0x4 d:/clion/gcc-arm-none-eabi-10.3-2021.10/bin/../lib/gcc/arm-none-eabi/10.3.1/../../../../arm-none-eabi/lib/thumb/v7-m/nofp\libg.a(lib_a-impure.o)
                0x080092f4                _global_impure_ptr
 .rodata._puts_r.str1.4
                0x080092f8        0x2 d:/clion/gcc-arm-none-eabi-10.3-2021.10/bin/../lib/gcc/arm-none-eabi/10.3.1/../../../../arm-none-eabi/lib/thumb/v7-m/nofp\libg.a(lib_a-puts.o)
                0x080092fc                . = ALIGN (0x4)
 *fill*         0x080092fa        0x2 

.ARM.extab      0x080092fc        0x0
                0x080092fc                . = ALIGN (0x4)
 *(.ARM.extab* .gnu.linkonce.armextab.*)
                0x080092fc                . = ALIGN (0x4)

.ARM            0x080092fc        0x8
                0x080092fc                . = ALIGN (0x4)
                0x080092fc                __exidx_start = .
 *(.ARM.exidx*)
 .ARM.exidx     0x080092fc        0x8 d:/clion/gcc-arm-none-eabi-10.3-2021.10/bin/../lib/gcc/arm-none-eabi/10.3.1/thumb/v7-m/nofp\libgcc.a(_udivmoddi4.o)
                0x08009304                __exidx_end = .
                0x08009304                . = ALIGN (0x4)

.rel.dyn        0x08009304        0x0
 .rel.iplt      0x08009304        0x0 d:/clion/gcc-arm-none-eabi-10.3-2021.10/bin/../lib/gcc/arm-none-eabi/10.3.1/thumb/v7-m/nofp/crtbegin.o

.preinit_array  0x08009304        0x0
                0x08009304                . = ALIGN (0x4)
                0x08009304                PROVIDE (__preinit_array_start = .)
 *(.preinit_array*)
                0x08009304                PROVIDE (__preinit_array_end = .)
                0x08009304                . = ALIGN (0x4)

.init_array     0x08009304        0x8
                0x08009304                . = ALIGN (0x4)
                0x08009304                PROVIDE (__init_array_start = .)
 *(SORT_BY_NAME(.init_array.*))
 .init_array.00000
                0x08009304        0x4 d:/clion/gcc-arm-none-eabi-10.3-2021.10/bin/../lib/gcc/arm-none-eabi/10.3.1/../../../../arm-none-eabi/lib/thumb/v7-m/nofp\libg.a(lib_a-__call_atexit.o)
 *(.init_array*)
 .init_array    0x08009308        0x4 d:/clion/gcc-arm-none-eabi-10.3-2021.10/bin/../lib/gcc/arm-none-eabi/10.3.1/thumb/v7-m/nofp/crtbegin.o
                0x0800930c                PROVIDE (__init_array_end = .)
                0x0800930c                . = ALIGN (0x4)

.fini_array     0x0800930c        0x4
                0x0800930c                . = ALIGN (0x4)
                0x0800930c                PROVIDE (__fini_array_start = .)
 *(SORT_BY_NAME(.fini_array.*))
 *(.fini_array*)
 .fini_array    0x0800930c        0x4 d:/clion/gcc-arm-none-eabi-10.3-2021.10/bin/../lib/gcc/arm-none-eabi/10.3.1/thumb/v7-m/nofp/crtbegin.o
                0x08009310                PROVIDE (__fini_array_end = .)
                0x08009310                . = ALIGN (0x4)
                0x08009310                _sidata = LOADADDR (.data)

.data           0x20000000      0x87c load address 0x08009310
                0x20000000                . = ALIGN (0x4)
                0x20000000                _sdata = .
 *(.data)
 *(.data*)
 .data.SystemCoreClock
                0x20000000        0x4 CMakeFiles/ISD2190.elf.dir/Core/Src/system_stm32l1xx.c.obj
                0x20000000                SystemCoreClock
 .data.uwTickFreq
                0x20000004        0x4 CMakeFiles/ISD2190.elf.dir/Drivers/STM32L1xx_HAL_Driver/Src/stm32l1xx_hal.c.obj
                0x20000004                uwTickFreq
 .data.uwTickPrio
                0x20000008        0x4 CMakeFiles/ISD2190.elf.dir/Drivers/STM32L1xx_HAL_Driver/Src/stm32l1xx_hal.c.obj
                0x20000008                uwTickPrio
 .data.uxCriticalNesting
                0x2000000c        0x4 CMakeFiles/ISD2190.elf.dir/Middlewares/Third_Party/FreeRTOS/Source/portable/GCC/ARM_CM3/port.c.obj
 .data.VM_Clear_Cmd
                0x20000010        0x8 CMakeFiles/ISD2190.elf.dir/User/VMxx.c.obj
                0x20000010                VM_Clear_Cmd
 .data.VM_Init_Cmd
                0x20000018        0x8 CMakeFiles/ISD2190.elf.dir/User/VMxx.c.obj
                0x20000018                VM_Init_Cmd
 .data.VM_Read_Cmd
                0x20000020        0x8 CMakeFiles/ISD2190.elf.dir/User/VMxx.c.obj
                0x20000020                VM_Read_Cmd
 .data.VM_Scan_Cmd
                0x20000028        0x8 CMakeFiles/ISD2190.elf.dir/User/VMxx.c.obj
                0x20000028                VM_Scan_Cmd
 .data.VM_Verify_Cmd
                0x20000030        0x8 CMakeFiles/ISD2190.elf.dir/User/VMxx.c.obj
                0x20000030                VM_Verify_Cmd
 .data._impure_ptr
                0x20000038        0x4 d:/clion/gcc-arm-none-eabi-10.3-2021.10/bin/../lib/gcc/arm-none-eabi/10.3.1/../../../../arm-none-eabi/lib/thumb/v7-m/nofp\libg.a(lib_a-impure.o)
                0x20000038                _impure_ptr
 *fill*         0x2000003c        0x4 
 .data.impure_data
                0x20000040      0x428 d:/clion/gcc-arm-none-eabi-10.3-2021.10/bin/../lib/gcc/arm-none-eabi/10.3.1/../../../../arm-none-eabi/lib/thumb/v7-m/nofp\libg.a(lib_a-impure.o)
 .data.__atexit_recursive_mutex
                0x20000468        0x4 d:/clion/gcc-arm-none-eabi-10.3-2021.10/bin/../lib/gcc/arm-none-eabi/10.3.1/../../../../arm-none-eabi/lib/thumb/v7-m/nofp\libg.a(lib_a-__call_atexit.o)
                0x20000468                __atexit_recursive_mutex
 .data.__malloc_av_
                0x2000046c      0x408 d:/clion/gcc-arm-none-eabi-10.3-2021.10/bin/../lib/gcc/arm-none-eabi/10.3.1/../../../../arm-none-eabi/lib/thumb/v7-m/nofp\libg.a(lib_a-mallocr.o)
                0x2000046c                __malloc_av_
 .data.__malloc_sbrk_base
                0x20000874        0x4 d:/clion/gcc-arm-none-eabi-10.3-2021.10/bin/../lib/gcc/arm-none-eabi/10.3.1/../../../../arm-none-eabi/lib/thumb/v7-m/nofp\libg.a(lib_a-mallocr.o)
                0x20000874                __malloc_sbrk_base
 .data.__malloc_trim_threshold
                0x20000878        0x4 d:/clion/gcc-arm-none-eabi-10.3-2021.10/bin/../lib/gcc/arm-none-eabi/10.3.1/../../../../arm-none-eabi/lib/thumb/v7-m/nofp\libg.a(lib_a-mallocr.o)
                0x20000878                __malloc_trim_threshold
 *(.RamFunc)
 *(.RamFunc*)
                0x2000087c                . = ALIGN (0x4)
                0x2000087c                _edata = .

.igot.plt       0x2000087c        0x0 load address 0x08009b8c
 .igot.plt      0x2000087c        0x0 d:/clion/gcc-arm-none-eabi-10.3-2021.10/bin/../lib/gcc/arm-none-eabi/10.3.1/thumb/v7-m/nofp/crtbegin.o
                0x2000087c                . = ALIGN (0x4)

.bss            0x2000087c     0x2c18 load address 0x08009b8c
                0x2000087c                _sbss = .
                0x2000087c                __bss_start__ = _sbss
 *(.bss)
 .bss           0x2000087c       0x1c d:/clion/gcc-arm-none-eabi-10.3-2021.10/bin/../lib/gcc/arm-none-eabi/10.3.1/thumb/v7-m/nofp/crtbegin.o
 *(.bss*)
 .bss.hadc      0x20000898       0x54 CMakeFiles/ISD2190.elf.dir/Core/Src/adc.c.obj
                0x20000898                hadc
 .bss.hdma_adc  0x200008ec       0x44 CMakeFiles/ISD2190.elf.dir/Core/Src/adc.c.obj
                0x200008ec                hdma_adc
 .bss.DataCollectTaskBuffer
                0x20000930      0x800 CMakeFiles/ISD2190.elf.dir/Core/Src/freertos.c.obj
                0x20000930                DataCollectTaskBuffer
 .bss.DataCollectTaskControlBlock
                0x20001130       0x5c CMakeFiles/ISD2190.elf.dir/Core/Src/freertos.c.obj
                0x20001130                DataCollectTaskControlBlock
 .bss.DataCollectTaskHandle
                0x2000118c        0x4 CMakeFiles/ISD2190.elf.dir/Core/Src/freertos.c.obj
                0x2000118c                DataCollectTaskHandle
 .bss.VM1ReceiveTaskBuffer
                0x20001190      0x200 CMakeFiles/ISD2190.elf.dir/Core/Src/freertos.c.obj
                0x20001190                VM1ReceiveTaskBuffer
 .bss.VM1ReceiveTaskControlBlock
                0x20001390       0x5c CMakeFiles/ISD2190.elf.dir/Core/Src/freertos.c.obj
                0x20001390                VM1ReceiveTaskControlBlock
 .bss.VM1ReceiveTaskHandle
                0x200013ec        0x4 CMakeFiles/ISD2190.elf.dir/Core/Src/freertos.c.obj
                0x200013ec                VM1ReceiveTaskHandle
 .bss.VM2ReceiveTaskBuffer
                0x200013f0      0x200 CMakeFiles/ISD2190.elf.dir/Core/Src/freertos.c.obj
                0x200013f0                VM2ReceiveTaskBuffer
 .bss.VM2ReceiveTaskControlBlock
                0x200015f0       0x5c CMakeFiles/ISD2190.elf.dir/Core/Src/freertos.c.obj
                0x200015f0                VM2ReceiveTaskControlBlock
 .bss.VM2ReceiveTaskHandle
                0x2000164c        0x4 CMakeFiles/ISD2190.elf.dir/Core/Src/freertos.c.obj
                0x2000164c                VM2ReceiveTaskHandle
 .bss.hiwdg     0x20001650        0xc CMakeFiles/ISD2190.elf.dir/Core/Src/iwdg.c.obj
                0x20001650                hiwdg
 .bss.ADC_Value
                0x2000165c       0x20 CMakeFiles/ISD2190.elf.dir/Core/Src/main.c.obj
                0x2000165c                ADC_Value
 .bss.BleBuf    0x2000167c       0x20 CMakeFiles/ISD2190.elf.dir/Core/Src/main.c.obj
                0x2000167c                BleBuf
 .bss.Cmd       0x2000169c        0x1 CMakeFiles/ISD2190.elf.dir/Core/Src/main.c.obj
                0x2000169c                Cmd
 .bss.Scan_Start
                0x2000169d        0x1 CMakeFiles/ISD2190.elf.dir/Core/Src/main.c.obj
                0x2000169d                Scan_Start
 *fill*         0x2000169e        0x2 
 .bss.Sensor    0x200016a0      0x500 CMakeFiles/ISD2190.elf.dir/Core/Src/main.c.obj
                0x200016a0                Sensor
 .bss.Temp_Value
                0x20001ba0       0x20 CMakeFiles/ISD2190.elf.dir/Core/Src/main.c.obj
                0x20001ba0                Temp_Value
 .bss.Uart2Buf  0x20001bc0       0x20 CMakeFiles/ISD2190.elf.dir/Core/Src/main.c.obj
                0x20001bc0                Uart2Buf
 .bss.Uart3Buf  0x20001be0       0x20 CMakeFiles/ISD2190.elf.dir/Core/Src/main.c.obj
                0x20001be0                Uart3Buf
 .bss.VM1_Busy  0x20001c00        0x1 CMakeFiles/ISD2190.elf.dir/Core/Src/main.c.obj
                0x20001c00                VM1_Busy
 .bss.VM1_Init  0x20001c01        0x1 CMakeFiles/ISD2190.elf.dir/Core/Src/main.c.obj
                0x20001c01                VM1_Init
 .bss.VM1_OK    0x20001c02        0x1 CMakeFiles/ISD2190.elf.dir/Core/Src/main.c.obj
                0x20001c02                VM1_OK
 .bss.VM2_Busy  0x20001c03        0x1 CMakeFiles/ISD2190.elf.dir/Core/Src/main.c.obj
                0x20001c03                VM2_Busy
 .bss.VM2_Init  0x20001c04        0x1 CMakeFiles/ISD2190.elf.dir/Core/Src/main.c.obj
                0x20001c04                VM2_Init
 .bss.VM2_OK    0x20001c05        0x1 CMakeFiles/ISD2190.elf.dir/Core/Src/main.c.obj
                0x20001c05                VM2_OK
 .bss.VM_ERR    0x20001c06        0x1 CMakeFiles/ISD2190.elf.dir/Core/Src/main.c.obj
                0x20001c06                VM_ERR
 .bss.ble_flag  0x20001c07        0x1 CMakeFiles/ISD2190.elf.dir/Core/Src/main.c.obj
                0x20001c07                ble_flag
 .bss.ble_len   0x20001c08        0x1 CMakeFiles/ISD2190.elf.dir/Core/Src/main.c.obj
                0x20001c08                ble_len
 *fill*         0x20001c09        0x3 
 .bss.usart2Queue
                0x20001c0c        0x4 CMakeFiles/ISD2190.elf.dir/Core/Src/main.c.obj
                0x20001c0c                usart2Queue
 .bss.usart3Queue
                0x20001c10        0x4 CMakeFiles/ISD2190.elf.dir/Core/Src/main.c.obj
                0x20001c10                usart3Queue
 .bss.htim7     0x20001c14       0x40 CMakeFiles/ISD2190.elf.dir/Core/Src/stm32l1xx_hal_timebase_tim.c.obj
                0x20001c14                htim7
 .bss.__sbrk_heap_end
                0x20001c54        0x4 CMakeFiles/ISD2190.elf.dir/Core/Src/sysmem.c.obj
 .bss.htim2     0x20001c58       0x40 CMakeFiles/ISD2190.elf.dir/Core/Src/tim.c.obj
                0x20001c58                htim2
 .bss.hdma_uart5_rx
                0x20001c98       0x44 CMakeFiles/ISD2190.elf.dir/Core/Src/usart.c.obj
                0x20001c98                hdma_uart5_rx
 .bss.hdma_uart5_tx
                0x20001cdc       0x44 CMakeFiles/ISD2190.elf.dir/Core/Src/usart.c.obj
                0x20001cdc                hdma_uart5_tx
 .bss.hdma_usart2_rx
                0x20001d20       0x44 CMakeFiles/ISD2190.elf.dir/Core/Src/usart.c.obj
                0x20001d20                hdma_usart2_rx
 .bss.hdma_usart2_tx
                0x20001d64       0x44 CMakeFiles/ISD2190.elf.dir/Core/Src/usart.c.obj
                0x20001d64                hdma_usart2_tx
 .bss.hdma_usart3_rx
                0x20001da8       0x44 CMakeFiles/ISD2190.elf.dir/Core/Src/usart.c.obj
                0x20001da8                hdma_usart3_rx
 .bss.hdma_usart3_tx
                0x20001dec       0x44 CMakeFiles/ISD2190.elf.dir/Core/Src/usart.c.obj
                0x20001dec                hdma_usart3_tx
 .bss.huart2    0x20001e30       0x48 CMakeFiles/ISD2190.elf.dir/Core/Src/usart.c.obj
                0x20001e30                huart2
 .bss.huart3    0x20001e78       0x48 CMakeFiles/ISD2190.elf.dir/Core/Src/usart.c.obj
                0x20001e78                huart3
 .bss.huart5    0x20001ec0       0x48 CMakeFiles/ISD2190.elf.dir/Core/Src/usart.c.obj
                0x20001ec0                huart5
 .bss.uwTick    0x20001f08        0x4 CMakeFiles/ISD2190.elf.dir/Drivers/STM32L1xx_HAL_Driver/Src/stm32l1xx_hal.c.obj
                0x20001f08                uwTick
 .bss.pFlash    0x20001f0c       0x18 CMakeFiles/ISD2190.elf.dir/Drivers/STM32L1xx_HAL_Driver/Src/stm32l1xx_hal_flash.c.obj
                0x20001f0c                pFlash
 .bss.Idle_Stack
                0x20001f24      0x200 CMakeFiles/ISD2190.elf.dir/Middlewares/Third_Party/FreeRTOS/Source/CMSIS_RTOS_V2/cmsis_os2.c.obj
 .bss.Idle_TCB  0x20002124       0x5c CMakeFiles/ISD2190.elf.dir/Middlewares/Third_Party/FreeRTOS/Source/CMSIS_RTOS_V2/cmsis_os2.c.obj
 .bss.KernelState
                0x20002180        0x4 CMakeFiles/ISD2190.elf.dir/Middlewares/Third_Party/FreeRTOS/Source/CMSIS_RTOS_V2/cmsis_os2.c.obj
 .bss.Timer_Stack
                0x20002184      0x400 CMakeFiles/ISD2190.elf.dir/Middlewares/Third_Party/FreeRTOS/Source/CMSIS_RTOS_V2/cmsis_os2.c.obj
 .bss.Timer_TCB
                0x20002584       0x5c CMakeFiles/ISD2190.elf.dir/Middlewares/Third_Party/FreeRTOS/Source/CMSIS_RTOS_V2/cmsis_os2.c.obj
 .bss.ucMaxSysCallPriority
                0x200025e0        0x1 CMakeFiles/ISD2190.elf.dir/Middlewares/Third_Party/FreeRTOS/Source/portable/GCC/ARM_CM3/port.c.obj
 *fill*         0x200025e1        0x3 
 .bss.ulMaxPRIGROUPValue
                0x200025e4        0x4 CMakeFiles/ISD2190.elf.dir/Middlewares/Third_Party/FreeRTOS/Source/portable/GCC/ARM_CM3/port.c.obj
 .bss.pxEnd     0x200025e8        0x4 CMakeFiles/ISD2190.elf.dir/Middlewares/Third_Party/FreeRTOS/Source/portable/MemMang/heap_4.c.obj
 .bss.ucHeap    0x200025ec      0x5dc CMakeFiles/ISD2190.elf.dir/Middlewares/Third_Party/FreeRTOS/Source/portable/MemMang/heap_4.c.obj
 .bss.xBlockAllocatedBit
                0x20002bc8        0x4 CMakeFiles/ISD2190.elf.dir/Middlewares/Third_Party/FreeRTOS/Source/portable/MemMang/heap_4.c.obj
 .bss.xFreeBytesRemaining
                0x20002bcc        0x4 CMakeFiles/ISD2190.elf.dir/Middlewares/Third_Party/FreeRTOS/Source/portable/MemMang/heap_4.c.obj
 .bss.xMinimumEverFreeBytesRemaining
                0x20002bd0        0x4 CMakeFiles/ISD2190.elf.dir/Middlewares/Third_Party/FreeRTOS/Source/portable/MemMang/heap_4.c.obj
 .bss.xStart    0x20002bd4        0x8 CMakeFiles/ISD2190.elf.dir/Middlewares/Third_Party/FreeRTOS/Source/portable/MemMang/heap_4.c.obj
 .bss.xQueueRegistry
                0x20002bdc       0x40 CMakeFiles/ISD2190.elf.dir/Middlewares/Third_Party/FreeRTOS/Source/queue.c.obj
                0x20002bdc                xQueueRegistry
 .bss.pxCurrentTCB
                0x20002c1c        0x4 CMakeFiles/ISD2190.elf.dir/Middlewares/Third_Party/FreeRTOS/Source/tasks.c.obj
                0x20002c1c                pxCurrentTCB
 .bss.pxDelayedTaskList
                0x20002c20        0x4 CMakeFiles/ISD2190.elf.dir/Middlewares/Third_Party/FreeRTOS/Source/tasks.c.obj
 .bss.pxOverflowDelayedTaskList
                0x20002c24        0x4 CMakeFiles/ISD2190.elf.dir/Middlewares/Third_Party/FreeRTOS/Source/tasks.c.obj
 .bss.pxReadyTasksLists
                0x20002c28      0x460 CMakeFiles/ISD2190.elf.dir/Middlewares/Third_Party/FreeRTOS/Source/tasks.c.obj
 .bss.uxCurrentNumberOfTasks
                0x20003088        0x4 CMakeFiles/ISD2190.elf.dir/Middlewares/Third_Party/FreeRTOS/Source/tasks.c.obj
 .bss.uxDeletedTasksWaitingCleanUp
                0x2000308c        0x4 CMakeFiles/ISD2190.elf.dir/Middlewares/Third_Party/FreeRTOS/Source/tasks.c.obj
 .bss.uxPendedTicks
                0x20003090        0x4 CMakeFiles/ISD2190.elf.dir/Middlewares/Third_Party/FreeRTOS/Source/tasks.c.obj
 .bss.uxSchedulerSuspended
                0x20003094        0x4 CMakeFiles/ISD2190.elf.dir/Middlewares/Third_Party/FreeRTOS/Source/tasks.c.obj
 .bss.uxTaskNumber
                0x20003098        0x4 CMakeFiles/ISD2190.elf.dir/Middlewares/Third_Party/FreeRTOS/Source/tasks.c.obj
 .bss.uxTopReadyPriority
                0x2000309c        0x4 CMakeFiles/ISD2190.elf.dir/Middlewares/Third_Party/FreeRTOS/Source/tasks.c.obj
 .bss.xDelayedTaskList1
                0x200030a0       0x14 CMakeFiles/ISD2190.elf.dir/Middlewares/Third_Party/FreeRTOS/Source/tasks.c.obj
 .bss.xDelayedTaskList2
                0x200030b4       0x14 CMakeFiles/ISD2190.elf.dir/Middlewares/Third_Party/FreeRTOS/Source/tasks.c.obj
 .bss.xIdleTaskHandle
                0x200030c8        0x4 CMakeFiles/ISD2190.elf.dir/Middlewares/Third_Party/FreeRTOS/Source/tasks.c.obj
 .bss.xNextTaskUnblockTime
                0x200030cc        0x4 CMakeFiles/ISD2190.elf.dir/Middlewares/Third_Party/FreeRTOS/Source/tasks.c.obj
 .bss.xNumOfOverflows
                0x200030d0        0x4 CMakeFiles/ISD2190.elf.dir/Middlewares/Third_Party/FreeRTOS/Source/tasks.c.obj
 .bss.xPendingReadyList
                0x200030d4       0x14 CMakeFiles/ISD2190.elf.dir/Middlewares/Third_Party/FreeRTOS/Source/tasks.c.obj
 .bss.xSchedulerRunning
                0x200030e8        0x4 CMakeFiles/ISD2190.elf.dir/Middlewares/Third_Party/FreeRTOS/Source/tasks.c.obj
 .bss.xSuspendedTaskList
                0x200030ec       0x14 CMakeFiles/ISD2190.elf.dir/Middlewares/Third_Party/FreeRTOS/Source/tasks.c.obj
 .bss.xTasksWaitingTermination
                0x20003100       0x14 CMakeFiles/ISD2190.elf.dir/Middlewares/Third_Party/FreeRTOS/Source/tasks.c.obj
 .bss.xTickCount
                0x20003114        0x4 CMakeFiles/ISD2190.elf.dir/Middlewares/Third_Party/FreeRTOS/Source/tasks.c.obj
 .bss.xYieldPending
                0x20003118        0x4 CMakeFiles/ISD2190.elf.dir/Middlewares/Third_Party/FreeRTOS/Source/tasks.c.obj
 .bss.pxCurrentTimerList
                0x2000311c        0x4 CMakeFiles/ISD2190.elf.dir/Middlewares/Third_Party/FreeRTOS/Source/timers.c.obj
 .bss.pxOverflowTimerList
                0x20003120        0x4 CMakeFiles/ISD2190.elf.dir/Middlewares/Third_Party/FreeRTOS/Source/timers.c.obj
 .bss.ucStaticTimerQueueStorage.1
                0x20003124       0xa0 CMakeFiles/ISD2190.elf.dir/Middlewares/Third_Party/FreeRTOS/Source/timers.c.obj
 .bss.xActiveTimerList1
                0x200031c4       0x14 CMakeFiles/ISD2190.elf.dir/Middlewares/Third_Party/FreeRTOS/Source/timers.c.obj
 .bss.xActiveTimerList2
                0x200031d8       0x14 CMakeFiles/ISD2190.elf.dir/Middlewares/Third_Party/FreeRTOS/Source/timers.c.obj
 .bss.xLastTime.2
                0x200031ec        0x4 CMakeFiles/ISD2190.elf.dir/Middlewares/Third_Party/FreeRTOS/Source/timers.c.obj
 .bss.xStaticTimerQueue.0
                0x200031f0       0x50 CMakeFiles/ISD2190.elf.dir/Middlewares/Third_Party/FreeRTOS/Source/timers.c.obj
 .bss.xTimerQueue
                0x20003240        0x4 CMakeFiles/ISD2190.elf.dir/Middlewares/Third_Party/FreeRTOS/Source/timers.c.obj
 .bss.xTimerTaskHandle
                0x20003244        0x4 CMakeFiles/ISD2190.elf.dir/Middlewares/Third_Party/FreeRTOS/Source/timers.c.obj
 .bss.tx_buffer
                0x20003248      0x200 CMakeFiles/ISD2190.elf.dir/User/bt4531.c.obj
                0x20003248                tx_buffer
 .bss.data      0x20003448        0x4 CMakeFiles/ISD2190.elf.dir/User/flash.c.obj
                0x20003448                data
 .bss.__lock___atexit_recursive_mutex
                0x2000344c        0x1 d:/clion/gcc-arm-none-eabi-10.3-2021.10/bin/../lib/gcc/arm-none-eabi/10.3.1/../../../../arm-none-eabi/lib/thumb/v7-m/nofp\libg.a(lib_a-lock.o)
                0x2000344c                __lock___atexit_recursive_mutex
 *fill*         0x2000344d        0x3 
 .bss.__lock___malloc_recursive_mutex
                0x20003450        0x1 d:/clion/gcc-arm-none-eabi-10.3-2021.10/bin/../lib/gcc/arm-none-eabi/10.3.1/../../../../arm-none-eabi/lib/thumb/v7-m/nofp\libg.a(lib_a-lock.o)
                0x20003450                __lock___malloc_recursive_mutex
 *fill*         0x20003451        0x3 
 .bss.__lock___sfp_recursive_mutex
                0x20003454        0x1 d:/clion/gcc-arm-none-eabi-10.3-2021.10/bin/../lib/gcc/arm-none-eabi/10.3.1/../../../../arm-none-eabi/lib/thumb/v7-m/nofp\libg.a(lib_a-lock.o)
                0x20003454                __lock___sfp_recursive_mutex
 *fill*         0x20003455        0x3 
 .bss.__lock___sinit_recursive_mutex
                0x20003458        0x1 d:/clion/gcc-arm-none-eabi-10.3-2021.10/bin/../lib/gcc/arm-none-eabi/10.3.1/../../../../arm-none-eabi/lib/thumb/v7-m/nofp\libg.a(lib_a-lock.o)
                0x20003458                __lock___sinit_recursive_mutex
 *fill*         0x20003459        0x3 
 .bss.__malloc_current_mallinfo
                0x2000345c       0x28 d:/clion/gcc-arm-none-eabi-10.3-2021.10/bin/../lib/gcc/arm-none-eabi/10.3.1/../../../../arm-none-eabi/lib/thumb/v7-m/nofp\libg.a(lib_a-mallocr.o)
                0x2000345c                __malloc_current_mallinfo
 .bss.__malloc_max_sbrked_mem
                0x20003484        0x4 d:/clion/gcc-arm-none-eabi-10.3-2021.10/bin/../lib/gcc/arm-none-eabi/10.3.1/../../../../arm-none-eabi/lib/thumb/v7-m/nofp\libg.a(lib_a-mallocr.o)
                0x20003484                __malloc_max_sbrked_mem
 .bss.__malloc_max_total_mem
                0x20003488        0x4 d:/clion/gcc-arm-none-eabi-10.3-2021.10/bin/../lib/gcc/arm-none-eabi/10.3.1/../../../../arm-none-eabi/lib/thumb/v7-m/nofp\libg.a(lib_a-mallocr.o)
                0x20003488                __malloc_max_total_mem
 .bss.__malloc_top_pad
                0x2000348c        0x4 d:/clion/gcc-arm-none-eabi-10.3-2021.10/bin/../lib/gcc/arm-none-eabi/10.3.1/../../../../arm-none-eabi/lib/thumb/v7-m/nofp\libg.a(lib_a-mallocr.o)
                0x2000348c                __malloc_top_pad
 .bss.errno     0x20003490        0x4 d:/clion/gcc-arm-none-eabi-10.3-2021.10/bin/../lib/gcc/arm-none-eabi/10.3.1/../../../../arm-none-eabi/lib/thumb/v7-m/nofp\libg.a(lib_a-reent.o)
                0x20003490                errno
 *(COMMON)
                0x20003494                . = ALIGN (0x4)
                0x20003494                _ebss = .
                0x20003494                __bss_end__ = _ebss

._user_heap_stack
                0x20003494      0x604 load address 0x08009b8c
                0x20003498                . = ALIGN (0x8)
 *fill*         0x20003494        0x4 
                [!provide]                PROVIDE (end = .)
                0x20003498                PROVIDE (_end = .)
                0x20003698                . = (. + _Min_Heap_Size)
 *fill*         0x20003498      0x200 
                0x20003a98                . = (. + _Min_Stack_Size)
 *fill*         0x20003698      0x400 
                0x20003a98                . = ALIGN (0x8)

/DISCARD/
 libc.a(*)
 libm.a(*)
 libgcc.a(*)

.ARM.attributes
                0x00000000       0x29
 *(.ARM.attributes)
 .ARM.attributes
                0x00000000       0x1d d:/clion/gcc-arm-none-eabi-10.3-2021.10/bin/../lib/gcc/arm-none-eabi/10.3.1/thumb/v7-m/nofp/crti.o
 .ARM.attributes
                0x0000001d       0x2d d:/clion/gcc-arm-none-eabi-10.3-2021.10/bin/../lib/gcc/arm-none-eabi/10.3.1/thumb/v7-m/nofp/crtbegin.o
 .ARM.attributes
                0x0000004a       0x2d CMakeFiles/ISD2190.elf.dir/Core/Src/adc.c.obj
 .ARM.attributes
                0x00000077       0x2d CMakeFiles/ISD2190.elf.dir/Core/Src/dma.c.obj
 .ARM.attributes
                0x000000a4       0x2d CMakeFiles/ISD2190.elf.dir/Core/Src/freertos.c.obj
 .ARM.attributes
                0x000000d1       0x2d CMakeFiles/ISD2190.elf.dir/Core/Src/gpio.c.obj
 .ARM.attributes
                0x000000fe       0x2d CMakeFiles/ISD2190.elf.dir/Core/Src/iwdg.c.obj
 .ARM.attributes