Archive member included to satisfy reference by file (symbol)

d:/clion/gcc-arm-none-eabi-10.3-2021.10/bin/../lib/gcc/arm-none-eabi/10.3.1/thumb/v7-m/nofp\libgcc.a(_arm_muldf3.o)
                              CMakeFiles/ISD2190.elf.dir/User/hardware.c.obj (__aeabi_dmul)
d:/clion/gcc-arm-none-eabi-10.3-2021.10/bin/../lib/gcc/arm-none-eabi/10.3.1/thumb/v7-m/nofp\libgcc.a(_arm_mulsf3.o)
                              CMakeFiles/ISD2190.elf.dir/User/hardware.c.obj (__aeabi_fmul)
d:/clion/gcc-arm-none-eabi-10.3-2021.10/bin/../lib/gcc/arm-none-eabi/10.3.1/thumb/v7-m/nofp\libgcc.a(_arm_addsubdf3.o)
                              CMakeFiles/ISD2190.elf.dir/User/hardware.c.obj (__aeabi_dsub)
d:/clion/gcc-arm-none-eabi-10.3-2021.10/bin/../lib/gcc/arm-none-eabi/10.3.1/thumb/v7-m/nofp\libgcc.a(_arm_truncdfsf2.o)
                              CMakeFiles/ISD2190.elf.dir/User/hardware.c.obj (__aeabi_d2f)
d:/clion/gcc-arm-none-eabi-10.3-2021.10/bin/../lib/gcc/arm-none-eabi/10.3.1/thumb/v7-m/nofp\libgcc.a(_arm_addsubsf3.o)
                              CMakeFiles/ISD2190.elf.dir/User/hardware.c.obj (__aeabi_fsub)
d:/clion/gcc-arm-none-eabi-10.3-2021.10/bin/../lib/gcc/arm-none-eabi/10.3.1/thumb/v7-m/nofp\libgcc.a(_arm_muldivsf3.o)
                              CMakeFiles/ISD2190.elf.dir/User/hardware.c.obj (__aeabi_fdiv)
d:/clion/gcc-arm-none-eabi-10.3-2021.10/bin/../lib/gcc/arm-none-eabi/10.3.1/thumb/v7-m/nofp\libgcc.a(_arm_fixunssfsi.o)
                              CMakeFiles/ISD2190.elf.dir/User/bt4531.c.obj (__aeabi_f2uiz)
d:/clion/gcc-arm-none-eabi-10.3-2021.10/bin/../lib/gcc/arm-none-eabi/10.3.1/thumb/v7-m/nofp\libgcc.a(_aeabi_uldivmod.o)
                              CMakeFiles/ISD2190.elf.dir/Drivers/STM32L1xx_HAL_Driver/Src/stm32l1xx_hal_rcc.c.obj (__aeabi_uldivmod)
d:/clion/gcc-arm-none-eabi-10.3-2021.10/bin/../lib/gcc/arm-none-eabi/10.3.1/thumb/v7-m/nofp\libgcc.a(_udivmoddi4.o)
                              d:/clion/gcc-arm-none-eabi-10.3-2021.10/bin/../lib/gcc/arm-none-eabi/10.3.1/thumb/v7-m/nofp\libgcc.a(_aeabi_uldivmod.o) (__udivmoddi4)
d:/clion/gcc-arm-none-eabi-10.3-2021.10/bin/../lib/gcc/arm-none-eabi/10.3.1/thumb/v7-m/nofp\libgcc.a(_dvmd_tls.o)
                              d:/clion/gcc-arm-none-eabi-10.3-2021.10/bin/../lib/gcc/arm-none-eabi/10.3.1/thumb/v7-m/nofp\libgcc.a(_aeabi_uldivmod.o) (__aeabi_ldiv0)
d:/clion/gcc-arm-none-eabi-10.3-2021.10/bin/../lib/gcc/arm-none-eabi/10.3.1/../../../../arm-none-eabi/lib/thumb/v7-m/nofp\libg.a(lib_a-errno.o)
                              CMakeFiles/ISD2190.elf.dir/Core/Src/syscalls.c.obj (__errno)
d:/clion/gcc-arm-none-eabi-10.3-2021.10/bin/../lib/gcc/arm-none-eabi/10.3.1/../../../../arm-none-eabi/lib/thumb/v7-m/nofp\libg.a(lib_a-exit.o)
                              d:/clion/gcc-arm-none-eabi-10.3-2021.10/bin/../lib/gcc/arm-none-eabi/10.3.1/../../../../arm-none-eabi/lib/thumb/v7-m/nofp/crt0.o (exit)
d:/clion/gcc-arm-none-eabi-10.3-2021.10/bin/../lib/gcc/arm-none-eabi/10.3.1/../../../../arm-none-eabi/lib/thumb/v7-m/nofp\libg.a(lib_a-impure.o)
                              d:/clion/gcc-arm-none-eabi-10.3-2021.10/bin/../lib/gcc/arm-none-eabi/10.3.1/../../../../arm-none-eabi/lib/thumb/v7-m/nofp\libg.a(lib_a-exit.o) (_global_impure_ptr)
d:/clion/gcc-arm-none-eabi-10.3-2021.10/bin/../lib/gcc/arm-none-eabi/10.3.1/../../../../arm-none-eabi/lib/thumb/v7-m/nofp\libg.a(lib_a-init.o)
                              d:/clion/gcc-arm-none-eabi-10.3-2021.10/bin/../lib/gcc/arm-none-eabi/10.3.1/../../../../arm-none-eabi/lib/thumb/v7-m/nofp/crt0.o (__libc_init_array)
d:/clion/gcc-arm-none-eabi-10.3-2021.10/bin/../lib/gcc/arm-none-eabi/10.3.1/../../../../arm-none-eabi/lib/thumb/v7-m/nofp\libg.a(lib_a-memcpy.o)
                              CMakeFiles/ISD2190.elf.dir/User/bt4531.c.obj (memcpy)
d:/clion/gcc-arm-none-eabi-10.3-2021.10/bin/../lib/gcc/arm-none-eabi/10.3.1/../../../../arm-none-eabi/lib/thumb/v7-m/nofp\libg.a(lib_a-memset.o)
                              d:/clion/gcc-arm-none-eabi-10.3-2021.10/bin/../lib/gcc/arm-none-eabi/10.3.1/../../../../arm-none-eabi/lib/thumb/v7-m/nofp/crt0.o (memset)
d:/clion/gcc-arm-none-eabi-10.3-2021.10/bin/../lib/gcc/arm-none-eabi/10.3.1/../../../../arm-none-eabi/lib/thumb/v7-m/nofp\libg.a(lib_a-puts.o)
                              CMakeFiles/ISD2190.elf.dir/Core/Src/main.c.obj (puts)
d:/clion/gcc-arm-none-eabi-10.3-2021.10/bin/../lib/gcc/arm-none-eabi/10.3.1/../../../../arm-none-eabi/lib/thumb/v7-m/nofp\libg.a(lib_a-strlen-stub.o)
                              d:/clion/gcc-arm-none-eabi-10.3-2021.10/bin/../lib/gcc/arm-none-eabi/10.3.1/../../../../arm-none-eabi/lib/thumb/v7-m/nofp\libg.a(lib_a-puts.o) (strlen)
d:/clion/gcc-arm-none-eabi-10.3-2021.10/bin/../lib/gcc/arm-none-eabi/10.3.1/../../../../arm-none-eabi/lib/thumb/v7-m/nofp\libg.a(lib_a-__call_atexit.o)
                              d:/clion/gcc-arm-none-eabi-10.3-2021.10/bin/../lib/gcc/arm-none-eabi/10.3.1/../../../../arm-none-eabi/lib/thumb/v7-m/nofp\libg.a(lib_a-exit.o) (__call_exitprocs)
[...]
Memory Configuration

Name             Origin             Length             Attributes
RAM              0x20000000         0x0000c000         xrw
FLASH            0x08000000         0x00060000         xr
*default*        0x00000000         0xffffffff

Linker script and memory map

LOAD d:/clion/gcc-arm-none-eabi-10.3-2021.10/bin/../lib/gcc/arm-none-eabi/10.3.1/thumb/v7-m/nofp/crti.o
LOAD d:/clion/gcc-arm-none-eabi-10.3-2021.10/bin/../lib/gcc/arm-none-eabi/10.3.1/thumb/v7-m/nofp/crtbegin.o
LOAD d:/clion/gcc-arm-none-eabi-10.3-2021.10/bin/../lib/gcc/arm-none-eabi/10.3.1/../../../../arm-none-eabi/lib/thumb/v7-m/nofp/crt0.o
LOAD CMakeFiles/ISD2190.elf.dir/Core/Src/adc.c.obj
LOAD CMakeFiles/ISD2190.elf.dir/Core/Src/dma.c.obj
LOAD CMakeFiles/ISD2190.elf.dir/Core/Src/gpio.c.obj
LOAD CMakeFiles/ISD2190.elf.dir/Core/Src/iwdg.c.obj
LOAD CMakeFiles/ISD2190.elf.dir/Core/Src/main.c.obj
LOAD CMakeFiles/ISD2190.elf.dir/Core/Src/stm32l1xx_hal_msp.c.obj
LOAD CMakeFiles/ISD2190.elf.dir/Core/Src/stm32l1xx_it.c.obj
LOAD CMakeFiles/ISD2190.elf.dir/Core/Src/syscalls.c.obj
LOAD CMakeFiles/ISD2190.elf.dir/Core/Src/sysmem.c.obj
LOAD CMakeFiles/ISD2190.elf.dir/Core/Src/system_stm32l1xx.c.obj
LOAD CMakeFiles/ISD2190.elf.dir/Core/Src/tim.c.obj
LOAD CMakeFiles/ISD2190.elf.dir/Core/Src/usart.c.obj
LOAD CMakeFiles/ISD2190.elf.dir/Core/Startup/startup_stm32l151rdtx.s.obj
LOAD CMakeFiles/ISD2190.elf.dir/Drivers/STM32L1xx_HAL_Driver/Src/stm32l1xx_hal.c.obj
LOAD CMakeFiles/ISD2190.elf.dir/Drivers/STM32L1xx_HAL_Driver/Src/stm32l1xx_hal_adc.c.obj
LOAD CMakeFiles/ISD2190.elf.dir/Drivers/STM32L1xx_HAL_Driver/Src/stm32l1xx_hal_adc_ex.c.obj
LOAD CMakeFiles/ISD2190.elf.dir/Drivers/STM32L1xx_HAL_Driver/Src/stm32l1xx_hal_cortex.c.obj
LOAD CMakeFiles/ISD2190.elf.dir/Drivers/STM32L1xx_HAL_Driver/Src/stm32l1xx_hal_dma.c.obj
LOAD CMakeFiles/ISD2190.elf.dir/Drivers/STM32L1xx_HAL_Driver/Src/stm32l1xx_hal_exti.c.obj
LOAD CMakeFiles/ISD2190.elf.dir/Drivers/STM32L1xx_HAL_Driver/Src/stm32l1xx_hal_flash.c.obj
LOAD CMakeFiles/ISD2190.elf.dir/Drivers/STM32L1xx_HAL_Driver/Src/stm32l1xx_hal_flash_ex.c.obj
LOAD CMakeFiles/ISD2190.elf.dir/Drivers/STM32L1xx_HAL_Driver/Src/stm32l1xx_hal_flash_ramfunc.c.obj
LOAD CMakeFiles/ISD2190.elf.dir/Drivers/STM32L1xx_HAL_Driver/Src/stm32l1xx_hal_gpio.c.obj
LOAD CMakeFiles/ISD2190.elf.dir/Drivers/STM32L1xx_HAL_Driver/Src/stm32l1xx_hal_iwdg.c.obj
LOAD CMakeFiles/ISD2190.elf.dir/Drivers/STM32L1xx_HAL_Driver/Src/stm32l1xx_hal_pwr.c.obj
LOAD CMakeFiles/ISD2190.elf.dir/Drivers/STM32L1xx_HAL_Driver/Src/stm32l1xx_hal_pwr_ex.c.obj
LOAD CMakeFiles/ISD2190.elf.dir/Drivers/STM32L1xx_HAL_Driver/Src/stm32l1xx_hal_rcc.c.obj
LOAD CMakeFiles/ISD2190.elf.dir/Drivers/STM32L1xx_HAL_Driver/Src/stm32l1xx_hal_rcc_ex.c.obj
LOAD CMakeFiles/ISD2190.elf.dir/Drivers/STM32L1xx_HAL_Driver/Src/stm32l1xx_hal_tim.c.obj
LOAD CMakeFiles/ISD2190.elf.dir/Drivers/STM32L1xx_HAL_Driver/Src/stm32l1xx_hal_tim_ex.c.obj
LOAD CMakeFiles/ISD2190.elf.dir/Drivers/STM32L1xx_HAL_Driver/Src/stm32l1xx_hal_uart.c.obj
LOAD CMakeFiles/ISD2190.elf.dir/User/CollectData.c.obj
LOAD CMakeFiles/ISD2190.elf.dir/User/VMxx.c.obj
LOAD CMakeFiles/ISD2190.elf.dir/User/bt4531.c.obj
LOAD CMakeFiles/ISD2190.elf.dir/User/flash.c.obj
LOAD CMakeFiles/ISD2190.elf.dir/User/hardware.c.obj
LOAD CMakeFiles/ISD2190.elf.dir/User/temp.c.obj
START GROUP
LOAD d:/clion/gcc-arm-none-eabi-10.3-2021.10/bin/../lib/gcc/arm-none-eabi/10.3.1/thumb/v7-m/nofp\libgcc.a
LOAD d:/clion/gcc-arm-none-eabi-10.3-2021.10/bin/../lib/gcc/arm-none-eabi/10.3.1/../../../../arm-none-eabi/lib/thumb/v7-m/nofp\libg.a
LOAD d:/clion/gcc-arm-none-eabi-10.3-2021.10/bin/../lib/gcc/arm-none-eabi/10.3.1/../../../../arm-none-eabi/lib/thumb/v7-m/nofp\libc.a
END GROUP
LOAD d:/clion/gcc-arm-none-eabi-10.3-2021.10/bin/../lib/gcc/arm-none-eabi/10.3.1/thumb/v7-m/nofp/crtend.o
LOAD d:/clion/gcc-arm-none-eabi-10.3-2021.10/bin/../lib/gcc/arm-none-eabi/10.3.1/thumb/v7-m/nofp/crtn.o
                0x2000c000                _estack = (ORIGIN (RAM) + LENGTH (RAM))
                0x00000200                _Min_Heap_Size = 0x200
                0x00000400                _Min_Stack_Size = 0x400

.isr_vector     0x08000000      0x13c
                0x08000000                . = ALIGN (0x4)
 *(.isr_vector)
 .isr_vector    0x08000000      0x13c CMakeFiles/ISD2190.elf.dir/Core/Startup/startup_stm32l151rdtx.s.obj
                0x08000000                g_pfnVectors
                0x0800013c                . = ALIGN (0x4)

.text           0x08000140     0x69a0
                0x08000140                . = ALIGN (0x4)
 *(.text)
 .text          0x08000140       0x40 d:/clion/gcc-arm-none-eabi-10.3-2021.10/bin/../lib/gcc/arm-none-eabi/10.3.1/thumb/v7-m/nofp/crtbegin.o
 .text          0x08000180      0x254 d:/clion/gcc-arm-none-eabi-10.3-2021.10/bin/../lib/gcc/arm-none-eabi/10.3.1/thumb/v7-m/nofp\libgcc.a(_arm_muldf3.o)
                0x08000180                __muldf3
                0x08000180                __aeabi_dmul
 .text          0x080003d4      0x378 d:/clion/gcc-arm-none-eabi-10.3-2021.10/bin/../lib/gcc/arm-none-eabi/10.3.1/thumb/v7-m/nofp\libgcc.a(_arm_addsubdf3.o)
                0x080003d4                __aeabi_drsub
                0x080003dc                __aeabi_dsub
                0x080003dc                __subdf3
                0x080003e0                __aeabi_dadd
                0x080003e0                __adddf3
                0x08000658                __floatunsidf
                0x08000658                __aeabi_ui2d
                0x08000678                __floatsidf
                0x08000678                __aeabi_i2d
                0x0800069c                __aeabi_f2d
                0x0800069c                __extendsfdf2
                0x080006e0                __floatundidf
                0x080006e0                __aeabi_ul2d
                0x080006f0                __floatdidf
                0x080006f0                __aeabi_l2d
 .text          0x0800074c       0xa0 d:/clion/gcc-arm-none-eabi-10.3-2021.10/bin/../lib/gcc/arm-none-eabi/10.3.1/thumb/v7-m/nofp\libgcc.a(_arm_truncdfsf2.o)
                0x0800074c                __truncdfsf2
                0x0800074c                __aeabi_d2f
 .text          0x080007ec      0x21c d:/clion/gcc-arm-none-eabi-10.3-2021.10/bin/../lib/gcc/arm-none-eabi/10.3.1/thumb/v7-m/nofp\libgcc.a(_arm_addsubsf3.o)
                0x080007ec                __aeabi_frsub
                0x080007f4                __subsf3
                0x080007f4                __aeabi_fsub
                0x080007f8                __aeabi_fadd
                0x080007f8                __addsf3
                0x08000958                __aeabi_ui2f
                0x08000958                __floatunsisf
                0x08000960                __aeabi_i2f
                0x08000960                __floatsisf
                0x0800097c                __aeabi_ul2f
                0x0800097c                __floatundisf
                0x0800098c                __aeabi_l2f
                0x0800098c                __floatdisf
 .text          0x08000a08      0x2a0 d:/clion/gcc-arm-none-eabi-10.3-2021.10/bin/../lib/gcc/arm-none-eabi/10.3.1/thumb/v7-m/nofp\libgcc.a(_arm_muldivsf3.o)
                0x08000a08                __mulsf3
                0x08000a08                __aeabi_fmul
                0x08000b70                __aeabi_fdiv
                0x08000b70                __divsf3
 .text          0x08000ca8       0x40 d:/clion/gcc-arm-none-eabi-10.3-2021.10/bin/../lib/gcc/arm-none-eabi/10.3.1/thumb/v7-m/nofp\libgcc.a(_arm_fixunssfsi.o)
                0x08000ca8                __fixunssfsi
                0x08000ca8                __aeabi_f2uiz
 .text          0x08000ce8       0x30 d:/clion/gcc-arm-none-eabi-10.3-2021.10/bin/../lib/gcc/arm-none-eabi/10.3.1/thumb/v7-m/nofp\libgcc.a(_aeabi_uldivmod.o)
                0x08000ce8                __aeabi_uldivmod
 .text          0x08000d18      0x2d4 d:/clion/gcc-arm-none-eabi-10.3-2021.10/bin/../lib/gcc/arm-none-eabi/10.3.1/thumb/v7-m/nofp\libgcc.a(_udivmoddi4.o)
                0x08000d18                __udivmoddi4
 .text          0x08000fec        0x4 d:/clion/gcc-arm-none-eabi-10.3-2021.10/bin/../lib/gcc/arm-none-eabi/10.3.1/thumb/v7-m/nofp\libgcc.a(_dvmd_tls.o)
                0x08000fec                __aeabi_idiv0
                0x08000fec                __aeabi_ldiv0
 .text          0x08000ff0       0xec d:/clion/gcc-arm-none-eabi-10.3-2021.10/bin/../lib/gcc/arm-none-eabi/10.3.1/../../../../arm-none-eabi/lib/thumb/v7-m/nofp\libg.a(lib_a-memcpy.o)
                0x08000ff0                memcpy
 *(.text*)
 .text.MX_ADC_Init
                0x080010dc      0x20c CMakeFiles/ISD2190.elf.dir/Core/Src/adc.c.obj
                0x080010dc                MX_ADC_Init
 .text.HAL_ADC_MspInit
                0x080012e8       0xec CMakeFiles/ISD2190.elf.dir/Core/Src/adc.c.obj
                0x080012e8                HAL_ADC_MspInit
 .text.MX_DMA_Init
                0x080013d4       0x34 CMakeFiles/ISD2190.elf.dir/Core/Src/dma.c.obj
                0x080013d4                MX_DMA_Init
 .text.MX_GPIO_Init
                0x08001408       0xbc CMakeFiles/ISD2190.elf.dir/Core/Src/gpio.c.obj
                0x08001408                MX_GPIO_Init
 .text.Error_Handler
                0x080014c4        0x4 CMakeFiles/ISD2190.elf.dir/Core/Src/main.c.obj
                0x080014c4                Error_Handler
 .text.SystemClock_Config
                0x080014c8       0x70 CMakeFiles/ISD2190.elf.dir/Core/Src/main.c.obj
                0x080014c8                SystemClock_Config
 .text.main     0x08001538      0x170 CMakeFiles/ISD2190.elf.dir/Core/Src/main.c.obj
                0x08001538                main
 .text.HAL_MspInit
                0x080016a8       0x44 CMakeFiles/ISD2190.elf.dir/Core/Src/stm32l1xx_hal_msp.c.obj
                0x080016a8                HAL_MspInit
 .text.NMI_Handler
                0x080016ec        0x2 CMakeFiles/ISD2190.elf.dir/Core/Src/stm32l1xx_it.c.obj
                0x080016ec                NMI_Handler
 .text.HardFault_Handler
                0x080016ee        0x2 CMakeFiles/ISD2190.elf.dir/Core/Src/stm32l1xx_it.c.obj
                0x080016ee                HardFault_Handler
 .text.MemManage_Handler
                0x080016f0        0x2 CMakeFiles/ISD2190.elf.dir/Core/Src/stm32l1xx_it.c.obj
                0x080016f0                MemManage_Handler
 .text.BusFault_Handler
                0x080016f2        0x2 CMakeFiles/ISD2190.elf.dir/Core/Src/stm32l1xx_it.c.obj
                0x080016f2                BusFault_Handler
 .text.UsageFault_Handler
                0x080016f4        0x2 CMakeFiles/ISD2190.elf.dir/Core/Src/stm32l1xx_it.c.obj
                0x080016f4                UsageFault_Handler
 .text.SVC_Handler
                0x080016f6        0x2 CMakeFiles/ISD2190.elf.dir/Core/Src/stm32l1xx_it.c.obj
                0x080016f6                SVC_Handler
 .text.DebugMon_Handler
                0x080016f8        0x2 CMakeFiles/ISD2190.elf.dir/Core/Src/stm32l1xx_it.c.obj
                0x080016f8                DebugMon_Handler
 .text.PendSV_Handler
                0x080016fa        0x2 CMakeFiles/ISD2190.elf.dir/Core/Src/stm32l1xx_it.c.obj
                0x080016fa                PendSV_Handler
 .text.SysTick_Handler
                0x080016fc        0x8 CMakeFiles/ISD2190.elf.dir/Core/Src/stm32l1xx_it.c.obj
                0x080016fc                SysTick_Handler
 .text.DMA1_Channel1_IRQHandler
                0x08001704       0x10 CMakeFiles/ISD2190.elf.dir/Core/Src/stm32l1xx_it.c.obj
                0x08001704                DMA1_Channel1_IRQHandler
 .text.TIM2_IRQHandler
                0x08001714       0x10 CMakeFiles/ISD2190.elf.dir/Core/Src/stm32l1xx_it.c.obj
                0x08001714                TIM2_IRQHandler
 .text.TIM3_IRQHandler
                0x08001724       0x10 CMakeFiles/ISD2190.elf.dir/Core/Src/stm32l1xx_it.c.obj
                0x08001724                TIM3_IRQHandler
 .text.USART2_IRQHandler
                0x08001734       0x10 CMakeFiles/ISD2190.elf.dir/Core/Src/stm32l1xx_it.c.obj
                0x08001734                USART2_IRQHandler
 .text.USART3_IRQHandler
                0x08001744       0x10 CMakeFiles/ISD2190.elf.dir/Core/Src/stm32l1xx_it.c.obj
                0x08001744                USART3_IRQHandler
 .text.UART5_IRQHandler
                0x08001754       0x10 CMakeFiles/ISD2190.elf.dir/Core/Src/stm32l1xx_it.c.obj
                0x08001754                UART5_IRQHandler
 .text._read    0x08001764       0x20 CMakeFiles/ISD2190.elf.dir/Core/Src/syscalls.c.obj
                0x08001764                _read
 .text._write   0x08001784       0x1c CMakeFiles/ISD2190.elf.dir/Core/Src/syscalls.c.obj
                0x08001784                _write
 .text._close   0x080017a0        0x6 CMakeFiles/ISD2190.elf.dir/Core/Src/syscalls.c.obj
                0x080017a0                _close
 .text._fstat   0x080017a6        0xa CMakeFiles/ISD2190.elf.dir/Core/Src/syscalls.c.obj
                0x080017a6                _fstat
 .text._isatty  0x080017b0        0x4 CMakeFiles/ISD2190.elf.dir/Core/Src/syscalls.c.obj
                0x080017b0                _isatty
 .text._lseek   0x080017b4        0x4 CMakeFiles/ISD2190.elf.dir/Core/Src/syscalls.c.obj
                0x080017b4                _lseek
 .text._sbrk    0x080017b8       0x48 CMakeFiles/ISD2190.elf.dir/Core/Src/sysmem.c.obj
                0x080017b8                _sbrk
 .text.SystemInit
                0x08001800        0x2 CMakeFiles/ISD2190.elf.dir/Core/Src/system_stm32l1xx.c.obj
                0x08001800                SystemInit
 *fill*         0x08001802        0x2 
 .text.MX_TIM2_Init
                0x08001804       0x78 CMakeFiles/ISD2190.elf.dir/Core/Src/tim.c.obj
                0x08001804                MX_TIM2_Init
 .text.MX_TIM3_Init
                0x0800187c       0x70 CMakeFiles/ISD2190.elf.dir/Core/Src/tim.c.obj
                0x0800187c                MX_TIM3_Init
 .text.HAL_TIM_Base_MspInit
                0x080018ec       0x70 CMakeFiles/ISD2190.elf.dir/Core/Src/tim.c.obj
                0x080018ec                HAL_TIM_Base_MspInit
 .text.MX_UART5_Init
                0x0800195c       0x34 CMakeFiles/ISD2190.elf.dir/Core/Src/usart.c.obj
                0x0800195c                MX_UART5_Init
 .text.MX_USART2_UART_Init
                0x08001990       0x34 CMakeFiles/ISD2190.elf.dir/Core/Src/usart.c.obj
                0x08001990                MX_USART2_UART_Init
 .text.MX_USART3_UART_Init
                0x080019c4       0x34 CMakeFiles/ISD2190.elf.dir/Core/Src/usart.c.obj
                0x080019c4                MX_USART3_UART_Init
 .text.HAL_UART_MspInit
                0x080019f8      0x168 CMakeFiles/ISD2190.elf.dir/Core/Src/usart.c.obj
                0x080019f8                HAL_UART_MspInit
 .text.__io_putchar
                0x08001b60       0x20 CMakeFiles/ISD2190.elf.dir/Core/Src/usart.c.obj
                0x08001b60                __io_putchar
 .text.Reset_Handler
                0x08001b80       0x48 CMakeFiles/ISD2190.elf.dir/Core/Startup/startup_stm32l151rdtx.s.obj
                0x08001b80                Reset_Handler
 .text.Default_Handler
                0x08001bc8        0x2 CMakeFiles/ISD2190.elf.dir/Core/Startup/startup_stm32l151rdtx.s.obj
                0x08001bc8                RTC_Alarm_IRQHandler
                0x08001bc8                EXTI2_IRQHandler
                0x08001bc8                COMP_ACQ_IRQHandler
                0x08001bc8                TIM10_IRQHandler
                0x08001bc8                USB_HP_IRQHandler
                0x08001bc8                TIM6_IRQHandler
                0x08001bc8                PVD_IRQHandler
                0x08001bc8                SDIO_IRQHandler
                0x08001bc8                EXTI3_IRQHandler
                0x08001bc8                EXTI0_IRQHandler
                0x08001bc8                I2C2_EV_IRQHandler
                0x08001bc8                SPI1_IRQHandler
                0x08001bc8                USB_FS_WKUP_IRQHandler
                0x08001bc8                DMA2_Channel2_IRQHandler
                0x08001bc8                DMA1_Channel4_IRQHandler
                0x08001bc8                ADC1_IRQHandler
                0x08001bc8                DMA1_Channel7_IRQHandler
                0x08001bc8                TIM4_IRQHandler
                0x08001bc8                DMA2_Channel1_IRQHandler
                0x08001bc8                I2C1_EV_IRQHandler
                0x08001bc8                DMA1_Channel6_IRQHandler
                0x08001bc8                UART4_IRQHandler
                0x08001bc8                DMA2_Channel4_IRQHandler
                0x08001bc8                RCC_IRQHandler
                0x08001bc8                Default_Handler
                0x08001bc8                EXTI15_10_IRQHandler
                0x08001bc8                TIM7_IRQHandler
                0x08001bc8                TIM5_IRQHandler
                0x08001bc8                EXTI9_5_IRQHandler
                0x08001bc8                TIM9_IRQHandler
                0x08001bc8                TAMPER_STAMP_IRQHandler
                0x08001bc8                RTC_WKUP_IRQHandler
                0x08001bc8                SPI2_IRQHandler
                0x08001bc8                DMA2_Channel5_IRQHandler
                0x08001bc8                DMA1_Channel5_IRQHandler
                0x08001bc8                USB_LP_IRQHandler
                0x08001bc8                EXTI4_IRQHandler
                0x08001bc8                DMA1_Channel3_IRQHandler
                0x08001bc8                COMP_IRQHandler
                0x08001bc8                WWDG_IRQHandler
                0x08001bc8                DAC_IRQHandler
                0x08001bc8                EXTI1_IRQHandler
                0x08001bc8                TIM11_IRQHandler
                0x08001bc8                I2C2_ER_IRQHandler
                0x08001bc8                DMA1_Channel2_IRQHandler
                0x08001bc8                FLASH_IRQHandler
                0x08001bc8                USART1_IRQHandler
                0x08001bc8                SPI3_IRQHandler
                0x08001bc8                I2C1_ER_IRQHandler
                0x08001bc8                DMA2_Channel3_IRQHandler
 *fill*         0x08001bca        0x2 
 .text.HAL_InitTick
                0x08001bcc       0x50 CMakeFiles/ISD2190.elf.dir/Drivers/STM32L1xx_HAL_Driver/Src/stm32l1xx_hal.c.obj
                0x08001bcc                HAL_InitTick
 .text.HAL_Init
                0x08001c1c       0x1e CMakeFiles/ISD2190.elf.dir/Drivers/STM32L1xx_HAL_Driver/Src/stm32l1xx_hal.c.obj
                0x08001c1c                HAL_Init
 *fill*         0x08001c3a        0x2 
 .text.HAL_IncTick
                0x08001c3c       0x18 CMakeFiles/ISD2190.elf.dir/Drivers/STM32L1xx_HAL_Driver/Src/stm32l1xx_hal.c.obj
                0x08001c3c                HAL_IncTick
 .text.HAL_GetTick
                0x08001c54        0xc CMakeFiles/ISD2190.elf.dir/Drivers/STM32L1xx_HAL_Driver/Src/stm32l1xx_hal.c.obj
                0x08001c54                HAL_GetTick
 .text.HAL_Delay
                0x08001c60       0x28 CMakeFiles/ISD2190.elf.dir/Drivers/STM32L1xx_HAL_Driver/Src/stm32l1xx_hal.c.obj
                0x08001c60                HAL_Delay
 .text.HAL_ADC_Init
                0x08001c88      0x19c CMakeFiles/ISD2190.elf.dir/Drivers/STM32L1xx_HAL_Driver/Src/stm32l1xx_hal_adc.c.obj
                0x08001c88                HAL_ADC_Init
 .text.ADC_DMAConvCplt
                0x08001e24       0x64 CMakeFiles/ISD2190.elf.dir/Drivers/STM32L1xx_HAL_Driver/Src/stm32l1xx_hal_adc.c.obj
 .text.HAL_ADC_ConvHalfCpltCallback
                0x08001e88        0x2 CMakeFiles/ISD2190.elf.dir/Drivers/STM32L1xx_HAL_Driver/Src/stm32l1xx_hal_adc.c.obj
                0x08001e88                HAL_ADC_ConvHalfCpltCallback
 .text.ADC_DMAHalfConvCplt
                0x08001e8a        0xa CMakeFiles/ISD2190.elf.dir/Drivers/STM32L1xx_HAL_Driver/Src/stm32l1xx_hal_adc.c.obj
 .text.HAL_ADC_ErrorCallback
                0x08001e94        0x2 CMakeFiles/ISD2190.elf.dir/Drivers/STM32L1xx_HAL_Driver/Src/stm32l1xx_hal_adc.c.obj
                0x08001e94                HAL_ADC_ErrorCallback
 .text.ADC_DMAError
                0x08001e96       0x1a CMakeFiles/ISD2190.elf.dir/Drivers/STM32L1xx_HAL_Driver/Src/stm32l1xx_hal_adc.c.obj
 .text.HAL_ADC_ConfigChannel
                0x08001eb0      0x1b4 CMakeFiles/ISD2190.elf.dir/Drivers/STM32L1xx_HAL_Driver/Src/stm32l1xx_hal_adc.c.obj
                0x08001eb0                HAL_ADC_ConfigChannel
 .text.ADC_Enable
                0x08002064       0x8c CMakeFiles/ISD2190.elf.dir/Drivers/STM32L1xx_HAL_Driver/Src/stm32l1xx_hal_adc.c.obj
                0x08002064                ADC_Enable
 .text.HAL_ADC_Start_DMA
                0x080020f0       0xc4 CMakeFiles/ISD2190.elf.dir/Drivers/STM32L1xx_HAL_Driver/Src/stm32l1xx_hal_adc.c.obj
                0x080020f0                HAL_ADC_Start_DMA
 .text.HAL_NVIC_SetPriorityGrouping
                0x080021b4       0x24 CMakeFiles/ISD2190.elf.dir/Drivers/STM32L1xx_HAL_Driver/Src/stm32l1xx_hal_cortex.c.obj
                0x080021b4                HAL_NVIC_SetPriorityGrouping
 .text.HAL_NVIC_SetPriority
                0x080021d8       0x70 CMakeFiles/ISD2190.elf.dir/Drivers/STM32L1xx_HAL_Driver/Src/stm32l1xx_hal_cortex.c.obj
                0x080021d8                HAL_NVIC_SetPriority
 .text.HAL_NVIC_EnableIRQ
                0x08002248       0x1c CMakeFiles/ISD2190.elf.dir/Drivers/STM32L1xx_HAL_Driver/Src/stm32l1xx_hal_cortex.c.obj
                0x08002248                HAL_NVIC_EnableIRQ
 .text.HAL_SYSTICK_Config
                0x08002264       0x28 CMakeFiles/ISD2190.elf.dir/Drivers/STM32L1xx_HAL_Driver/Src/stm32l1xx_hal_cortex.c.obj
                0x08002264                HAL_SYSTICK_Config
 .text.DMA_SetConfig
                0x0800228c       0x36 CMakeFiles/ISD2190.elf.dir/Drivers/STM32L1xx_HAL_Driver/Src/stm32l1xx_hal_dma.c.obj
 *fill*         0x080022c2        0x2 
 .text.HAL_DMA_Init
                0x080022c4       0x98 CMakeFiles/ISD2190.elf.dir/Drivers/STM32L1xx_HAL_Driver/Src/stm32l1xx_hal_dma.c.obj
                0x080022c4                HAL_DMA_Init
 .text.HAL_DMA_Start_IT
                0x0800235c       0x76 CMakeFiles/ISD2190.elf.dir/Drivers/STM32L1xx_HAL_Driver/Src/stm32l1xx_hal_dma.c.obj
                0x0800235c                HAL_DMA_Start_IT
 .text.HAL_DMA_Abort
                0x080023d2       0x4a CMakeFiles/ISD2190.elf.dir/Drivers/STM32L1xx_HAL_Driver/Src/stm32l1xx_hal_dma.c.obj
                0x080023d2                HAL_DMA_Abort
 .text.HAL_DMA_Abort_IT
                0x0800241c       0x50 CMakeFiles/ISD2190.elf.dir/Drivers/STM32L1xx_HAL_Driver/Src/stm32l1xx_hal_dma.c.obj
                0x0800241c                HAL_DMA_Abort_IT
 .text.HAL_DMA_IRQHandler
                0x0800246c       0xc4 CMakeFiles/ISD2190.elf.dir/Drivers/STM32L1xx_HAL_Driver/Src/stm32l1xx_hal_dma.c.obj
                0x0800246c                HAL_DMA_IRQHandler
 .text.FLASH_SetErrorCode
                0x08002530       0x88 CMakeFiles/ISD2190.elf.dir/Drivers/STM32L1xx_HAL_Driver/Src/stm32l1xx_hal_flash.c.obj
 .text.HAL_FLASH_Unlock
                0x080025b8       0x64 CMakeFiles/ISD2190.elf.dir/Drivers/STM32L1xx_HAL_Driver/Src/stm32l1xx_hal_flash.c.obj
                0x080025b8                HAL_FLASH_Unlock
 .text.HAL_FLASH_Lock
                0x0800261c       0x14 CMakeFiles/ISD2190.elf.dir/Drivers/STM32L1xx_HAL_Driver/Src/stm32l1xx_hal_flash.c.obj
                0x0800261c                HAL_FLASH_Lock
 .text.HAL_FLASH_GetError
                0x08002630        0xc CMakeFiles/ISD2190.elf.dir/Drivers/STM32L1xx_HAL_Driver/Src/stm32l1xx_hal_flash.c.obj
                0x08002630                HAL_FLASH_GetError
 .text.FLASH_WaitForLastOperation
                0x0800263c       0x7c CMakeFiles/ISD2190.elf.dir/Drivers/STM32L1xx_HAL_Driver/Src/stm32l1xx_hal_flash.c.obj
                0x0800263c                FLASH_WaitForLastOperation
 .text.HAL_FLASH_Program
                0x080026b8       0x40 CMakeFiles/ISD2190.elf.dir/Drivers/STM32L1xx_HAL_Driver/Src/stm32l1xx_hal_flash.c.obj
                0x080026b8                HAL_FLASH_Program
 .text.FLASH_PageErase
                0x080026f8       0x28 CMakeFiles/ISD2190.elf.dir/Drivers/STM32L1xx_HAL_Driver/Src/stm32l1xx_hal_flash_ex.c.obj
                0x080026f8                FLASH_PageErase
 .text.HAL_FLASHEx_Erase
                0x08002720       0x7c CMakeFiles/ISD2190.elf.dir/Drivers/STM32L1xx_HAL_Driver/Src/stm32l1xx_hal_flash_ex.c.obj
                0x08002720                HAL_FLASHEx_Erase
 .text.HAL_GPIO_Init
                0x0800279c      0x1e8 CMakeFiles/ISD2190.elf.dir/Drivers/STM32L1xx_HAL_Driver/Src/stm32l1xx_hal_gpio.c.obj
                0x0800279c                HAL_GPIO_Init
 .text.HAL_GPIO_WritePin
                0x08002984        0xc CMakeFiles/ISD2190.elf.dir/Drivers/STM32L1xx_HAL_Driver/Src/stm32l1xx_hal_gpio.c.obj
                0x08002984                HAL_GPIO_WritePin
 .text.RCC_SetFlashLatencyFromMSIRange
                0x08002990       0x90 CMakeFiles/ISD2190.elf.dir/Drivers/STM32L1xx_HAL_Driver/Src/stm32l1xx_hal_rcc.c.obj
 .text.HAL_RCC_OscConfig
                0x08002a20      0x4f8 CMakeFiles/ISD2190.elf.dir/Drivers/STM32L1xx_HAL_Driver/Src/stm32l1xx_hal_rcc.c.obj
                0x08002a20                HAL_RCC_OscConfig
 .text.HAL_RCC_GetSysClockFreq
                0x08002f18       0xc4 CMakeFiles/ISD2190.elf.dir/Drivers/STM32L1xx_HAL_Driver/Src/stm32l1xx_hal_rcc.c.obj
                0x08002f18                HAL_RCC_GetSysClockFreq
 .text.HAL_RCC_ClockConfig
                0x08002fdc      0x1dc CMakeFiles/ISD2190.elf.dir/Drivers/STM32L1xx_HAL_Driver/Src/stm32l1xx_hal_rcc.c.obj
                0x08002fdc                HAL_RCC_ClockConfig
 .text.HAL_RCC_GetHCLKFreq
                0x080031b8        0xc CMakeFiles/ISD2190.elf.dir/Drivers/STM32L1xx_HAL_Driver/Src/stm32l1xx_hal_rcc.c.obj
                0x080031b8                HAL_RCC_GetHCLKFreq
 .text.HAL_RCC_GetPCLK1Freq
                0x080031c4       0x20 CMakeFiles/ISD2190.elf.dir/Drivers/STM32L1xx_HAL_Driver/Src/stm32l1xx_hal_rcc.c.obj
                0x080031c4                HAL_RCC_GetPCLK1Freq
 .text.HAL_RCC_GetPCLK2Freq
                0x080031e4       0x20 CMakeFiles/ISD2190.elf.dir/Drivers/STM32L1xx_HAL_Driver/Src/stm32l1xx_hal_rcc.c.obj
                0x080031e4                HAL_RCC_GetPCLK2Freq
 .text.TIM_Base_SetConfig
                0x08003204       0x88 CMakeFiles/ISD2190.elf.dir/Drivers/STM32L1xx_HAL_Driver/Src/stm32l1xx_hal_tim.c.obj
 .text.TIM_TI1_ConfigInputStage
                0x0800328c       0x24 CMakeFiles/ISD2190.elf.dir/Drivers/STM32L1xx_HAL_Driver/Src/stm32l1xx_hal_tim.c.obj
 .text.TIM_TI2_ConfigInputStage
                0x080032b0       0x26 CMakeFiles/ISD2190.elf.dir/Drivers/STM32L1xx_HAL_Driver/Src/stm32l1xx_hal_tim.c.obj
 .text.TIM_ITRx_SetConfig
                0x080032d6       0x10 CMakeFiles/ISD2190.elf.dir/Drivers/STM32L1xx_HAL_Driver/Src/stm32l1xx_hal_tim.c.obj
 .text.TIM_ETR_SetConfig
                0x080032e6       0x18 CMakeFiles/ISD2190.elf.dir/Drivers/STM32L1xx_HAL_Driver/Src/stm32l1xx_hal_tim.c.obj
 .text.HAL_TIM_Base_Init
                0x080032fe       0x48 CMakeFiles/ISD2190.elf.dir/Drivers/STM32L1xx_HAL_Driver/Src/stm32l1xx_hal_tim.c.obj
                0x080032fe                HAL_TIM_Base_Init
 *fill*         0x08003346        0x2 
 .text.HAL_TIM_Base_Start_IT
                0x08003348       0x68 CMakeFiles/ISD2190.elf.dir/Drivers/STM32L1xx_HAL_Driver/Src/stm32l1xx_hal_tim.c.obj
                0x08003348                HAL_TIM_Base_Start_IT
 .text.HAL_TIM_Base_Stop_IT
                0x080033b0       0x28 CMakeFiles/ISD2190.elf.dir/Drivers/STM32L1xx_HAL_Driver/Src/stm32l1xx_hal_tim.c.obj
                0x080033b0                HAL_TIM_Base_Stop_IT
 .text.HAL_TIM_ConfigClockSource
                0x080033d8       0xfe CMakeFiles/ISD2190.elf.dir/Drivers/STM32L1xx_HAL_Driver/Src/stm32l1xx_hal_tim.c.obj
                0x080033d8                HAL_TIM_ConfigClockSource
 .text.HAL_TIM_OC_DelayElapsedCallback
                0x080034d6        0x2 CMakeFiles/ISD2190.elf.dir/Drivers/STM32L1xx_HAL_Driver/Src/stm32l1xx_hal_tim.c.obj
                0x080034d6                HAL_TIM_OC_DelayElapsedCallback
 .text.HAL_TIM_IC_CaptureCallback
                0x080034d8        0x2 CMakeFiles/ISD2190.elf.dir/Drivers/STM32L1xx_HAL_Driver/Src/stm32l1xx_hal_tim.c.obj
                0x080034d8                HAL_TIM_IC_CaptureCallback
 .text.HAL_TIM_PWM_PulseFinishedCallback
                0x080034da        0x2 CMakeFiles/ISD2190.elf.dir/Drivers/STM32L1xx_HAL_Driver/Src/stm32l1xx_hal_tim.c.obj
                0x080034da                HAL_TIM_PWM_PulseFinishedCallback
 .text.HAL_TIM_TriggerCallback
                0x080034dc        0x2 CMakeFiles/ISD2190.elf.dir/Drivers/STM32L1xx_HAL_Driver/Src/stm32l1xx_hal_tim.c.obj
                0x080034dc                HAL_TIM_TriggerCallback
 .text.HAL_TIM_IRQHandler
                0x080034de      0x13a CMakeFiles/ISD2190.elf.dir/Drivers/STM32L1xx_HAL_Driver/Src/stm32l1xx_hal_tim.c.obj
                0x080034de                HAL_TIM_IRQHandler
 .text.HAL_TIMEx_MasterConfigSynchronization
                0x08003618       0x6c CMakeFiles/ISD2190.elf.dir/Drivers/STM32L1xx_HAL_Driver/Src/stm32l1xx_hal_tim_ex.c.obj
                0x08003618                HAL_TIMEx_MasterConfigSynchronization
 .text.UART_EndRxTransfer
                0x08003684       0x5c CMakeFiles/ISD2190.elf.dir/Drivers/STM32L1xx_HAL_Driver/Src/stm32l1xx_hal_uart.c.obj
 .text.UART_Transmit_IT
                0x080036e0       0x60 CMakeFiles/ISD2190.elf.dir/Drivers/STM32L1xx_HAL_Driver/Src/stm32l1xx_hal_uart.c.obj
 .text.UART_SetConfig
                0x08003740       0xdc CMakeFiles/ISD2190.elf.dir/Drivers/STM32L1xx_HAL_Driver/Src/stm32l1xx_hal_uart.c.obj
 .text.UART_WaitOnFlagUntilTimeout
                0x0800381c       0x88 CMakeFiles/ISD2190.elf.dir/Drivers/STM32L1xx_HAL_Driver/Src/stm32l1xx_hal_uart.c.obj
 .text.HAL_UART_Init
                0x080038a4       0x60 CMakeFiles/ISD2190.elf.dir/Drivers/STM32L1xx_HAL_Driver/Src/stm32l1xx_hal_uart.c.obj
                0x080038a4                HAL_UART_Init
 .text.HAL_UART_Transmit
                0x08003904       0xbe CMakeFiles/ISD2190.elf.dir/Drivers/STM32L1xx_HAL_Driver/Src/stm32l1xx_hal_uart.c.obj
                0x08003904                HAL_UART_Transmit
 .text.HAL_UART_TxCpltCallback
                0x080039c2        0x2 CMakeFiles/ISD2190.elf.dir/Drivers/STM32L1xx_HAL_Driver/Src/stm32l1xx_hal_uart.c.obj
                0x080039c2                HAL_UART_TxCpltCallback
 .text.UART_EndTransmit_IT
                0x080039c4       0x1a CMakeFiles/ISD2190.elf.dir/Drivers/STM32L1xx_HAL_Driver/Src/stm32l1xx_hal_uart.c.obj
 .text.HAL_UART_ErrorCallback
                0x080039de        0x2 CMakeFiles/ISD2190.elf.dir/Drivers/STM32L1xx_HAL_Driver/Src/stm32l1xx_hal_uart.c.obj
                0x080039de                HAL_UART_ErrorCallback
 .text.UART_DMAAbortOnError
                0x080039e0       0x10 CMakeFiles/ISD2190.elf.dir/Drivers/STM32L1xx_HAL_Driver/Src/stm32l1xx_hal_uart.c.obj
 .text.HAL_UARTEx_RxEventCallback
                0x080039f0        0x2 CMakeFiles/ISD2190.elf.dir/Drivers/STM32L1xx_HAL_Driver/Src/stm32l1xx_hal_uart.c.obj
                0x080039f0                HAL_UARTEx_RxEventCallback
 .text.UART_Receive_IT
                0x080039f2       0xe6 CMakeFiles/ISD2190.elf.dir/Drivers/STM32L1xx_HAL_Driver/Src/stm32l1xx_hal_uart.c.obj
 .text.HAL_UART_IRQHandler
                0x08003ad8      0x288 CMakeFiles/ISD2190.elf.dir/Drivers/STM32L1xx_HAL_Driver/Src/stm32l1xx_hal_uart.c.obj
                0x08003ad8                HAL_UART_IRQHandler
 .text.UART_Start_Receive_IT
                0x08003d60       0x36 CMakeFiles/ISD2190.elf.dir/Drivers/STM32L1xx_HAL_Driver/Src/stm32l1xx_hal_uart.c.obj
                0x08003d60                UART_Start_Receive_IT
 .text.HAL_UART_Receive_IT
                0x08003d96       0x26 CMakeFiles/ISD2190.elf.dir/Drivers/STM32L1xx_HAL_Driver/Src/stm32l1xx_hal_uart.c.obj
                0x08003d96                HAL_UART_Receive_IT
 .text.Data_Collect
                0x08003dbc      0x2b4 CMakeFiles/ISD2190.elf.dir/User/CollectData.c.obj
                0x08003dbc                Data_Collect
 .text.HAL_UART_RxCpltCallback
                0x08004070      0x154 CMakeFiles/ISD2190.elf.dir/User/CollectData.c.obj
                0x08004070                HAL_UART_RxCpltCallback
 .text.HAL_ADC_ConvCpltCallback
                0x080041c4       0x2c CMakeFiles/ISD2190.elf.dir/User/CollectData.c.obj
                0x080041c4                HAL_ADC_ConvCpltCallback
 .text.HAL_TIM_PeriodElapsedCallback
                0x080041f0       0x8c CMakeFiles/ISD2190.elf.dir/User/CollectData.c.obj
                0x080041f0                HAL_TIM_PeriodElapsedCallback
 .text.Init_VM  0x0800427c       0x28 CMakeFiles/ISD2190.elf.dir/User/VMxx.c.obj
                0x0800427c                Init_VM
 .text.Scan_VM  0x080042a4       0x28 CMakeFiles/ISD2190.elf.dir/User/VMxx.c.obj
                0x080042a4                Scan_VM
 .text.CRC_Check
                0x080042cc       0x42 CMakeFiles/ISD2190.elf.dir/User/bt4531.c.obj
                0x080042cc                CRC_Check
 *fill*         0x0800430e        0x2 
 .text.ConfigSend
                0x08004310      0x118 CMakeFiles/ISD2190.elf.dir/User/bt4531.c.obj
                0x08004310                ConfigSend
 .text.TotalConfigSend
                0x08004428      0x158 CMakeFiles/ISD2190.elf.dir/User/bt4531.c.obj
                0x08004428                TotalConfigSend
 .text.DataSend
                0x08004580      0x10c CMakeFiles/ISD2190.elf.dir/User/bt4531.c.obj
                0x08004580                DataSend
 .text.TotalDataSend
                0x0800468c      0x140 CMakeFiles/ISD2190.elf.dir/User/bt4531.c.obj
                0x0800468c                TotalDataSend
 .text.StatuCallback
                0x080047cc       0x3c CMakeFiles/ISD2190.elf.dir/User/bt4531.c.obj
                0x080047cc                StatuCallback
 .text.ConfigInit
                0x08004808       0x44 CMakeFiles/ISD2190.elf.dir/User/bt4531.c.obj
                0x08004808                ConfigInit
 .text.BleProcess
                0x0800484c      0x1c0 CMakeFiles/ISD2190.elf.dir/User/bt4531.c.obj
                0x0800484c                BleProcess
 .text.Flash_Write
                0x08004a0c       0x78 CMakeFiles/ISD2190.elf.dir/User/flash.c.obj
                0x08004a0c                Flash_Write
 .text.Flash_Read
                0x08004a84       0x38 CMakeFiles/ISD2190.elf.dir/User/flash.c.obj
                0x08004a84                Flash_Read
 *fill*         0x08004abc        0x4 
 .text.BMYBJ_YB
                0x08004ac0       0x78 CMakeFiles/ISD2190.elf.dir/User/hardware.c.obj
                0x08004ac0                BMYBJ_YB
 .text.MRYBJ_YB
                0x08004b38       0x78 CMakeFiles/ISD2190.elf.dir/User/hardware.c.obj
                0x08004b38                MRYBJ_YB
 .text.GJJ_YL   0x08004bb0       0xc4 CMakeFiles/ISD2190.elf.dir/User/hardware.c.obj
                0x08004bb0                GJJ_YL
 *fill*         0x08004c74        0x4 
 .text.TYLH_YL_MPa
                0x08004c78       0xc4 CMakeFiles/ISD2190.elf.dir/User/hardware.c.obj
                0x08004c78                TYLH_YL_MPa
 *fill*         0x08004d3c        0x4 
 .text.SYJ_YL_MPa
                0x08004d40      0x138 CMakeFiles/ISD2190.elf.dir/User/hardware.c.obj
                0x08004d40                SYJ_YL_MPa
 .text.MSJ_YL_KN
                0x08004e78      0x180 CMakeFiles/ISD2190.elf.dir/User/hardware.c.obj
                0x08004e78                MSJ_YL_KN
 .text.calcuTem
                0x08004ff8       0x48 CMakeFiles/ISD2190.elf.dir/User/temp.c.obj
                0x08004ff8                calcuTem
 .text.calcuTemps
                0x08005040       0x1e CMakeFiles/ISD2190.elf.dir/User/temp.c.obj
                0x08005040                calcuTemps
 *fill*         0x0800505e        0x2 
 .text.__errno  0x08005060        0xc d:/clion/gcc-arm-none-eabi-10.3-2021.10/bin/../lib/gcc/arm-none-eabi/10.3.1/../../../../arm-none-eabi/lib/thumb/v7-m/nofp\libg.a(lib_a-errno.o)
                0x08005060                __errno
 .text.__libc_init_array
                0x0800506c       0x48 d:/clion/gcc-arm-none-eabi-10.3-2021.10/bin/../lib/gcc/arm-none-eabi/10.3.1/../../../../arm-none-eabi/lib/thumb/v7-m/nofp\libg.a(lib_a-init.o)
                0x0800506c                __libc_init_array
 .text.memset   0x080050b4       0xa4 d:/clion/gcc-arm-none-eabi-10.3-2021.10/bin/../lib/gcc/arm-none-eabi/10.3.1/../../../../arm-none-eabi/lib/thumb/v7-m/nofp\libg.a(lib_a-memset.o)
                0x080050b4                memset
 .text._puts_r  0x08005158       0x9c d:/clion/gcc-arm-none-eabi-10.3-2021.10/bin/../lib/gcc/arm-none-eabi/10.3.1/../../../../arm-none-eabi/lib/thumb/v7-m/nofp\libg.a(lib_a-puts.o)
                0x08005158                _puts_r
 .text.puts     0x080051f4       0x10 d:/clion/gcc-arm-none-eabi-10.3-2021.10/bin/../lib/gcc/arm-none-eabi/10.3.1/../../../../arm-none-eabi/lib/thumb/v7-m/nofp\libg.a(lib_a-puts.o)
                0x080051f4                puts
 .text.strlen   0x08005204       0x5c d:/clion/gcc-arm-none-eabi-10.3-2021.10/bin/../lib/gcc/arm-none-eabi/10.3.1/../../../../arm-none-eabi/lib/thumb/v7-m/nofp\libg.a(lib_a-strlen-stub.o)
                0x08005204                strlen
 .text.startup.register_fini
                0x08005260       0x14 d:/clion/gcc-arm-none-eabi-10.3-2021.10/bin/../lib/gcc/arm-none-eabi/10.3.1/../../../../arm-none-eabi/lib/thumb/v7-m/nofp\libg.a(lib_a-__call_atexit.o)
 .text.atexit   0x08005274        0xc d:/clion/gcc-arm-none-eabi-10.3-2021.10/bin/../lib/gcc/arm-none-eabi/10.3.1/../../../../arm-none-eabi/lib/thumb/v7-m/nofp\libg.a(lib_a-atexit.o)
                0x08005274                atexit
 .text._cleanup_r
                0x08005280        0xc d:/clion/gcc-arm-none-eabi-10.3-2021.10/bin/../lib/gcc/arm-none-eabi/10.3.1/../../../../arm-none-eabi/lib/thumb/v7-m/nofp\libg.a(lib_a-findfp.o)
                0x08005280                _cleanup_r
 .text.__sinit  0x0800528c      0x10c d:/clion/gcc-arm-none-eabi-10.3-2021.10/bin/../lib/gcc/arm-none-eabi/10.3.1/../../../../arm-none-eabi/lib/thumb/v7-m/nofp\libg.a(lib_a-findfp.o)
                0x0800528c                __sinit
 .text.__sfp_lock_acquire
                0x08005398        0xc d:/clion/gcc-arm-none-eabi-10.3-2021.10/bin/../lib/gcc/arm-none-eabi/10.3.1/../../../../arm-none-eabi/lib/thumb/v7-m/nofp\libg.a(lib_a-findfp.o)
                0x08005398                __sfp_lock_acquire
 .text.__sfp_lock_release
                0x080053a4        0xc d:/clion/gcc-arm-none-eabi-10.3-2021.10/bin/../lib/gcc/arm-none-eabi/10.3.1/../../../../arm-none-eabi/lib/thumb/v7-m/nofp\libg.a(lib_a-findfp.o)
                0x080053a4                __sfp_lock_release
 .text.__libc_fini_array
                0x080053b0       0x2c d:/clion/gcc-arm-none-eabi-10.3-2021.10/bin/../lib/gcc/arm-none-eabi/10.3.1/../../../../arm-none-eabi/lib/thumb/v7-m/nofp\libg.a(lib_a-fini.o)
                0x080053b0                __libc_fini_array
 .text.__sfvwrite_r
                0x080053dc      0x2f0 d:/clion/gcc-arm-none-eabi-10.3-2021.10/bin/../lib/gcc/arm-none-eabi/10.3.1/../../../../arm-none-eabi/lib/thumb/v7-m/nofp\libg.a(lib_a-fvwrite.o)
                0x080053dc                __sfvwrite_r
 .text._fwalk_reent
                0x080056cc       0x48 d:/clion/gcc-arm-none-eabi-10.3-2021.10/bin/../lib/gcc/arm-none-eabi/10.3.1/../../../../arm-none-eabi/lib/thumb/v7-m/nofp\libg.a(lib_a-fwalk.o)
                0x080056cc                _fwalk_reent
 .text.__retarget_lock_init_recursive
                0x08005714        0x4 d:/clion/gcc-arm-none-eabi-10.3-2021.10/bin/../lib/gcc/arm-none-eabi/10.3.1/../../../../arm-none-eabi/lib/thumb/v7-m/nofp\libg.a(lib_a-lock.o)
                0x08005714                __retarget_lock_init_recursive
 .text.__retarget_lock_close_recursive
                0x08005718        0x4 d:/clion/gcc-arm-none-eabi-10.3-2021.10/bin/../lib/gcc/arm-none-eabi/10.3.1/../../../../arm-none-eabi/lib/thumb/v7-m/nofp\libg.a(lib_a-lock.o)
                0x08005718                __retarget_lock_close_recursive
 .text.__retarget_lock_acquire_recursive
                0x0800571c        0x4 d:/clion/gcc-arm-none-eabi-10.3-2021.10/bin/../lib/gcc/arm-none-eabi/10.3.1/../../../../arm-none-eabi/lib/thumb/v7-m/nofp\libg.a(lib_a-lock.o)
                0x0800571c                __retarget_lock_acquire_recursive
 .text.__retarget_lock_release_recursive
                0x08005720        0x4 d:/clion/gcc-arm-none-eabi-10.3-2021.10/bin/../lib/gcc/arm-none-eabi/10.3.1/../../../../arm-none-eabi/lib/thumb/v7-m/nofp\libg.a(lib_a-lock.o)
                0x08005720                __retarget_lock_release_recursive
 .text._malloc_r
                0x08005724      0x558 d:/clion/gcc-arm-none-eabi-10.3-2021.10/bin/../lib/gcc/arm-none-eabi/10.3.1/../../../../arm-none-eabi/lib/thumb/v7-m/nofp\libg.a(lib_a-mallocr.o)
                0x08005724                _malloc_r
 .text.memchr   0x08005c7c       0x90 d:/clion/gcc-arm-none-eabi-10.3-2021.10/bin/../lib/gcc/arm-none-eabi/10.3.1/../../../../arm-none-eabi/lib/thumb/v7-m/nofp\libg.a(lib_a-memchr-stub.o)
                0x08005c7c                memchr
 .text.memmove  0x08005d0c       0xf8 d:/clion/gcc-arm-none-eabi-10.3-2021.10/bin/../lib/gcc/arm-none-eabi/10.3.1/../../../../arm-none-eabi/lib/thumb/v7-m/nofp\libg.a(lib_a-memmove.o)
                0x08005d0c                memmove
 .text.__malloc_lock
                0x08005e04        0xc d:/clion/gcc-arm-none-eabi-10.3-2021.10/bin/../lib/gcc/arm-none-eabi/10.3.1/../../../../arm-none-eabi/lib/thumb/v7-m/nofp\libg.a(lib_a-mlock.o)
                0x08005e04                __malloc_lock
 .text.__malloc_unlock
                0x08005e10        0xc d:/clion/gcc-arm-none-eabi-10.3-2021.10/bin/../lib/gcc/arm-none-eabi/10.3.1/../../../../arm-none-eabi/lib/thumb/v7-m/nofp\libg.a(lib_a-mlock.o)
                0x08005e10                __malloc_unlock
 .text._realloc_r
                0x08005e1c      0x3dc d:/clion/gcc-arm-none-eabi-10.3-2021.10/bin/../lib/gcc/arm-none-eabi/10.3.1/../../../../arm-none-eabi/lib/thumb/v7-m/nofp\libg.a(lib_a-reallocr.o)
                0x08005e1c                _realloc_r
 .text._sbrk_r  0x080061f8       0x24 d:/clion/gcc-arm-none-eabi-10.3-2021.10/bin/../lib/gcc/arm-none-eabi/10.3.1/../../../../arm-none-eabi/lib/thumb/v7-m/nofp\libg.a(lib_a-sbrkr.o)
                0x080061f8                _sbrk_r
 .text.__sread  0x0800621c       0x24 d:/clion/gcc-arm-none-eabi-10.3-2021.10/bin/../lib/gcc/arm-none-eabi/10.3.1/../../../../arm-none-eabi/lib/thumb/v7-m/nofp\libg.a(lib_a-stdio.o)
                0x0800621c                __sread
 .text.__swrite
                0x08006240       0x40 d:/clion/gcc-arm-none-eabi-10.3-2021.10/bin/../lib/gcc/arm-none-eabi/10.3.1/../../../../arm-none-eabi/lib/thumb/v7-m/nofp\libg.a(lib_a-stdio.o)
                0x08006240                __swrite
 .text.__sseek  0x08006280       0x20 d:/clion/gcc-arm-none-eabi-10.3-2021.10/bin/../lib/gcc/arm-none-eabi/10.3.1/../../../../arm-none-eabi/lib/thumb/v7-m/nofp\libg.a(lib_a-stdio.o)
                0x08006280                __sseek
 .text.__sclose
                0x080062a0        0x8 d:/clion/gcc-arm-none-eabi-10.3-2021.10/bin/../lib/gcc/arm-none-eabi/10.3.1/../../../../arm-none-eabi/lib/thumb/v7-m/nofp\libg.a(lib_a-stdio.o)
                0x080062a0                __sclose
 .text._write_r
                0x080062a8       0x2c d:/clion/gcc-arm-none-eabi-10.3-2021.10/bin/../lib/gcc/arm-none-eabi/10.3.1/../../../../arm-none-eabi/lib/thumb/v7-m/nofp\libg.a(lib_a-writer.o)
                0x080062a8                _write_r
 .text.__swsetup_r
                0x080062d4       0xd4 d:/clion/gcc-arm-none-eabi-10.3-2021.10/bin/../lib/gcc/arm-none-eabi/10.3.1/../../../../arm-none-eabi/lib/thumb/v7-m/nofp\libg.a(lib_a-wsetup.o)
                0x080062d4                __swsetup_r
 .text.__register_exitproc
                0x080063a8       0x8c d:/clion/gcc-arm-none-eabi-10.3-2021.10/bin/../lib/gcc/arm-none-eabi/10.3.1/../../../../arm-none-eabi/lib/thumb/v7-m/nofp\libg.a(lib_a-__atexit.o)
                0x080063a8                __register_exitproc
 .text._close_r
                0x08006434       0x24 d:/clion/gcc-arm-none-eabi-10.3-2021.10/bin/../lib/gcc/arm-none-eabi/10.3.1/../../../../arm-none-eabi/lib/thumb/v7-m/nofp\libg.a(lib_a-closer.o)
                0x08006434                _close_r
 .text._fclose_r
                0x08006458       0xcc d:/clion/gcc-arm-none-eabi-10.3-2021.10/bin/../lib/gcc/arm-none-eabi/10.3.1/../../../../arm-none-eabi/lib/thumb/v7-m/nofp\libg.a(lib_a-fclose.o)
                0x08006458                _fclose_r
 .text.__sflush_r
                0x08006524      0x124 d:/clion/gcc-arm-none-eabi-10.3-2021.10/bin/../lib/gcc/arm-none-eabi/10.3.1/../../../../arm-none-eabi/lib/thumb/v7-m/nofp\libg.a(lib_a-fflush.o)
                0x08006524                __sflush_r
 .text._fflush_r
                0x08006648       0x5c d:/clion/gcc-arm-none-eabi-10.3-2021.10/bin/../lib/gcc/arm-none-eabi/10.3.1/../../../../arm-none-eabi/lib/thumb/v7-m/nofp\libg.a(lib_a-fflush.o)
                0x08006648                _fflush_r
 .text._malloc_trim_r
                0x080066a4       0xa0 d:/clion/gcc-arm-none-eabi-10.3-2021.10/bin/../lib/gcc/arm-none-eabi/10.3.1/../../../../arm-none-eabi/lib/thumb/v7-m/nofp\libg.a(lib_a-freer.o)
                0x080066a4                _malloc_trim_r
 .text._free_r  0x08006744      0x200 d:/clion/gcc-arm-none-eabi-10.3-2021.10/bin/../lib/gcc/arm-none-eabi/10.3.1/../../../../arm-none-eabi/lib/thumb/v7-m/nofp\libg.a(lib_a-freer.o)
                0x08006744                _free_r
 .text._lseek_r
                0x08006944       0x2c d:/clion/gcc-arm-none-eabi-10.3-2021.10/bin/../lib/gcc/arm-none-eabi/10.3.1/../../../../arm-none-eabi/lib/thumb/v7-m/nofp\libg.a(lib_a-lseekr.o)
                0x08006944                _lseek_r
 .text.__smakebuf_r
                0x08006970       0xe0 d:/clion/gcc-arm-none-eabi-10.3-2021.10/bin/../lib/gcc/arm-none-eabi/10.3.1/../../../../arm-none-eabi/lib/thumb/v7-m/nofp\libg.a(lib_a-makebuf.o)
                0x08006970                __smakebuf_r
 .text._read_r  0x08006a50       0x2c d:/clion/gcc-arm-none-eabi-10.3-2021.10/bin/../lib/gcc/arm-none-eabi/10.3.1/../../../../arm-none-eabi/lib/thumb/v7-m/nofp\libg.a(lib_a-readr.o)
                0x08006a50                _read_r
 .text._fstat_r
                0x08006a7c       0x28 d:/clion/gcc-arm-none-eabi-10.3-2021.10/bin/../lib/gcc/arm-none-eabi/10.3.1/../../../../arm-none-eabi/lib/thumb/v7-m/nofp\libg.a(lib_a-fstatr.o)
                0x08006a7c                _fstat_r
 .text._isatty_r
                0x08006aa4       0x24 d:/clion/gcc-arm-none-eabi-10.3-2021.10/bin/../lib/gcc/arm-none-eabi/10.3.1/../../../../arm-none-eabi/lib/thumb/v7-m/nofp\libg.a(lib_a-isattyr.o)
                0x08006aa4                _isatty_r
 *(.glue_7)
 .glue_7        0x08006ac8        0x0 linker stubs
 *(.glue_7t)
 .glue_7t       0x08006ac8        0x0 linker stubs
 *(.eh_frame)
 .eh_frame      0x08006ac8        0x0 d:/clion/gcc-arm-none-eabi-10.3-2021.10/bin/../lib/gcc/arm-none-eabi/10.3.1/thumb/v7-m/nofp/crtbegin.o
 *(.init)
 .init          0x08006ac8        0x4 d:/clion/gcc-arm-none-eabi-10.3-2021.10/bin/../lib/gcc/arm-none-eabi/10.3.1/thumb/v7-m/nofp/crti.o
                0x08006ac8                _init
 .init          0x08006acc        0x8 d:/clion/gcc-arm-none-eabi-10.3-2021.10/bin/../lib/gcc/arm-none-eabi/10.3.1/thumb/v7-m/nofp/crtn.o
 *(.fini)
 .fini          0x08006ad4        0x4 d:/clion/gcc-arm-none-eabi-10.3-2021.10/bin/../lib/gcc/arm-none-eabi/10.3.1/thumb/v7-m/nofp/crti.o
                0x08006ad4                _fini
 .fini          0x08006ad8        0x8 d:/clion/gcc-arm-none-eabi-10.3-2021.10/bin/../lib/gcc/arm-none-eabi/10.3.1/thumb/v7-m/nofp/crtn.o
                0x08006ae0                . = ALIGN (0x4)
                0x08006ae0                _etext = .

.vfp11_veneer   0x08006ae0        0x0
 .vfp11_veneer  0x08006ae0        0x0 linker stubs

.v4_bx          0x08006ae0        0x0
 .v4_bx         0x08006ae0        0x0 linker stubs

.iplt           0x08006ae0        0x0
 .iplt          0x08006ae0        0x0 d:/clion/gcc-arm-none-eabi-10.3-2021.10/bin/../lib/gcc/arm-none-eabi/10.3.1/thumb/v7-m/nofp/crtbegin.o

.rodata         0x08006ae0       0xe4
                0x08006ae0                . = ALIGN (0x4)
 *(.rodata)
 *(.rodata*)
 .rodata.main.str1.4
                0x08006ae0       0x11 CMakeFiles/ISD2190.elf.dir/Core/Src/main.c.obj
 *fill*         0x08006af1        0x3 
 .rodata.AHBPrescTable
                0x08006af4       0x10 CMakeFiles/ISD2190.elf.dir/Core/Src/system_stm32l1xx.c.obj
                0x08006af4                AHBPrescTable
 .rodata.APBPrescTable
                0x08006b04        0x8 CMakeFiles/ISD2190.elf.dir/Core/Src/system_stm32l1xx.c.obj
                0x08006b04                APBPrescTable
 .rodata.PLLMulTable
                0x08006b0c        0x9 CMakeFiles/ISD2190.elf.dir/Core/Src/system_stm32l1xx.c.obj
                0x08006b0c                PLLMulTable
 *fill*         0x08006b15        0x3 
 .rodata.tempRes_buf
                0x08006b18       0xa2 CMakeFiles/ISD2190.elf.dir/User/temp.c.obj
 *fill*         0x08006bba        0x2 
 .rodata._global_impure_ptr
                0x08006bbc        0x4 d:/clion/gcc-arm-none-eabi-10.3-2021.10/bin/../lib/gcc/arm-none-eabi/10.3.1/../../../../arm-none-eabi/lib/thumb/v7-m/nofp\libg.a(lib_a-impure.o)
                0x08006bbc                _global_impure_ptr
 .rodata._puts_r.str1.4
                0x08006bc0        0x2 d:/clion/gcc-arm-none-eabi-10.3-2021.10/bin/../lib/gcc/arm-none-eabi/10.3.1/../../../../arm-none-eabi/lib/thumb/v7-m/nofp\libg.a(lib_a-puts.o)
                0x08006bc4                . = ALIGN (0x4)
 *fill*         0x08006bc2        0x2 

.ARM.extab      0x08006bc4        0x0
                0x08006bc4                . = ALIGN (0x4)
 *(.ARM.extab* .gnu.linkonce.armextab.*)
                0x08006bc4                . = ALIGN (0x4)

.ARM            0x08006bc4        0x8
                0x08006bc4                . = ALIGN (0x4)
                0x08006bc4                __exidx_start = .
 *(.ARM.exidx*)
 .ARM.exidx     0x08006bc4        0x8 d:/clion/gcc-arm-none-eabi-10.3-2021.10/bin/../lib/gcc/arm-none-eabi/10.3.1/thumb/v7-m/nofp\libgcc.a(_udivmoddi4.o)
                0x08006bcc                __exidx_end = .
                0x08006bcc                . = ALIGN (0x4)

.rel.dyn        0x08006bcc        0x0
 .rel.iplt      0x08006bcc        0x0 d:/clion/gcc-arm-none-eabi-10.3-2021.10/bin/../lib/gcc/arm-none-eabi/10.3.1/thumb/v7-m/nofp/crtbegin.o

.preinit_array  0x08006bcc        0x0
                0x08006bcc                . = ALIGN (0x4)
                0x08006bcc                PROVIDE (__preinit_array_start = .)
 *(.preinit_array*)
                0x08006bcc                PROVIDE (__preinit_array_end = .)
                0x08006bcc                . = ALIGN (0x4)

.init_array     0x08006bcc        0x8
                0x08006bcc                . = ALIGN (0x4)
                0x08006bcc                PROVIDE (__init_array_start = .)
 *(SORT_BY_NAME(.init_array.*))
 .init_array.00000
                0x08006bcc        0x4 d:/clion/gcc-arm-none-eabi-10.3-2021.10/bin/../lib/gcc/arm-none-eabi/10.3.1/../../../../arm-none-eabi/lib/thumb/v7-m/nofp\libg.a(lib_a-__call_atexit.o)
 *(.init_array*)
 .init_array    0x08006bd0        0x4 d:/clion/gcc-arm-none-eabi-10.3-2021.10/bin/../lib/gcc/arm-none-eabi/10.3.1/thumb/v7-m/nofp/crtbegin.o
                0x08006bd4                PROVIDE (__init_array_end = .)
                0x08006bd4                . = ALIGN (0x4)

.fini_array     0x08006bd4        0x4
                0x08006bd4                . = ALIGN (0x4)
                0x08006bd4                PROVIDE (__fini_array_start = .)
 *(SORT_BY_NAME(.fini_array.*))
 *(.fini_array*)
 .fini_array    0x08006bd4        0x4 d:/clion/gcc-arm-none-eabi-10.3-2021.10/bin/../lib/gcc/arm-none-eabi/10.3.1/thumb/v7-m/nofp/crtbegin.o
                0x08006bd8                PROVIDE (__fini_array_end = .)
                0x08006bd8                . = ALIGN (0x4)
                0x08006bd8                _sidata = LOADADDR (.data)

.data           0x20000000      0x85c load address 0x08006bd8
                0x20000000                . = ALIGN (0x4)
                0x20000000                _sdata = .
 *(.data)
 *(.data*)
 .data.SystemCoreClock
                0x20000000        0x4 CMakeFiles/ISD2190.elf.dir/Core/Src/system_stm32l1xx.c.obj
                0x20000000                SystemCoreClock
 .data.uwTickFreq
                0x20000004        0x4 CMakeFiles/ISD2190.elf.dir/Drivers/STM32L1xx_HAL_Driver/Src/stm32l1xx_hal.c.obj
                0x20000004                uwTickFreq
 .data.uwTickPrio
                0x20000008        0x4 CMakeFiles/ISD2190.elf.dir/Drivers/STM32L1xx_HAL_Driver/Src/stm32l1xx_hal.c.obj
                0x20000008                uwTickPrio
 .data.VM_Init_Cmd
                0x2000000c        0x7 CMakeFiles/ISD2190.elf.dir/User/VMxx.c.obj
                0x2000000c                VM_Init_Cmd
 *fill*         0x20000013        0x1 
 .data.VM_Scan_Cmd
                0x20000014        0x5 CMakeFiles/ISD2190.elf.dir/User/VMxx.c.obj
                0x20000014                VM_Scan_Cmd
 *fill*         0x20000019        0x3 
 .data._impure_ptr
                0x2000001c        0x4 d:/clion/gcc-arm-none-eabi-10.3-2021.10/bin/../lib/gcc/arm-none-eabi/10.3.1/../../../../arm-none-eabi/lib/thumb/v7-m/nofp\libg.a(lib_a-impure.o)
                0x2000001c                _impure_ptr
 .data.impure_data
                0x20000020      0x428 d:/clion/gcc-arm-none-eabi-10.3-2021.10/bin/../lib/gcc/arm-none-eabi/10.3.1/../../../../arm-none-eabi/lib/thumb/v7-m/nofp\libg.a(lib_a-impure.o)
 .data.__atexit_recursive_mutex
                0x20000448        0x4 d:/clion/gcc-arm-none-eabi-10.3-2021.10/bin/../lib/gcc/arm-none-eabi/10.3.1/../../../../arm-none-eabi/lib/thumb/v7-m/nofp\libg.a(lib_a-__call_atexit.o)
                0x20000448                __atexit_recursive_mutex
 .data.__malloc_av_
                0x2000044c      0x408 d:/clion/gcc-arm-none-eabi-10.3-2021.10/bin/../lib/gcc/arm-none-eabi/10.3.1/../../../../arm-none-eabi/lib/thumb/v7-m/nofp\libg.a(lib_a-mallocr.o)
                0x2000044c                __malloc_av_
 .data.__malloc_sbrk_base
                0x20000854        0x4 d:/clion/gcc-arm-none-eabi-10.3-2021.10/bin/../lib/gcc/arm-none-eabi/10.3.1/../../../../arm-none-eabi/lib/thumb/v7-m/nofp\libg.a(lib_a-mallocr.o)
                0x20000854                __malloc_sbrk_base
 .data.__malloc_trim_threshold
                0x20000858        0x4 d:/clion/gcc-arm-none-eabi-10.3-2021.10/bin/../lib/gcc/arm-none-eabi/10.3.1/../../../../arm-none-eabi/lib/thumb/v7-m/nofp\libg.a(lib_a-mallocr.o)
                0x20000858                __malloc_trim_threshold
 *(.RamFunc)
 *(.RamFunc*)
                0x2000085c                . = ALIGN (0x4)
                0x2000085c                _edata = .

.igot.plt       0x2000085c        0x0 load address 0x08007434
 .igot.plt      0x2000085c        0x0 d:/clion/gcc-arm-none-eabi-10.3-2021.10/bin/../lib/gcc/arm-none-eabi/10.3.1/thumb/v7-m/nofp/crtbegin.o
                0x2000085c                . = ALIGN (0x4)

.bss            0x2000085c      0xad0 load address 0x08007434
                0x2000085c                _sbss = .
                0x2000085c                __bss_start__ = _sbss
 *(.bss)
 .bss           0x2000085c       0x1c d:/clion/gcc-arm-none-eabi-10.3-2021.10/bin/../lib/gcc/arm-none-eabi/10.3.1/thumb/v7-m/nofp/crtbegin.o
 *(.bss*)
 .bss.hadc      0x20000878       0x54 CMakeFiles/ISD2190.elf.dir/Core/Src/adc.c.obj
                0x20000878                hadc
 .bss.hdma_adc  0x200008cc       0x44 CMakeFiles/ISD2190.elf.dir/Core/Src/adc.c.obj
                0x200008cc                hdma_adc
 .bss.ADC_Busy  0x20000910        0x1 CMakeFiles/ISD2190.elf.dir/Core/Src/main.c.obj
                0x20000910                ADC_Busy
 *fill*         0x20000911        0x3 
 .bss.ADC_Value
                0x20000914       0x20 CMakeFiles/ISD2190.elf.dir/Core/Src/main.c.obj
                0x20000914                ADC_Value
 .bss.BleBuf    0x20000934       0xff CMakeFiles/ISD2190.elf.dir/Core/Src/main.c.obj
                0x20000934                BleBuf
 .bss.Cmd       0x20000a33        0x1 CMakeFiles/ISD2190.elf.dir/Core/Src/main.c.obj
                0x20000a33                Cmd
 .bss.Scan_Start
                0x20000a34        0x1 CMakeFiles/ISD2190.elf.dir/Core/Src/main.c.obj
                0x20000a34                Scan_Start
 *fill*         0x20000a35        0x3 
 .bss.Sensor    0x20000a38      0x500 CMakeFiles/ISD2190.elf.dir/Core/Src/main.c.obj
                0x20000a38                Sensor
 .bss.Temp_Value
                0x20000f38       0x20 CMakeFiles/ISD2190.elf.dir/Core/Src/main.c.obj
                0x20000f38                Temp_Value
 .bss.VM_Busy   0x20000f58        0x1 CMakeFiles/ISD2190.elf.dir/Core/Src/main.c.obj
                0x20000f58                VM_Busy
 .bss.VM_ERR    0x20000f59        0x1 CMakeFiles/ISD2190.elf.dir/Core/Src/main.c.obj
                0x20000f59                VM_ERR
 .bss.VM_init   0x20000f5a        0x1 CMakeFiles/ISD2190.elf.dir/Core/Src/main.c.obj
                0x20000f5a                VM_init
 .bss.ble_flag  0x20000f5b        0x1 CMakeFiles/ISD2190.elf.dir/Core/Src/main.c.obj
                0x20000f5b                ble_flag
 .bss.receiving
                0x20000f5c        0x1 CMakeFiles/ISD2190.elf.dir/Core/Src/main.c.obj
                0x20000f5c                receiving
 .bss.restart   0x20000f5d        0x1 CMakeFiles/ISD2190.elf.dir/Core/Src/main.c.obj
                0x20000f5d                restart
 *fill*         0x20000f5e        0x2 
 .bss.rx_buffer
                0x20000f60       0xff CMakeFiles/ISD2190.elf.dir/Core/Src/main.c.obj
                0x20000f60                rx_buffer
 .bss.rx_check  0x2000105f        0x1 CMakeFiles/ISD2190.elf.dir/Core/Src/main.c.obj
                0x2000105f                rx_check
 .bss.rx_index  0x20001060        0x1 CMakeFiles/ISD2190.elf.dir/Core/Src/main.c.obj
                0x20001060                rx_index
 .bss.rx_len    0x20001061        0x1 CMakeFiles/ISD2190.elf.dir/Core/Src/main.c.obj
                0x20001061                rx_len
 .bss.rxdata    0x20001062        0x1 CMakeFiles/ISD2190.elf.dir/Core/Src/main.c.obj
                0x20001062                rxdata
 *fill*         0x20001063        0x1 
 .bss.__sbrk_heap_end
                0x20001064        0x4 CMakeFiles/ISD2190.elf.dir/Core/Src/sysmem.c.obj
 .bss.htim2     0x20001068       0x40 CMakeFiles/ISD2190.elf.dir/Core/Src/tim.c.obj
                0x20001068                htim2
 .bss.htim3     0x200010a8       0x40 CMakeFiles/ISD2190.elf.dir/Core/Src/tim.c.obj
                0x200010a8                htim3
 .bss.huart2    0x200010e8       0x48 CMakeFiles/ISD2190.elf.dir/Core/Src/usart.c.obj
                0x200010e8                huart2
 .bss.huart3    0x20001130       0x48 CMakeFiles/ISD2190.elf.dir/Core/Src/usart.c.obj
                0x20001130                huart3
 .bss.huart5    0x20001178       0x48 CMakeFiles/ISD2190.elf.dir/Core/Src/usart.c.obj
                0x20001178                huart5
 .bss.uwTick    0x200011c0        0x4 CMakeFiles/ISD2190.elf.dir/Drivers/STM32L1xx_HAL_Driver/Src/stm32l1xx_hal.c.obj
                0x200011c0                uwTick
 .bss.pFlash    0x200011c4       0x18 CMakeFiles/ISD2190.elf.dir/Drivers/STM32L1xx_HAL_Driver/Src/stm32l1xx_hal_flash.c.obj
                0x200011c4                pFlash
 .bss.lastbuf   0x200011dc        0x1 CMakeFiles/ISD2190.elf.dir/User/CollectData.c.obj
                0x200011dc                lastbuf
 *fill*         0x200011dd        0x3 
 .bss.tx_buffer
                0x200011e0       0xff CMakeFiles/ISD2190.elf.dir/User/bt4531.c.obj
                0x200011e0                tx_buffer
 *fill*         0x200012df        0x1 
 .bss.data      0x200012e0        0x4 CMakeFiles/ISD2190.elf.dir/User/flash.c.obj
                0x200012e0                data
 .bss.__lock___atexit_recursive_mutex
                0x200012e4        0x1 d:/clion/gcc-arm-none-eabi-10.3-2021.10/bin/../lib/gcc/arm-none-eabi/10.3.1/../../../../arm-none-eabi/lib/thumb/v7-m/nofp\libg.a(lib_a-lock.o)
                0x200012e4                __lock___atexit_recursive_mutex
 *fill*         0x200012e5        0x3 
 .bss.__lock___malloc_recursive_mutex
                0x200012e8        0x1 d:/clion/gcc-arm-none-eabi-10.3-2021.10/bin/../lib/gcc/arm-none-eabi/10.3.1/../../../../arm-none-eabi/lib/thumb/v7-m/nofp\libg.a(lib_a-lock.o)
                0x200012e8                __lock___malloc_recursive_mutex
 *fill*         0x200012e9        0x3 
 .bss.__lock___sfp_recursive_mutex
                0x200012ec        0x1 d:/clion/gcc-arm-none-eabi-10.3-2021.10/bin/../lib/gcc/arm-none-eabi/10.3.1/../../../../arm-none-eabi/lib/thumb/v7-m/nofp\libg.a(lib_a-lock.o)
                0x200012ec                __lock___sfp_recursive_mutex
 *fill*         0x200012ed        0x3 
 .bss.__lock___sinit_recursive_mutex
                0x200012f0        0x1 d:/clion/gcc-arm-none-eabi-10.3-2021.10/bin/../lib/gcc/arm-none-eabi/10.3.1/../../../../arm-none-eabi/lib/thumb/v7-m/nofp\libg.a(lib_a-lock.o)
                0x200012f0                __lock___sinit_recursive_mutex
 *fill*         0x200012f1        0x3 
 .bss.__malloc_current_mallinfo
                0x200012f4       0x28 d:/clion/gcc-arm-none-eabi-10.3-2021.10/bin/../lib/gcc/arm-none-eabi/10.3.1/../../../../arm-none-eabi/lib/thumb/v7-m/nofp\libg.a(lib_a-mallocr.o)
                0x200012f4                __malloc_current_mallinfo
 .bss.__malloc_max_sbrked_mem
                0x2000131c        0x4 d:/clion/gcc-arm-none-eabi-10.3-2021.10/bin/../lib/gcc/arm-none-eabi/10.3.1/../../../../arm-none-eabi/lib/thumb/v7-m/nofp\libg.a(lib_a-mallocr.o)
                0x2000131c                __malloc_max_sbrked_mem
 .bss.__malloc_max_total_mem
                0x20001320        0x4 d:/clion/gcc-arm-none-eabi-10.3-2021.10/bin/../lib/gcc/arm-none-eabi/10.3.1/../../../../arm-none-eabi/lib/thumb/v7-m/nofp\libg.a(lib_a-mallocr.o)
                0x20001320                __malloc_max_total_mem
 .bss.__malloc_top_pad
                0x20001324        0x4 d:/clion/gcc-arm-none-eabi-10.3-2021.10/bin/../lib/gcc/arm-none-eabi/10.3.1/../../../../arm-none-eabi/lib/thumb/v7-m/nofp\libg.a(lib_a-mallocr.o)
                0x20001324                __malloc_top_pad
 .bss.errno     0x20001328        0x4 d:/clion/gcc-arm-none-eabi-10.3-2021.10/bin/../lib/gcc/arm-none-eabi/10.3.1/../../../../arm-none-eabi/lib/thumb/v7-m/nofp\libg.a(lib_a-reent.o)
                0x20001328                errno
 *(COMMON)
                0x2000132c                . = ALIGN (0x4)
                0x2000132c                _ebss = .
                0x2000132c                __bss_end__ = _ebss

._user_heap_stack
                0x2000132c      0x604 load address 0x08007434
                0x20001330                . = ALIGN (0x8)
 *fill*         0x2000132c        0x4 
                [!provide]                PROVIDE (end = .)
                0x20001330                PROVIDE (_end = .)
                0x20001530                . = (. + _Min_Heap_Size)
 *fill*         0x20001330      0x200 
                0x20001930                . = (. + _Min_Stack_Size)
 *fill*         0x20001530      0x400 
                0x20001930                . = ALIGN (0x8)

/DISCARD/
 libc.a(*)
 libm.a(*)
 libgcc.a(*)

.ARM.attributes
                0x00000000       0x29
 *(.ARM.attributes)
 .ARM.attributes
                0x00000000       0x1d d:/clion/gcc-arm-none-eabi-10.3-2021.10/bin/../lib/gcc/arm-none-eabi/10.3.1/thumb/v7-m/nofp/crti.o
 .ARM.attributes
                0x0000001d       0x2d d:/clion/gcc-arm-none-eabi-10.3-2021.10/bin/../lib/gcc/arm-none-eabi/10.3.1/thumb/v7-m/nofp/crtbegin.o
 .ARM.attributes
                0x0000004a       0x2d CMakeFiles/ISD2190.elf.dir/Core/Src/adc.c.obj
 .ARM.attributes
                0x00000077       0x2d CMakeFiles/ISD2190.elf.dir/Core/Src/dma.c.obj
 .ARM.attributes
                0x000000a4       0x2d CMakeFiles/ISD2190.elf.dir/Core/Src/gpio.c.obj
 .ARM.attributes
                0x000000d1       0x2d CMakeFiles/ISD2190.elf.dir/Core/Src/main.c.obj
 .ARM.attributes
                0x000000fe       0x2d CMakeFiles/ISD2190.elf.dir/Core/Src/stm32l1xx_hal_msp.c.obj
 .ARM.attributes
                0x0000012b       0x2d CMakeFiles/ISD2190.elf.dir/Core/Src/stm32l1xx_it.c.obj
 .ARM.attributes
                0x00000158       0x2d CMakeFiles/ISD2190.elf.dir/Core/Src/syscalls.c.obj
 .ARM.attributes
                0x00000185       0x2d CMakeFiles/ISD2190.elf.dir/Core/Src/sysmem.c.obj
 .ARM.attributes
                0x000001b2       0x2d CMakeFiles/ISD2190.elf.dir/Core/Src/system_stm32l1xx.c.obj
 .ARM.attributes
                0x000001df       0x2d CMakeFiles/ISD2190.elf.dir/Core/Src/tim.c.obj
 .ARM.attributes
                0x0000020c       0x2d CMakeFiles/ISD2190.elf.dir/Core/Src/usart.c.obj
 .ARM.attributes
                0x00000239       0x21 CMakeFiles/ISD2190.elf.dir/Core/Startup/startup_stm32l151rdtx.s.obj
 .ARM.attributes
                0x0000025a       0x2d CMakeFiles/ISD2190.elf.dir/Drivers/STM32L1xx_HAL_Driver/Src/stm32l1xx_hal.c.obj
 .ARM.attributes
                0x00000287       0x2d CMakeFiles/ISD2190.elf.dir/Drivers/STM32L1xx_HAL_Driver/Src/stm32l1xx_hal_adc.c.obj
 .ARM.attributes
                0x000002b4       0x2d CMakeFiles/ISD2190.elf.dir/Drivers/STM32L1xx_HAL_Driver/Src/stm32l1xx_hal_cortex.c.obj
 .ARM.attributes
                0x000002e1       0x2d CMakeFiles/ISD2190.elf.dir/Drivers/STM32L1xx_HAL_Driver/Src/stm32l1xx_hal_dma.c.obj
 .ARM.attributes
                0x0000030e       0x2d CMakeFiles/ISD2190.elf.dir/Drivers/STM32L1xx_HAL_Driver/Src/stm32l1xx_hal_flash.c.obj
 .ARM.attributes
                0x0000033b       0x2d CMakeFiles/ISD2190.elf.dir/Drivers/STM32L1xx_HAL_Driver/Src/stm32l1xx_hal_flash_ex.c.obj
 .ARM.attributes
                0x00000368       0x2d CMakeFiles/ISD2190.elf.dir/Drivers/STM32L1xx_HAL_Driver/Src/stm32l1xx_hal_gpio.c.obj
 .ARM.attributes
                0x00000395       0x2d CMakeFiles/ISD2190.elf.dir/Drivers/STM32L1xx_HAL_Driver/Src/stm32l1xx_hal_rcc.c.obj
 .ARM.attributes
                0x000003c2       0x2d CMakeFiles/ISD2190.elf.dir/Drivers/STM32L1xx_HAL_Driver/Src/stm32l1xx_hal_tim.c.obj
 .ARM.attributes
                0x000003ef       0x2d CMakeFiles/ISD2190.elf.dir/Drivers/STM32L1xx_HAL_Driver/Src/stm32l1xx_hal_tim_ex.c.obj
 .ARM.attributes
                0x0000041c       0x2d CMakeFiles/ISD2190.elf.dir/Drivers/STM32L1xx_HAL_Driver/Src/stm32l1xx_hal_uart.c.obj
 .ARM.attributes
                0x00000449       0x2d CMakeFiles/ISD2190.elf.dir/User/CollectData.c.obj
 .ARM.attributes
                0x00000476       0x2d CMakeFiles/ISD2190.elf.dir/User/VMxx.c.obj
 .ARM.attributes
                0x000004a3       0x2d CMakeFiles/ISD2190.elf.dir/User/bt4531.c.obj
 .ARM.attributes
                0x000004d0       0x2d CMakeFiles/ISD2190.elf.dir/User/flash.c.obj
 .ARM.attributes
                0x000004fd       0x2d CMakeFiles/ISD2190.elf.dir/User/hardware.c.obj
 .ARM.attributes
                0x0000052a       0x2d CMakeFiles/ISD2190.elf.dir/User/temp.c.obj
 .ARM.attributes
                0x00000557       0x1d d:/clion/gcc-arm-none-eabi-10.3-2021.10/bin/../lib/gcc/arm-none-eabi/10.3.1/thumb/v7-m/nofp\libgcc.a(_arm_muldf3.o)
 .ARM.attributes
                0x00000574       0x1d d:/clion/gcc-arm-none-eabi-10.3-2021.10/bin/../lib/gcc/arm-none-eabi/10.3.1/thumb/v7-m/nofp\libgcc.a(_arm_addsubdf3.o)
 .ARM.attributes
                0x00000591       0x1d d:/clion/gcc-arm-none-eabi-10.3-2021.10/bin/../lib/gcc/arm-none-eabi/10.3.1/thumb/v7-m/nofp\libgcc.a(_arm_truncdfsf2.o)
 .ARM.attributes
                0x000005ae       0x1d d:/clion/gcc-arm-none-eabi-10.3-2021.10/bin/../lib/gcc/arm-none-eabi/10.3.1/thumb/v7-m/nofp\libgcc.a(_arm_addsubsf3.o)
 .ARM.attributes
                0x000005cb       0x1d d:/clion/gcc-arm-none-eabi-10.3-2021.10/bin/../lib/gcc/arm-none-eabi/10.3.1/thumb/v7-m/nofp\libgcc.a(_arm_muldivsf3.o)
 .ARM.attributes
                0x000005e8       0x1d d:/clion/gcc-arm-none-eabi-10.3-2021.10/bin/../lib/gcc/arm-none-eabi/10.3.1/thumb/v7-m/nofp\libgcc.a(_arm_fixunssfsi.o)
 .ARM.attributes
                0x00000605       0x1d d:/clion/gcc-arm-none-eabi-10.3-2021.10/bin/../lib/gcc/arm-none-eabi/10.3.1/thumb/v7-m/nofp\libgcc.a(_aeabi_uldivmod.o)
 .ARM.attributes
                0x00000622       0x2d d:/clion/gcc-arm-none-eabi-10.3-2021.10/bin/../lib/gcc/arm-none-eabi/10.3.1/thumb/v7-m/nofp\libgcc.a(_udivmoddi4.o)
 .ARM.attributes
                0x0000064f       0x1d d:/clion/gcc-arm-none-eabi-10.3-2021.10/bin/../lib/gcc/arm-none-eabi/10.3.1/thumb/v7-m/nofp\libgcc.a(_dvmd_tls.o)
 .ARM.attributes
                0x0000066c       0x2d d:/clion/gcc-arm-none-eabi-10.3-2021.10/bin/../lib/gcc/arm-none-eabi/10.3.1/../../../../arm-none-eabi/lib/thumb/v7-m/nofp\libg.a(lib_a-errno.o)
 .ARM.attributes
                0x00000699       0x2d d:/clion/gcc-arm-none-eabi-10.3-2021.10/bin/../lib/gcc/arm-none-eabi/10.3.1/../../../../arm-none-eabi/lib/thumb/v7-m/nofp\libg.a(lib_a-impure.o)
 .ARM.attributes
                0x000006c6       0x2d d:/clion/gcc-arm-none-eabi-10.3-2021.10/bin/../lib/gcc/arm-none-eabi/10.3.1/../../../../arm-none-eabi/lib/thumb/v7-m/nofp\libg.a(lib_a-init.o)
 .ARM.attributes
                0x000006f3       0x1b d:/clion/gcc-arm-none-eabi-10.3-2021.10/bin/../lib/gcc/arm-none-eabi/10.3.1/../../../../arm-none-eabi/lib/thumb/v7-m/nofp\libg.a(lib_a-memcpy.o)
 .ARM.attributes
                0x0000070e       0x2d d:/clion/gcc-arm-none-eabi-10.3-2021.10/bin/../lib/gcc/arm-none-eabi/10.3.1/../../../../arm-none-eabi/lib/thumb/v7-m/nofp\libg.a(lib_a-memset.o)
 .ARM.attributes
                0x0000073b       0x2d d:/clion/gcc-arm-none-eabi-10.3-2021.10/bin/../lib/gcc/arm-none-eabi/10.3.1/../../../../arm-none-eabi/lib/thumb/v7-m/nofp\libg.a(lib_a-puts.o)
 .ARM.attributes
                0x00000768       0x2d d:/clion/gcc-arm-none-eabi-10.3-2021.10/bin/../lib/gcc/arm-none-eabi/10.3.1/../../../../arm-none-eabi/lib/thumb/v7-m/nofp\libg.a(lib_a-strlen-stub.o)
 .ARM.attributes
                0x00000795       0x2d d:/clion/gcc-arm-none-eabi-10.3-2021.10/bin/../lib/gcc/arm-none-eabi/10.3.1/../../../../arm-none-eabi/lib/thumb/v7-m/nofp\libg.a(lib_a-__call_atexit.o)
 .ARM.attributes
                0x000007c2       0x2d d:/clion/gcc-arm-none-eabi-10.3-2021.10/bin/../lib/gcc/arm-none-eabi/10.3.1/../../../../arm-none-eabi/lib/thumb/v7-m/nofp\libg.a(lib_a-atexit.o)
 .ARM.attributes
                0x000007ef       0x2d d:/clion/gcc-arm-none-eabi-10.3-2021.10/bin/../lib/gcc/arm-none-eabi/10.3.1/../../../../arm-none-eabi/lib/thumb/v7-m/nofp\libg.a(lib_a-findfp.o)
 .ARM.attributes
                0x0000081c       0x2d d:/clion/gcc-arm-none-eabi-10.3-2021.10/bin/../lib/gcc/arm-none-eabi/10.3.1/../../../../arm-none-eabi/lib/thumb/v7-m/nofp\libg.a(lib_a-fini.o)
 .ARM.attributes
                0x00000849       0x2d d:/clion/gcc-arm-none-eabi-10.3-2021.10/bin/../lib/gcc/arm-none-eabi/10.3.1/../../../../arm-none-eabi/lib/thumb/v7-m/nofp\libg.a(lib_a-fvwrite.o)
 .ARM.attributes
                0x00000876       0x2d d:/clion/gcc-arm-none-eabi-10.3-2021.10/bin/../lib/gcc/arm-none-eabi/10.3.1/../../../../arm-none-eabi/lib/thumb/v7-m/nofp\libg.a(lib_a-fwalk.o)
 .ARM.attributes
                0x000008a3       0x2d d:/clion/gcc-arm-none-eabi-10.3-2021.10/bin/../lib/gcc/arm-none-eabi/10.3.1/../../../../arm-none-eabi/lib/thumb/v7-m/nofp\libg.a(lib_a-lock.o)
 .ARM.attributes
                0x000008d0       0x2d d:/clion/gcc-arm-none-eabi-10.3-2021.10/bin/../lib/gcc/arm-none-eabi/10.3.1/../../../../arm-none-eabi/lib/thumb/v7-m/nofp\libg.a(lib_a-mallocr.o)
 .ARM.attributes
                0x000008fd       0x2d d:/clion/gcc-arm-none-eabi-10.3-2021.10/bin/../lib/gcc/arm-none-eabi/10.3.1/../../../../arm-none-eabi/lib/thumb/v7-m/nofp\libg.a(lib_a-memchr-stub.o)
 .ARM.attributes
                0x0000092a       0x2d d:/clion/gcc-arm-none-eabi-10.3-2021.10/bin/../lib/gcc/arm-none-eabi/10.3.1/../../../../arm-none-eabi/lib/thumb/v7-m/nofp\libg.a(lib_a-memmove.o)
 .ARM.attributes
                0x00000957       0x2d d:/clion/gcc-arm-none-eabi-10.3-2021.10/bin/../lib/gcc/arm-none-eabi/10.3.1/../../../../arm-none-eabi/lib/thumb/v7-m/nofp\libg.a(lib_a-mlock.o)
 .ARM.attributes
                0x00000984       0x2d d:/clion/gcc-arm-none-eabi-10.3-2021.10/bin/../lib/gcc/arm-none-eabi/10.3.1/../../../../arm-none-eabi/lib/thumb/v7-m/nofp\libg.a(lib_a-reallocr.o)
 .ARM.attributes
                0x000009b1       0x2d d:/clion/gcc-arm-none-eabi-10.3-2021.10/bin/../lib/gcc/arm-none-eabi/10.3.1/../../../../arm-none-eabi/lib/thumb/v7-m/nofp\libg.a(lib_a-sbrkr.o)
 .ARM.attributes
                0x000009de       0x2d d:/clion/gcc-arm-none-eabi-10.3-2021.10/bin/../lib/gcc/arm-none-eabi/10.3.1/../../../../arm-none-eabi/lib/thumb/v7-m/nofp\libg.a(lib_a-stdio.o)
 .ARM.attributes
                0x00000a0b       0x2d d:/clion/gcc-arm-none-eabi-10.3-2021.10/bin/../lib/gcc/arm-none-eabi/10.3.1/../../../../arm-none-eabi/lib/thumb/v7-m/nofp\libg.a(lib_a-writer.o)
 .ARM.attributes
                0x00000a38       0x2d d:/clion/gcc-arm-none-eabi-10.3-2021.10/bin/../lib/gcc/arm-none-eabi/10.3.1/../../../../arm-none-eabi/lib/thumb/v7-m/nofp\libg.a(lib_a-wsetup.o)
 .ARM.attributes
                0x00000a65       0x2d d:/clion/gcc-arm-none-eabi-10.3-2021.10/bin/../lib/gcc/arm-none-eabi/10.3.1/../../../../arm-none-eabi/lib/thumb/v7-m/nofp\libg.a(lib_a-__atexit.o)
 .ARM.attributes
                0x00000a92       0x2d d:/clion/gcc-arm-none-eabi-10.3-2021.10/bin/../lib/gcc/arm-none-eabi/10.3.1/../../../../arm-none-eabi/lib/thumb/v7-m/nofp\libg.a(lib_a-closer.o)
 .ARM.attributes
                0x00000abf       0x2d d:/clion/gcc-arm-none-eabi-10.3-2021.10/bin/../lib/gcc/arm-none-eabi/10.3.1/../../../../arm-none-eabi/lib/thumb/v7-m/nofp\libg.a(lib_a-fclose.o)
 .ARM.attributes
                0x00000aec       0x2d d:/clion/gcc-arm-none-eabi-10.3-2021.10/bin/../lib/gcc/arm-none-eabi/10.3.1/../../../../arm-none-eabi/lib/thumb/v7-m/nofp\libg.a(lib_a-fflush.o)
 .ARM.attributes
                0x00000b19       0x2d d:/clion/gcc-arm-none-eabi-10.3-2021.10/bin/../lib/gcc/arm-none-eabi/10.3.1/../../../../arm-none-eabi/lib/thumb/v7-m/nofp\libg.a(lib_a-freer.o)
 .ARM.attributes
                0x00000b46       0x2d d:/clion/gcc-arm-none-eabi-10.3-2021.10/bin/../lib/gcc/arm-none-eabi/10.3.1/../../../../arm-none-eabi/lib/thumb/v7-m/nofp\libg.a(lib_a-lseekr.o)
 .ARM.attributes
                0x00000b73       0x2d d:/clion/gcc-arm-none-eabi-10.3-2021.10/bin/../lib/gcc/arm-none-eabi/10.3.1/../../../../arm-none-eabi/lib/thumb/v7-m/nofp\libg.a(lib_a-makebuf.o)
 .ARM.attributes
                0x00000ba0       0x2d d:/clion/gcc-arm-none-eabi-10.3-2021.10/bin/../lib/gcc/arm-none-eabi/10.3.1/../../../../arm-none-eabi/lib/thumb/v7-m/nofp\libg.a(lib_a-readr.o)
 .ARM.attributes
                0x00000bcd       0x2d d:/clion/gcc-arm-none-eabi-10.3-2021.10/bin/../lib/gcc/arm-none-eabi/10.3.1/../../../../arm-none-eabi/lib/thumb/v7-m/nofp\libg.a(lib_a-reent.o)
 .ARM.attributes
                0x00000bfa       0x2d d:/clion/gcc-arm-none-eabi-10.3-2021.10/bin/../lib/gcc/arm-none-eabi/10.3.1/../../../../arm-none-eabi/lib/thumb/v7-m/nofp\libg.a(lib_a-fstatr.o)
 .ARM.attributes
                0x00000c27       0x2d d:/clion/gcc-arm-none-eabi-10.3-2021.10/bin/../lib/gcc/arm-none-eabi/10.3.1/../../../../arm-none-eabi/lib/thumb/v7-m/nofp\libg.a(lib_a-isattyr.o)
 .ARM.attributes
                0x00000c54       0x1d d:/clion/gcc-arm-none-eabi-10.3-2021.10/bin/../lib/gcc/arm-none-eabi/10.3.1/thumb/v7-m/nofp/crtn.o
OUTPUT(ISD2190.elf elf32-littlearm)
LOAD linker stubs
LOAD d:/clion/gcc-arm-none-eabi-10.3-2021.10/bin/../lib/gcc/arm-none-eabi/10.3.1/../../../../arm-none-eabi/lib/thumb/v7-m/nofp\libc.a
LOAD d:/clion/gcc-arm-none-eabi-10.3-2021.10/bin/../lib/gcc/arm-none-eabi/10.3.1/../../../../arm-none-eabi/lib/thumb/v7-m/nofp\libm.a
LOAD d:/clion/gcc-arm-none-eabi-10.3-2021.10/bin/../lib/gcc/arm-none-eabi/10.3.1/thumb/v7-m/nofp\libgcc.a

.debug_info     0x00000000    0x16c5f
 .debug_info    0x00000000      0xcdd CMakeFiles/ISD2190.elf.dir/Core/Src/adc.c.obj
 .debug_info    0x00000cdd      0x37b CMakeFiles/ISD2190.elf.dir/Core/Src/dma.c.obj
 .debug_info    0x00001058      0x3f3 CMakeFiles/ISD2190.elf.dir/Core/Src/gpio.c.obj
 .debug_info    0x0000144b     0x1049 CMakeFiles/ISD2190.elf.dir/Core/Src/main.c.obj
 .debug_info    0x00002494      0x1d8 CMakeFiles/ISD2190.elf.dir/Core/Src/stm32l1xx_hal_msp.c.obj
 .debug_info    0x0000266c      0xa6e CMakeFiles/ISD2190.elf.dir/Core/Src/stm32l1xx_it.c.obj
 .debug_info    0x000030da      0x7af CMakeFiles/ISD2190.elf.dir/Core/Src/syscalls.c.obj
 .debug_info    0x00003889      0x174 CMakeFiles/ISD2190.elf.dir/Core/Src/sysmem.c.obj
 .debug_info    0x000039fd      0x2bc CMakeFiles/ISD2190.elf.dir/Core/Src/system_stm32l1xx.c.obj
 .debug_info    0x00003cb9      0xbdd CMakeFiles/ISD2190.elf.dir/Core/Src/tim.c.obj
 .debug_info    0x00004896      0xd9d CMakeFiles/ISD2190.elf.dir/Core/Src/usart.c.obj
 .debug_info    0x00005633       0x22 CMakeFiles/ISD2190.elf.dir/Core/Startup/startup_stm32l151rdtx.s.obj
 .debug_info    0x00005655      0x7a3 CMakeFiles/ISD2190.elf.dir/Drivers/STM32L1xx_HAL_Driver/Src/stm32l1xx_hal.c.obj
 .debug_info    0x00005df8     0x11a1 CMakeFiles/ISD2190.elf.dir/Drivers/STM32L1xx_HAL_Driver/Src/stm32l1xx_hal_adc.c.obj
 .debug_info    0x00006f99     0x1003 CMakeFiles/ISD2190.elf.dir/Drivers/STM32L1xx_HAL_Driver/Src/stm32l1xx_hal_cortex.c.obj
 .debug_info    0x00007f9c      0x83b CMakeFiles/ISD2190.elf.dir/Drivers/STM32L1xx_HAL_Driver/Src/stm32l1xx_hal_dma.c.obj
 .debug_info    0x000087d7      0x55d CMakeFiles/ISD2190.elf.dir/Drivers/STM32L1xx_HAL_Driver/Src/stm32l1xx_hal_flash.c.obj
 .debug_info    0x00008d34     0x1153 CMakeFiles/ISD2190.elf.dir/Drivers/STM32L1xx_HAL_Driver/Src/stm32l1xx_hal_flash_ex.c.obj
 .debug_info    0x00009e87      0x671 CMakeFiles/ISD2190.elf.dir/Drivers/STM32L1xx_HAL_Driver/Src/stm32l1xx_hal_gpio.c.obj
 .debug_info    0x0000a4f8      0xc16 CMakeFiles/ISD2190.elf.dir/Drivers/STM32L1xx_HAL_Driver/Src/stm32l1xx_hal_rcc.c.obj
 .debug_info    0x0000b10e     0x3b58 CMakeFiles/ISD2190.elf.dir/Drivers/STM32L1xx_HAL_Driver/Src/stm32l1xx_hal_tim.c.obj
 .debug_info    0x0000ec66      0x6fe CMakeFiles/ISD2190.elf.dir/Drivers/STM32L1xx_HAL_Driver/Src/stm32l1xx_hal_tim_ex.c.obj
 .debug_info    0x0000f364     0x4211 CMakeFiles/ISD2190.elf.dir/Drivers/STM32L1xx_HAL_Driver/Src/stm32l1xx_hal_uart.c.obj
 .debug_info    0x00013575     0x1189 CMakeFiles/ISD2190.elf.dir/User/CollectData.c.obj
 .debug_info    0x000146fe      0x643 CMakeFiles/ISD2190.elf.dir/User/VMxx.c.obj
 .debug_info    0x00014d41      0xd66 CMakeFiles/ISD2190.elf.dir/User/bt4531.c.obj
 .debug_info    0x00015aa7      0x488 CMakeFiles/ISD2190.elf.dir/User/flash.c.obj
 .debug_info    0x00015f2f      0xb12 CMakeFiles/ISD2190.elf.dir/User/hardware.c.obj
 .debug_info    0x00016a41      0x21e CMakeFiles/ISD2190.elf.dir/User/temp.c.obj

.debug_abbrev   0x00000000     0x34b8
 .debug_abbrev  0x00000000      0x20b CMakeFiles/ISD2190.elf.dir/Core/Src/adc.c.obj
 .debug_abbrev  0x0000020b      0x114 CMakeFiles/ISD2190.elf.dir/Core/Src/dma.c.obj
 .debug_abbrev  0x0000031f      0x14e CMakeFiles/ISD2190.elf.dir/Core/Src/gpio.c.obj
 .debug_abbrev  0x0000046d      0x22a CMakeFiles/ISD2190.elf.dir/Core/Src/main.c.obj
 .debug_abbrev  0x00000697       0xbf CMakeFiles/ISD2190.elf.dir/Core/Src/stm32l1xx_hal_msp.c.obj
 .debug_abbrev  0x00000756      0x19c CMakeFiles/ISD2190.elf.dir/Core/Src/stm32l1xx_it.c.obj
 .debug_abbrev  0x000008f2      0x1a3 CMakeFiles/ISD2190.elf.dir/Core/Src/syscalls.c.obj
 .debug_abbrev  0x00000a95       0xe7 CMakeFiles/ISD2190.elf.dir/Core/Src/sysmem.c.obj
 .debug_abbrev  0x00000b7c      0x119 CMakeFiles/ISD2190.elf.dir/Core/Src/system_stm32l1xx.c.obj
 .debug_abbrev  0x00000c95      0x1de CMakeFiles/ISD2190.elf.dir/Core/Src/tim.c.obj
 .debug_abbrev  0x00000e73      0x215 CMakeFiles/ISD2190.elf.dir/Core/Src/usart.c.obj
 .debug_abbrev  0x00001088       0x12 CMakeFiles/ISD2190.elf.dir/Core/Startup/startup_stm32l151rdtx.s.obj
 .debug_abbrev  0x0000109a      0x24c CMakeFiles/ISD2190.elf.dir/Drivers/STM32L1xx_HAL_Driver/Src/stm32l1xx_hal.c.obj
 .debug_abbrev  0x000012e6      0x293 CMakeFiles/ISD2190.elf.dir/Drivers/STM32L1xx_HAL_Driver/Src/stm32l1xx_hal_adc.c.obj
 .debug_abbrev  0x00001579      0x36a CMakeFiles/ISD2190.elf.dir/Drivers/STM32L1xx_HAL_Driver/Src/stm32l1xx_hal_cortex.c.obj
 .debug_abbrev  0x000018e3      0x21a CMakeFiles/ISD2190.elf.dir/Drivers/STM32L1xx_HAL_Driver/Src/stm32l1xx_hal_dma.c.obj
 .debug_abbrev  0x00001afd      0x236 CMakeFiles/ISD2190.elf.dir/Drivers/STM32L1xx_HAL_Driver/Src/stm32l1xx_hal_flash.c.obj
 .debug_abbrev  0x00001d33      0x299 CMakeFiles/ISD2190.elf.dir/Drivers/STM32L1xx_HAL_Driver/Src/stm32l1xx_hal_flash_ex.c.obj
 .debug_abbrev  0x00001fcc      0x1ef CMakeFiles/ISD2190.elf.dir/Drivers/STM32L1xx_HAL_Driver/Src/stm32l1xx_hal_gpio.c.obj
 .debug_abbrev  0x000021bb      0x2a8 CMakeFiles/ISD2190.elf.dir/Drivers/STM32L1xx_HAL_Driver/Src/stm32l1xx_hal_rcc.c.obj
 .debug_abbrev  0x00002463      0x232 CMakeFiles/ISD2190.elf.dir/Drivers/STM32L1xx_HAL_Driver/Src/stm32l1xx_hal_tim.c.obj
 .debug_abbrev  0x00002695      0x170 CMakeFiles/ISD2190.elf.dir/Drivers/STM32L1xx_HAL_Driver/Src/stm32l1xx_hal_tim_ex.c.obj
 .debug_abbrev  0x00002805      0x2dd CMakeFiles/ISD2190.elf.dir/Drivers/STM32L1xx_HAL_Driver/Src/stm32l1xx_hal_uart.c.obj
 .debug_abbrev  0x00002ae2      0x228 CMakeFiles/ISD2190.elf.dir/User/CollectData.c.obj
 .debug_abbrev  0x00002d0a      0x170 CMakeFiles/ISD2190.elf.dir/User/VMxx.c.obj
 .debug_abbrev  0x00002e7a      0x2da CMakeFiles/ISD2190.elf.dir/User/bt4531.c.obj
 .debug_abbrev  0x00003154      0x18e CMakeFiles/ISD2190.elf.dir/User/flash.c.obj
 .debug_abbrev  0x000032e2       0xe2 CMakeFiles/ISD2190.elf.dir/User/hardware.c.obj
 .debug_abbrev  0x000033c4       0xf4 CMakeFiles/ISD2190.elf.dir/User/temp.c.obj

.debug_loc      0x00000000     0xeaca
 .debug_loc     0x00000000       0x71 CMakeFiles/ISD2190.elf.dir/Core/Src/adc.c.obj
 .debug_loc     0x00000071      0x3c5 CMakeFiles/ISD2190.elf.dir/Core/Src/syscalls.c.obj
 .debug_loc     0x00000436       0x64 CMakeFiles/ISD2190.elf.dir/Core/Src/sysmem.c.obj
 .debug_loc     0x0000049a      0x1d6 CMakeFiles/ISD2190.elf.dir/Core/Src/system_stm32l1xx.c.obj
 .debug_loc     0x00000670       0xbe CMakeFiles/ISD2190.elf.dir/Core/Src/tim.c.obj
 .debug_loc     0x0000072e      0x11b CMakeFiles/ISD2190.elf.dir/Core/Src/usart.c.obj
 .debug_loc     0x00000849      0x1cd CMakeFiles/ISD2190.elf.dir/Drivers/STM32L1xx_HAL_Driver/Src/stm32l1xx_hal.c.obj
 .debug_loc     0x00000a16      0xa62 CMakeFiles/ISD2190.elf.dir/Drivers/STM32L1xx_HAL_Driver/Src/stm32l1xx_hal_adc.c.obj
 .debug_loc     0x00001478      0x744 CMakeFiles/ISD2190.elf.dir/Drivers/STM32L1xx_HAL_Driver/Src/stm32l1xx_hal_cortex.c.obj
 .debug_loc     0x00001bbc      0x7cf CMakeFiles/ISD2190.elf.dir/Drivers/STM32L1xx_HAL_Driver/Src/stm32l1xx_hal_dma.c.obj
 .debug_loc     0x0000238b      0x272 CMakeFiles/ISD2190.elf.dir/Drivers/STM32L1xx_HAL_Driver/Src/stm32l1xx_hal_flash.c.obj
 .debug_loc     0x000025fd     0x1155 CMakeFiles/ISD2190.elf.dir/Drivers/STM32L1xx_HAL_Driver/Src/stm32l1xx_hal_flash_ex.c.obj
 .debug_loc     0x00003752      0x41a CMakeFiles/ISD2190.elf.dir/Drivers/STM32L1xx_HAL_Driver/Src/stm32l1xx_hal_gpio.c.obj
 .debug_loc     0x00003b6c      0x6f8 CMakeFiles/ISD2190.elf.dir/Drivers/STM32L1xx_HAL_Driver/Src/stm32l1xx_hal_rcc.c.obj
 .debug_loc     0x00004264     0x4984 CMakeFiles/ISD2190.elf.dir/Drivers/STM32L1xx_HAL_Driver/Src/stm32l1xx_hal_tim.c.obj
 .debug_loc     0x00008be8       0xc8 CMakeFiles/ISD2190.elf.dir/Drivers/STM32L1xx_HAL_Driver/Src/stm32l1xx_hal_tim_ex.c.obj
 .debug_loc     0x00008cb0     0x487b CMakeFiles/ISD2190.elf.dir/Drivers/STM32L1xx_HAL_Driver/Src/stm32l1xx_hal_uart.c.obj
 .debug_loc     0x0000d52b      0x1c4 CMakeFiles/ISD2190.elf.dir/User/CollectData.c.obj
 .debug_loc     0x0000d6ef      0x8b4 CMakeFiles/ISD2190.elf.dir/User/bt4531.c.obj
 .debug_loc     0x0000dfa3      0x12a CMakeFiles/ISD2190.elf.dir/User/flash.c.obj
 .debug_loc     0x0000e0cd      0x897 CMakeFiles/ISD2190.elf.dir/User/hardware.c.obj
 .debug_loc     0x0000e964      0x166 CMakeFiles/ISD2190.elf.dir/User/temp.c.obj

.debug_aranges  0x00000000      0xfa8
 .debug_aranges
                0x00000000       0x30 CMakeFiles/ISD2190.elf.dir/Core/Src/adc.c.obj
 .debug_aranges
                0x00000030       0x20 CMakeFiles/ISD2190.elf.dir/Core/Src/dma.c.obj
 .debug_aranges
                0x00000050       0x20 CMakeFiles/ISD2190.elf.dir/Core/Src/gpio.c.obj
 .debug_aranges
                0x00000070       0x30 CMakeFiles/ISD2190.elf.dir/Core/Src/main.c.obj
 .debug_aranges
                0x000000a0       0x20 CMakeFiles/ISD2190.elf.dir/Core/Src/stm32l1xx_hal_msp.c.obj
 .debug_aranges
                0x000000c0       0x90 CMakeFiles/ISD2190.elf.dir/Core/Src/stm32l1xx_it.c.obj
 .debug_aranges
                0x00000150       0xa8 CMakeFiles/ISD2190.elf.dir/Core/Src/syscalls.c.obj
 .debug_aranges
                0x000001f8       0x20 CMakeFiles/ISD2190.elf.dir/Core/Src/sysmem.c.obj
 .debug_aranges
                0x00000218       0x28 CMakeFiles/ISD2190.elf.dir/Core/Src/system_stm32l1xx.c.obj
 .debug_aranges
                0x00000240       0x38 CMakeFiles/ISD2190.elf.dir/Core/Src/tim.c.obj
 .debug_aranges
                0x00000278       0x48 CMakeFiles/ISD2190.elf.dir/Core/Src/usart.c.obj
 .debug_aranges
                0x000002c0       0x28 CMakeFiles/ISD2190.elf.dir/Core/Startup/startup_stm32l151rdtx.s.obj
 .debug_aranges
                0x000002e8       0xe0 CMakeFiles/ISD2190.elf.dir/Drivers/STM32L1xx_HAL_Driver/Src/stm32l1xx_hal.c.obj
 .debug_aranges
                0x000003c8       0xf0 CMakeFiles/ISD2190.elf.dir/Drivers/STM32L1xx_HAL_Driver/Src/stm32l1xx_hal_adc.c.obj
 .debug_aranges
                0x000004b8       0xa8 CMakeFiles/ISD2190.elf.dir/Drivers/STM32L1xx_HAL_Driver/Src/stm32l1xx_hal_cortex.c.obj
 .debug_aranges
                0x00000560       0x80 CMakeFiles/ISD2190.elf.dir/Drivers/STM32L1xx_HAL_Driver/Src/stm32l1xx_hal_dma.c.obj
 .debug_aranges
                0x000005e0       0x80 CMakeFiles/ISD2190.elf.dir/Drivers/STM32L1xx_HAL_Driver/Src/stm32l1xx_hal_flash.c.obj
 .debug_aranges
                0x00000660      0x108 CMakeFiles/ISD2190.elf.dir/Drivers/STM32L1xx_HAL_Driver/Src/stm32l1xx_hal_flash_ex.c.obj
 .debug_aranges
                0x00000768       0x58 CMakeFiles/ISD2190.elf.dir/Drivers/STM32L1xx_HAL_Driver/Src/stm32l1xx_hal_gpio.c.obj
 .debug_aranges
                0x000007c0       0x90 CMakeFiles/ISD2190.elf.dir/Drivers/STM32L1xx_HAL_Driver/Src/stm32l1xx_hal_rcc.c.obj
 .debug_aranges
                0x00000850      0x3d0 CMakeFiles/ISD2190.elf.dir/Drivers/STM32L1xx_HAL_Driver/Src/stm32l1xx_hal_tim.c.obj
 .debug_aranges
                0x00000c20       0x28 CMakeFiles/ISD2190.elf.dir/Drivers/STM32L1xx_HAL_Driver/Src/stm32l1xx_hal_tim_ex.c.obj
 .debug_aranges
                0x00000c48      0x208 CMakeFiles/ISD2190.elf.dir/Drivers/STM32L1xx_HAL_Driver/Src/stm32l1xx_hal_uart.c.obj
 .debug_aranges
                0x00000e50       0x38 CMakeFiles/ISD2190.elf.dir/User/CollectData.c.obj
 .debug_aranges
                0x00000e88       0x28 CMakeFiles/ISD2190.elf.dir/User/VMxx.c.obj
 .debug_aranges
                0x00000eb0       0x58 CMakeFiles/ISD2190.elf.dir/User/bt4531.c.obj
 .debug_aranges
                0x00000f08       0x30 CMakeFiles/ISD2190.elf.dir/User/flash.c.obj
 .debug_aranges
                0x00000f38       0x48 CMakeFiles/ISD2190.elf.dir/User/hardware.c.obj
 .debug_aranges
                0x00000f80       0x28 CMakeFiles/ISD2190.elf.dir/User/temp.c.obj

.debug_ranges   0x00000000      0xfa0
 .debug_ranges  0x00000000       0x20 CMakeFiles/ISD2190.elf.dir/Core/Src/adc.c.obj
 .debug_ranges  0x00000020       0x10 CMakeFiles/ISD2190.elf.dir/Core/Src/dma.c.obj
 .debug_ranges  0x00000030       0x10 CMakeFiles/ISD2190.elf.dir/Core/Src/gpio.c.obj
 .debug_ranges  0x00000040       0x20 CMakeFiles/ISD2190.elf.dir/Core/Src/main.c.obj
 .debug_ranges  0x00000060       0x10 CMakeFiles/ISD2190.elf.dir/Core/Src/stm32l1xx_hal_msp.c.obj
 .debug_ranges  0x00000070       0x80 CMakeFiles/ISD2190.elf.dir/Core/Src/stm32l1xx_it.c.obj
 .debug_ranges  0x000000f0       0x98 CMakeFiles/ISD2190.elf.dir/Core/Src/syscalls.c.obj
 .debug_ranges  0x00000188       0x10 CMakeFiles/ISD2190.elf.dir/Core/Src/sysmem.c.obj
 .debug_ranges  0x00000198       0x18 CMakeFiles/ISD2190.elf.dir/Core/Src/system_stm32l1xx.c.obj
 .debug_ranges  0x000001b0       0x28 CMakeFiles/ISD2190.elf.dir/Core/Src/tim.c.obj
 .debug_ranges  0x000001d8       0x38 CMakeFiles/ISD2190.elf.dir/Core/Src/usart.c.obj
 .debug_ranges  0x00000210       0x20 CMakeFiles/ISD2190.elf.dir/Core/Startup/startup_stm32l151rdtx.s.obj
 .debug_ranges  0x00000230       0xd0 CMakeFiles/ISD2190.elf.dir/Drivers/STM32L1xx_HAL_Driver/Src/stm32l1xx_hal.c.obj
 .debug_ranges  0x00000300       0xe0 CMakeFiles/ISD2190.elf.dir/Drivers/STM32L1xx_HAL_Driver/Src/stm32l1xx_hal_adc.c.obj
 .debug_ranges  0x000003e0       0xf8 CMakeFiles/ISD2190.elf.dir/Drivers/STM32L1xx_HAL_Driver/Src/stm32l1xx_hal_cortex.c.obj
 .debug_ranges  0x000004d8       0x70 CMakeFiles/ISD2190.elf.dir/Drivers/STM32L1xx_HAL_Driver/Src/stm32l1xx_hal_dma.c.obj
 .debug_ranges  0x00000548       0x70 CMakeFiles/ISD2190.elf.dir/Drivers/STM32L1xx_HAL_Driver/Src/stm32l1xx_hal_flash.c.obj
 .debug_ranges  0x000005b8       0xf8 CMakeFiles/ISD2190.elf.dir/Drivers/STM32L1xx_HAL_Driver/Src/stm32l1xx_hal_flash_ex.c.obj
 .debug_ranges  0x000006b0       0x48 CMakeFiles/ISD2190.elf.dir/Drivers/STM32L1xx_HAL_Driver/Src/stm32l1xx_hal_gpio.c.obj
 .debug_ranges  0x000006f8       0x98 CMakeFiles/ISD2190.elf.dir/Drivers/STM32L1xx_HAL_Driver/Src/stm32l1xx_hal_rcc.c.obj
 .debug_ranges  0x00000790      0x3c0 CMakeFiles/ISD2190.elf.dir/Drivers/STM32L1xx_HAL_Driver/Src/stm32l1xx_hal_tim.c.obj
 .debug_ranges  0x00000b50       0x18 CMakeFiles/ISD2190.elf.dir/Drivers/STM32L1xx_HAL_Driver/Src/stm32l1xx_hal_tim_ex.c.obj
 .debug_ranges  0x00000b68      0x210 CMakeFiles/ISD2190.elf.dir/Drivers/STM32L1xx_HAL_Driver/Src/stm32l1xx_hal_uart.c.obj
 .debug_ranges  0x00000d78       0x40 CMakeFiles/ISD2190.elf.dir/User/CollectData.c.obj
 .debug_ranges  0x00000db8       0x18 CMakeFiles/ISD2190.elf.dir/User/VMxx.c.obj
 .debug_ranges  0x00000dd0       0xd8 CMakeFiles/ISD2190.elf.dir/User/bt4531.c.obj
 .debug_ranges  0x00000ea8       0x70 CMakeFiles/ISD2190.elf.dir/User/flash.c.obj
 .debug_ranges  0x00000f18       0x70 CMakeFiles/ISD2190.elf.dir/User/hardware.c.obj
 .debug_ranges  0x00000f88       0x18 CMakeFiles/ISD2190.elf.dir/User/temp.c.obj

.debug_line     0x00000000    0x11a79
 .debug_line    0x00000000      0x5e7 CMakeFiles/ISD2190.elf.dir/Core/Src/adc.c.obj
 .debug_line    0x000005e7      0x1ca CMakeFiles/ISD2190.elf.dir/Core/Src/dma.c.obj
 .debug_line    0x000007b1      0x22b CMakeFiles/ISD2190.elf.dir/Core/Src/gpio.c.obj
 .debug_line    0x000009dc      0x4c7 CMakeFiles/ISD2190.elf.dir/Core/Src/main.c.obj
 .debug_line    0x00000ea3      0x188 CMakeFiles/ISD2190.elf.dir/Core/Src/stm32l1xx_hal_msp.c.obj
 .debug_line    0x0000102b      0x3ab CMakeFiles/ISD2190.elf.dir/Core/Src/stm32l1xx_it.c.obj
 .debug_line    0x000013d6      0x40b CMakeFiles/ISD2190.elf.dir/Core/Src/syscalls.c.obj
 .debug_line    0x000017e1      0x1c0 CMakeFiles/ISD2190.elf.dir/Core/Src/sysmem.c.obj
 .debug_line    0x000019a1      0x269 CMakeFiles/ISD2190.elf.dir/Core/Src/system_stm32l1xx.c.obj
 .debug_line    0x00001c0a      0x407 CMakeFiles/ISD2190.elf.dir/Core/Src/tim.c.obj
 .debug_line    0x00002011      0x51c CMakeFiles/ISD2190.elf.dir/Core/Src/usart.c.obj
 .debug_line    0x0000252d       0xa2 CMakeFiles/ISD2190.elf.dir/Core/Startup/startup_stm32l151rdtx.s.obj
 .debug_line    0x000025cf      0x5a6 CMakeFiles/ISD2190.elf.dir/Drivers/STM32L1xx_HAL_Driver/Src/stm32l1xx_hal.c.obj
 .debug_line    0x00002b75      0xec2 CMakeFiles/ISD2190.elf.dir/Drivers/STM32L1xx_HAL_Driver/Src/stm32l1xx_hal_adc.c.obj
 .debug_line    0x00003a37      0x7ca CMakeFiles/ISD2190.elf.dir/Drivers/STM32L1xx_HAL_Driver/Src/stm32l1xx_hal_cortex.c.obj
 .debug_line    0x00004201      0x9b4 CMakeFiles/ISD2190.elf.dir/Drivers/STM32L1xx_HAL_Driver/Src/stm32l1xx_hal_dma.c.obj
 .debug_line    0x00004bb5      0x686 CMakeFiles/ISD2190.elf.dir/Drivers/STM32L1xx_HAL_Driver/Src/stm32l1xx_hal_flash.c.obj
 .debug_line    0x0000523b      0xd7f CMakeFiles/ISD2190.elf.dir/Drivers/STM32L1xx_HAL_Driver/Src/stm32l1xx_hal_flash_ex.c.obj
 .debug_line    0x00005fba      0x5ad CMakeFiles/ISD2190.elf.dir/Drivers/STM32L1xx_HAL_Driver/Src/stm32l1xx_hal_gpio.c.obj
 .debug_line    0x00006567      0xe0d CMakeFiles/ISD2190.elf.dir/Drivers/STM32L1xx_HAL_Driver/Src/stm32l1xx_hal_rcc.c.obj
 .debug_line    0x00007374     0x413c CMakeFiles/ISD2190.elf.dir/Drivers/STM32L1xx_HAL_Driver/Src/stm32l1xx_hal_tim.c.obj
 .debug_line    0x0000b4b0      0x356 CMakeFiles/ISD2190.elf.dir/Drivers/STM32L1xx_HAL_Driver/Src/stm32l1xx_hal_tim_ex.c.obj
 .debug_line    0x0000b806     0x4411 CMakeFiles/ISD2190.elf.dir/Drivers/STM32L1xx_HAL_Driver/Src/stm32l1xx_hal_uart.c.obj
 .debug_line    0x0000fc17      0x662 CMakeFiles/ISD2190.elf.dir/User/CollectData.c.obj
 .debug_line    0x00010279      0x204 CMakeFiles/ISD2190.elf.dir/User/VMxx.c.obj
 .debug_line    0x0001047d      0xd14 CMakeFiles/ISD2190.elf.dir/User/bt4531.c.obj
 .debug_line    0x00011191      0x353 CMakeFiles/ISD2190.elf.dir/User/flash.c.obj
 .debug_line    0x000114e4      0x3c2 CMakeFiles/ISD2190.elf.dir/User/hardware.c.obj
 .debug_line    0x000118a6      0x1d3 CMakeFiles/ISD2190.elf.dir/User/temp.c.obj

.debug_str      0x00000000     0x49e0
 .debug_str     0x00000000      0x6d9 CMakeFiles/ISD2190.elf.dir/Core/Src/adc.c.obj
                                0x778 (size before relaxing)