Archive member included to satisfy reference by file (symbol)

d:/clion/gcc-arm-none-eabi-10.3-2021.10/bin/../lib/gcc/arm-none-eabi/10.3.1/thumb/v7-m/nofp\libgcc.a(_arm_muldf3.o)
                              CMakeFiles/ISD2190.elf.dir/User/hardware.c.obj (__aeabi_dmul)
d:/clion/gcc-arm-none-eabi-10.3-2021.10/bin/../lib/gcc/arm-none-eabi/10.3.1/thumb/v7-m/nofp\libgcc.a(_arm_mulsf3.o)
                              CMakeFiles/ISD2190.elf.dir/User/hardware.c.obj (__aeabi_fmul)
d:/clion/gcc-arm-none-eabi-10.3-2021.10/bin/../lib/gcc/arm-none-eabi/10.3.1/thumb/v7-m/nofp\libgcc.a(_arm_addsubdf3.o)
                              CMakeFiles/ISD2190.elf.dir/User/hardware.c.obj (__aeabi_dsub)
d:/clion/gcc-arm-none-eabi-10.3-2021.10/bin/../lib/gcc/arm-none-eabi/10.3.1/thumb/v7-m/nofp\libgcc.a(_arm_truncdfsf2.o)
                              CMakeFiles/ISD2190.elf.dir/User/hardware.c.obj (__aeabi_d2f)
d:/clion/gcc-arm-none-eabi-10.3-2021.10/bin/../lib/gcc/arm-none-eabi/10.3.1/thumb/v7-m/nofp\libgcc.a(_arm_addsubsf3.o)
                              CMakeFiles/ISD2190.elf.dir/User/hardware.c.obj (__aeabi_fsub)
d:/clion/gcc-arm-none-eabi-10.3-2021.10/bin/../lib/gcc/arm-none-eabi/10.3.1/thumb/v7-m/nofp\libgcc.a(_arm_muldivsf3.o)
                              CMakeFiles/ISD2190.elf.dir/User/hardware.c.obj (__aeabi_fdiv)
d:/clion/gcc-arm-none-eabi-10.3-2021.10/bin/../lib/gcc/arm-none-eabi/10.3.1/thumb/v7-m/nofp\libgcc.a(_arm_fixunssfsi.o)
                              CMakeFiles/ISD2190.elf.dir/User/bt4531.c.obj (__aeabi_f2uiz)
d:/clion/gcc-arm-none-eabi-10.3-2021.10/bin/../lib/gcc/arm-none-eabi/10.3.1/thumb/v7-m/nofp\libgcc.a(_aeabi_uldivmod.o)
                              CMakeFiles/ISD2190.elf.dir/Drivers/STM32L1xx_HAL_Driver/Src/stm32l1xx_hal_rcc.c.obj (__aeabi_uldivmod)
d:/clion/gcc-arm-none-eabi-10.3-2021.10/bin/../lib/gcc/arm-none-eabi/10.3.1/thumb/v7-m/nofp\libgcc.a(_udivmoddi4.o)
                              d:/clion/gcc-arm-none-eabi-10.3-2021.10/bin/../lib/gcc/arm-none-eabi/10.3.1/thumb/v7-m/nofp\libgcc.a(_aeabi_uldivmod.o) (__udivmoddi4)
d:/clion/gcc-arm-none-eabi-10.3-2021.10/bin/../lib/gcc/arm-none-eabi/10.3.1/thumb/v7-m/nofp\libgcc.a(_dvmd_tls.o)
                              d:/clion/gcc-arm-none-eabi-10.3-2021.10/bin/../lib/gcc/arm-none-eabi/10.3.1/thumb/v7-m/nofp\libgcc.a(_aeabi_uldivmod.o) (__aeabi_ldiv0)
d:/clion/gcc-arm-none-eabi-10.3-2021.10/bin/../lib/gcc/arm-none-eabi/10.3.1/../../../../arm-none-eabi/lib/thumb/v7-m/nofp\libg.a(lib_a-errno.o)
                              CMakeFiles/ISD2190.elf.dir/Core/Src/syscalls.c.obj (__errno)
d:/clion/gcc-arm-none-eabi-10.3-2021.10/bin/../lib/gcc/arm-none-eabi/10.3.1/../../../../arm-none-eabi/lib/thumb/v7-m/nofp\libg.a(lib_a-exit.o)
                              d:/clion/gcc-arm-none-eabi-10.3-2021.10/bin/../lib/gcc/arm-none-eabi/10.3.1/../../../../arm-none-eabi/lib/thumb/v7-m/nofp/crt0.o (exit)
d:/clion/gcc-arm-none-eabi-10.3-2021.10/bin/../lib/gcc/arm-none-eabi/10.3.1/../../../../arm-none-eabi/lib/thumb/v7-m/nofp\libg.a(lib_a-impure.o)
                              d:/clion/gcc-arm-none-eabi-10.3-2021.10/bin/../lib/gcc/arm-none-eabi/10.3.1/../../../../arm-none-eabi/lib/thumb/v7-m/nofp\libg.a(lib_a-exit.o) (_global_impure_ptr)
d:/clion/gcc-arm-none-eabi-10.3-2021.10/bin/../lib/gcc/arm-none-eabi/10.3.1/../../../../arm-none-eabi/lib/thumb/v7-m/nofp\libg.a(lib_a-init.o)
                              d:/clion/gcc-arm-none-eabi-10.3-2021.10/bin/../lib/gcc/arm-none-eabi/10.3.1/../../../../arm-none-eabi/lib/thumb/v7-m/nofp/crt0.o (__libc_init_array)
d:/clion/gcc-arm-none-eabi-10.3-2021.10/bin/../lib/gcc/arm-none-eabi/10.3.1/../../../../arm-none-eabi/lib/thumb/v7-m/nofp\libg.a(lib_a-memcpy.o)
                              CMakeFiles/ISD2190.elf.dir/Middlewares/Third_Party/FreeRTOS/Source/queue.c.obj (memcpy)
d:/clion/gcc-arm-none-eabi-10.3-2021.10/bin/../lib/gcc/arm-none-eabi/10.3.1/../../../../arm-none-eabi/lib/thumb/v7-m/nofp\libg.a(lib_a-memset.o)
                              d:/clion/gcc-arm-none-eabi-10.3-2021.10/bin/../lib/gcc/arm-none-eabi/10.3.1/../../../../arm-none-eabi/lib/thumb/v7-m/nofp/crt0.o (memset)
d:/clion/gcc-arm-none-eabi-10.3-2021.10/bin/../lib/gcc/arm-none-eabi/10.3.1/../../../../arm-none-eabi/lib/thumb/v7-m/nofp\libg.a(lib_a-puts.o)
                              CMakeFiles/ISD2190.elf.dir/Core/Src/main.c.obj (puts)
d:/clion/gcc-arm-none-eabi-10.3-2021.10/bin/../lib/gcc/arm-none-eabi/10.3.1/../../../../arm-none-eabi/lib/thumb/v7-m/nofp\libg.a(lib_a-strlen-stub.o)
                              d:/clion/gcc-arm-none-eabi-10.3-2021.10/bin/../lib/gcc/arm-none-eabi/10.3.1/../../../../arm-none-eabi/lib/thumb/v7-m/nofp\libg.a(lib_a-puts.o) (strlen)
d:/clion/gcc-arm-none-eabi-10.3-2021.10/bin/../lib/gcc/arm-none-eabi/10.3.1/../../../../arm-none-eabi/lib/thumb/v7-m/nofp\libg.a(lib_a-__call_atexit.o)
[...]
Memory Configuration

Name             Origin             Length             Attributes
RAM              0x20000000         0x0000c000         xrw
FLASH            0x08000000         0x00060000         xr
*default*        0x00000000         0xffffffff

Linker script and memory map

LOAD d:/clion/gcc-arm-none-eabi-10.3-2021.10/bin/../lib/gcc/arm-none-eabi/10.3.1/thumb/v7-m/nofp/crti.o
LOAD d:/clion/gcc-arm-none-eabi-10.3-2021.10/bin/../lib/gcc/arm-none-eabi/10.3.1/thumb/v7-m/nofp/crtbegin.o
LOAD d:/clion/gcc-arm-none-eabi-10.3-2021.10/bin/../lib/gcc/arm-none-eabi/10.3.1/../../../../arm-none-eabi/lib/thumb/v7-m/nofp/crt0.o
LOAD CMakeFiles/ISD2190.elf.dir/Core/Src/adc.c.obj
LOAD CMakeFiles/ISD2190.elf.dir/Core/Src/dma.c.obj
LOAD CMakeFiles/ISD2190.elf.dir/Core/Src/freertos.c.obj
LOAD CMakeFiles/ISD2190.elf.dir/Core/Src/gpio.c.obj
LOAD CMakeFiles/ISD2190.elf.dir/Core/Src/iwdg.c.obj
LOAD CMakeFiles/ISD2190.elf.dir/Core/Src/main.c.obj
LOAD CMakeFiles/ISD2190.elf.dir/Core/Src/stm32l1xx_hal_msp.c.obj
LOAD CMakeFiles/ISD2190.elf.dir/Core/Src/stm32l1xx_hal_timebase_tim.c.obj
LOAD CMakeFiles/ISD2190.elf.dir/Core/Src/stm32l1xx_it.c.obj
LOAD CMakeFiles/ISD2190.elf.dir/Core/Src/syscalls.c.obj
LOAD CMakeFiles/ISD2190.elf.dir/Core/Src/sysmem.c.obj
LOAD CMakeFiles/ISD2190.elf.dir/Core/Src/system_stm32l1xx.c.obj
LOAD CMakeFiles/ISD2190.elf.dir/Core/Src/tim.c.obj
LOAD CMakeFiles/ISD2190.elf.dir/Core/Src/usart.c.obj
LOAD CMakeFiles/ISD2190.elf.dir/Core/Startup/startup_stm32l151rdtx.s.obj
LOAD CMakeFiles/ISD2190.elf.dir/Drivers/STM32L1xx_HAL_Driver/Src/stm32l1xx_hal.c.obj
LOAD CMakeFiles/ISD2190.elf.dir/Drivers/STM32L1xx_HAL_Driver/Src/stm32l1xx_hal_adc.c.obj
LOAD CMakeFiles/ISD2190.elf.dir/Drivers/STM32L1xx_HAL_Driver/Src/stm32l1xx_hal_adc_ex.c.obj
LOAD CMakeFiles/ISD2190.elf.dir/Drivers/STM32L1xx_HAL_Driver/Src/stm32l1xx_hal_cortex.c.obj
LOAD CMakeFiles/ISD2190.elf.dir/Drivers/STM32L1xx_HAL_Driver/Src/stm32l1xx_hal_dma.c.obj
LOAD CMakeFiles/ISD2190.elf.dir/Drivers/STM32L1xx_HAL_Driver/Src/stm32l1xx_hal_exti.c.obj
LOAD CMakeFiles/ISD2190.elf.dir/Drivers/STM32L1xx_HAL_Driver/Src/stm32l1xx_hal_flash.c.obj
LOAD CMakeFiles/ISD2190.elf.dir/Drivers/STM32L1xx_HAL_Driver/Src/stm32l1xx_hal_flash_ex.c.obj
LOAD CMakeFiles/ISD2190.elf.dir/Drivers/STM32L1xx_HAL_Driver/Src/stm32l1xx_hal_flash_ramfunc.c.obj
LOAD CMakeFiles/ISD2190.elf.dir/Drivers/STM32L1xx_HAL_Driver/Src/stm32l1xx_hal_gpio.c.obj
LOAD CMakeFiles/ISD2190.elf.dir/Drivers/STM32L1xx_HAL_Driver/Src/stm32l1xx_hal_iwdg.c.obj
LOAD CMakeFiles/ISD2190.elf.dir/Drivers/STM32L1xx_HAL_Driver/Src/stm32l1xx_hal_pwr.c.obj
LOAD CMakeFiles/ISD2190.elf.dir/Drivers/STM32L1xx_HAL_Driver/Src/stm32l1xx_hal_pwr_ex.c.obj
LOAD CMakeFiles/ISD2190.elf.dir/Drivers/STM32L1xx_HAL_Driver/Src/stm32l1xx_hal_rcc.c.obj
LOAD CMakeFiles/ISD2190.elf.dir/Drivers/STM32L1xx_HAL_Driver/Src/stm32l1xx_hal_rcc_ex.c.obj
LOAD CMakeFiles/ISD2190.elf.dir/Drivers/STM32L1xx_HAL_Driver/Src/stm32l1xx_hal_tim.c.obj
LOAD CMakeFiles/ISD2190.elf.dir/Drivers/STM32L1xx_HAL_Driver/Src/stm32l1xx_hal_tim_ex.c.obj
LOAD CMakeFiles/ISD2190.elf.dir/Drivers/STM32L1xx_HAL_Driver/Src/stm32l1xx_hal_uart.c.obj
LOAD CMakeFiles/ISD2190.elf.dir/Middlewares/Third_Party/FreeRTOS/Source/CMSIS_RTOS/cmsis_os.c.obj
LOAD CMakeFiles/ISD2190.elf.dir/Middlewares/Third_Party/FreeRTOS/Source/croutine.c.obj
LOAD CMakeFiles/ISD2190.elf.dir/Middlewares/Third_Party/FreeRTOS/Source/event_groups.c.obj
LOAD CMakeFiles/ISD2190.elf.dir/Middlewares/Third_Party/FreeRTOS/Source/list.c.obj
LOAD CMakeFiles/ISD2190.elf.dir/Middlewares/Third_Party/FreeRTOS/Source/portable/GCC/ARM_CM3/port.c.obj
LOAD CMakeFiles/ISD2190.elf.dir/Middlewares/Third_Party/FreeRTOS/Source/portable/MemMang/heap_4.c.obj
LOAD CMakeFiles/ISD2190.elf.dir/Middlewares/Third_Party/FreeRTOS/Source/queue.c.obj
LOAD CMakeFiles/ISD2190.elf.dir/Middlewares/Third_Party/FreeRTOS/Source/stream_buffer.c.obj
LOAD CMakeFiles/ISD2190.elf.dir/Middlewares/Third_Party/FreeRTOS/Source/tasks.c.obj
LOAD CMakeFiles/ISD2190.elf.dir/Middlewares/Third_Party/FreeRTOS/Source/timers.c.obj
LOAD CMakeFiles/ISD2190.elf.dir/User/CollectData.c.obj
LOAD CMakeFiles/ISD2190.elf.dir/User/VMxx.c.obj
LOAD CMakeFiles/ISD2190.elf.dir/User/bt4531.c.obj
LOAD CMakeFiles/ISD2190.elf.dir/User/flash.c.obj
LOAD CMakeFiles/ISD2190.elf.dir/User/hardware.c.obj
LOAD CMakeFiles/ISD2190.elf.dir/User/temp.c.obj
START GROUP
LOAD d:/clion/gcc-arm-none-eabi-10.3-2021.10/bin/../lib/gcc/arm-none-eabi/10.3.1/thumb/v7-m/nofp\libgcc.a
LOAD d:/clion/gcc-arm-none-eabi-10.3-2021.10/bin/../lib/gcc/arm-none-eabi/10.3.1/../../../../arm-none-eabi/lib/thumb/v7-m/nofp\libg.a
LOAD d:/clion/gcc-arm-none-eabi-10.3-2021.10/bin/../lib/gcc/arm-none-eabi/10.3.1/../../../../arm-none-eabi/lib/thumb/v7-m/nofp\libc.a
END GROUP
LOAD d:/clion/gcc-arm-none-eabi-10.3-2021.10/bin/../lib/gcc/arm-none-eabi/10.3.1/thumb/v7-m/nofp/crtend.o
LOAD d:/clion/gcc-arm-none-eabi-10.3-2021.10/bin/../lib/gcc/arm-none-eabi/10.3.1/thumb/v7-m/nofp/crtn.o
                0x2000c000                _estack = (ORIGIN (RAM) + LENGTH (RAM))
                0x00000200                _Min_Heap_Size = 0x200
                0x00000400                _Min_Stack_Size = 0x400

.isr_vector     0x08000000      0x13c
                0x08000000                . = ALIGN (0x4)
 *(.isr_vector)
 .isr_vector    0x08000000      0x13c CMakeFiles/ISD2190.elf.dir/Core/Startup/startup_stm32l151rdtx.s.obj
                0x08000000                g_pfnVectors
                0x0800013c                . = ALIGN (0x4)

.text           0x08000140     0x8220
                0x08000140                . = ALIGN (0x4)
 *(.text)
 .text          0x08000140       0x40 d:/clion/gcc-arm-none-eabi-10.3-2021.10/bin/../lib/gcc/arm-none-eabi/10.3.1/thumb/v7-m/nofp/crtbegin.o
 .text          0x08000180      0x254 d:/clion/gcc-arm-none-eabi-10.3-2021.10/bin/../lib/gcc/arm-none-eabi/10.3.1/thumb/v7-m/nofp\libgcc.a(_arm_muldf3.o)
                0x08000180                __muldf3
                0x08000180                __aeabi_dmul
 .text          0x080003d4      0x378 d:/clion/gcc-arm-none-eabi-10.3-2021.10/bin/../lib/gcc/arm-none-eabi/10.3.1/thumb/v7-m/nofp\libgcc.a(_arm_addsubdf3.o)
                0x080003d4                __aeabi_drsub
                0x080003dc                __aeabi_dsub
                0x080003dc                __subdf3
                0x080003e0                __aeabi_dadd
                0x080003e0                __adddf3
                0x08000658                __floatunsidf
                0x08000658                __aeabi_ui2d
                0x08000678                __floatsidf
                0x08000678                __aeabi_i2d
                0x0800069c                __aeabi_f2d
                0x0800069c                __extendsfdf2
                0x080006e0                __floatundidf
                0x080006e0                __aeabi_ul2d
                0x080006f0                __floatdidf
                0x080006f0                __aeabi_l2d
 .text          0x0800074c       0xa0 d:/clion/gcc-arm-none-eabi-10.3-2021.10/bin/../lib/gcc/arm-none-eabi/10.3.1/thumb/v7-m/nofp\libgcc.a(_arm_truncdfsf2.o)
                0x0800074c                __truncdfsf2
                0x0800074c                __aeabi_d2f
 .text          0x080007ec      0x21c d:/clion/gcc-arm-none-eabi-10.3-2021.10/bin/../lib/gcc/arm-none-eabi/10.3.1/thumb/v7-m/nofp\libgcc.a(_arm_addsubsf3.o)
                0x080007ec                __aeabi_frsub
                0x080007f4                __subsf3
                0x080007f4                __aeabi_fsub
                0x080007f8                __aeabi_fadd
                0x080007f8                __addsf3
                0x08000958                __aeabi_ui2f
                0x08000958                __floatunsisf
                0x08000960                __aeabi_i2f
                0x08000960                __floatsisf
                0x0800097c                __aeabi_ul2f
                0x0800097c                __floatundisf
                0x0800098c                __aeabi_l2f
                0x0800098c                __floatdisf
 .text          0x08000a08      0x2a0 d:/clion/gcc-arm-none-eabi-10.3-2021.10/bin/../lib/gcc/arm-none-eabi/10.3.1/thumb/v7-m/nofp\libgcc.a(_arm_muldivsf3.o)
                0x08000a08                __mulsf3
                0x08000a08                __aeabi_fmul
                0x08000b70                __aeabi_fdiv
                0x08000b70                __divsf3
 .text          0x08000ca8       0x40 d:/clion/gcc-arm-none-eabi-10.3-2021.10/bin/../lib/gcc/arm-none-eabi/10.3.1/thumb/v7-m/nofp\libgcc.a(_arm_fixunssfsi.o)
                0x08000ca8                __fixunssfsi
                0x08000ca8                __aeabi_f2uiz
 .text          0x08000ce8       0x30 d:/clion/gcc-arm-none-eabi-10.3-2021.10/bin/../lib/gcc/arm-none-eabi/10.3.1/thumb/v7-m/nofp\libgcc.a(_aeabi_uldivmod.o)
                0x08000ce8                __aeabi_uldivmod
 .text          0x08000d18      0x2d4 d:/clion/gcc-arm-none-eabi-10.3-2021.10/bin/../lib/gcc/arm-none-eabi/10.3.1/thumb/v7-m/nofp\libgcc.a(_udivmoddi4.o)
                0x08000d18                __udivmoddi4
 .text          0x08000fec        0x4 d:/clion/gcc-arm-none-eabi-10.3-2021.10/bin/../lib/gcc/arm-none-eabi/10.3.1/thumb/v7-m/nofp\libgcc.a(_dvmd_tls.o)
                0x08000fec                __aeabi_idiv0
                0x08000fec                __aeabi_ldiv0
 .text          0x08000ff0       0xec d:/clion/gcc-arm-none-eabi-10.3-2021.10/bin/../lib/gcc/arm-none-eabi/10.3.1/../../../../arm-none-eabi/lib/thumb/v7-m/nofp\libg.a(lib_a-memcpy.o)
                0x08000ff0                memcpy
 *(.text*)
 .text.MX_ADC_Init
                0x080010dc      0x204 CMakeFiles/ISD2190.elf.dir/Core/Src/adc.c.obj
                0x080010dc                MX_ADC_Init
 .text.HAL_ADC_MspInit
                0x080012e0       0xec CMakeFiles/ISD2190.elf.dir/Core/Src/adc.c.obj
                0x080012e0                HAL_ADC_MspInit
 .text.MX_DMA_Init
                0x080013cc       0x34 CMakeFiles/ISD2190.elf.dir/Core/Src/dma.c.obj
                0x080013cc                MX_DMA_Init
 .text.VM1_Receive_Task
                0x08001400       0xf8 CMakeFiles/ISD2190.elf.dir/Core/Src/freertos.c.obj
                0x08001400                VM1_Receive_Task
 .text.VM2_Receive_Task
                0x080014f8      0x104 CMakeFiles/ISD2190.elf.dir/Core/Src/freertos.c.obj
                0x080014f8                VM2_Receive_Task
 .text.BLE_Receive_Task
                0x080015fc       0x60 CMakeFiles/ISD2190.elf.dir/Core/Src/freertos.c.obj
                0x080015fc                BLE_Receive_Task
 .text.VM_Init_Task
                0x0800165c       0xf8 CMakeFiles/ISD2190.elf.dir/Core/Src/freertos.c.obj
                0x0800165c                VM_Init_Task
 .text.Data_Collect_Task
                0x08001754       0x98 CMakeFiles/ISD2190.elf.dir/Core/Src/freertos.c.obj
                0x08001754                Data_Collect_Task
 .text.vApplicationGetIdleTaskMemory
                0x080017ec       0x18 CMakeFiles/ISD2190.elf.dir/Core/Src/freertos.c.obj
                0x080017ec                vApplicationGetIdleTaskMemory
 .text.MX_FREERTOS_Init
                0x08001804       0xe4 CMakeFiles/ISD2190.elf.dir/Core/Src/freertos.c.obj
                0x08001804                MX_FREERTOS_Init
 .text.MX_GPIO_Init
                0x080018e8       0xbc CMakeFiles/ISD2190.elf.dir/Core/Src/gpio.c.obj
                0x080018e8                MX_GPIO_Init
 .text.MX_IWDG_Init
                0x080019a4       0x28 CMakeFiles/ISD2190.elf.dir/Core/Src/iwdg.c.obj
                0x080019a4                MX_IWDG_Init
 .text.Error_Handler
                0x080019cc        0x4 CMakeFiles/ISD2190.elf.dir/Core/Src/main.c.obj
                0x080019cc                Error_Handler
 .text.SystemClock_Config
                0x080019d0       0x70 CMakeFiles/ISD2190.elf.dir/Core/Src/main.c.obj
                0x080019d0                SystemClock_Config
 .text.main     0x08001a40       0x78 CMakeFiles/ISD2190.elf.dir/Core/Src/main.c.obj
                0x08001a40                main
 .text.HAL_MspInit
                0x08001ab8       0x54 CMakeFiles/ISD2190.elf.dir/Core/Src/stm32l1xx_hal_msp.c.obj
                0x08001ab8                HAL_MspInit
 .text.HAL_InitTick
                0x08001b0c       0xa0 CMakeFiles/ISD2190.elf.dir/Core/Src/stm32l1xx_hal_timebase_tim.c.obj
                0x08001b0c                HAL_InitTick
 .text.NMI_Handler
                0x08001bac        0x2 CMakeFiles/ISD2190.elf.dir/Core/Src/stm32l1xx_it.c.obj
                0x08001bac                NMI_Handler
 .text.HardFault_Handler
                0x08001bae        0x2 CMakeFiles/ISD2190.elf.dir/Core/Src/stm32l1xx_it.c.obj
                0x08001bae                HardFault_Handler
 .text.MemManage_Handler
                0x08001bb0        0x2 CMakeFiles/ISD2190.elf.dir/Core/Src/stm32l1xx_it.c.obj
                0x08001bb0                MemManage_Handler
 .text.BusFault_Handler
                0x08001bb2        0x2 CMakeFiles/ISD2190.elf.dir/Core/Src/stm32l1xx_it.c.obj
                0x08001bb2                BusFault_Handler
 .text.UsageFault_Handler
                0x08001bb4        0x2 CMakeFiles/ISD2190.elf.dir/Core/Src/stm32l1xx_it.c.obj
                0x08001bb4                UsageFault_Handler
 .text.DebugMon_Handler
                0x08001bb6        0x2 CMakeFiles/ISD2190.elf.dir/Core/Src/stm32l1xx_it.c.obj
                0x08001bb6                DebugMon_Handler
 .text.DMA1_Channel1_IRQHandler
                0x08001bb8       0x10 CMakeFiles/ISD2190.elf.dir/Core/Src/stm32l1xx_it.c.obj
                0x08001bb8                DMA1_Channel1_IRQHandler
 .text.TIM2_IRQHandler
                0x08001bc8       0x10 CMakeFiles/ISD2190.elf.dir/Core/Src/stm32l1xx_it.c.obj
                0x08001bc8                TIM2_IRQHandler
 .text.TIM3_IRQHandler
                0x08001bd8       0x10 CMakeFiles/ISD2190.elf.dir/Core/Src/stm32l1xx_it.c.obj
                0x08001bd8                TIM3_IRQHandler
 .text.USART2_IRQHandler
                0x08001be8       0x10 CMakeFiles/ISD2190.elf.dir/Core/Src/stm32l1xx_it.c.obj
                0x08001be8                USART2_IRQHandler
 .text.USART3_IRQHandler
                0x08001bf8       0x10 CMakeFiles/ISD2190.elf.dir/Core/Src/stm32l1xx_it.c.obj
                0x08001bf8                USART3_IRQHandler
 .text.TIM7_IRQHandler
                0x08001c08       0x10 CMakeFiles/ISD2190.elf.dir/Core/Src/stm32l1xx_it.c.obj
                0x08001c08                TIM7_IRQHandler
 .text.UART5_IRQHandler
                0x08001c18       0x10 CMakeFiles/ISD2190.elf.dir/Core/Src/stm32l1xx_it.c.obj
                0x08001c18                UART5_IRQHandler
 .text._read    0x08001c28       0x20 CMakeFiles/ISD2190.elf.dir/Core/Src/syscalls.c.obj
                0x08001c28                _read
 .text._write   0x08001c48       0x1c CMakeFiles/ISD2190.elf.dir/Core/Src/syscalls.c.obj
                0x08001c48                _write
 .text._close   0x08001c64        0x6 CMakeFiles/ISD2190.elf.dir/Core/Src/syscalls.c.obj
                0x08001c64                _close
 .text._fstat   0x08001c6a        0xa CMakeFiles/ISD2190.elf.dir/Core/Src/syscalls.c.obj
                0x08001c6a                _fstat
 .text._isatty  0x08001c74        0x4 CMakeFiles/ISD2190.elf.dir/Core/Src/syscalls.c.obj
                0x08001c74                _isatty
 .text._lseek   0x08001c78        0x4 CMakeFiles/ISD2190.elf.dir/Core/Src/syscalls.c.obj
                0x08001c78                _lseek
 .text._sbrk    0x08001c7c       0x48 CMakeFiles/ISD2190.elf.dir/Core/Src/sysmem.c.obj
                0x08001c7c                _sbrk
 .text.SystemInit
                0x08001cc4        0x2 CMakeFiles/ISD2190.elf.dir/Core/Src/system_stm32l1xx.c.obj
                0x08001cc4                SystemInit
 *fill*         0x08001cc6        0x2 
 .text.MX_TIM2_Init
                0x08001cc8       0x78 CMakeFiles/ISD2190.elf.dir/Core/Src/tim.c.obj
                0x08001cc8                MX_TIM2_Init
 .text.MX_TIM3_Init
                0x08001d40       0x70 CMakeFiles/ISD2190.elf.dir/Core/Src/tim.c.obj
                0x08001d40                MX_TIM3_Init
 .text.HAL_TIM_Base_MspInit
                0x08001db0       0x70 CMakeFiles/ISD2190.elf.dir/Core/Src/tim.c.obj
                0x08001db0                HAL_TIM_Base_MspInit
 .text.MX_UART5_Init
                0x08001e20       0x34 CMakeFiles/ISD2190.elf.dir/Core/Src/usart.c.obj
                0x08001e20                MX_UART5_Init
 .text.MX_USART2_UART_Init
                0x08001e54       0x34 CMakeFiles/ISD2190.elf.dir/Core/Src/usart.c.obj
                0x08001e54                MX_USART2_UART_Init
 .text.MX_USART3_UART_Init
                0x08001e88       0x34 CMakeFiles/ISD2190.elf.dir/Core/Src/usart.c.obj
                0x08001e88                MX_USART3_UART_Init
 .text.HAL_UART_MspInit
                0x08001ebc      0x168 CMakeFiles/ISD2190.elf.dir/Core/Src/usart.c.obj
                0x08001ebc                HAL_UART_MspInit
 .text.__io_putchar
                0x08002024       0x20 CMakeFiles/ISD2190.elf.dir/Core/Src/usart.c.obj
                0x08002024                __io_putchar
 .text.Reset_Handler
                0x08002044       0x48 CMakeFiles/ISD2190.elf.dir/Core/Startup/startup_stm32l151rdtx.s.obj
                0x08002044                Reset_Handler
 .text.Default_Handler
                0x0800208c        0x2 CMakeFiles/ISD2190.elf.dir/Core/Startup/startup_stm32l151rdtx.s.obj
                0x0800208c                RTC_Alarm_IRQHandler
                0x0800208c                EXTI2_IRQHandler
                0x0800208c                COMP_ACQ_IRQHandler
                0x0800208c                TIM10_IRQHandler
                0x0800208c                USB_HP_IRQHandler
                0x0800208c                TIM6_IRQHandler
                0x0800208c                PVD_IRQHandler
                0x0800208c                SDIO_IRQHandler
                0x0800208c                EXTI3_IRQHandler
                0x0800208c                EXTI0_IRQHandler
                0x0800208c                I2C2_EV_IRQHandler
                0x0800208c                SPI1_IRQHandler
                0x0800208c                USB_FS_WKUP_IRQHandler
                0x0800208c                DMA2_Channel2_IRQHandler
                0x0800208c                DMA1_Channel4_IRQHandler
                0x0800208c                ADC1_IRQHandler
                0x0800208c                DMA1_Channel7_IRQHandler
                0x0800208c                TIM4_IRQHandler
                0x0800208c                DMA2_Channel1_IRQHandler
                0x0800208c                I2C1_EV_IRQHandler
                0x0800208c                DMA1_Channel6_IRQHandler
                0x0800208c                UART4_IRQHandler
                0x0800208c                DMA2_Channel4_IRQHandler
                0x0800208c                RCC_IRQHandler
                0x0800208c                Default_Handler
                0x0800208c                EXTI15_10_IRQHandler
                0x0800208c                TIM5_IRQHandler
                0x0800208c                EXTI9_5_IRQHandler
                0x0800208c                TIM9_IRQHandler
                0x0800208c                TAMPER_STAMP_IRQHandler
                0x0800208c                RTC_WKUP_IRQHandler
                0x0800208c                SPI2_IRQHandler
                0x0800208c                DMA2_Channel5_IRQHandler
                0x0800208c                DMA1_Channel5_IRQHandler
                0x0800208c                USB_LP_IRQHandler
                0x0800208c                EXTI4_IRQHandler
                0x0800208c                DMA1_Channel3_IRQHandler
                0x0800208c                COMP_IRQHandler
                0x0800208c                WWDG_IRQHandler
                0x0800208c                DAC_IRQHandler
                0x0800208c                EXTI1_IRQHandler
                0x0800208c                TIM11_IRQHandler
                0x0800208c                I2C2_ER_IRQHandler
                0x0800208c                DMA1_Channel2_IRQHandler
                0x0800208c                FLASH_IRQHandler
                0x0800208c                USART1_IRQHandler
                0x0800208c                SPI3_IRQHandler
                0x0800208c                I2C1_ER_IRQHandler
                0x0800208c                DMA2_Channel3_IRQHandler
 .text.HAL_Init
                0x0800208e       0x1e CMakeFiles/ISD2190.elf.dir/Drivers/STM32L1xx_HAL_Driver/Src/stm32l1xx_hal.c.obj
                0x0800208e                HAL_Init
 .text.HAL_IncTick
                0x080020ac       0x18 CMakeFiles/ISD2190.elf.dir/Drivers/STM32L1xx_HAL_Driver/Src/stm32l1xx_hal.c.obj
                0x080020ac                HAL_IncTick
 .text.HAL_GetTick
                0x080020c4        0xc CMakeFiles/ISD2190.elf.dir/Drivers/STM32L1xx_HAL_Driver/Src/stm32l1xx_hal.c.obj
                0x080020c4                HAL_GetTick
 .text.HAL_Delay
                0x080020d0       0x28 CMakeFiles/ISD2190.elf.dir/Drivers/STM32L1xx_HAL_Driver/Src/stm32l1xx_hal.c.obj
                0x080020d0                HAL_Delay
 .text.HAL_ADC_Init
                0x080020f8      0x19c CMakeFiles/ISD2190.elf.dir/Drivers/STM32L1xx_HAL_Driver/Src/stm32l1xx_hal_adc.c.obj
                0x080020f8                HAL_ADC_Init
 .text.ADC_DMAConvCplt
                0x08002294       0x64 CMakeFiles/ISD2190.elf.dir/Drivers/STM32L1xx_HAL_Driver/Src/stm32l1xx_hal_adc.c.obj
 .text.HAL_ADC_ConvHalfCpltCallback
                0x080022f8        0x2 CMakeFiles/ISD2190.elf.dir/Drivers/STM32L1xx_HAL_Driver/Src/stm32l1xx_hal_adc.c.obj
                0x080022f8                HAL_ADC_ConvHalfCpltCallback
 .text.ADC_DMAHalfConvCplt
                0x080022fa        0xa CMakeFiles/ISD2190.elf.dir/Drivers/STM32L1xx_HAL_Driver/Src/stm32l1xx_hal_adc.c.obj
 .text.HAL_ADC_ErrorCallback
                0x08002304        0x2 CMakeFiles/ISD2190.elf.dir/Drivers/STM32L1xx_HAL_Driver/Src/stm32l1xx_hal_adc.c.obj
                0x08002304                HAL_ADC_ErrorCallback
 .text.ADC_DMAError
                0x08002306       0x1a CMakeFiles/ISD2190.elf.dir/Drivers/STM32L1xx_HAL_Driver/Src/stm32l1xx_hal_adc.c.obj
 .text.HAL_ADC_ConfigChannel
                0x08002320      0x1b4 CMakeFiles/ISD2190.elf.dir/Drivers/STM32L1xx_HAL_Driver/Src/stm32l1xx_hal_adc.c.obj
                0x08002320                HAL_ADC_ConfigChannel
 .text.ADC_Enable
                0x080024d4       0x8c CMakeFiles/ISD2190.elf.dir/Drivers/STM32L1xx_HAL_Driver/Src/stm32l1xx_hal_adc.c.obj
                0x080024d4                ADC_Enable
 .text.HAL_ADC_Start_DMA
                0x08002560       0xc4 CMakeFiles/ISD2190.elf.dir/Drivers/STM32L1xx_HAL_Driver/Src/stm32l1xx_hal_adc.c.obj
                0x08002560                HAL_ADC_Start_DMA
 .text.HAL_NVIC_SetPriorityGrouping
                0x08002624       0x24 CMakeFiles/ISD2190.elf.dir/Drivers/STM32L1xx_HAL_Driver/Src/stm32l1xx_hal_cortex.c.obj
                0x08002624                HAL_NVIC_SetPriorityGrouping
 .text.HAL_NVIC_SetPriority
                0x08002648       0x70 CMakeFiles/ISD2190.elf.dir/Drivers/STM32L1xx_HAL_Driver/Src/stm32l1xx_hal_cortex.c.obj
                0x08002648                HAL_NVIC_SetPriority
 .text.HAL_NVIC_EnableIRQ
                0x080026b8       0x1c CMakeFiles/ISD2190.elf.dir/Drivers/STM32L1xx_HAL_Driver/Src/stm32l1xx_hal_cortex.c.obj
                0x080026b8                HAL_NVIC_EnableIRQ
 .text.DMA_SetConfig
                0x080026d4       0x36 CMakeFiles/ISD2190.elf.dir/Drivers/STM32L1xx_HAL_Driver/Src/stm32l1xx_hal_dma.c.obj
 *fill*         0x0800270a        0x2 
 .text.HAL_DMA_Init
                0x0800270c       0x98 CMakeFiles/ISD2190.elf.dir/Drivers/STM32L1xx_HAL_Driver/Src/stm32l1xx_hal_dma.c.obj
                0x0800270c                HAL_DMA_Init
 .text.HAL_DMA_Start_IT
                0x080027a4       0x76 CMakeFiles/ISD2190.elf.dir/Drivers/STM32L1xx_HAL_Driver/Src/stm32l1xx_hal_dma.c.obj
                0x080027a4                HAL_DMA_Start_IT
 .text.HAL_DMA_Abort
                0x0800281a       0x4a CMakeFiles/ISD2190.elf.dir/Drivers/STM32L1xx_HAL_Driver/Src/stm32l1xx_hal_dma.c.obj
                0x0800281a                HAL_DMA_Abort
 .text.HAL_DMA_Abort_IT
                0x08002864       0x50 CMakeFiles/ISD2190.elf.dir/Drivers/STM32L1xx_HAL_Driver/Src/stm32l1xx_hal_dma.c.obj
                0x08002864                HAL_DMA_Abort_IT
 .text.HAL_DMA_IRQHandler
                0x080028b4       0xc4 CMakeFiles/ISD2190.elf.dir/Drivers/STM32L1xx_HAL_Driver/Src/stm32l1xx_hal_dma.c.obj
                0x080028b4                HAL_DMA_IRQHandler
 .text.FLASH_SetErrorCode
                0x08002978       0x88 CMakeFiles/ISD2190.elf.dir/Drivers/STM32L1xx_HAL_Driver/Src/stm32l1xx_hal_flash.c.obj
 .text.HAL_FLASH_Unlock
                0x08002a00       0x64 CMakeFiles/ISD2190.elf.dir/Drivers/STM32L1xx_HAL_Driver/Src/stm32l1xx_hal_flash.c.obj
                0x08002a00                HAL_FLASH_Unlock
 .text.HAL_FLASH_Lock
                0x08002a64       0x14 CMakeFiles/ISD2190.elf.dir/Drivers/STM32L1xx_HAL_Driver/Src/stm32l1xx_hal_flash.c.obj
                0x08002a64                HAL_FLASH_Lock
 .text.HAL_FLASH_GetError
                0x08002a78        0xc CMakeFiles/ISD2190.elf.dir/Drivers/STM32L1xx_HAL_Driver/Src/stm32l1xx_hal_flash.c.obj
                0x08002a78                HAL_FLASH_GetError
 .text.FLASH_WaitForLastOperation
                0x08002a84       0x7c CMakeFiles/ISD2190.elf.dir/Drivers/STM32L1xx_HAL_Driver/Src/stm32l1xx_hal_flash.c.obj
                0x08002a84                FLASH_WaitForLastOperation
 .text.HAL_FLASH_Program
                0x08002b00       0x40 CMakeFiles/ISD2190.elf.dir/Drivers/STM32L1xx_HAL_Driver/Src/stm32l1xx_hal_flash.c.obj
                0x08002b00                HAL_FLASH_Program
 .text.FLASH_PageErase
                0x08002b40       0x28 CMakeFiles/ISD2190.elf.dir/Drivers/STM32L1xx_HAL_Driver/Src/stm32l1xx_hal_flash_ex.c.obj
                0x08002b40                FLASH_PageErase
 .text.HAL_FLASHEx_Erase
                0x08002b68       0x7c CMakeFiles/ISD2190.elf.dir/Drivers/STM32L1xx_HAL_Driver/Src/stm32l1xx_hal_flash_ex.c.obj
                0x08002b68                HAL_FLASHEx_Erase
 .text.HAL_GPIO_Init
                0x08002be4      0x1e8 CMakeFiles/ISD2190.elf.dir/Drivers/STM32L1xx_HAL_Driver/Src/stm32l1xx_hal_gpio.c.obj
                0x08002be4                HAL_GPIO_Init
 .text.HAL_GPIO_WritePin
                0x08002dcc        0xc CMakeFiles/ISD2190.elf.dir/Drivers/STM32L1xx_HAL_Driver/Src/stm32l1xx_hal_gpio.c.obj
                0x08002dcc                HAL_GPIO_WritePin
 .text.HAL_IWDG_Init
                0x08002dd8       0x58 CMakeFiles/ISD2190.elf.dir/Drivers/STM32L1xx_HAL_Driver/Src/stm32l1xx_hal_iwdg.c.obj
                0x08002dd8                HAL_IWDG_Init
 .text.RCC_SetFlashLatencyFromMSIRange
                0x08002e30       0x90 CMakeFiles/ISD2190.elf.dir/Drivers/STM32L1xx_HAL_Driver/Src/stm32l1xx_hal_rcc.c.obj
 .text.HAL_RCC_OscConfig
                0x08002ec0      0x4f8 CMakeFiles/ISD2190.elf.dir/Drivers/STM32L1xx_HAL_Driver/Src/stm32l1xx_hal_rcc.c.obj
                0x08002ec0                HAL_RCC_OscConfig
 .text.HAL_RCC_GetSysClockFreq
                0x080033b8       0xc4 CMakeFiles/ISD2190.elf.dir/Drivers/STM32L1xx_HAL_Driver/Src/stm32l1xx_hal_rcc.c.obj
                0x080033b8                HAL_RCC_GetSysClockFreq
 .text.HAL_RCC_ClockConfig
                0x0800347c      0x1dc CMakeFiles/ISD2190.elf.dir/Drivers/STM32L1xx_HAL_Driver/Src/stm32l1xx_hal_rcc.c.obj
                0x0800347c                HAL_RCC_ClockConfig
 .text.HAL_RCC_GetHCLKFreq
                0x08003658        0xc CMakeFiles/ISD2190.elf.dir/Drivers/STM32L1xx_HAL_Driver/Src/stm32l1xx_hal_rcc.c.obj
                0x08003658                HAL_RCC_GetHCLKFreq
 .text.HAL_RCC_GetPCLK1Freq
                0x08003664       0x20 CMakeFiles/ISD2190.elf.dir/Drivers/STM32L1xx_HAL_Driver/Src/stm32l1xx_hal_rcc.c.obj
                0x08003664                HAL_RCC_GetPCLK1Freq
 .text.HAL_RCC_GetPCLK2Freq
                0x08003684       0x20 CMakeFiles/ISD2190.elf.dir/Drivers/STM32L1xx_HAL_Driver/Src/stm32l1xx_hal_rcc.c.obj
                0x08003684                HAL_RCC_GetPCLK2Freq
 .text.HAL_RCC_GetClockConfig
                0x080036a4       0x3c CMakeFiles/ISD2190.elf.dir/Drivers/STM32L1xx_HAL_Driver/Src/stm32l1xx_hal_rcc.c.obj
                0x080036a4                HAL_RCC_GetClockConfig
 .text.TIM_Base_SetConfig
                0x080036e0       0x88 CMakeFiles/ISD2190.elf.dir/Drivers/STM32L1xx_HAL_Driver/Src/stm32l1xx_hal_tim.c.obj
 .text.TIM_TI1_ConfigInputStage
                0x08003768       0x24 CMakeFiles/ISD2190.elf.dir/Drivers/STM32L1xx_HAL_Driver/Src/stm32l1xx_hal_tim.c.obj
 .text.TIM_TI2_ConfigInputStage
                0x0800378c       0x26 CMakeFiles/ISD2190.elf.dir/Drivers/STM32L1xx_HAL_Driver/Src/stm32l1xx_hal_tim.c.obj
 .text.TIM_ITRx_SetConfig
                0x080037b2       0x10 CMakeFiles/ISD2190.elf.dir/Drivers/STM32L1xx_HAL_Driver/Src/stm32l1xx_hal_tim.c.obj
 .text.TIM_ETR_SetConfig
                0x080037c2       0x18 CMakeFiles/ISD2190.elf.dir/Drivers/STM32L1xx_HAL_Driver/Src/stm32l1xx_hal_tim.c.obj
 .text.HAL_TIM_Base_Init
                0x080037da       0x48 CMakeFiles/ISD2190.elf.dir/Drivers/STM32L1xx_HAL_Driver/Src/stm32l1xx_hal_tim.c.obj
                0x080037da                HAL_TIM_Base_Init
 *fill*         0x08003822        0x2 
 .text.HAL_TIM_Base_Start_IT
                0x08003824       0x68 CMakeFiles/ISD2190.elf.dir/Drivers/STM32L1xx_HAL_Driver/Src/stm32l1xx_hal_tim.c.obj
                0x08003824                HAL_TIM_Base_Start_IT
 .text.HAL_TIM_Base_Stop_IT
                0x0800388c       0x28 CMakeFiles/ISD2190.elf.dir/Drivers/STM32L1xx_HAL_Driver/Src/stm32l1xx_hal_tim.c.obj
                0x0800388c                HAL_TIM_Base_Stop_IT
 .text.HAL_TIM_ConfigClockSource
                0x080038b4       0xfe CMakeFiles/ISD2190.elf.dir/Drivers/STM32L1xx_HAL_Driver/Src/stm32l1xx_hal_tim.c.obj
                0x080038b4                HAL_TIM_ConfigClockSource
 .text.HAL_TIM_OC_DelayElapsedCallback
                0x080039b2        0x2 CMakeFiles/ISD2190.elf.dir/Drivers/STM32L1xx_HAL_Driver/Src/stm32l1xx_hal_tim.c.obj
                0x080039b2                HAL_TIM_OC_DelayElapsedCallback
 .text.HAL_TIM_IC_CaptureCallback
                0x080039b4        0x2 CMakeFiles/ISD2190.elf.dir/Drivers/STM32L1xx_HAL_Driver/Src/stm32l1xx_hal_tim.c.obj
                0x080039b4                HAL_TIM_IC_CaptureCallback
 .text.HAL_TIM_PWM_PulseFinishedCallback
                0x080039b6        0x2 CMakeFiles/ISD2190.elf.dir/Drivers/STM32L1xx_HAL_Driver/Src/stm32l1xx_hal_tim.c.obj
                0x080039b6                HAL_TIM_PWM_PulseFinishedCallback
 .text.HAL_TIM_TriggerCallback
                0x080039b8        0x2 CMakeFiles/ISD2190.elf.dir/Drivers/STM32L1xx_HAL_Driver/Src/stm32l1xx_hal_tim.c.obj
                0x080039b8                HAL_TIM_TriggerCallback
 .text.HAL_TIM_IRQHandler
                0x080039ba      0x13a CMakeFiles/ISD2190.elf.dir/Drivers/STM32L1xx_HAL_Driver/Src/stm32l1xx_hal_tim.c.obj
                0x080039ba                HAL_TIM_IRQHandler
 .text.HAL_TIMEx_MasterConfigSynchronization
                0x08003af4       0x6c CMakeFiles/ISD2190.elf.dir/Drivers/STM32L1xx_HAL_Driver/Src/stm32l1xx_hal_tim_ex.c.obj
                0x08003af4                HAL_TIMEx_MasterConfigSynchronization
 .text.UART_EndRxTransfer
                0x08003b60       0x5c CMakeFiles/ISD2190.elf.dir/Drivers/STM32L1xx_HAL_Driver/Src/stm32l1xx_hal_uart.c.obj
 .text.UART_Transmit_IT
                0x08003bbc       0x60 CMakeFiles/ISD2190.elf.dir/Drivers/STM32L1xx_HAL_Driver/Src/stm32l1xx_hal_uart.c.obj
 .text.UART_SetConfig
                0x08003c1c       0xdc CMakeFiles/ISD2190.elf.dir/Drivers/STM32L1xx_HAL_Driver/Src/stm32l1xx_hal_uart.c.obj
 .text.UART_WaitOnFlagUntilTimeout
                0x08003cf8       0x88 CMakeFiles/ISD2190.elf.dir/Drivers/STM32L1xx_HAL_Driver/Src/stm32l1xx_hal_uart.c.obj
 .text.HAL_UART_Init
                0x08003d80       0x60 CMakeFiles/ISD2190.elf.dir/Drivers/STM32L1xx_HAL_Driver/Src/stm32l1xx_hal_uart.c.obj
                0x08003d80                HAL_UART_Init
 .text.HAL_UART_Transmit
                0x08003de0       0xbe CMakeFiles/ISD2190.elf.dir/Drivers/STM32L1xx_HAL_Driver/Src/stm32l1xx_hal_uart.c.obj
                0x08003de0                HAL_UART_Transmit
 .text.HAL_UART_TxCpltCallback
                0x08003e9e        0x2 CMakeFiles/ISD2190.elf.dir/Drivers/STM32L1xx_HAL_Driver/Src/stm32l1xx_hal_uart.c.obj
                0x08003e9e                HAL_UART_TxCpltCallback
 .text.UART_EndTransmit_IT
                0x08003ea0       0x1a CMakeFiles/ISD2190.elf.dir/Drivers/STM32L1xx_HAL_Driver/Src/stm32l1xx_hal_uart.c.obj
 .text.HAL_UART_ErrorCallback
                0x08003eba        0x2 CMakeFiles/ISD2190.elf.dir/Drivers/STM32L1xx_HAL_Driver/Src/stm32l1xx_hal_uart.c.obj
                0x08003eba                HAL_UART_ErrorCallback
 .text.UART_DMAAbortOnError
                0x08003ebc       0x10 CMakeFiles/ISD2190.elf.dir/Drivers/STM32L1xx_HAL_Driver/Src/stm32l1xx_hal_uart.c.obj
 .text.HAL_UARTEx_RxEventCallback
                0x08003ecc        0x2 CMakeFiles/ISD2190.elf.dir/Drivers/STM32L1xx_HAL_Driver/Src/stm32l1xx_hal_uart.c.obj
                0x08003ecc                HAL_UARTEx_RxEventCallback
 .text.UART_Receive_IT
                0x08003ece       0xe6 CMakeFiles/ISD2190.elf.dir/Drivers/STM32L1xx_HAL_Driver/Src/stm32l1xx_hal_uart.c.obj
 .text.HAL_UART_IRQHandler
                0x08003fb4      0x288 CMakeFiles/ISD2190.elf.dir/Drivers/STM32L1xx_HAL_Driver/Src/stm32l1xx_hal_uart.c.obj
                0x08003fb4                HAL_UART_IRQHandler
 .text.UART_Start_Receive_IT
                0x0800423c       0x36 CMakeFiles/ISD2190.elf.dir/Drivers/STM32L1xx_HAL_Driver/Src/stm32l1xx_hal_uart.c.obj
                0x0800423c                UART_Start_Receive_IT
 .text.HAL_UART_Receive_IT
                0x08004272       0x26 CMakeFiles/ISD2190.elf.dir/Drivers/STM32L1xx_HAL_Driver/Src/stm32l1xx_hal_uart.c.obj
                0x08004272                HAL_UART_Receive_IT
 .text.makeFreeRtosPriority
                0x08004298        0xc CMakeFiles/ISD2190.elf.dir/Middlewares/Third_Party/FreeRTOS/Source/CMSIS_RTOS/cmsis_os.c.obj
 .text.osKernelStart
                0x080042a4        0xa CMakeFiles/ISD2190.elf.dir/Middlewares/Third_Party/FreeRTOS/Source/CMSIS_RTOS/cmsis_os.c.obj
                0x080042a4                osKernelStart
 .text.osThreadCreate
                0x080042ae       0x6a CMakeFiles/ISD2190.elf.dir/Middlewares/Third_Party/FreeRTOS/Source/CMSIS_RTOS/cmsis_os.c.obj
                0x080042ae                osThreadCreate
 .text.vListInitialise
                0x08004318       0x16 CMakeFiles/ISD2190.elf.dir/Middlewares/Third_Party/FreeRTOS/Source/list.c.obj
                0x08004318                vListInitialise
 .text.vListInitialiseItem
                0x0800432e        0x6 CMakeFiles/ISD2190.elf.dir/Middlewares/Third_Party/FreeRTOS/Source/list.c.obj
                0x0800432e                vListInitialiseItem
 .text.vListInsertEnd
                0x08004334       0x16 CMakeFiles/ISD2190.elf.dir/Middlewares/Third_Party/FreeRTOS/Source/list.c.obj
                0x08004334                vListInsertEnd
 .text.vListInsert
                0x0800434a       0x32 CMakeFiles/ISD2190.elf.dir/Middlewares/Third_Party/FreeRTOS/Source/list.c.obj
                0x0800434a                vListInsert
 .text.uxListRemove
                0x0800437c       0x26 CMakeFiles/ISD2190.elf.dir/Middlewares/Third_Party/FreeRTOS/Source/list.c.obj
                0x0800437c                uxListRemove
 *fill*         0x080043a2        0x2 
 .text.prvTaskExitError
                0x080043a4       0x40 CMakeFiles/ISD2190.elf.dir/Middlewares/Third_Party/FreeRTOS/Source/portable/GCC/ARM_CM3/port.c.obj
 .text.prvPortStartFirstTask
                0x080043e4       0x20 CMakeFiles/ISD2190.elf.dir/Middlewares/Third_Party/FreeRTOS/Source/portable/GCC/ARM_CM3/port.c.obj
 .text.pxPortInitialiseStack
                0x08004404       0x24 CMakeFiles/ISD2190.elf.dir/Middlewares/Third_Party/FreeRTOS/Source/portable/GCC/ARM_CM3/port.c.obj
                0x08004404                pxPortInitialiseStack
 *fill*         0x08004428        0x8 
 .text.SVC_Handler
                0x08004430       0x24 CMakeFiles/ISD2190.elf.dir/Middlewares/Third_Party/FreeRTOS/Source/portable/GCC/ARM_CM3/port.c.obj
                0x08004430                SVC_Handler
 .text.vPortEnterCritical
                0x08004454       0x44 CMakeFiles/ISD2190.elf.dir/Middlewares/Third_Party/FreeRTOS/Source/portable/GCC/ARM_CM3/port.c.obj
                0x08004454                vPortEnterCritical
 .text.vPortExitCritical
                0x08004498       0x2c CMakeFiles/ISD2190.elf.dir/Middlewares/Third_Party/FreeRTOS/Source/portable/GCC/ARM_CM3/port.c.obj
                0x08004498                vPortExitCritical
 *fill*         0x080044c4        0xc 
 .text.PendSV_Handler
                0x080044d0       0x44 CMakeFiles/ISD2190.elf.dir/Middlewares/Third_Party/FreeRTOS/Source/portable/GCC/ARM_CM3/port.c.obj
                0x080044d0                PendSV_Handler
 .text.SysTick_Handler
                0x08004514       0x2c CMakeFiles/ISD2190.elf.dir/Middlewares/Third_Party/FreeRTOS/Source/portable/GCC/ARM_CM3/port.c.obj
                0x08004514                SysTick_Handler
 .text.vPortSetupTimerInterrupt
                0x08004540       0x28 CMakeFiles/ISD2190.elf.dir/Middlewares/Third_Party/FreeRTOS/Source/portable/GCC/ARM_CM3/port.c.obj
                0x08004540                vPortSetupTimerInterrupt
 .text.xPortStartScheduler
                0x08004568       0xc0 CMakeFiles/ISD2190.elf.dir/Middlewares/Third_Party/FreeRTOS/Source/portable/GCC/ARM_CM3/port.c.obj
                0x08004568                xPortStartScheduler
 .text.vPortValidateInterruptPriority
                0x08004628       0x5c CMakeFiles/ISD2190.elf.dir/Middlewares/Third_Party/FreeRTOS/Source/portable/GCC/ARM_CM3/port.c.obj
                0x08004628                vPortValidateInterruptPriority
 .text.prvHeapInit
                0x08004684       0x64 CMakeFiles/ISD2190.elf.dir/Middlewares/Third_Party/FreeRTOS/Source/portable/MemMang/heap_4.c.obj
 .text.prvInsertBlockIntoFreeList
                0x080046e8       0x60 CMakeFiles/ISD2190.elf.dir/Middlewares/Third_Party/FreeRTOS/Source/portable/MemMang/heap_4.c.obj
 .text.pvPortMalloc
                0x08004748       0xf0 CMakeFiles/ISD2190.elf.dir/Middlewares/Third_Party/FreeRTOS/Source/portable/MemMang/heap_4.c.obj
                0x08004748                pvPortMalloc
 .text.vPortFree
                0x08004838       0x70 CMakeFiles/ISD2190.elf.dir/Middlewares/Third_Party/FreeRTOS/Source/portable/MemMang/heap_4.c.obj
                0x08004838                vPortFree
 .text.prvIsQueueEmpty
                0x080048a8       0x1a CMakeFiles/ISD2190.elf.dir/Middlewares/Third_Party/FreeRTOS/Source/queue.c.obj
 .text.prvCopyDataToQueue
                0x080048c2       0x76 CMakeFiles/ISD2190.elf.dir/Middlewares/Third_Party/FreeRTOS/Source/queue.c.obj
 .text.prvCopyDataFromQueue
                0x08004938       0x24 CMakeFiles/ISD2190.elf.dir/Middlewares/Third_Party/FreeRTOS/Source/queue.c.obj
 .text.prvUnlockQueue
                0x0800495c       0x6e CMakeFiles/ISD2190.elf.dir/Middlewares/Third_Party/FreeRTOS/Source/queue.c.obj
 .text.xQueueGenericReset
                0x080049ca       0x84 CMakeFiles/ISD2190.elf.dir/Middlewares/Third_Party/FreeRTOS/Source/queue.c.obj
                0x080049ca                xQueueGenericReset
 .text.prvInitialiseNewQueue
                0x08004a4e       0x1c CMakeFiles/ISD2190.elf.dir/Middlewares/Third_Party/FreeRTOS/Source/queue.c.obj
 .text.xQueueGenericCreate
                0x08004a6a       0x4e CMakeFiles/ISD2190.elf.dir/Middlewares/Third_Party/FreeRTOS/Source/queue.c.obj
                0x08004a6a                xQueueGenericCreate
 .text.xQueueGenericSendFromISR
                0x08004ab8       0xcc CMakeFiles/ISD2190.elf.dir/Middlewares/Third_Party/FreeRTOS/Source/queue.c.obj
                0x08004ab8                xQueueGenericSendFromISR
 .text.xQueueReceive
                0x08004b84      0x15e CMakeFiles/ISD2190.elf.dir/Middlewares/Third_Party/FreeRTOS/Source/queue.c.obj
                0x08004b84                xQueueReceive
 *fill*         0x08004ce2        0x2 
 .text.prvResetNextTaskUnblockTime
                0x08004ce4       0x2c CMakeFiles/ISD2190.elf.dir/Middlewares/Third_Party/FreeRTOS/Source/tasks.c.obj
 .text.prvInitialiseNewTask
                0x08004d10       0x94 CMakeFiles/ISD2190.elf.dir/Middlewares/Third_Party/FreeRTOS/Source/tasks.c.obj
 .text.prvInitialiseTaskLists
                0x08004da4       0x68 CMakeFiles/ISD2190.elf.dir/Middlewares/Third_Party/FreeRTOS/Source/tasks.c.obj
 .text.prvAddNewTaskToReadyList
                0x08004e0c       0xa8 CMakeFiles/ISD2190.elf.dir/Middlewares/Third_Party/FreeRTOS/Source/tasks.c.obj
 .text.prvDeleteTCB
                0x08004eb4       0x38 CMakeFiles/ISD2190.elf.dir/Middlewares/Third_Party/FreeRTOS/Source/tasks.c.obj
 .text.prvCheckTasksWaitingTermination
                0x08004eec       0x4c CMakeFiles/ISD2190.elf.dir/Middlewares/Third_Party/FreeRTOS/Source/tasks.c.obj
 .text.prvIdleTask
                0x08004f38       0x28 CMakeFiles/ISD2190.elf.dir/Middlewares/Third_Party/FreeRTOS/Source/tasks.c.obj
 .text.prvAddCurrentTaskToDelayedList
                0x08004f60       0x98 CMakeFiles/ISD2190.elf.dir/Middlewares/Third_Party/FreeRTOS/Source/tasks.c.obj
 .text.xTaskCreateStatic
                0x08004ff8       0x74 CMakeFiles/ISD2190.elf.dir/Middlewares/Third_Party/FreeRTOS/Source/tasks.c.obj
                0x08004ff8                xTaskCreateStatic
 .text.xTaskCreate
                0x0800506c       0x68 CMakeFiles/ISD2190.elf.dir/Middlewares/Third_Party/FreeRTOS/Source/tasks.c.obj
                0x0800506c                xTaskCreate
 .text.vTaskStartScheduler
                0x080050d4       0x74 CMakeFiles/ISD2190.elf.dir/Middlewares/Third_Party/FreeRTOS/Source/tasks.c.obj
                0x080050d4                vTaskStartScheduler
 .text.vTaskSuspendAll
                0x08005148       0x10 CMakeFiles/ISD2190.elf.dir/Middlewares/Third_Party/FreeRTOS/Source/tasks.c.obj
                0x08005148                vTaskSuspendAll
 .text.xTaskIncrementTick
                0x08005158      0x118 CMakeFiles/ISD2190.elf.dir/Middlewares/Third_Party/FreeRTOS/Source/tasks.c.obj
                0x08005158                xTaskIncrementTick
 .text.xTaskResumeAll
                0x08005270       0xf8 CMakeFiles/ISD2190.elf.dir/Middlewares/Third_Party/FreeRTOS/Source/tasks.c.obj
                0x08005270                xTaskResumeAll
 .text.vTaskSwitchContext
                0x08005368       0x98 CMakeFiles/ISD2190.elf.dir/Middlewares/Third_Party/FreeRTOS/Source/tasks.c.obj
                0x08005368                vTaskSwitchContext
 .text.vTaskPlaceOnEventList
                0x08005400       0x30 CMakeFiles/ISD2190.elf.dir/Middlewares/Third_Party/FreeRTOS/Source/tasks.c.obj
                0x08005400                vTaskPlaceOnEventList
 .text.xTaskRemoveFromEventList
                0x08005430       0x8c CMakeFiles/ISD2190.elf.dir/Middlewares/Third_Party/FreeRTOS/Source/tasks.c.obj
                0x08005430                xTaskRemoveFromEventList
 .text.vTaskInternalSetTimeOutState
                0x080054bc       0x18 CMakeFiles/ISD2190.elf.dir/Middlewares/Third_Party/FreeRTOS/Source/tasks.c.obj
                0x080054bc                vTaskInternalSetTimeOutState
 .text.xTaskCheckForTimeOut
                0x080054d4       0x84 CMakeFiles/ISD2190.elf.dir/Middlewares/Third_Party/FreeRTOS/Source/tasks.c.obj
                0x080054d4                xTaskCheckForTimeOut
 .text.vTaskMissedYield
                0x08005558        0xc CMakeFiles/ISD2190.elf.dir/Middlewares/Third_Party/FreeRTOS/Source/tasks.c.obj
                0x08005558                vTaskMissedYield
 .text.xTaskGetSchedulerState
                0x08005564       0x20 CMakeFiles/ISD2190.elf.dir/Middlewares/Third_Party/FreeRTOS/Source/tasks.c.obj
                0x08005564                xTaskGetSchedulerState
 .text.xTaskPriorityDisinherit
                0x08005584       0xb4 CMakeFiles/ISD2190.elf.dir/Middlewares/Third_Party/FreeRTOS/Source/tasks.c.obj
                0x08005584                xTaskPriorityDisinherit
 .text.Data_Collect
                0x08005638      0x2ac CMakeFiles/ISD2190.elf.dir/User/CollectData.c.obj
                0x08005638                Data_Collect
 .text.HAL_UART_RxCpltCallback
                0x080058e4       0xcc CMakeFiles/ISD2190.elf.dir/User/CollectData.c.obj
                0x080058e4                HAL_UART_RxCpltCallback
 .text.HAL_ADC_ConvCpltCallback
                0x080059b0       0x24 CMakeFiles/ISD2190.elf.dir/User/CollectData.c.obj
                0x080059b0                HAL_ADC_ConvCpltCallback
 .text.HAL_TIM_PeriodElapsedCallback
                0x080059d4       0xac CMakeFiles/ISD2190.elf.dir/User/CollectData.c.obj
                0x080059d4                HAL_TIM_PeriodElapsedCallback
 .text.Init_VM  0x08005a80       0x28 CMakeFiles/ISD2190.elf.dir/User/VMxx.c.obj
                0x08005a80                Init_VM
 .text.Scan_VM  0x08005aa8       0x28 CMakeFiles/ISD2190.elf.dir/User/VMxx.c.obj
                0x08005aa8                Scan_VM
 .text.CRC_Check
                0x08005ad0       0x42 CMakeFiles/ISD2190.elf.dir/User/bt4531.c.obj
                0x08005ad0                CRC_Check
 *fill*         0x08005b12        0x2 
 .text.ConfigSend
                0x08005b14      0x118 CMakeFiles/ISD2190.elf.dir/User/bt4531.c.obj
                0x08005b14                ConfigSend
 .text.TotalConfigSend
                0x08005c2c      0x158 CMakeFiles/ISD2190.elf.dir/User/bt4531.c.obj
                0x08005c2c                TotalConfigSend
 .text.DataSend
                0x08005d84      0x10c CMakeFiles/ISD2190.elf.dir/User/bt4531.c.obj
                0x08005d84                DataSend
 .text.TotalDataSend
                0x08005e90      0x140 CMakeFiles/ISD2190.elf.dir/User/bt4531.c.obj
                0x08005e90                TotalDataSend
 .text.StatuCallback
                0x08005fd0       0x3c CMakeFiles/ISD2190.elf.dir/User/bt4531.c.obj
                0x08005fd0                StatuCallback
 .text.ConfigInit
                0x0800600c       0x44 CMakeFiles/ISD2190.elf.dir/User/bt4531.c.obj
                0x0800600c                ConfigInit
 .text.BleProcess
                0x08006050      0x23c CMakeFiles/ISD2190.elf.dir/User/bt4531.c.obj
                0x08006050                BleProcess
 .text.Flash_Write
                0x0800628c       0x78 CMakeFiles/ISD2190.elf.dir/User/flash.c.obj
                0x0800628c                Flash_Write
 .text.Flash_Read
                0x08006304       0x38 CMakeFiles/ISD2190.elf.dir/User/flash.c.obj
                0x08006304                Flash_Read
 *fill*         0x0800633c        0x4 
 .text.BMYBJ_YB
                0x08006340       0x78 CMakeFiles/ISD2190.elf.dir/User/hardware.c.obj
                0x08006340                BMYBJ_YB
 .text.MRYBJ_YB
                0x080063b8       0x78 CMakeFiles/ISD2190.elf.dir/User/hardware.c.obj
                0x080063b8                MRYBJ_YB
 .text.GJJ_YL   0x08006430       0xc4 CMakeFiles/ISD2190.elf.dir/User/hardware.c.obj
                0x08006430                GJJ_YL
 *fill*         0x080064f4        0x4 
 .text.TYLH_YL_MPa
                0x080064f8       0xc4 CMakeFiles/ISD2190.elf.dir/User/hardware.c.obj
                0x080064f8                TYLH_YL_MPa
 *fill*         0x080065bc        0x4 
 .text.SYJ_YL_MPa
                0x080065c0      0x138 CMakeFiles/ISD2190.elf.dir/User/hardware.c.obj
                0x080065c0                SYJ_YL_MPa
 .text.MSJ_YL_KN
                0x080066f8      0x180 CMakeFiles/ISD2190.elf.dir/User/hardware.c.obj
                0x080066f8                MSJ_YL_KN
 .text.calcuTem
                0x08006878       0x48 CMakeFiles/ISD2190.elf.dir/User/temp.c.obj
                0x08006878                calcuTem
 .text.calcuTemps
                0x080068c0       0x1e CMakeFiles/ISD2190.elf.dir/User/temp.c.obj
                0x080068c0                calcuTemps
 *fill*         0x080068de        0x2 
 .text.__errno  0x080068e0        0xc d:/clion/gcc-arm-none-eabi-10.3-2021.10/bin/../lib/gcc/arm-none-eabi/10.3.1/../../../../arm-none-eabi/lib/thumb/v7-m/nofp\libg.a(lib_a-errno.o)
                0x080068e0                __errno
 .text.__libc_init_array
                0x080068ec       0x48 d:/clion/gcc-arm-none-eabi-10.3-2021.10/bin/../lib/gcc/arm-none-eabi/10.3.1/../../../../arm-none-eabi/lib/thumb/v7-m/nofp\libg.a(lib_a-init.o)
                0x080068ec                __libc_init_array
 .text.memset   0x08006934       0xa4 d:/clion/gcc-arm-none-eabi-10.3-2021.10/bin/../lib/gcc/arm-none-eabi/10.3.1/../../../../arm-none-eabi/lib/thumb/v7-m/nofp\libg.a(lib_a-memset.o)
                0x08006934                memset
 .text._puts_r  0x080069d8       0x9c d:/clion/gcc-arm-none-eabi-10.3-2021.10/bin/../lib/gcc/arm-none-eabi/10.3.1/../../../../arm-none-eabi/lib/thumb/v7-m/nofp\libg.a(lib_a-puts.o)
                0x080069d8                _puts_r
 .text.puts     0x08006a74       0x10 d:/clion/gcc-arm-none-eabi-10.3-2021.10/bin/../lib/gcc/arm-none-eabi/10.3.1/../../../../arm-none-eabi/lib/thumb/v7-m/nofp\libg.a(lib_a-puts.o)
                0x08006a74                puts
 .text.strlen   0x08006a84       0x5c d:/clion/gcc-arm-none-eabi-10.3-2021.10/bin/../lib/gcc/arm-none-eabi/10.3.1/../../../../arm-none-eabi/lib/thumb/v7-m/nofp\libg.a(lib_a-strlen-stub.o)
                0x08006a84                strlen
 .text.startup.register_fini
                0x08006ae0       0x14 d:/clion/gcc-arm-none-eabi-10.3-2021.10/bin/../lib/gcc/arm-none-eabi/10.3.1/../../../../arm-none-eabi/lib/thumb/v7-m/nofp\libg.a(lib_a-__call_atexit.o)
 .text.atexit   0x08006af4        0xc d:/clion/gcc-arm-none-eabi-10.3-2021.10/bin/../lib/gcc/arm-none-eabi/10.3.1/../../../../arm-none-eabi/lib/thumb/v7-m/nofp\libg.a(lib_a-atexit.o)
                0x08006af4                atexit
 .text._cleanup_r
                0x08006b00        0xc d:/clion/gcc-arm-none-eabi-10.3-2021.10/bin/../lib/gcc/arm-none-eabi/10.3.1/../../../../arm-none-eabi/lib/thumb/v7-m/nofp\libg.a(lib_a-findfp.o)
                0x08006b00                _cleanup_r
 .text.__sinit  0x08006b0c      0x10c d:/clion/gcc-arm-none-eabi-10.3-2021.10/bin/../lib/gcc/arm-none-eabi/10.3.1/../../../../arm-none-eabi/lib/thumb/v7-m/nofp\libg.a(lib_a-findfp.o)
                0x08006b0c                __sinit
 .text.__sfp_lock_acquire
                0x08006c18        0xc d:/clion/gcc-arm-none-eabi-10.3-2021.10/bin/../lib/gcc/arm-none-eabi/10.3.1/../../../../arm-none-eabi/lib/thumb/v7-m/nofp\libg.a(lib_a-findfp.o)
                0x08006c18                __sfp_lock_acquire
 .text.__sfp_lock_release
                0x08006c24        0xc d:/clion/gcc-arm-none-eabi-10.3-2021.10/bin/../lib/gcc/arm-none-eabi/10.3.1/../../../../arm-none-eabi/lib/thumb/v7-m/nofp\libg.a(lib_a-findfp.o)
                0x08006c24                __sfp_lock_release
 .text.__libc_fini_array
                0x08006c30       0x2c d:/clion/gcc-arm-none-eabi-10.3-2021.10/bin/../lib/gcc/arm-none-eabi/10.3.1/../../../../arm-none-eabi/lib/thumb/v7-m/nofp\libg.a(lib_a-fini.o)
                0x08006c30                __libc_fini_array
 .text.__sfvwrite_r
                0x08006c5c      0x2f0 d:/clion/gcc-arm-none-eabi-10.3-2021.10/bin/../lib/gcc/arm-none-eabi/10.3.1/../../../../arm-none-eabi/lib/thumb/v7-m/nofp\libg.a(lib_a-fvwrite.o)
                0x08006c5c                __sfvwrite_r
 .text._fwalk_reent
                0x08006f4c       0x48 d:/clion/gcc-arm-none-eabi-10.3-2021.10/bin/../lib/gcc/arm-none-eabi/10.3.1/../../../../arm-none-eabi/lib/thumb/v7-m/nofp\libg.a(lib_a-fwalk.o)
                0x08006f4c                _fwalk_reent
 .text.__retarget_lock_init_recursive
                0x08006f94        0x4 d:/clion/gcc-arm-none-eabi-10.3-2021.10/bin/../lib/gcc/arm-none-eabi/10.3.1/../../../../arm-none-eabi/lib/thumb/v7-m/nofp\libg.a(lib_a-lock.o)
                0x08006f94                __retarget_lock_init_recursive
 .text.__retarget_lock_close_recursive
                0x08006f98        0x4 d:/clion/gcc-arm-none-eabi-10.3-2021.10/bin/../lib/gcc/arm-none-eabi/10.3.1/../../../../arm-none-eabi/lib/thumb/v7-m/nofp\libg.a(lib_a-lock.o)
                0x08006f98                __retarget_lock_close_recursive
 .text.__retarget_lock_acquire_recursive
                0x08006f9c        0x4 d:/clion/gcc-arm-none-eabi-10.3-2021.10/bin/../lib/gcc/arm-none-eabi/10.3.1/../../../../arm-none-eabi/lib/thumb/v7-m/nofp\libg.a(lib_a-lock.o)
                0x08006f9c                __retarget_lock_acquire_recursive
 .text.__retarget_lock_release_recursive
                0x08006fa0        0x4 d:/clion/gcc-arm-none-eabi-10.3-2021.10/bin/../lib/gcc/arm-none-eabi/10.3.1/../../../../arm-none-eabi/lib/thumb/v7-m/nofp\libg.a(lib_a-lock.o)
                0x08006fa0                __retarget_lock_release_recursive
 .text._malloc_r
                0x08006fa4      0x558 d:/clion/gcc-arm-none-eabi-10.3-2021.10/bin/../lib/gcc/arm-none-eabi/10.3.1/../../../../arm-none-eabi/lib/thumb/v7-m/nofp\libg.a(lib_a-mallocr.o)
                0x08006fa4                _malloc_r
 .text.memchr   0x080074fc       0x90 d:/clion/gcc-arm-none-eabi-10.3-2021.10/bin/../lib/gcc/arm-none-eabi/10.3.1/../../../../arm-none-eabi/lib/thumb/v7-m/nofp\libg.a(lib_a-memchr-stub.o)
                0x080074fc                memchr
 .text.memmove  0x0800758c       0xf8 d:/clion/gcc-arm-none-eabi-10.3-2021.10/bin/../lib/gcc/arm-none-eabi/10.3.1/../../../../arm-none-eabi/lib/thumb/v7-m/nofp\libg.a(lib_a-memmove.o)
                0x0800758c                memmove
 .text.__malloc_lock
                0x08007684        0xc d:/clion/gcc-arm-none-eabi-10.3-2021.10/bin/../lib/gcc/arm-none-eabi/10.3.1/../../../../arm-none-eabi/lib/thumb/v7-m/nofp\libg.a(lib_a-mlock.o)
                0x08007684                __malloc_lock
 .text.__malloc_unlock
                0x08007690        0xc d:/clion/gcc-arm-none-eabi-10.3-2021.10/bin/../lib/gcc/arm-none-eabi/10.3.1/../../../../arm-none-eabi/lib/thumb/v7-m/nofp\libg.a(lib_a-mlock.o)
                0x08007690                __malloc_unlock
 .text._realloc_r
                0x0800769c      0x3dc d:/clion/gcc-arm-none-eabi-10.3-2021.10/bin/../lib/gcc/arm-none-eabi/10.3.1/../../../../arm-none-eabi/lib/thumb/v7-m/nofp\libg.a(lib_a-reallocr.o)
                0x0800769c                _realloc_r
 .text._sbrk_r  0x08007a78       0x24 d:/clion/gcc-arm-none-eabi-10.3-2021.10/bin/../lib/gcc/arm-none-eabi/10.3.1/../../../../arm-none-eabi/lib/thumb/v7-m/nofp\libg.a(lib_a-sbrkr.o)
                0x08007a78                _sbrk_r
 .text.__sread  0x08007a9c       0x24 d:/clion/gcc-arm-none-eabi-10.3-2021.10/bin/../lib/gcc/arm-none-eabi/10.3.1/../../../../arm-none-eabi/lib/thumb/v7-m/nofp\libg.a(lib_a-stdio.o)
                0x08007a9c                __sread
 .text.__swrite
                0x08007ac0       0x40 d:/clion/gcc-arm-none-eabi-10.3-2021.10/bin/../lib/gcc/arm-none-eabi/10.3.1/../../../../arm-none-eabi/lib/thumb/v7-m/nofp\libg.a(lib_a-stdio.o)
                0x08007ac0                __swrite
 .text.__sseek  0x08007b00       0x20 d:/clion/gcc-arm-none-eabi-10.3-2021.10/bin/../lib/gcc/arm-none-eabi/10.3.1/../../../../arm-none-eabi/lib/thumb/v7-m/nofp\libg.a(lib_a-stdio.o)
                0x08007b00                __sseek
 .text.__sclose
                0x08007b20        0x8 d:/clion/gcc-arm-none-eabi-10.3-2021.10/bin/../lib/gcc/arm-none-eabi/10.3.1/../../../../arm-none-eabi/lib/thumb/v7-m/nofp\libg.a(lib_a-stdio.o)
                0x08007b20                __sclose
 .text._write_r
                0x08007b28       0x2c d:/clion/gcc-arm-none-eabi-10.3-2021.10/bin/../lib/gcc/arm-none-eabi/10.3.1/../../../../arm-none-eabi/lib/thumb/v7-m/nofp\libg.a(lib_a-writer.o)
                0x08007b28                _write_r
 .text.__swsetup_r
                0x08007b54       0xd4 d:/clion/gcc-arm-none-eabi-10.3-2021.10/bin/../lib/gcc/arm-none-eabi/10.3.1/../../../../arm-none-eabi/lib/thumb/v7-m/nofp\libg.a(lib_a-wsetup.o)
                0x08007b54                __swsetup_r
 .text.__register_exitproc
                0x08007c28       0x8c d:/clion/gcc-arm-none-eabi-10.3-2021.10/bin/../lib/gcc/arm-none-eabi/10.3.1/../../../../arm-none-eabi/lib/thumb/v7-m/nofp\libg.a(lib_a-__atexit.o)
                0x08007c28                __register_exitproc
 .text._close_r
                0x08007cb4       0x24 d:/clion/gcc-arm-none-eabi-10.3-2021.10/bin/../lib/gcc/arm-none-eabi/10.3.1/../../../../arm-none-eabi/lib/thumb/v7-m/nofp\libg.a(lib_a-closer.o)
                0x08007cb4                _close_r
 .text._fclose_r
                0x08007cd8       0xcc d:/clion/gcc-arm-none-eabi-10.3-2021.10/bin/../lib/gcc/arm-none-eabi/10.3.1/../../../../arm-none-eabi/lib/thumb/v7-m/nofp\libg.a(lib_a-fclose.o)
                0x08007cd8                _fclose_r
 .text.__sflush_r
                0x08007da4      0x124 d:/clion/gcc-arm-none-eabi-10.3-2021.10/bin/../lib/gcc/arm-none-eabi/10.3.1/../../../../arm-none-eabi/lib/thumb/v7-m/nofp\libg.a(lib_a-fflush.o)
                0x08007da4                __sflush_r
 .text._fflush_r
                0x08007ec8       0x5c d:/clion/gcc-arm-none-eabi-10.3-2021.10/bin/../lib/gcc/arm-none-eabi/10.3.1/../../../../arm-none-eabi/lib/thumb/v7-m/nofp\libg.a(lib_a-fflush.o)
                0x08007ec8                _fflush_r
 .text._malloc_trim_r
                0x08007f24       0xa0 d:/clion/gcc-arm-none-eabi-10.3-2021.10/bin/../lib/gcc/arm-none-eabi/10.3.1/../../../../arm-none-eabi/lib/thumb/v7-m/nofp\libg.a(lib_a-freer.o)
                0x08007f24                _malloc_trim_r
 .text._free_r  0x08007fc4      0x200 d:/clion/gcc-arm-none-eabi-10.3-2021.10/bin/../lib/gcc/arm-none-eabi/10.3.1/../../../../arm-none-eabi/lib/thumb/v7-m/nofp\libg.a(lib_a-freer.o)
                0x08007fc4                _free_r
 .text._lseek_r
                0x080081c4       0x2c d:/clion/gcc-arm-none-eabi-10.3-2021.10/bin/../lib/gcc/arm-none-eabi/10.3.1/../../../../arm-none-eabi/lib/thumb/v7-m/nofp\libg.a(lib_a-lseekr.o)
                0x080081c4                _lseek_r
 .text.__smakebuf_r
                0x080081f0       0xe0 d:/clion/gcc-arm-none-eabi-10.3-2021.10/bin/../lib/gcc/arm-none-eabi/10.3.1/../../../../arm-none-eabi/lib/thumb/v7-m/nofp\libg.a(lib_a-makebuf.o)
                0x080081f0                __smakebuf_r
 .text._read_r  0x080082d0       0x2c d:/clion/gcc-arm-none-eabi-10.3-2021.10/bin/../lib/gcc/arm-none-eabi/10.3.1/../../../../arm-none-eabi/lib/thumb/v7-m/nofp\libg.a(lib_a-readr.o)
                0x080082d0                _read_r
 .text._fstat_r
                0x080082fc       0x28 d:/clion/gcc-arm-none-eabi-10.3-2021.10/bin/../lib/gcc/arm-none-eabi/10.3.1/../../../../arm-none-eabi/lib/thumb/v7-m/nofp\libg.a(lib_a-fstatr.o)
                0x080082fc                _fstat_r
 .text._isatty_r
                0x08008324       0x24 d:/clion/gcc-arm-none-eabi-10.3-2021.10/bin/../lib/gcc/arm-none-eabi/10.3.1/../../../../arm-none-eabi/lib/thumb/v7-m/nofp\libg.a(lib_a-isattyr.o)
                0x08008324                _isatty_r
 *(.glue_7)
 .glue_7        0x08008348        0x0 linker stubs
 *(.glue_7t)
 .glue_7t       0x08008348        0x0 linker stubs
 *(.eh_frame)
 .eh_frame      0x08008348        0x0 d:/clion/gcc-arm-none-eabi-10.3-2021.10/bin/../lib/gcc/arm-none-eabi/10.3.1/thumb/v7-m/nofp/crtbegin.o
 *(.init)
 .init          0x08008348        0x4 d:/clion/gcc-arm-none-eabi-10.3-2021.10/bin/../lib/gcc/arm-none-eabi/10.3.1/thumb/v7-m/nofp/crti.o
                0x08008348                _init
 .init          0x0800834c        0x8 d:/clion/gcc-arm-none-eabi-10.3-2021.10/bin/../lib/gcc/arm-none-eabi/10.3.1/thumb/v7-m/nofp/crtn.o
 *(.fini)
 .fini          0x08008354        0x4 d:/clion/gcc-arm-none-eabi-10.3-2021.10/bin/../lib/gcc/arm-none-eabi/10.3.1/thumb/v7-m/nofp/crti.o
                0x08008354                _fini
 .fini          0x08008358        0x8 d:/clion/gcc-arm-none-eabi-10.3-2021.10/bin/../lib/gcc/arm-none-eabi/10.3.1/thumb/v7-m/nofp/crtn.o
                0x08008360                . = ALIGN (0x4)
                0x08008360                _etext = .

.vfp11_veneer   0x08008360        0x0
 .vfp11_veneer  0x08008360        0x0 linker stubs

.v4_bx          0x08008360        0x0
 .v4_bx         0x08008360        0x0 linker stubs

.iplt           0x08008360        0x0
 .iplt          0x08008360        0x0 d:/clion/gcc-arm-none-eabi-10.3-2021.10/bin/../lib/gcc/arm-none-eabi/10.3.1/thumb/v7-m/nofp/crtbegin.o

.rodata         0x08008360      0x1f0
                0x08008360                . = ALIGN (0x4)
 *(.rodata)
 .rodata        0x08008360       0x8c CMakeFiles/ISD2190.elf.dir/Core/Src/freertos.c.obj
 *(.rodata*)
 .rodata.str1.4
                0x080083ec       0x5e CMakeFiles/ISD2190.elf.dir/Core/Src/freertos.c.obj
 *fill*         0x0800844a        0x2 
 .rodata.VM1_Receive_Task.str1.4
                0x0800844c        0x9 CMakeFiles/ISD2190.elf.dir/Core/Src/freertos.c.obj
 *fill*         0x08008455        0x3 
 .rodata.VM2_Receive_Task.str1.4
                0x08008458        0x9 CMakeFiles/ISD2190.elf.dir/Core/Src/freertos.c.obj
 *fill*         0x08008461        0x3 
 .rodata.main.str1.4
                0x08008464       0x11 CMakeFiles/ISD2190.elf.dir/Core/Src/main.c.obj
 *fill*         0x08008475        0x3 
 .rodata.AHBPrescTable
                0x08008478       0x10 CMakeFiles/ISD2190.elf.dir/Core/Src/system_stm32l1xx.c.obj
                0x08008478                AHBPrescTable
 .rodata.APBPrescTable
                0x08008488        0x8 CMakeFiles/ISD2190.elf.dir/Core/Src/system_stm32l1xx.c.obj
                0x08008488                APBPrescTable
 .rodata.PLLMulTable
                0x08008490        0x9 CMakeFiles/ISD2190.elf.dir/Core/Src/system_stm32l1xx.c.obj
                0x08008490                PLLMulTable
 *fill*         0x08008499        0x3 
 .rodata.vTaskStartScheduler.str1.4
                0x0800849c        0x5 CMakeFiles/ISD2190.elf.dir/Middlewares/Third_Party/FreeRTOS/Source/tasks.c.obj
 *fill*         0x080084a1        0x3 
 .rodata.tempRes_buf
                0x080084a4       0xa2 CMakeFiles/ISD2190.elf.dir/User/temp.c.obj
 *fill*         0x08008546        0x2 
 .rodata._global_impure_ptr
                0x08008548        0x4 d:/clion/gcc-arm-none-eabi-10.3-2021.10/bin/../lib/gcc/arm-none-eabi/10.3.1/../../../../arm-none-eabi/lib/thumb/v7-m/nofp\libg.a(lib_a-impure.o)
                0x08008548                _global_impure_ptr
 .rodata._puts_r.str1.4
                0x0800854c        0x2 d:/clion/gcc-arm-none-eabi-10.3-2021.10/bin/../lib/gcc/arm-none-eabi/10.3.1/../../../../arm-none-eabi/lib/thumb/v7-m/nofp\libg.a(lib_a-puts.o)
                0x08008550                . = ALIGN (0x4)
 *fill*         0x0800854e        0x2 

.ARM.extab      0x08008550        0x0
                0x08008550                . = ALIGN (0x4)
 *(.ARM.extab* .gnu.linkonce.armextab.*)
                0x08008550                . = ALIGN (0x4)

.ARM            0x08008550        0x8
                0x08008550                . = ALIGN (0x4)
                0x08008550                __exidx_start = .
 *(.ARM.exidx*)
 .ARM.exidx     0x08008550        0x8 d:/clion/gcc-arm-none-eabi-10.3-2021.10/bin/../lib/gcc/arm-none-eabi/10.3.1/thumb/v7-m/nofp\libgcc.a(_udivmoddi4.o)
                0x08008558                __exidx_end = .
                0x08008558                . = ALIGN (0x4)

.rel.dyn        0x08008558        0x0
 .rel.iplt      0x08008558        0x0 d:/clion/gcc-arm-none-eabi-10.3-2021.10/bin/../lib/gcc/arm-none-eabi/10.3.1/thumb/v7-m/nofp/crtbegin.o

.preinit_array  0x08008558        0x0
                0x08008558                . = ALIGN (0x4)
                0x08008558                PROVIDE (__preinit_array_start = .)
 *(.preinit_array*)
                0x08008558                PROVIDE (__preinit_array_end = .)
                0x08008558                . = ALIGN (0x4)

.init_array     0x08008558        0x8
                0x08008558                . = ALIGN (0x4)
                0x08008558                PROVIDE (__init_array_start = .)
 *(SORT_BY_NAME(.init_array.*))
 .init_array.00000
                0x08008558        0x4 d:/clion/gcc-arm-none-eabi-10.3-2021.10/bin/../lib/gcc/arm-none-eabi/10.3.1/../../../../arm-none-eabi/lib/thumb/v7-m/nofp\libg.a(lib_a-__call_atexit.o)
 *(.init_array*)
 .init_array    0x0800855c        0x4 d:/clion/gcc-arm-none-eabi-10.3-2021.10/bin/../lib/gcc/arm-none-eabi/10.3.1/thumb/v7-m/nofp/crtbegin.o
                0x08008560                PROVIDE (__init_array_end = .)
                0x08008560                . = ALIGN (0x4)

.fini_array     0x08008560        0x4
                0x08008560                . = ALIGN (0x4)
                0x08008560                PROVIDE (__fini_array_start = .)
 *(SORT_BY_NAME(.fini_array.*))
 *(.fini_array*)
 .fini_array    0x08008560        0x4 d:/clion/gcc-arm-none-eabi-10.3-2021.10/bin/../lib/gcc/arm-none-eabi/10.3.1/thumb/v7-m/nofp/crtbegin.o
                0x08008564                PROVIDE (__fini_array_end = .)
                0x08008564                . = ALIGN (0x4)
                0x08008564                _sidata = LOADADDR (.data)

.data           0x20000000      0x864 load address 0x08008564
                0x20000000                . = ALIGN (0x4)
                0x20000000                _sdata = .
 *(.data)
 *(.data*)
 .data.SystemCoreClock
                0x20000000        0x4 CMakeFiles/ISD2190.elf.dir/Core/Src/system_stm32l1xx.c.obj
                0x20000000                SystemCoreClock
 .data.uwTickFreq
                0x20000004        0x4 CMakeFiles/ISD2190.elf.dir/Drivers/STM32L1xx_HAL_Driver/Src/stm32l1xx_hal.c.obj
                0x20000004                uwTickFreq
 .data.uwTickPrio
                0x20000008        0x4 CMakeFiles/ISD2190.elf.dir/Drivers/STM32L1xx_HAL_Driver/Src/stm32l1xx_hal.c.obj
                0x20000008                uwTickPrio
 .data.uxCriticalNesting
                0x2000000c        0x4 CMakeFiles/ISD2190.elf.dir/Middlewares/Third_Party/FreeRTOS/Source/portable/GCC/ARM_CM3/port.c.obj
 .data.VM_Init_Cmd
                0x20000010        0x7 CMakeFiles/ISD2190.elf.dir/User/VMxx.c.obj
                0x20000010                VM_Init_Cmd
 *fill*         0x20000017        0x1 
 .data.VM_Scan_Cmd
                0x20000018        0x5 CMakeFiles/ISD2190.elf.dir/User/VMxx.c.obj
                0x20000018                VM_Scan_Cmd
 *fill*         0x2000001d        0x3 
 .data._impure_ptr
                0x20000020        0x4 d:/clion/gcc-arm-none-eabi-10.3-2021.10/bin/../lib/gcc/arm-none-eabi/10.3.1/../../../../arm-none-eabi/lib/thumb/v7-m/nofp\libg.a(lib_a-impure.o)
                0x20000020                _impure_ptr
 *fill*         0x20000024        0x4 
 .data.impure_data
                0x20000028      0x428 d:/clion/gcc-arm-none-eabi-10.3-2021.10/bin/../lib/gcc/arm-none-eabi/10.3.1/../../../../arm-none-eabi/lib/thumb/v7-m/nofp\libg.a(lib_a-impure.o)
 .data.__atexit_recursive_mutex
                0x20000450        0x4 d:/clion/gcc-arm-none-eabi-10.3-2021.10/bin/../lib/gcc/arm-none-eabi/10.3.1/../../../../arm-none-eabi/lib/thumb/v7-m/nofp\libg.a(lib_a-__call_atexit.o)
                0x20000450                __atexit_recursive_mutex
 .data.__malloc_av_
                0x20000454      0x408 d:/clion/gcc-arm-none-eabi-10.3-2021.10/bin/../lib/gcc/arm-none-eabi/10.3.1/../../../../arm-none-eabi/lib/thumb/v7-m/nofp\libg.a(lib_a-mallocr.o)
                0x20000454                __malloc_av_
 .data.__malloc_sbrk_base
                0x2000085c        0x4 d:/clion/gcc-arm-none-eabi-10.3-2021.10/bin/../lib/gcc/arm-none-eabi/10.3.1/../../../../arm-none-eabi/lib/thumb/v7-m/nofp\libg.a(lib_a-mallocr.o)
                0x2000085c                __malloc_sbrk_base
 .data.__malloc_trim_threshold
                0x20000860        0x4 d:/clion/gcc-arm-none-eabi-10.3-2021.10/bin/../lib/gcc/arm-none-eabi/10.3.1/../../../../arm-none-eabi/lib/thumb/v7-m/nofp\libg.a(lib_a-mallocr.o)
                0x20000860                __malloc_trim_threshold
 *(.RamFunc)
 *(.RamFunc*)
                0x20000864                . = ALIGN (0x4)
                0x20000864                _edata = .

.igot.plt       0x20000864        0x0 load address 0x08008dc8
 .igot.plt      0x20000864        0x0 d:/clion/gcc-arm-none-eabi-10.3-2021.10/bin/../lib/gcc/arm-none-eabi/10.3.1/thumb/v7-m/nofp/crtbegin.o
                0x20000864                . = ALIGN (0x4)

.bss            0x20000864     0x19c0 load address 0x08008dc8
                0x20000864                _sbss = .
                0x20000864                __bss_start__ = _sbss
 *(.bss)
 .bss           0x20000864       0x1c d:/clion/gcc-arm-none-eabi-10.3-2021.10/bin/../lib/gcc/arm-none-eabi/10.3.1/thumb/v7-m/nofp/crtbegin.o
 *(.bss*)
 .bss.hadc      0x20000880       0x54 CMakeFiles/ISD2190.elf.dir/Core/Src/adc.c.obj
                0x20000880                hadc
 .bss.hdma_adc  0x200008d4       0x44 CMakeFiles/ISD2190.elf.dir/Core/Src/adc.c.obj
                0x200008d4                hdma_adc
 .bss.xIdleStack
                0x20000918      0x200 CMakeFiles/ISD2190.elf.dir/Core/Src/freertos.c.obj
 .bss.xIdleTaskTCBBuffer
                0x20000b18       0x54 CMakeFiles/ISD2190.elf.dir/Core/Src/freertos.c.obj
 .bss.hiwdg     0x20000b6c        0xc CMakeFiles/ISD2190.elf.dir/Core/Src/iwdg.c.obj
                0x20000b6c                hiwdg
 .bss.ADC_Value
                0x20000b78       0x20 CMakeFiles/ISD2190.elf.dir/Core/Src/main.c.obj
                0x20000b78                ADC_Value
 .bss.BleBuf    0x20000b98       0xff CMakeFiles/ISD2190.elf.dir/Core/Src/main.c.obj
                0x20000b98                BleBuf
 .bss.Cmd       0x20000c97        0x1 CMakeFiles/ISD2190.elf.dir/Core/Src/main.c.obj
                0x20000c97                Cmd
 .bss.Scan_Start
                0x20000c98        0x1 CMakeFiles/ISD2190.elf.dir/Core/Src/main.c.obj
                0x20000c98                Scan_Start
 *fill*         0x20000c99        0x3 
 .bss.Sensor    0x20000c9c      0x500 CMakeFiles/ISD2190.elf.dir/Core/Src/main.c.obj
                0x20000c9c                Sensor
 .bss.Temp_Value
                0x2000119c       0x20 CMakeFiles/ISD2190.elf.dir/Core/Src/main.c.obj
                0x2000119c                Temp_Value
 .bss.VM1_Busy  0x200011bc        0x1 CMakeFiles/ISD2190.elf.dir/Core/Src/main.c.obj
                0x200011bc                VM1_Busy
 .bss.VM1_Init  0x200011bd        0x1 CMakeFiles/ISD2190.elf.dir/Core/Src/main.c.obj
                0x200011bd                VM1_Init
 .bss.VM1_OK    0x200011be        0x1 CMakeFiles/ISD2190.elf.dir/Core/Src/main.c.obj
                0x200011be                VM1_OK
 .bss.VM2_Busy  0x200011bf        0x1 CMakeFiles/ISD2190.elf.dir/Core/Src/main.c.obj
                0x200011bf                VM2_Busy
 .bss.VM2_Init  0x200011c0        0x1 CMakeFiles/ISD2190.elf.dir/Core/Src/main.c.obj
                0x200011c0                VM2_Init
 .bss.VM2_OK    0x200011c1        0x1 CMakeFiles/ISD2190.elf.dir/Core/Src/main.c.obj
                0x200011c1                VM2_OK
 .bss.VM_ERR    0x200011c2        0x1 CMakeFiles/ISD2190.elf.dir/Core/Src/main.c.obj
                0x200011c2                VM_ERR
 .bss.ble_flag  0x200011c3        0x1 CMakeFiles/ISD2190.elf.dir/Core/Src/main.c.obj
                0x200011c3                ble_flag
 .bss.ble_len   0x200011c4        0x1 CMakeFiles/ISD2190.elf.dir/Core/Src/main.c.obj
                0x200011c4                ble_len
 *fill*         0x200011c5        0x3 
 .bss.usart2Queue
                0x200011c8        0x4 CMakeFiles/ISD2190.elf.dir/Core/Src/main.c.obj
                0x200011c8                usart2Queue
 .bss.usart3Queue
                0x200011cc        0x4 CMakeFiles/ISD2190.elf.dir/Core/Src/main.c.obj
                0x200011cc                usart3Queue
 .bss.usart5Queue
                0x200011d0        0x4 CMakeFiles/ISD2190.elf.dir/Core/Src/main.c.obj
                0x200011d0                usart5Queue
 .bss.htim7     0x200011d4       0x40 CMakeFiles/ISD2190.elf.dir/Core/Src/stm32l1xx_hal_timebase_tim.c.obj
                0x200011d4                htim7
 .bss.__sbrk_heap_end
                0x20001214        0x4 CMakeFiles/ISD2190.elf.dir/Core/Src/sysmem.c.obj
 .bss.htim2     0x20001218       0x40 CMakeFiles/ISD2190.elf.dir/Core/Src/tim.c.obj
                0x20001218                htim2
 .bss.htim3     0x20001258       0x40 CMakeFiles/ISD2190.elf.dir/Core/Src/tim.c.obj
                0x20001258                htim3
 .bss.huart2    0x20001298       0x48 CMakeFiles/ISD2190.elf.dir/Core/Src/usart.c.obj
                0x20001298                huart2
 .bss.huart3    0x200012e0       0x48 CMakeFiles/ISD2190.elf.dir/Core/Src/usart.c.obj
                0x200012e0                huart3
 .bss.huart5    0x20001328       0x48 CMakeFiles/ISD2190.elf.dir/Core/Src/usart.c.obj
                0x20001328                huart5
 .bss.uwTick    0x20001370        0x4 CMakeFiles/ISD2190.elf.dir/Drivers/STM32L1xx_HAL_Driver/Src/stm32l1xx_hal.c.obj
                0x20001370                uwTick
 .bss.pFlash    0x20001374       0x18 CMakeFiles/ISD2190.elf.dir/Drivers/STM32L1xx_HAL_Driver/Src/stm32l1xx_hal_flash.c.obj
                0x20001374                pFlash
 .bss.ucMaxSysCallPriority
                0x2000138c        0x1 CMakeFiles/ISD2190.elf.dir/Middlewares/Third_Party/FreeRTOS/Source/portable/GCC/ARM_CM3/port.c.obj
 *fill*         0x2000138d        0x3 
 .bss.ulMaxPRIGROUPValue
                0x20001390        0x4 CMakeFiles/ISD2190.elf.dir/Middlewares/Third_Party/FreeRTOS/Source/portable/GCC/ARM_CM3/port.c.obj
 .bss.pxEnd     0x20001394        0x4 CMakeFiles/ISD2190.elf.dir/Middlewares/Third_Party/FreeRTOS/Source/portable/MemMang/heap_4.c.obj
 .bss.ucHeap    0x20001398      0xc00 CMakeFiles/ISD2190.elf.dir/Middlewares/Third_Party/FreeRTOS/Source/portable/MemMang/heap_4.c.obj
 .bss.xBlockAllocatedBit
                0x20001f98        0x4 CMakeFiles/ISD2190.elf.dir/Middlewares/Third_Party/FreeRTOS/Source/portable/MemMang/heap_4.c.obj
 .bss.xFreeBytesRemaining
                0x20001f9c        0x4 CMakeFiles/ISD2190.elf.dir/Middlewares/Third_Party/FreeRTOS/Source/portable/MemMang/heap_4.c.obj
 .bss.xMinimumEverFreeBytesRemaining
                0x20001fa0        0x4 CMakeFiles/ISD2190.elf.dir/Middlewares/Third_Party/FreeRTOS/Source/portable/MemMang/heap_4.c.obj
 .bss.xStart    0x20001fa4        0x8 CMakeFiles/ISD2190.elf.dir/Middlewares/Third_Party/FreeRTOS/Source/portable/MemMang/heap_4.c.obj
 .bss.pxCurrentTCB
                0x20001fac        0x4 CMakeFiles/ISD2190.elf.dir/Middlewares/Third_Party/FreeRTOS/Source/tasks.c.obj
                0x20001fac                pxCurrentTCB
 .bss.pxDelayedTaskList
                0x20001fb0        0x4 CMakeFiles/ISD2190.elf.dir/Middlewares/Third_Party/FreeRTOS/Source/tasks.c.obj
 .bss.pxOverflowDelayedTaskList
                0x20001fb4        0x4 CMakeFiles/ISD2190.elf.dir/Middlewares/Third_Party/FreeRTOS/Source/tasks.c.obj
 .bss.pxReadyTasksLists
                0x20001fb8       0x8c CMakeFiles/ISD2190.elf.dir/Middlewares/Third_Party/FreeRTOS/Source/tasks.c.obj
 .bss.uxCurrentNumberOfTasks
                0x20002044        0x4 CMakeFiles/ISD2190.elf.dir/Middlewares/Third_Party/FreeRTOS/Source/tasks.c.obj
 .bss.uxDeletedTasksWaitingCleanUp
                0x20002048        0x4 CMakeFiles/ISD2190.elf.dir/Middlewares/Third_Party/FreeRTOS/Source/tasks.c.obj
 .bss.uxPendedTicks
                0x2000204c        0x4 CMakeFiles/ISD2190.elf.dir/Middlewares/Third_Party/FreeRTOS/Source/tasks.c.obj
 .bss.uxSchedulerSuspended
                0x20002050        0x4 CMakeFiles/ISD2190.elf.dir/Middlewares/Third_Party/FreeRTOS/Source/tasks.c.obj
 .bss.uxTaskNumber
                0x20002054        0x4 CMakeFiles/ISD2190.elf.dir/Middlewares/Third_Party/FreeRTOS/Source/tasks.c.obj
 .bss.uxTopReadyPriority
                0x20002058        0x4 CMakeFiles/ISD2190.elf.dir/Middlewares/Third_Party/FreeRTOS/Source/tasks.c.obj
 .bss.xDelayedTaskList1
                0x2000205c       0x14 CMakeFiles/ISD2190.elf.dir/Middlewares/Third_Party/FreeRTOS/Source/tasks.c.obj
 .bss.xDelayedTaskList2
                0x20002070       0x14 CMakeFiles/ISD2190.elf.dir/Middlewares/Third_Party/FreeRTOS/Source/tasks.c.obj
 .bss.xIdleTaskHandle
                0x20002084        0x4 CMakeFiles/ISD2190.elf.dir/Middlewares/Third_Party/FreeRTOS/Source/tasks.c.obj
 .bss.xNextTaskUnblockTime
                0x20002088        0x4 CMakeFiles/ISD2190.elf.dir/Middlewares/Third_Party/FreeRTOS/Source/tasks.c.obj
 .bss.xNumOfOverflows
                0x2000208c        0x4 CMakeFiles/ISD2190.elf.dir/Middlewares/Third_Party/FreeRTOS/Source/tasks.c.obj
 .bss.xPendingReadyList
                0x20002090       0x14 CMakeFiles/ISD2190.elf.dir/Middlewares/Third_Party/FreeRTOS/Source/tasks.c.obj
 .bss.xSchedulerRunning
                0x200020a4        0x4 CMakeFiles/ISD2190.elf.dir/Middlewares/Third_Party/FreeRTOS/Source/tasks.c.obj
 .bss.xSuspendedTaskList
                0x200020a8       0x14 CMakeFiles/ISD2190.elf.dir/Middlewares/Third_Party/FreeRTOS/Source/tasks.c.obj
 .bss.xTasksWaitingTermination
                0x200020bc       0x14 CMakeFiles/ISD2190.elf.dir/Middlewares/Third_Party/FreeRTOS/Source/tasks.c.obj
 .bss.xTickCount
                0x200020d0        0x4 CMakeFiles/ISD2190.elf.dir/Middlewares/Third_Party/FreeRTOS/Source/tasks.c.obj
 .bss.xYieldPending
                0x200020d4        0x4 CMakeFiles/ISD2190.elf.dir/Middlewares/Third_Party/FreeRTOS/Source/tasks.c.obj
 .bss.tx_buffer
                0x200020d8       0xff CMakeFiles/ISD2190.elf.dir/User/bt4531.c.obj
                0x200020d8                tx_buffer
 *fill*         0x200021d7        0x1 
 .bss.data      0x200021d8        0x4 CMakeFiles/ISD2190.elf.dir/User/flash.c.obj
                0x200021d8                data
 .bss.__lock___atexit_recursive_mutex
                0x200021dc        0x1 d:/clion/gcc-arm-none-eabi-10.3-2021.10/bin/../lib/gcc/arm-none-eabi/10.3.1/../../../../arm-none-eabi/lib/thumb/v7-m/nofp\libg.a(lib_a-lock.o)
                0x200021dc                __lock___atexit_recursive_mutex
 *fill*         0x200021dd        0x3 
 .bss.__lock___malloc_recursive_mutex
                0x200021e0        0x1 d:/clion/gcc-arm-none-eabi-10.3-2021.10/bin/../lib/gcc/arm-none-eabi/10.3.1/../../../../arm-none-eabi/lib/thumb/v7-m/nofp\libg.a(lib_a-lock.o)
                0x200021e0                __lock___malloc_recursive_mutex
 *fill*         0x200021e1        0x3 
 .bss.__lock___sfp_recursive_mutex
                0x200021e4        0x1 d:/clion/gcc-arm-none-eabi-10.3-2021.10/bin/../lib/gcc/arm-none-eabi/10.3.1/../../../../arm-none-eabi/lib/thumb/v7-m/nofp\libg.a(lib_a-lock.o)
                0x200021e4                __lock___sfp_recursive_mutex
 *fill*         0x200021e5        0x3 
 .bss.__lock___sinit_recursive_mutex
                0x200021e8        0x1 d:/clion/gcc-arm-none-eabi-10.3-2021.10/bin/../lib/gcc/arm-none-eabi/10.3.1/../../../../arm-none-eabi/lib/thumb/v7-m/nofp\libg.a(lib_a-lock.o)
                0x200021e8                __lock___sinit_recursive_mutex
 *fill*         0x200021e9        0x3 
 .bss.__malloc_current_mallinfo
                0x200021ec       0x28 d:/clion/gcc-arm-none-eabi-10.3-2021.10/bin/../lib/gcc/arm-none-eabi/10.3.1/../../../../arm-none-eabi/lib/thumb/v7-m/nofp\libg.a(lib_a-mallocr.o)
                0x200021ec                __malloc_current_mallinfo
 .bss.__malloc_max_sbrked_mem
                0x20002214        0x4 d:/clion/gcc-arm-none-eabi-10.3-2021.10/bin/../lib/gcc/arm-none-eabi/10.3.1/../../../../arm-none-eabi/lib/thumb/v7-m/nofp\libg.a(lib_a-mallocr.o)
                0x20002214                __malloc_max_sbrked_mem
 .bss.__malloc_max_total_mem
                0x20002218        0x4 d:/clion/gcc-arm-none-eabi-10.3-2021.10/bin/../lib/gcc/arm-none-eabi/10.3.1/../../../../arm-none-eabi/lib/thumb/v7-m/nofp\libg.a(lib_a-mallocr.o)
                0x20002218                __malloc_max_total_mem
 .bss.__malloc_top_pad
                0x2000221c        0x4 d:/clion/gcc-arm-none-eabi-10.3-2021.10/bin/../lib/gcc/arm-none-eabi/10.3.1/../../../../arm-none-eabi/lib/thumb/v7-m/nofp\libg.a(lib_a-mallocr.o)
                0x2000221c                __malloc_top_pad
 .bss.errno     0x20002220        0x4 d:/clion/gcc-arm-none-eabi-10.3-2021.10/bin/../lib/gcc/arm-none-eabi/10.3.1/../../../../arm-none-eabi/lib/thumb/v7-m/nofp\libg.a(lib_a-reent.o)
                0x20002220                errno
 *(COMMON)
                0x20002224                . = ALIGN (0x4)
                0x20002224                _ebss = .
                0x20002224                __bss_end__ = _ebss

._user_heap_stack
                0x20002224      0x604 load address 0x08008dc8
                0x20002228                . = ALIGN (0x8)
 *fill*         0x20002224        0x4 
                [!provide]                PROVIDE (end = .)
                0x20002228                PROVIDE (_end = .)
                0x20002428                . = (. + _Min_Heap_Size)
 *fill*         0x20002228      0x200 
                0x20002828                . = (. + _Min_Stack_Size)
 *fill*         0x20002428      0x400 
                0x20002828                . = ALIGN (0x8)

/DISCARD/
 libc.a(*)
 libm.a(*)
 libgcc.a(*)

.ARM.attributes
                0x00000000       0x29
 *(.ARM.attributes)
 .ARM.attributes
                0x00000000       0x1d d:/clion/gcc-arm-none-eabi-10.3-2021.10/bin/../lib/gcc/arm-none-eabi/10.3.1/thumb/v7-m/nofp/crti.o
 .ARM.attributes
                0x0000001d       0x2d d:/clion/gcc-arm-none-eabi-10.3-2021.10/bin/../lib/gcc/arm-none-eabi/10.3.1/thumb/v7-m/nofp/crtbegin.o
 .ARM.attributes
                0x0000004a       0x2d CMakeFiles/ISD2190.elf.dir/Core/Src/adc.c.obj
 .ARM.attributes
                0x00000077       0x2d CMakeFiles/ISD2190.elf.dir/Core/Src/dma.c.obj
 .ARM.attributes
                0x000000a4       0x2d CMakeFiles/ISD2190.elf.dir/Core/Src/freertos.c.obj
 .ARM.attributes
                0x000000d1       0x2d CMakeFiles/ISD2190.elf.dir/Core/Src/gpio.c.obj
 .ARM.attributes
                0x000000fe       0x2d CMakeFiles/ISD2190.elf.dir/Core/Src/iwdg.c.obj
 .ARM.attributes
                0x0000012b       0x2d CMakeFiles/ISD2190.elf.dir/Core/Src/main.c.obj
 .ARM.attributes
                0x00000158       0x2d CMakeFiles/ISD2190.elf.dir/Core/Src/stm32l1xx_hal_msp.c.obj
 .ARM.attributes
                0x00000185       0x2d CMakeFiles/ISD2190.elf.dir/Core/Src/stm32l1xx_hal_timebase_tim.c.obj
 .ARM.attributes
                0x000001b2       0x2d CMakeFiles/ISD2190.elf.dir/Core/Src/stm32l1xx_it.c.obj
 .ARM.attributes
                0x000001df       0x2d CMakeFiles/ISD2190.elf.dir/Core/Src/syscalls.c.obj
 .ARM.attributes
                0x0000020c       0x2d CMakeFiles/ISD2190.elf.dir/Core/Src/sysmem.c.obj
 .ARM.attributes
                0x00000239       0x2d CMakeFiles/ISD2190.elf.dir/Core/Src/system_stm32l1xx.c.obj
 .ARM.attributes
                0x00000266       0x2d CMakeFiles/ISD2190.elf.dir/Core/Src/tim.c.obj
 .ARM.attributes
                0x00000293       0x2d CMakeFiles/ISD2190.elf.dir/Core/Src/usart.c.obj
 .ARM.attributes
                0x000002c0       0x21 CMakeFiles/ISD2190.elf.dir/Core/Startup/startup_stm32l151rdtx.s.obj
 .ARM.attributes
                0x000002e1       0x2d CMakeFiles/ISD2190.elf.dir/Drivers/STM32L1xx_HAL_Driver/Src/stm32l1xx_hal.c.obj
 .ARM.attributes
                0x0000030e       0x2d CMakeFiles/ISD2190.elf.dir/Drivers/STM32L1xx_HAL_Driver/Src/stm32l1xx_hal_adc.c.obj
 .ARM.attributes
                0x0000033b       0x2d CMakeFiles/ISD2190.elf.dir/Drivers/STM32L1xx_HAL_Driver/Src/stm32l1xx_hal_cortex.c.obj
 .ARM.attributes
                0x00000368       0x2d CMakeFiles/ISD2190.elf.dir/Drivers/STM32L1xx_HAL_Driver/Src/stm32l1xx_hal_dma.c.obj
 .ARM.attributes
                0x00000395       0x2d CMakeFiles/ISD2190.elf.dir/Drivers/STM32L1xx_HAL_Driver/Src/stm32l1xx_hal_flash.c.obj
 .ARM.attributes
                0x000003c2       0x2d CMakeFiles/ISD2190.elf.dir/Drivers/STM32L1xx_HAL_Driver/Src/stm32l1xx_hal_flash_ex.c.obj
 .ARM.attributes
                0x000003ef       0x2d CMakeFiles/ISD2190.elf.dir/Drivers/STM32L1xx_HAL_Driver/Src/stm32l1xx_hal_gpio.c.obj
 .ARM.attributes
                0x0000041c       0x2d CMakeFiles/ISD2190.elf.dir/Drivers/STM32L1xx_HAL_Driver/Src/stm32l1xx_hal_iwdg.c.obj
 .ARM.attributes
                0x00000449       0x2d CMakeFiles/ISD2190.elf.dir/Drivers/STM32L1xx_HAL_Driver/Src/stm32l1xx_hal_rcc.c.obj
 .ARM.attributes
                0x00000476       0x2d CMakeFiles/ISD2190.elf.dir/Drivers/STM32L1xx_HAL_Driver/Src/stm32l1xx_hal_tim.c.obj
 .ARM.attributes
                0x000004a3       0x2d CMakeFiles/ISD2190.elf.dir/Drivers/STM32L1xx_HAL_Driver/Src/stm32l1xx_hal_tim_ex.c.obj
 .ARM.attributes
                0x000004d0       0x2d CMakeFiles/ISD2190.elf.dir/Drivers/STM32L1xx_HAL_Driver/Src/stm32l1xx_hal_uart.c.obj
 .ARM.attributes
                0x000004fd       0x2d CMakeFiles/ISD2190.elf.dir/Middlewares/Third_Party/FreeRTOS/Source/CMSIS_RTOS/cmsis_os.c.obj
 .ARM.attributes
                0x0000052a       0x2d CMakeFiles/ISD2190.elf.dir/Middlewares/Third_Party/FreeRTOS/Source/list.c.obj
 .ARM.attributes
                0x00000557       0x2d CMakeFiles/ISD2190.elf.dir/Middlewares/Third_Party/FreeRTOS/Source/portable/GCC/ARM_CM3/port.c.obj
 .ARM.attributes
                0x00000584       0x2d CMakeFiles/ISD2190.elf.dir/Middlewares/Third_Party/FreeRTOS/Source/portable/MemMang/heap_4.c.obj
 .ARM.attributes
                0x000005b1       0x2d CMakeFiles/ISD2190.elf.dir/Middlewares/Third_Party/FreeRTOS/Source/queue.c.obj
 .ARM.attributes
                0x000005de       0x2d CMakeFiles/ISD2190.elf.dir/Middlewares/Third_Party/FreeRTOS/Source/tasks.c.obj
 .ARM.attributes
                0x0000060b       0x2d CMakeFiles/ISD2190.elf.dir/User/CollectData.c.obj
 .ARM.attributes
                0x00000638       0x2d CMakeFiles/ISD2190.elf.dir/User/VMxx.c.obj
 .ARM.attributes
                0x00000665       0x2d CMakeFiles/ISD2190.elf.dir/User/bt4531.c.obj
 .ARM.attributes
                0x00000692       0x2d CMakeFiles/ISD2190.elf.dir/User/flash.c.obj
 .ARM.attributes
                0x000006bf       0x2d CMakeFiles/ISD2190.elf.dir/User/hardware.c.obj
 .ARM.attributes
                0x000006ec       0x2d CMakeFiles/ISD2190.elf.dir/User/temp.c.obj
 .ARM.attributes
                0x00000719       0x1d d:/clion/gcc-arm-none-eabi-10.3-2021.10/bin/../lib/gcc/arm-none-eabi/10.3.1/thumb/v7-m/nofp\libgcc.a(_arm_muldf3.o)
 .ARM.attributes
                0x00000736       0x1d d:/clion/gcc-arm-none-eabi-10.3-2021.10/bin/../lib/gcc/arm-none-eabi/10.3.1/thumb/v7-m/nofp\libgcc.a(_arm_addsubdf3.o)
 .ARM.attributes
                0x00000753       0x1d d:/clion/gcc-arm-none-eabi-10.3-2021.10/bin/../lib/gcc/arm-none-eabi/10.3.1/thumb/v7-m/nofp\libgcc.a(_arm_truncdfsf2.o)
 .ARM.attributes
                0x00000770       0x1d d:/clion/gcc-arm-none-eabi-10.3-2021.10/bin/../lib/gcc/arm-none-eabi/10.3.1/thumb/v7-m/nofp\libgcc.a(_arm_addsubsf3.o)
 .ARM.attributes
                0x0000078d       0x1d d:/clion/gcc-arm-none-eabi-10.3-2021.10/bin/../lib/gcc/arm-none-eabi/10.3.1/thumb/v7-m/nofp\libgcc.a(_arm_muldivsf3.o)
 .ARM.attributes
                0x000007aa       0x1d d:/clion/gcc-arm-none-eabi-10.3-2021.10/bin/../lib/gcc/arm-none-eabi/10.3.1/thumb/v7-m/nofp\libgcc.a(_arm_fixunssfsi.o)
 .ARM.attributes
                0x000007c7       0x1d d:/clion/gcc-arm-none-eabi-10.3-2021.10/bin/../lib/gcc/arm-none-eabi/10.3.1/thumb/v7-m/nofp\libgcc.a(_aeabi_uldivmod.o)
 .ARM.attributes
                0x000007e4       0x2d d:/clion/gcc-arm-none-eabi-10.3-2021.10/bin/../lib/gcc/arm-none-eabi/10.3.1/thumb/v7-m/nofp\libgcc.a(_udivmoddi4.o)
 .ARM.attributes
                0x00000811       0x1d d:/clion/gcc-arm-none-eabi-10.3-2021.10/bin/../lib/gcc/arm-none-eabi/10.3.1/thumb/v7-m/nofp\libgcc.a(_dvmd_tls.o)
 .ARM.attributes
                0x0000082e       0x2d d:/clion/gcc-arm-none-eabi-10.3-2021.10/bin/../lib/gcc/arm-none-eabi/10.3.1/../../../../arm-none-eabi/lib/thumb/v7-m/nofp\libg.a(lib_a-errno.o)
 .ARM.attributes
                0x0000085b       0x2d d:/clion/gcc-arm-none-eabi-10.3-2021.10/bin/../lib/gcc/arm-none-eabi/10.3.1/../../../../arm-none-eabi/lib/thumb/v7-m/nofp\libg.a(lib_a-impure.o)
 .ARM.attributes
                0x00000888       0x2d d:/clion/gcc-arm-none-eabi-10.3-2021.10/bin/../lib/gcc/arm-none-eabi/10.3.1/../../../../arm-none-eabi/lib/thumb/v7-m/nofp\libg.a(lib_a-init.o)
 .ARM.attributes
                0x000008b5       0x1b d:/clion/gcc-arm-none-eabi-10.3-2021.10/bin/../lib/gcc/arm-none-eabi/10.3.1/../../../../arm-none-eabi/lib/thumb/v7-m/nofp\libg.a(lib_a-memcpy.o)
 .ARM.attributes
                0x000008d0       0x2d d:/clion/gcc-arm-none-eabi-10.3-2021.10/bin/../lib/gcc/arm-none-eabi/10.3.1/../../../../arm-none-eabi/lib/thumb/v7-m/nofp\libg.a(lib_a-memset.o)
 .ARM.attributes
                0x000008fd       0x2d d:/clion/gcc-arm-none-eabi-10.3-2021.10/bin/../lib/gcc/arm-none-eabi/10.3.1/../../../../arm-none-eabi/lib/thumb/v7-m/nofp\libg.a(lib_a-puts.o)
 .ARM.attributes
                0x0000092a       0x2d d:/clion/gcc-arm-none-eabi-10.3-2021.10/bin/../lib/gcc/arm-none-eabi/10.3.1/../../../../arm-none-eabi/lib/thumb/v7-m/nofp\libg.a(lib_a-strlen-stub.o)
 .ARM.attributes
                0x00000957       0x2d d:/clion/gcc-arm-none-eabi-10.3-2021.10/bin/../lib/gcc/arm-none-eabi/10.3.1/../../../../arm-none-eabi/lib/thumb/v7-m/nofp\libg.a(lib_a-__call_atexit.o)
 .ARM.attributes
                0x00000984       0x2d d:/clion/gcc-arm-none-eabi-10.3-2021.10/bin/../lib/gcc/arm-none-eabi/10.3.1/../../../../arm-none-eabi/lib/thumb/v7-m/nofp\libg.a(lib_a-atexit.o)
 .ARM.attributes
                0x000009b1       0x2d d:/clion/gcc-arm-none-eabi-10.3-2021.10/bin/../lib/gcc/arm-none-eabi/10.3.1/../../../../arm-none-eabi/lib/thumb/v7-m/nofp\libg.a(lib_a-findfp.o)
 .ARM.attributes
                0x000009de       0x2d d:/clion/gcc-arm-none-eabi-10.3-2021.10/bin/../lib/gcc/arm-none-eabi/10.3.1/../../../../arm-none-eabi/lib/thumb/v7-m/nofp\libg.a(lib_a-fini.o)
 .ARM.attributes
                0x00000a0b       0x2d d:/clion/gcc-arm-none-eabi-10.3-2021.10/bin/../lib/gcc/arm-none-eabi/10.3.1/../../../../arm-none-eabi/lib/thumb/v7-m/nofp\libg.a(lib_a-fvwrite.o)
 .ARM.attributes
                0x00000a38       0x2d d:/clion/gcc-arm-none-eabi-10.3-2021.10/bin/../lib/gcc/arm-none-eabi/10.3.1/../../../../arm-none-eabi/lib/thumb/v7-m/nofp\libg.a(lib_a-fwalk.o)
 .ARM.attributes
                0x00000a65       0x2d d:/clion/gcc-arm-none-eabi-10.3-2021.10/bin/../lib/gcc/arm-none-eabi/10.3.1/../../../../arm-none-eabi/lib/thumb/v7-m/nofp\libg.a(lib_a-lock.o)
 .ARM.attributes
                0x00000a92       0x2d d:/clion/gcc-arm-none-eabi-10.3-2021.10/bin/../lib/gcc/arm-none-eabi/10.3.1/../../../../arm-none-eabi/lib/thumb/v7-m/nofp\libg.a(lib_a-mallocr.o)
 .ARM.attributes
                0x00000abf       0x2d d:/clion/gcc-arm-none-eabi-10.3-2021.10/bin/../lib/gcc/arm-none-eabi/10.3.1/../../../../arm-none-eabi/lib/thumb/v7-m/nofp\libg.a(lib_a-memchr-stub.o)
 .ARM.attributes
                0x00000aec       0x2d d:/clion/gcc-arm-none-eabi-10.3-2021.10/bin/../lib/gcc/arm-none-eabi/10.3.1/../../../../arm-none-eabi/lib/thumb/v7-m/nofp\libg.a(lib_a-memmove.o)
 .ARM.attributes
                0x00000b19       0x2d d:/clion/gcc-arm-none-eabi-10.3-2021.10/bin/../lib/gcc/arm-none-eabi/10.3.1/../../../../arm-none-eabi/lib/thumb/v7-m/nofp\libg.a(lib_a-mlock.o)
 .ARM.attributes
                0x00000b46       0x2d d:/clion/gcc-arm-none-eabi-10.3-2021.10/bin/../lib/gcc/arm-none-eabi/10.3.1/../../../../arm-none-eabi/lib/thumb/v7-m/nofp\libg.a(lib_a-reallocr.o)
 .ARM.attributes
                0x00000b73       0x2d d:/clion/gcc-arm-none-eabi-10.3-2021.10/bin/../lib/gcc/arm-none-eabi/10.3.1/../../../../arm-none-eabi/lib/thumb/v7-m/nofp\libg.a(lib_a-sbrkr.o)
 .ARM.attributes
                0x00000ba0       0x2d d:/clion/gcc-arm-none-eabi-10.3-2021.10/bin/../lib/gcc/arm-none-eabi/10.3.1/../../../../arm-none-eabi/lib/thumb/v7-m/nofp\libg.a(lib_a-stdio.o)
 .ARM.attributes
                0x00000bcd       0x2d d:/clion/gcc-arm-none-eabi-10.3-2021.10/bin/../lib/gcc/arm-none-eabi/10.3.1/../../../../arm-none-eabi/lib/thumb/v7-m/nofp\libg.a(lib_a-writer.o)
 .ARM.attributes
                0x00000bfa       0x2d d:/clion/gcc-arm-none-eabi-10.3-2021.10/bin/../lib/gcc/arm-none-eabi/10.3.1/../../../../arm-none-eabi/lib/thumb/v7-m/nofp\libg.a(lib_a-wsetup.o)
 .ARM.attributes
                0x00000c27       0x2d d:/clion/gcc-arm-none-eabi-10.3-2021.10/bin/../lib/gcc/arm-none-eabi/10.3.1/../../../../arm-none-eabi/lib/thumb/v7-m/nofp\libg.a(lib_a-__atexit.o)
 .ARM.attributes
                0x00000c54       0x2d d:/clion/gcc-arm-none-eabi-10.3-2021.10/bin/../lib/gcc/arm-none-eabi/10.3.1/../../../../arm-none-eabi/lib/thumb/v7-m/nofp\libg.a(lib_a-closer.o)
 .ARM.attributes
                0x00000c81       0x2d d:/clion/gcc-arm-none-eabi-10.3-2021.10/bin/../lib/gcc/arm-none-eabi/10.3.1/../../../../arm-none-eabi/lib/thumb/v7-m/nofp\libg.a(lib_a-fclose.o)
 .ARM.attributes
                0x00000cae       0x2d d:/clion/gcc-arm-none-eabi-10.3-2021.10/bin/../lib/gcc/arm-none-eabi/10.3.1/../../../../arm-none-eabi/lib/thumb/v7-m/nofp\libg.a(lib_a-fflush.o)
 .ARM.attributes
                0x00000cdb       0x2d d:/clion/gcc-arm-none-eabi-10.3-2021.10/bin/../lib/gcc/arm-none-eabi/10.3.1/../../../../arm-none-eabi/lib/thumb/v7-m/nofp\libg.a(lib_a-freer.o)
 .ARM.attributes
                0x00000d08       0x2d d:/clion/gcc-arm-none-eabi-10.3-2021.10/bin/../lib/gcc/arm-none-eabi/10.3.1/../../../../arm-none-eabi/lib/thumb/v7-m/nofp\libg.a(lib_a-lseekr.o)
 .ARM.attributes