Archive member included to satisfy reference by file (symbol)

d:/clion/gcc-arm-none-eabi-10.3-2021.10/bin/../lib/gcc/arm-none-eabi/10.3.1/thumb/v7-m/nofp\libgcc.a(_arm_muldf3.o)
                              CMakeFiles/ISD2190.elf.dir/User/bt4531.c.obj (__aeabi_dmul)
d:/clion/gcc-arm-none-eabi-10.3-2021.10/bin/../lib/gcc/arm-none-eabi/10.3.1/thumb/v7-m/nofp\libgcc.a(_arm_addsubdf3.o)
                              CMakeFiles/ISD2190.elf.dir/User/bt4531.c.obj (__aeabi_dsub)
d:/clion/gcc-arm-none-eabi-10.3-2021.10/bin/../lib/gcc/arm-none-eabi/10.3.1/thumb/v7-m/nofp\libgcc.a(_arm_muldivdf3.o)
                              CMakeFiles/ISD2190.elf.dir/User/hardware.c.obj (__aeabi_ddiv)
d:/clion/gcc-arm-none-eabi-10.3-2021.10/bin/../lib/gcc/arm-none-eabi/10.3.1/thumb/v7-m/nofp\libgcc.a(_arm_fixunsdfsi.o)
                              CMakeFiles/ISD2190.elf.dir/User/bt4531.c.obj (__aeabi_d2uiz)
d:/clion/gcc-arm-none-eabi-10.3-2021.10/bin/../lib/gcc/arm-none-eabi/10.3.1/thumb/v7-m/nofp\libgcc.a(_aeabi_uldivmod.o)
                              CMakeFiles/ISD2190.elf.dir/Drivers/STM32L1xx_HAL_Driver/Src/stm32l1xx_hal_rcc.c.obj (__aeabi_uldivmod)
d:/clion/gcc-arm-none-eabi-10.3-2021.10/bin/../lib/gcc/arm-none-eabi/10.3.1/thumb/v7-m/nofp\libgcc.a(_udivmoddi4.o)
                              d:/clion/gcc-arm-none-eabi-10.3-2021.10/bin/../lib/gcc/arm-none-eabi/10.3.1/thumb/v7-m/nofp\libgcc.a(_aeabi_uldivmod.o) (__udivmoddi4)
d:/clion/gcc-arm-none-eabi-10.3-2021.10/bin/../lib/gcc/arm-none-eabi/10.3.1/thumb/v7-m/nofp\libgcc.a(_dvmd_tls.o)
                              d:/clion/gcc-arm-none-eabi-10.3-2021.10/bin/../lib/gcc/arm-none-eabi/10.3.1/thumb/v7-m/nofp\libgcc.a(_aeabi_uldivmod.o) (__aeabi_ldiv0)
d:/clion/gcc-arm-none-eabi-10.3-2021.10/bin/../lib/gcc/arm-none-eabi/10.3.1/../../../../arm-none-eabi/lib/thumb/v7-m/nofp\libg.a(lib_a-errno.o)
                              CMakeFiles/ISD2190.elf.dir/Core/Src/syscalls.c.obj (__errno)
d:/clion/gcc-arm-none-eabi-10.3-2021.10/bin/../lib/gcc/arm-none-eabi/10.3.1/../../../../arm-none-eabi/lib/thumb/v7-m/nofp\libg.a(lib_a-exit.o)
                              d:/clion/gcc-arm-none-eabi-10.3-2021.10/bin/../lib/gcc/arm-none-eabi/10.3.1/../../../../arm-none-eabi/lib/thumb/v7-m/nofp/crt0.o (exit)
d:/clion/gcc-arm-none-eabi-10.3-2021.10/bin/../lib/gcc/arm-none-eabi/10.3.1/../../../../arm-none-eabi/lib/thumb/v7-m/nofp\libg.a(lib_a-impure.o)
                              d:/clion/gcc-arm-none-eabi-10.3-2021.10/bin/../lib/gcc/arm-none-eabi/10.3.1/../../../../arm-none-eabi/lib/thumb/v7-m/nofp\libg.a(lib_a-exit.o) (_global_impure_ptr)
d:/clion/gcc-arm-none-eabi-10.3-2021.10/bin/../lib/gcc/arm-none-eabi/10.3.1/../../../../arm-none-eabi/lib/thumb/v7-m/nofp\libg.a(lib_a-init.o)
                              d:/clion/gcc-arm-none-eabi-10.3-2021.10/bin/../lib/gcc/arm-none-eabi/10.3.1/../../../../arm-none-eabi/lib/thumb/v7-m/nofp/crt0.o (__libc_init_array)
d:/clion/gcc-arm-none-eabi-10.3-2021.10/bin/../lib/gcc/arm-none-eabi/10.3.1/../../../../arm-none-eabi/lib/thumb/v7-m/nofp\libg.a(lib_a-memset.o)
                              d:/clion/gcc-arm-none-eabi-10.3-2021.10/bin/../lib/gcc/arm-none-eabi/10.3.1/../../../../arm-none-eabi/lib/thumb/v7-m/nofp/crt0.o (memset)
d:/clion/gcc-arm-none-eabi-10.3-2021.10/bin/../lib/gcc/arm-none-eabi/10.3.1/../../../../arm-none-eabi/lib/thumb/v7-m/nofp\libg.a(lib_a-__call_atexit.o)
                              d:/clion/gcc-arm-none-eabi-10.3-2021.10/bin/../lib/gcc/arm-none-eabi/10.3.1/../../../../arm-none-eabi/lib/thumb/v7-m/nofp\libg.a(lib_a-exit.o) (__call_exitprocs)
d:/clion/gcc-arm-none-eabi-10.3-2021.10/bin/../lib/gcc/arm-none-eabi/10.3.1/../../../../arm-none-eabi/lib/thumb/v7-m/nofp\libg.a(lib_a-atexit.o)
                              d:/clion/gcc-arm-none-eabi-10.3-2021.10/bin/../lib/gcc/arm-none-eabi/10.3.1/../../../../arm-none-eabi/lib/thumb/v7-m/nofp\libg.a(lib_a-__call_atexit.o) (atexit)
d:/clion/gcc-arm-none-eabi-10.3-2021.10/bin/../lib/gcc/arm-none-eabi/10.3.1/../../../../arm-none-eabi/lib/thumb/v7-m/nofp\libg.a(lib_a-fini.o)
                              d:/clion/gcc-arm-none-eabi-10.3-2021.10/bin/../lib/gcc/arm-none-eabi/10.3.1/../../../../arm-none-eabi/lib/thumb/v7-m/nofp\libg.a(lib_a-__call_atexit.o) (__libc_fini_array)
d:/clion/gcc-arm-none-eabi-10.3-2021.10/bin/../lib/gcc/arm-none-eabi/10.3.1/../../../../arm-none-eabi/lib/thumb/v7-m/nofp\libg.a(lib_a-lock.o)
                              d:/clion/gcc-arm-none-eabi-10.3-2021.10/bin/../lib/gcc/arm-none-eabi/10.3.1/../../../../arm-none-eabi/lib/thumb/v7-m/nofp\libg.a(lib_a-__call_atexit.o) (__retarget_lock_acquire_recursive)
d:/clion/gcc-arm-none-eabi-10.3-2021.10/bin/../lib/gcc/arm-none-eabi/10.3.1/../../../../arm-none-eabi/lib/thumb/v7-m/nofp\libg.a(lib_a-__atexit.o)
                              d:/clion/gcc-arm-none-eabi-10.3-2021.10/bin/../lib/gcc/arm-none-eabi/10.3.1/../../../../arm-none-eabi/lib/thumb/v7-m/nofp\libg.a(lib_a-atexit.o) (__register_exitproc)

Discarded input sections

[...]
Memory Configuration

Name             Origin             Length             Attributes
RAM              0x20000000         0x0000c000         xrw
FLASH            0x08000000         0x00060000         xr
*default*        0x00000000         0xffffffff

Linker script and memory map

LOAD d:/clion/gcc-arm-none-eabi-10.3-2021.10/bin/../lib/gcc/arm-none-eabi/10.3.1/thumb/v7-m/nofp/crti.o
LOAD d:/clion/gcc-arm-none-eabi-10.3-2021.10/bin/../lib/gcc/arm-none-eabi/10.3.1/thumb/v7-m/nofp/crtbegin.o
LOAD d:/clion/gcc-arm-none-eabi-10.3-2021.10/bin/../lib/gcc/arm-none-eabi/10.3.1/../../../../arm-none-eabi/lib/thumb/v7-m/nofp/crt0.o
LOAD CMakeFiles/ISD2190.elf.dir/Core/Src/adc.c.obj
LOAD CMakeFiles/ISD2190.elf.dir/Core/Src/dma.c.obj
LOAD CMakeFiles/ISD2190.elf.dir/Core/Src/gpio.c.obj
LOAD CMakeFiles/ISD2190.elf.dir/Core/Src/iwdg.c.obj
LOAD CMakeFiles/ISD2190.elf.dir/Core/Src/main.c.obj
LOAD CMakeFiles/ISD2190.elf.dir/Core/Src/stm32l1xx_hal_msp.c.obj
LOAD CMakeFiles/ISD2190.elf.dir/Core/Src/stm32l1xx_it.c.obj
LOAD CMakeFiles/ISD2190.elf.dir/Core/Src/syscalls.c.obj
LOAD CMakeFiles/ISD2190.elf.dir/Core/Src/sysmem.c.obj
LOAD CMakeFiles/ISD2190.elf.dir/Core/Src/system_stm32l1xx.c.obj
LOAD CMakeFiles/ISD2190.elf.dir/Core/Src/tim.c.obj
LOAD CMakeFiles/ISD2190.elf.dir/Core/Src/usart.c.obj
LOAD CMakeFiles/ISD2190.elf.dir/Core/Startup/startup_stm32l151rdtx.s.obj
LOAD CMakeFiles/ISD2190.elf.dir/Drivers/STM32L1xx_HAL_Driver/Src/stm32l1xx_hal.c.obj
LOAD CMakeFiles/ISD2190.elf.dir/Drivers/STM32L1xx_HAL_Driver/Src/stm32l1xx_hal_adc.c.obj
LOAD CMakeFiles/ISD2190.elf.dir/Drivers/STM32L1xx_HAL_Driver/Src/stm32l1xx_hal_adc_ex.c.obj
LOAD CMakeFiles/ISD2190.elf.dir/Drivers/STM32L1xx_HAL_Driver/Src/stm32l1xx_hal_cortex.c.obj
LOAD CMakeFiles/ISD2190.elf.dir/Drivers/STM32L1xx_HAL_Driver/Src/stm32l1xx_hal_dma.c.obj
LOAD CMakeFiles/ISD2190.elf.dir/Drivers/STM32L1xx_HAL_Driver/Src/stm32l1xx_hal_exti.c.obj
LOAD CMakeFiles/ISD2190.elf.dir/Drivers/STM32L1xx_HAL_Driver/Src/stm32l1xx_hal_flash.c.obj
LOAD CMakeFiles/ISD2190.elf.dir/Drivers/STM32L1xx_HAL_Driver/Src/stm32l1xx_hal_flash_ex.c.obj
LOAD CMakeFiles/ISD2190.elf.dir/Drivers/STM32L1xx_HAL_Driver/Src/stm32l1xx_hal_flash_ramfunc.c.obj
LOAD CMakeFiles/ISD2190.elf.dir/Drivers/STM32L1xx_HAL_Driver/Src/stm32l1xx_hal_gpio.c.obj
LOAD CMakeFiles/ISD2190.elf.dir/Drivers/STM32L1xx_HAL_Driver/Src/stm32l1xx_hal_iwdg.c.obj
LOAD CMakeFiles/ISD2190.elf.dir/Drivers/STM32L1xx_HAL_Driver/Src/stm32l1xx_hal_pwr.c.obj
LOAD CMakeFiles/ISD2190.elf.dir/Drivers/STM32L1xx_HAL_Driver/Src/stm32l1xx_hal_pwr_ex.c.obj
LOAD CMakeFiles/ISD2190.elf.dir/Drivers/STM32L1xx_HAL_Driver/Src/stm32l1xx_hal_rcc.c.obj
LOAD CMakeFiles/ISD2190.elf.dir/Drivers/STM32L1xx_HAL_Driver/Src/stm32l1xx_hal_rcc_ex.c.obj
LOAD CMakeFiles/ISD2190.elf.dir/Drivers/STM32L1xx_HAL_Driver/Src/stm32l1xx_hal_tim.c.obj
LOAD CMakeFiles/ISD2190.elf.dir/Drivers/STM32L1xx_HAL_Driver/Src/stm32l1xx_hal_tim_ex.c.obj
LOAD CMakeFiles/ISD2190.elf.dir/Drivers/STM32L1xx_HAL_Driver/Src/stm32l1xx_hal_uart.c.obj
LOAD CMakeFiles/ISD2190.elf.dir/User/CollectData.c.obj
LOAD CMakeFiles/ISD2190.elf.dir/User/VMxx.c.obj
LOAD CMakeFiles/ISD2190.elf.dir/User/bt4531.c.obj
LOAD CMakeFiles/ISD2190.elf.dir/User/flash.c.obj
LOAD CMakeFiles/ISD2190.elf.dir/User/hardware.c.obj
LOAD CMakeFiles/ISD2190.elf.dir/User/temp.c.obj
START GROUP
LOAD d:/clion/gcc-arm-none-eabi-10.3-2021.10/bin/../lib/gcc/arm-none-eabi/10.3.1/thumb/v7-m/nofp\libgcc.a
LOAD d:/clion/gcc-arm-none-eabi-10.3-2021.10/bin/../lib/gcc/arm-none-eabi/10.3.1/../../../../arm-none-eabi/lib/thumb/v7-m/nofp\libg.a
LOAD d:/clion/gcc-arm-none-eabi-10.3-2021.10/bin/../lib/gcc/arm-none-eabi/10.3.1/../../../../arm-none-eabi/lib/thumb/v7-m/nofp\libc.a
END GROUP
LOAD d:/clion/gcc-arm-none-eabi-10.3-2021.10/bin/../lib/gcc/arm-none-eabi/10.3.1/thumb/v7-m/nofp/crtend.o
LOAD d:/clion/gcc-arm-none-eabi-10.3-2021.10/bin/../lib/gcc/arm-none-eabi/10.3.1/thumb/v7-m/nofp/crtn.o
                0x2000c000                _estack = (ORIGIN (RAM) + LENGTH (RAM))
                0x00000200                _Min_Heap_Size = 0x200
                0x00000400                _Min_Stack_Size = 0x400

.isr_vector     0x08000000      0x13c
                0x08000000                . = ALIGN (0x4)
 *(.isr_vector)
 .isr_vector    0x08000000      0x13c CMakeFiles/ISD2190.elf.dir/Core/Startup/startup_stm32l151rdtx.s.obj
                0x08000000                g_pfnVectors
                0x0800013c                . = ALIGN (0x4)

.text           0x08000140     0x4ac8
                0x08000140                . = ALIGN (0x4)
 *(.text)
 .text          0x08000140       0x40 d:/clion/gcc-arm-none-eabi-10.3-2021.10/bin/../lib/gcc/arm-none-eabi/10.3.1/thumb/v7-m/nofp/crtbegin.o
 .text          0x08000180      0x378 d:/clion/gcc-arm-none-eabi-10.3-2021.10/bin/../lib/gcc/arm-none-eabi/10.3.1/thumb/v7-m/nofp\libgcc.a(_arm_addsubdf3.o)
                0x08000180                __aeabi_drsub
                0x08000188                __aeabi_dsub
                0x08000188                __subdf3
                0x0800018c                __aeabi_dadd
                0x0800018c                __adddf3
                0x08000404                __floatunsidf
                0x08000404                __aeabi_ui2d
                0x08000424                __floatsidf
                0x08000424                __aeabi_i2d
                0x08000448                __aeabi_f2d
                0x08000448                __extendsfdf2
                0x0800048c                __floatundidf
                0x0800048c                __aeabi_ul2d
                0x0800049c                __floatdidf
                0x0800049c                __aeabi_l2d
 .text          0x080004f8      0x424 d:/clion/gcc-arm-none-eabi-10.3-2021.10/bin/../lib/gcc/arm-none-eabi/10.3.1/thumb/v7-m/nofp\libgcc.a(_arm_muldivdf3.o)
                0x080004f8                __aeabi_dmul
                0x080004f8                __muldf3
                0x0800074c                __divdf3
                0x0800074c                __aeabi_ddiv
 .text          0x0800091c       0x40 d:/clion/gcc-arm-none-eabi-10.3-2021.10/bin/../lib/gcc/arm-none-eabi/10.3.1/thumb/v7-m/nofp\libgcc.a(_arm_fixunsdfsi.o)
                0x0800091c                __aeabi_d2uiz
                0x0800091c                __fixunsdfsi
 .text          0x0800095c       0x30 d:/clion/gcc-arm-none-eabi-10.3-2021.10/bin/../lib/gcc/arm-none-eabi/10.3.1/thumb/v7-m/nofp\libgcc.a(_aeabi_uldivmod.o)
                0x0800095c                __aeabi_uldivmod
 .text          0x0800098c      0x2d4 d:/clion/gcc-arm-none-eabi-10.3-2021.10/bin/../lib/gcc/arm-none-eabi/10.3.1/thumb/v7-m/nofp\libgcc.a(_udivmoddi4.o)
                0x0800098c                __udivmoddi4
 .text          0x08000c60        0x4 d:/clion/gcc-arm-none-eabi-10.3-2021.10/bin/../lib/gcc/arm-none-eabi/10.3.1/thumb/v7-m/nofp\libgcc.a(_dvmd_tls.o)
                0x08000c60                __aeabi_idiv0
                0x08000c60                __aeabi_ldiv0
 *(.text*)
 .text.MX_ADC_Init
                0x08000c64      0x20c CMakeFiles/ISD2190.elf.dir/Core/Src/adc.c.obj
                0x08000c64                MX_ADC_Init
 .text.HAL_ADC_MspInit
                0x08000e70       0xec CMakeFiles/ISD2190.elf.dir/Core/Src/adc.c.obj
                0x08000e70                HAL_ADC_MspInit
 .text.MX_DMA_Init
                0x08000f5c       0x34 CMakeFiles/ISD2190.elf.dir/Core/Src/dma.c.obj
                0x08000f5c                MX_DMA_Init
 .text.MX_GPIO_Init
                0x08000f90       0xbc CMakeFiles/ISD2190.elf.dir/Core/Src/gpio.c.obj
                0x08000f90                MX_GPIO_Init
 .text.Error_Handler
                0x0800104c        0x4 CMakeFiles/ISD2190.elf.dir/Core/Src/main.c.obj
                0x0800104c                Error_Handler
 .text.SystemClock_Config
                0x08001050       0x70 CMakeFiles/ISD2190.elf.dir/Core/Src/main.c.obj
                0x08001050                SystemClock_Config
 .text.main     0x080010c0      0x104 CMakeFiles/ISD2190.elf.dir/Core/Src/main.c.obj
                0x080010c0                main
 .text.HAL_MspInit
                0x080011c4       0x44 CMakeFiles/ISD2190.elf.dir/Core/Src/stm32l1xx_hal_msp.c.obj
                0x080011c4                HAL_MspInit
 .text.NMI_Handler
                0x08001208        0x2 CMakeFiles/ISD2190.elf.dir/Core/Src/stm32l1xx_it.c.obj
                0x08001208                NMI_Handler
 .text.HardFault_Handler
                0x0800120a        0x2 CMakeFiles/ISD2190.elf.dir/Core/Src/stm32l1xx_it.c.obj
                0x0800120a                HardFault_Handler
 .text.MemManage_Handler
                0x0800120c        0x2 CMakeFiles/ISD2190.elf.dir/Core/Src/stm32l1xx_it.c.obj
                0x0800120c                MemManage_Handler
 .text.BusFault_Handler
                0x0800120e        0x2 CMakeFiles/ISD2190.elf.dir/Core/Src/stm32l1xx_it.c.obj
                0x0800120e                BusFault_Handler
 .text.UsageFault_Handler
                0x08001210        0x2 CMakeFiles/ISD2190.elf.dir/Core/Src/stm32l1xx_it.c.obj
                0x08001210                UsageFault_Handler
 .text.SVC_Handler
                0x08001212        0x2 CMakeFiles/ISD2190.elf.dir/Core/Src/stm32l1xx_it.c.obj
                0x08001212                SVC_Handler
 .text.DebugMon_Handler
                0x08001214        0x2 CMakeFiles/ISD2190.elf.dir/Core/Src/stm32l1xx_it.c.obj
                0x08001214                DebugMon_Handler
 .text.PendSV_Handler
                0x08001216        0x2 CMakeFiles/ISD2190.elf.dir/Core/Src/stm32l1xx_it.c.obj
                0x08001216                PendSV_Handler
 .text.SysTick_Handler
                0x08001218        0x8 CMakeFiles/ISD2190.elf.dir/Core/Src/stm32l1xx_it.c.obj
                0x08001218                SysTick_Handler
 .text.DMA1_Channel1_IRQHandler
                0x08001220       0x10 CMakeFiles/ISD2190.elf.dir/Core/Src/stm32l1xx_it.c.obj
                0x08001220                DMA1_Channel1_IRQHandler
 .text.TIM2_IRQHandler
                0x08001230       0x10 CMakeFiles/ISD2190.elf.dir/Core/Src/stm32l1xx_it.c.obj
                0x08001230                TIM2_IRQHandler
 .text.USART2_IRQHandler
                0x08001240       0x10 CMakeFiles/ISD2190.elf.dir/Core/Src/stm32l1xx_it.c.obj
                0x08001240                USART2_IRQHandler
 .text.USART3_IRQHandler
                0x08001250       0x10 CMakeFiles/ISD2190.elf.dir/Core/Src/stm32l1xx_it.c.obj
                0x08001250                USART3_IRQHandler
 .text.UART5_IRQHandler
                0x08001260       0x10 CMakeFiles/ISD2190.elf.dir/Core/Src/stm32l1xx_it.c.obj
                0x08001260                UART5_IRQHandler
 .text.SystemInit
                0x08001270        0x2 CMakeFiles/ISD2190.elf.dir/Core/Src/system_stm32l1xx.c.obj
                0x08001270                SystemInit
 *fill*         0x08001272        0x2 
 .text.MX_TIM2_Init
                0x08001274       0x78 CMakeFiles/ISD2190.elf.dir/Core/Src/tim.c.obj
                0x08001274                MX_TIM2_Init
 .text.MX_TIM3_Init
                0x080012ec       0x70 CMakeFiles/ISD2190.elf.dir/Core/Src/tim.c.obj
                0x080012ec                MX_TIM3_Init
 .text.HAL_TIM_Base_MspInit
                0x0800135c       0x60 CMakeFiles/ISD2190.elf.dir/Core/Src/tim.c.obj
                0x0800135c                HAL_TIM_Base_MspInit
 .text.MX_UART5_Init
                0x080013bc       0x34 CMakeFiles/ISD2190.elf.dir/Core/Src/usart.c.obj
                0x080013bc                MX_UART5_Init
 .text.MX_USART2_UART_Init
                0x080013f0       0x34 CMakeFiles/ISD2190.elf.dir/Core/Src/usart.c.obj
                0x080013f0                MX_USART2_UART_Init
 .text.MX_USART3_UART_Init
                0x08001424       0x34 CMakeFiles/ISD2190.elf.dir/Core/Src/usart.c.obj
                0x08001424                MX_USART3_UART_Init
 .text.HAL_UART_MspInit
                0x08001458      0x168 CMakeFiles/ISD2190.elf.dir/Core/Src/usart.c.obj
                0x08001458                HAL_UART_MspInit
 .text.Reset_Handler
                0x080015c0       0x48 CMakeFiles/ISD2190.elf.dir/Core/Startup/startup_stm32l151rdtx.s.obj
                0x080015c0                Reset_Handler
 .text.Default_Handler
                0x08001608        0x2 CMakeFiles/ISD2190.elf.dir/Core/Startup/startup_stm32l151rdtx.s.obj
                0x08001608                RTC_Alarm_IRQHandler
                0x08001608                EXTI2_IRQHandler
                0x08001608                COMP_ACQ_IRQHandler
                0x08001608                TIM10_IRQHandler
                0x08001608                USB_HP_IRQHandler
                0x08001608                TIM6_IRQHandler
                0x08001608                PVD_IRQHandler
                0x08001608                SDIO_IRQHandler
                0x08001608                EXTI3_IRQHandler
                0x08001608                EXTI0_IRQHandler
                0x08001608                I2C2_EV_IRQHandler
                0x08001608                SPI1_IRQHandler
                0x08001608                USB_FS_WKUP_IRQHandler
                0x08001608                DMA2_Channel2_IRQHandler
                0x08001608                DMA1_Channel4_IRQHandler
                0x08001608                ADC1_IRQHandler
                0x08001608                DMA1_Channel7_IRQHandler
                0x08001608                TIM4_IRQHandler
                0x08001608                DMA2_Channel1_IRQHandler
                0x08001608                I2C1_EV_IRQHandler
                0x08001608                DMA1_Channel6_IRQHandler
                0x08001608                UART4_IRQHandler
                0x08001608                DMA2_Channel4_IRQHandler
                0x08001608                TIM3_IRQHandler
                0x08001608                RCC_IRQHandler
                0x08001608                Default_Handler
                0x08001608                EXTI15_10_IRQHandler
                0x08001608                TIM7_IRQHandler
                0x08001608                TIM5_IRQHandler
                0x08001608                EXTI9_5_IRQHandler
                0x08001608                TIM9_IRQHandler
                0x08001608                TAMPER_STAMP_IRQHandler
                0x08001608                RTC_WKUP_IRQHandler
                0x08001608                SPI2_IRQHandler
                0x08001608                DMA2_Channel5_IRQHandler
                0x08001608                DMA1_Channel5_IRQHandler
                0x08001608                USB_LP_IRQHandler
                0x08001608                EXTI4_IRQHandler
                0x08001608                DMA1_Channel3_IRQHandler
                0x08001608                COMP_IRQHandler
                0x08001608                WWDG_IRQHandler
                0x08001608                DAC_IRQHandler
                0x08001608                EXTI1_IRQHandler
                0x08001608                TIM11_IRQHandler
                0x08001608                I2C2_ER_IRQHandler
                0x08001608                DMA1_Channel2_IRQHandler
                0x08001608                FLASH_IRQHandler
                0x08001608                USART1_IRQHandler
                0x08001608                SPI3_IRQHandler
                0x08001608                I2C1_ER_IRQHandler
                0x08001608                DMA2_Channel3_IRQHandler
 *fill*         0x0800160a        0x2 
 .text.HAL_InitTick
                0x0800160c       0x50 CMakeFiles/ISD2190.elf.dir/Drivers/STM32L1xx_HAL_Driver/Src/stm32l1xx_hal.c.obj
                0x0800160c                HAL_InitTick
 .text.HAL_Init
                0x0800165c       0x1e CMakeFiles/ISD2190.elf.dir/Drivers/STM32L1xx_HAL_Driver/Src/stm32l1xx_hal.c.obj
                0x0800165c                HAL_Init
 *fill*         0x0800167a        0x2 
 .text.HAL_IncTick
                0x0800167c       0x18 CMakeFiles/ISD2190.elf.dir/Drivers/STM32L1xx_HAL_Driver/Src/stm32l1xx_hal.c.obj
                0x0800167c                HAL_IncTick
 .text.HAL_GetTick
                0x08001694        0xc CMakeFiles/ISD2190.elf.dir/Drivers/STM32L1xx_HAL_Driver/Src/stm32l1xx_hal.c.obj
                0x08001694                HAL_GetTick
 .text.HAL_Delay
                0x080016a0       0x28 CMakeFiles/ISD2190.elf.dir/Drivers/STM32L1xx_HAL_Driver/Src/stm32l1xx_hal.c.obj
                0x080016a0                HAL_Delay
 .text.HAL_ADC_Init
                0x080016c8      0x19c CMakeFiles/ISD2190.elf.dir/Drivers/STM32L1xx_HAL_Driver/Src/stm32l1xx_hal_adc.c.obj
                0x080016c8                HAL_ADC_Init
 .text.ADC_DMAConvCplt
                0x08001864       0x64 CMakeFiles/ISD2190.elf.dir/Drivers/STM32L1xx_HAL_Driver/Src/stm32l1xx_hal_adc.c.obj
 .text.HAL_ADC_ConvHalfCpltCallback
                0x080018c8        0x2 CMakeFiles/ISD2190.elf.dir/Drivers/STM32L1xx_HAL_Driver/Src/stm32l1xx_hal_adc.c.obj
                0x080018c8                HAL_ADC_ConvHalfCpltCallback
 .text.ADC_DMAHalfConvCplt
                0x080018ca        0xa CMakeFiles/ISD2190.elf.dir/Drivers/STM32L1xx_HAL_Driver/Src/stm32l1xx_hal_adc.c.obj
 .text.HAL_ADC_ErrorCallback
                0x080018d4        0x2 CMakeFiles/ISD2190.elf.dir/Drivers/STM32L1xx_HAL_Driver/Src/stm32l1xx_hal_adc.c.obj
                0x080018d4                HAL_ADC_ErrorCallback
 .text.ADC_DMAError
                0x080018d6       0x1a CMakeFiles/ISD2190.elf.dir/Drivers/STM32L1xx_HAL_Driver/Src/stm32l1xx_hal_adc.c.obj
 .text.HAL_ADC_ConfigChannel
                0x080018f0      0x1b4 CMakeFiles/ISD2190.elf.dir/Drivers/STM32L1xx_HAL_Driver/Src/stm32l1xx_hal_adc.c.obj
                0x080018f0                HAL_ADC_ConfigChannel
 .text.ADC_Enable
                0x08001aa4       0x8c CMakeFiles/ISD2190.elf.dir/Drivers/STM32L1xx_HAL_Driver/Src/stm32l1xx_hal_adc.c.obj
                0x08001aa4                ADC_Enable
 .text.HAL_ADC_Start_DMA
                0x08001b30       0xc4 CMakeFiles/ISD2190.elf.dir/Drivers/STM32L1xx_HAL_Driver/Src/stm32l1xx_hal_adc.c.obj
                0x08001b30                HAL_ADC_Start_DMA
 .text.HAL_NVIC_SetPriorityGrouping
                0x08001bf4       0x24 CMakeFiles/ISD2190.elf.dir/Drivers/STM32L1xx_HAL_Driver/Src/stm32l1xx_hal_cortex.c.obj
                0x08001bf4                HAL_NVIC_SetPriorityGrouping
 .text.HAL_NVIC_SetPriority
                0x08001c18       0x70 CMakeFiles/ISD2190.elf.dir/Drivers/STM32L1xx_HAL_Driver/Src/stm32l1xx_hal_cortex.c.obj
                0x08001c18                HAL_NVIC_SetPriority
 .text.HAL_NVIC_EnableIRQ
                0x08001c88       0x1c CMakeFiles/ISD2190.elf.dir/Drivers/STM32L1xx_HAL_Driver/Src/stm32l1xx_hal_cortex.c.obj
                0x08001c88                HAL_NVIC_EnableIRQ
 .text.HAL_SYSTICK_Config
                0x08001ca4       0x28 CMakeFiles/ISD2190.elf.dir/Drivers/STM32L1xx_HAL_Driver/Src/stm32l1xx_hal_cortex.c.obj
                0x08001ca4                HAL_SYSTICK_Config
 .text.DMA_SetConfig
                0x08001ccc       0x36 CMakeFiles/ISD2190.elf.dir/Drivers/STM32L1xx_HAL_Driver/Src/stm32l1xx_hal_dma.c.obj
 *fill*         0x08001d02        0x2 
 .text.HAL_DMA_Init
                0x08001d04       0x98 CMakeFiles/ISD2190.elf.dir/Drivers/STM32L1xx_HAL_Driver/Src/stm32l1xx_hal_dma.c.obj
                0x08001d04                HAL_DMA_Init
 .text.HAL_DMA_Start_IT
                0x08001d9c       0x76 CMakeFiles/ISD2190.elf.dir/Drivers/STM32L1xx_HAL_Driver/Src/stm32l1xx_hal_dma.c.obj
                0x08001d9c                HAL_DMA_Start_IT
 .text.HAL_DMA_Abort
                0x08001e12       0x4a CMakeFiles/ISD2190.elf.dir/Drivers/STM32L1xx_HAL_Driver/Src/stm32l1xx_hal_dma.c.obj
                0x08001e12                HAL_DMA_Abort
 .text.HAL_DMA_Abort_IT
                0x08001e5c       0x50 CMakeFiles/ISD2190.elf.dir/Drivers/STM32L1xx_HAL_Driver/Src/stm32l1xx_hal_dma.c.obj
                0x08001e5c                HAL_DMA_Abort_IT
 .text.HAL_DMA_IRQHandler
                0x08001eac       0xc4 CMakeFiles/ISD2190.elf.dir/Drivers/STM32L1xx_HAL_Driver/Src/stm32l1xx_hal_dma.c.obj
                0x08001eac                HAL_DMA_IRQHandler
 .text.FLASH_SetErrorCode
                0x08001f70       0x88 CMakeFiles/ISD2190.elf.dir/Drivers/STM32L1xx_HAL_Driver/Src/stm32l1xx_hal_flash.c.obj
 .text.HAL_FLASH_Unlock
                0x08001ff8       0x64 CMakeFiles/ISD2190.elf.dir/Drivers/STM32L1xx_HAL_Driver/Src/stm32l1xx_hal_flash.c.obj
                0x08001ff8                HAL_FLASH_Unlock
 .text.HAL_FLASH_Lock
                0x0800205c       0x14 CMakeFiles/ISD2190.elf.dir/Drivers/STM32L1xx_HAL_Driver/Src/stm32l1xx_hal_flash.c.obj
                0x0800205c                HAL_FLASH_Lock
 .text.FLASH_WaitForLastOperation
                0x08002070       0x7c CMakeFiles/ISD2190.elf.dir/Drivers/STM32L1xx_HAL_Driver/Src/stm32l1xx_hal_flash.c.obj
                0x08002070                FLASH_WaitForLastOperation
 .text.HAL_FLASH_Program
                0x080020ec       0x40 CMakeFiles/ISD2190.elf.dir/Drivers/STM32L1xx_HAL_Driver/Src/stm32l1xx_hal_flash.c.obj
                0x080020ec                HAL_FLASH_Program
 .text.FLASH_PageErase
                0x0800212c       0x28 CMakeFiles/ISD2190.elf.dir/Drivers/STM32L1xx_HAL_Driver/Src/stm32l1xx_hal_flash_ex.c.obj
                0x0800212c                FLASH_PageErase
 .text.HAL_FLASHEx_Erase
                0x08002154       0x7c CMakeFiles/ISD2190.elf.dir/Drivers/STM32L1xx_HAL_Driver/Src/stm32l1xx_hal_flash_ex.c.obj
                0x08002154                HAL_FLASHEx_Erase
 .text.HAL_GPIO_Init
                0x080021d0      0x1e8 CMakeFiles/ISD2190.elf.dir/Drivers/STM32L1xx_HAL_Driver/Src/stm32l1xx_hal_gpio.c.obj
                0x080021d0                HAL_GPIO_Init
 .text.HAL_GPIO_WritePin
                0x080023b8        0xc CMakeFiles/ISD2190.elf.dir/Drivers/STM32L1xx_HAL_Driver/Src/stm32l1xx_hal_gpio.c.obj
                0x080023b8                HAL_GPIO_WritePin
 .text.RCC_SetFlashLatencyFromMSIRange
                0x080023c4       0x90 CMakeFiles/ISD2190.elf.dir/Drivers/STM32L1xx_HAL_Driver/Src/stm32l1xx_hal_rcc.c.obj
 .text.HAL_RCC_OscConfig
                0x08002454      0x4f8 CMakeFiles/ISD2190.elf.dir/Drivers/STM32L1xx_HAL_Driver/Src/stm32l1xx_hal_rcc.c.obj
                0x08002454                HAL_RCC_OscConfig
 .text.HAL_RCC_GetSysClockFreq
                0x0800294c       0xc4 CMakeFiles/ISD2190.elf.dir/Drivers/STM32L1xx_HAL_Driver/Src/stm32l1xx_hal_rcc.c.obj
                0x0800294c                HAL_RCC_GetSysClockFreq
 .text.HAL_RCC_ClockConfig
                0x08002a10      0x1dc CMakeFiles/ISD2190.elf.dir/Drivers/STM32L1xx_HAL_Driver/Src/stm32l1xx_hal_rcc.c.obj
                0x08002a10                HAL_RCC_ClockConfig
 .text.HAL_RCC_GetHCLKFreq
                0x08002bec        0xc CMakeFiles/ISD2190.elf.dir/Drivers/STM32L1xx_HAL_Driver/Src/stm32l1xx_hal_rcc.c.obj
                0x08002bec                HAL_RCC_GetHCLKFreq
 .text.HAL_RCC_GetPCLK1Freq
                0x08002bf8       0x20 CMakeFiles/ISD2190.elf.dir/Drivers/STM32L1xx_HAL_Driver/Src/stm32l1xx_hal_rcc.c.obj
                0x08002bf8                HAL_RCC_GetPCLK1Freq
 .text.HAL_RCC_GetPCLK2Freq
                0x08002c18       0x20 CMakeFiles/ISD2190.elf.dir/Drivers/STM32L1xx_HAL_Driver/Src/stm32l1xx_hal_rcc.c.obj
                0x08002c18                HAL_RCC_GetPCLK2Freq
 .text.TIM_Base_SetConfig
                0x08002c38       0x88 CMakeFiles/ISD2190.elf.dir/Drivers/STM32L1xx_HAL_Driver/Src/stm32l1xx_hal_tim.c.obj
 .text.TIM_TI1_ConfigInputStage
                0x08002cc0       0x24 CMakeFiles/ISD2190.elf.dir/Drivers/STM32L1xx_HAL_Driver/Src/stm32l1xx_hal_tim.c.obj
 .text.TIM_TI2_ConfigInputStage
                0x08002ce4       0x26 CMakeFiles/ISD2190.elf.dir/Drivers/STM32L1xx_HAL_Driver/Src/stm32l1xx_hal_tim.c.obj
 .text.TIM_ITRx_SetConfig
                0x08002d0a       0x10 CMakeFiles/ISD2190.elf.dir/Drivers/STM32L1xx_HAL_Driver/Src/stm32l1xx_hal_tim.c.obj
 .text.TIM_ETR_SetConfig
                0x08002d1a       0x18 CMakeFiles/ISD2190.elf.dir/Drivers/STM32L1xx_HAL_Driver/Src/stm32l1xx_hal_tim.c.obj
 .text.HAL_TIM_Base_Init
                0x08002d32       0x48 CMakeFiles/ISD2190.elf.dir/Drivers/STM32L1xx_HAL_Driver/Src/stm32l1xx_hal_tim.c.obj
                0x08002d32                HAL_TIM_Base_Init
 *fill*         0x08002d7a        0x2 
 .text.HAL_TIM_Base_Start_IT
                0x08002d7c       0x68 CMakeFiles/ISD2190.elf.dir/Drivers/STM32L1xx_HAL_Driver/Src/stm32l1xx_hal_tim.c.obj
                0x08002d7c                HAL_TIM_Base_Start_IT
 .text.HAL_TIM_Base_Stop_IT
                0x08002de4       0x28 CMakeFiles/ISD2190.elf.dir/Drivers/STM32L1xx_HAL_Driver/Src/stm32l1xx_hal_tim.c.obj
                0x08002de4                HAL_TIM_Base_Stop_IT
 .text.HAL_TIM_ConfigClockSource
                0x08002e0c       0xfe CMakeFiles/ISD2190.elf.dir/Drivers/STM32L1xx_HAL_Driver/Src/stm32l1xx_hal_tim.c.obj
                0x08002e0c                HAL_TIM_ConfigClockSource
 .text.HAL_TIM_OC_DelayElapsedCallback
                0x08002f0a        0x2 CMakeFiles/ISD2190.elf.dir/Drivers/STM32L1xx_HAL_Driver/Src/stm32l1xx_hal_tim.c.obj
                0x08002f0a                HAL_TIM_OC_DelayElapsedCallback
 .text.HAL_TIM_IC_CaptureCallback
                0x08002f0c        0x2 CMakeFiles/ISD2190.elf.dir/Drivers/STM32L1xx_HAL_Driver/Src/stm32l1xx_hal_tim.c.obj
                0x08002f0c                HAL_TIM_IC_CaptureCallback
 .text.HAL_TIM_PWM_PulseFinishedCallback
                0x08002f0e        0x2 CMakeFiles/ISD2190.elf.dir/Drivers/STM32L1xx_HAL_Driver/Src/stm32l1xx_hal_tim.c.obj
                0x08002f0e                HAL_TIM_PWM_PulseFinishedCallback
 .text.HAL_TIM_TriggerCallback
                0x08002f10        0x2 CMakeFiles/ISD2190.elf.dir/Drivers/STM32L1xx_HAL_Driver/Src/stm32l1xx_hal_tim.c.obj
                0x08002f10                HAL_TIM_TriggerCallback
 .text.HAL_TIM_IRQHandler
                0x08002f12      0x13a CMakeFiles/ISD2190.elf.dir/Drivers/STM32L1xx_HAL_Driver/Src/stm32l1xx_hal_tim.c.obj
                0x08002f12                HAL_TIM_IRQHandler
 .text.HAL_TIMEx_MasterConfigSynchronization
                0x0800304c       0x6c CMakeFiles/ISD2190.elf.dir/Drivers/STM32L1xx_HAL_Driver/Src/stm32l1xx_hal_tim_ex.c.obj
                0x0800304c                HAL_TIMEx_MasterConfigSynchronization
 .text.UART_EndRxTransfer
                0x080030b8       0x5c CMakeFiles/ISD2190.elf.dir/Drivers/STM32L1xx_HAL_Driver/Src/stm32l1xx_hal_uart.c.obj
 .text.UART_Transmit_IT
                0x08003114       0x60 CMakeFiles/ISD2190.elf.dir/Drivers/STM32L1xx_HAL_Driver/Src/stm32l1xx_hal_uart.c.obj
 .text.UART_SetConfig
                0x08003174       0xdc CMakeFiles/ISD2190.elf.dir/Drivers/STM32L1xx_HAL_Driver/Src/stm32l1xx_hal_uart.c.obj
 .text.UART_WaitOnFlagUntilTimeout
                0x08003250       0x88 CMakeFiles/ISD2190.elf.dir/Drivers/STM32L1xx_HAL_Driver/Src/stm32l1xx_hal_uart.c.obj
 .text.HAL_UART_Init
                0x080032d8       0x60 CMakeFiles/ISD2190.elf.dir/Drivers/STM32L1xx_HAL_Driver/Src/stm32l1xx_hal_uart.c.obj
                0x080032d8                HAL_UART_Init
 .text.HAL_UART_Transmit
                0x08003338       0xbe CMakeFiles/ISD2190.elf.dir/Drivers/STM32L1xx_HAL_Driver/Src/stm32l1xx_hal_uart.c.obj
                0x08003338                HAL_UART_Transmit
 .text.HAL_UART_TxCpltCallback
                0x080033f6        0x2 CMakeFiles/ISD2190.elf.dir/Drivers/STM32L1xx_HAL_Driver/Src/stm32l1xx_hal_uart.c.obj
                0x080033f6                HAL_UART_TxCpltCallback
 .text.UART_EndTransmit_IT
                0x080033f8       0x1a CMakeFiles/ISD2190.elf.dir/Drivers/STM32L1xx_HAL_Driver/Src/stm32l1xx_hal_uart.c.obj
 .text.HAL_UART_ErrorCallback
                0x08003412        0x2 CMakeFiles/ISD2190.elf.dir/Drivers/STM32L1xx_HAL_Driver/Src/stm32l1xx_hal_uart.c.obj
                0x08003412                HAL_UART_ErrorCallback
 .text.UART_DMAAbortOnError
                0x08003414       0x10 CMakeFiles/ISD2190.elf.dir/Drivers/STM32L1xx_HAL_Driver/Src/stm32l1xx_hal_uart.c.obj
 .text.HAL_UARTEx_RxEventCallback
                0x08003424        0x2 CMakeFiles/ISD2190.elf.dir/Drivers/STM32L1xx_HAL_Driver/Src/stm32l1xx_hal_uart.c.obj
                0x08003424                HAL_UARTEx_RxEventCallback
 .text.UART_Receive_IT
                0x08003426       0xe6 CMakeFiles/ISD2190.elf.dir/Drivers/STM32L1xx_HAL_Driver/Src/stm32l1xx_hal_uart.c.obj
 .text.HAL_UART_IRQHandler
                0x0800350c      0x288 CMakeFiles/ISD2190.elf.dir/Drivers/STM32L1xx_HAL_Driver/Src/stm32l1xx_hal_uart.c.obj
                0x0800350c                HAL_UART_IRQHandler
 .text.UART_Start_Receive_IT
                0x08003794       0x36 CMakeFiles/ISD2190.elf.dir/Drivers/STM32L1xx_HAL_Driver/Src/stm32l1xx_hal_uart.c.obj
                0x08003794                UART_Start_Receive_IT
 .text.HAL_UART_Receive_IT
                0x080037ca       0x26 CMakeFiles/ISD2190.elf.dir/Drivers/STM32L1xx_HAL_Driver/Src/stm32l1xx_hal_uart.c.obj
                0x080037ca                HAL_UART_Receive_IT
 .text.Data_Collect
                0x080037f0      0x388 CMakeFiles/ISD2190.elf.dir/User/CollectData.c.obj
                0x080037f0                Data_Collect
 .text.HAL_UART_RxCpltCallback
                0x08003b78      0x154 CMakeFiles/ISD2190.elf.dir/User/CollectData.c.obj
                0x08003b78                HAL_UART_RxCpltCallback
 .text.HAL_ADC_ConvCpltCallback
                0x08003ccc       0x28 CMakeFiles/ISD2190.elf.dir/User/CollectData.c.obj
                0x08003ccc                HAL_ADC_ConvCpltCallback
 .text.HAL_TIM_PeriodElapsedCallback
                0x08003cf4       0x58 CMakeFiles/ISD2190.elf.dir/User/CollectData.c.obj
                0x08003cf4                HAL_TIM_PeriodElapsedCallback
 .text.Init_VM  0x08003d4c       0x28 CMakeFiles/ISD2190.elf.dir/User/VMxx.c.obj
                0x08003d4c                Init_VM
 .text.Scan_VM  0x08003d74       0x28 CMakeFiles/ISD2190.elf.dir/User/VMxx.c.obj
                0x08003d74                Scan_VM
 .text.CRC_Check
                0x08003d9c       0x44 CMakeFiles/ISD2190.elf.dir/User/bt4531.c.obj
                0x08003d9c                CRC_Check
 .text.ConfigSend
                0x08003de0       0xf4 CMakeFiles/ISD2190.elf.dir/User/bt4531.c.obj
                0x08003de0                ConfigSend
 .text.TotalConfigSend
                0x08003ed4      0x128 CMakeFiles/ISD2190.elf.dir/User/bt4531.c.obj
                0x08003ed4                TotalConfigSend
 .text.DataSend
                0x08003ffc      0x108 CMakeFiles/ISD2190.elf.dir/User/bt4531.c.obj
                0x08003ffc                DataSend
 .text.TotalDataSend
                0x08004104      0x144 CMakeFiles/ISD2190.elf.dir/User/bt4531.c.obj
                0x08004104                TotalDataSend
 .text.StatuCallback
                0x08004248       0x3c CMakeFiles/ISD2190.elf.dir/User/bt4531.c.obj
                0x08004248                StatuCallback
 .text.BleProcess
                0x08004284      0x148 CMakeFiles/ISD2190.elf.dir/User/bt4531.c.obj
                0x08004284                BleProcess
 .text.Flash_Write
                0x080043cc       0x54 CMakeFiles/ISD2190.elf.dir/User/flash.c.obj
                0x080043cc                Flash_Write
 .text.Flash_Read
                0x08004420       0x18 CMakeFiles/ISD2190.elf.dir/User/flash.c.obj
                0x08004420                Flash_Read
 .text.BMYBJ_YB
                0x08004438       0x90 CMakeFiles/ISD2190.elf.dir/User/hardware.c.obj
                0x08004438                BMYBJ_YB
 .text.MRYBJ_YB
                0x080044c8       0x90 CMakeFiles/ISD2190.elf.dir/User/hardware.c.obj
                0x080044c8                MRYBJ_YB
 .text.GJJ_YL   0x08004558       0xc0 CMakeFiles/ISD2190.elf.dir/User/hardware.c.obj
                0x08004558                GJJ_YL
 .text.TYLH_YL_MPa
                0x08004618       0xc0 CMakeFiles/ISD2190.elf.dir/User/hardware.c.obj
                0x08004618                TYLH_YL_MPa
 .text.SYJ_YL_MPa
                0x080046d8      0x138 CMakeFiles/ISD2190.elf.dir/User/hardware.c.obj
                0x080046d8                SYJ_YL_MPa
 .text.MSJ_YL_KN
                0x08004810      0x1ac CMakeFiles/ISD2190.elf.dir/User/hardware.c.obj
                0x08004810                MSJ_YL_KN
 .text.calcuTem
                0x080049bc       0x48 CMakeFiles/ISD2190.elf.dir/User/temp.c.obj
                0x080049bc                calcuTem
 .text.calcuTemps
                0x08004a04       0x1e CMakeFiles/ISD2190.elf.dir/User/temp.c.obj
                0x08004a04                calcuTemps
 *fill*         0x08004a22        0x2 
 .text.__libc_init_array
                0x08004a24       0x48 d:/clion/gcc-arm-none-eabi-10.3-2021.10/bin/../lib/gcc/arm-none-eabi/10.3.1/../../../../arm-none-eabi/lib/thumb/v7-m/nofp\libg.a(lib_a-init.o)
                0x08004a24                __libc_init_array
 .text.memset   0x08004a6c       0xa4 d:/clion/gcc-arm-none-eabi-10.3-2021.10/bin/../lib/gcc/arm-none-eabi/10.3.1/../../../../arm-none-eabi/lib/thumb/v7-m/nofp\libg.a(lib_a-memset.o)
                0x08004a6c                memset
 .text.startup.register_fini
                0x08004b10       0x14 d:/clion/gcc-arm-none-eabi-10.3-2021.10/bin/../lib/gcc/arm-none-eabi/10.3.1/../../../../arm-none-eabi/lib/thumb/v7-m/nofp\libg.a(lib_a-__call_atexit.o)
 .text.atexit   0x08004b24        0xc d:/clion/gcc-arm-none-eabi-10.3-2021.10/bin/../lib/gcc/arm-none-eabi/10.3.1/../../../../arm-none-eabi/lib/thumb/v7-m/nofp\libg.a(lib_a-atexit.o)
                0x08004b24                atexit
 .text.__libc_fini_array
                0x08004b30       0x2c d:/clion/gcc-arm-none-eabi-10.3-2021.10/bin/../lib/gcc/arm-none-eabi/10.3.1/../../../../arm-none-eabi/lib/thumb/v7-m/nofp\libg.a(lib_a-fini.o)
                0x08004b30                __libc_fini_array
 .text.__retarget_lock_acquire_recursive
                0x08004b5c        0x4 d:/clion/gcc-arm-none-eabi-10.3-2021.10/bin/../lib/gcc/arm-none-eabi/10.3.1/../../../../arm-none-eabi/lib/thumb/v7-m/nofp\libg.a(lib_a-lock.o)
                0x08004b5c                __retarget_lock_acquire_recursive
 .text.__retarget_lock_release_recursive
                0x08004b60        0x4 d:/clion/gcc-arm-none-eabi-10.3-2021.10/bin/../lib/gcc/arm-none-eabi/10.3.1/../../../../arm-none-eabi/lib/thumb/v7-m/nofp\libg.a(lib_a-lock.o)
                0x08004b60                __retarget_lock_release_recursive
 .text.__register_exitproc
                0x08004b64       0x8c d:/clion/gcc-arm-none-eabi-10.3-2021.10/bin/../lib/gcc/arm-none-eabi/10.3.1/../../../../arm-none-eabi/lib/thumb/v7-m/nofp\libg.a(lib_a-__atexit.o)
                0x08004b64                __register_exitproc
 *(.glue_7)
 .glue_7        0x08004bf0        0x0 linker stubs
 *(.glue_7t)
 .glue_7t       0x08004bf0        0x0 linker stubs
 *(.eh_frame)
 .eh_frame      0x08004bf0        0x0 d:/clion/gcc-arm-none-eabi-10.3-2021.10/bin/../lib/gcc/arm-none-eabi/10.3.1/thumb/v7-m/nofp/crtbegin.o
 *(.init)
 .init          0x08004bf0        0x4 d:/clion/gcc-arm-none-eabi-10.3-2021.10/bin/../lib/gcc/arm-none-eabi/10.3.1/thumb/v7-m/nofp/crti.o
                0x08004bf0                _init
 .init          0x08004bf4        0x8 d:/clion/gcc-arm-none-eabi-10.3-2021.10/bin/../lib/gcc/arm-none-eabi/10.3.1/thumb/v7-m/nofp/crtn.o
 *(.fini)
 .fini          0x08004bfc        0x4 d:/clion/gcc-arm-none-eabi-10.3-2021.10/bin/../lib/gcc/arm-none-eabi/10.3.1/thumb/v7-m/nofp/crti.o
                0x08004bfc                _fini
 .fini          0x08004c00        0x8 d:/clion/gcc-arm-none-eabi-10.3-2021.10/bin/../lib/gcc/arm-none-eabi/10.3.1/thumb/v7-m/nofp/crtn.o
                0x08004c08                . = ALIGN (0x4)
                0x08004c08                _etext = .

.vfp11_veneer   0x08004c08        0x0
 .vfp11_veneer  0x08004c08        0x0 linker stubs

.v4_bx          0x08004c08        0x0
 .v4_bx         0x08004c08        0x0 linker stubs

.iplt           0x08004c08        0x0
 .iplt          0x08004c08        0x0 d:/clion/gcc-arm-none-eabi-10.3-2021.10/bin/../lib/gcc/arm-none-eabi/10.3.1/thumb/v7-m/nofp/crtbegin.o

.rodata         0x08004c08       0xcc
                0x08004c08                . = ALIGN (0x4)
 *(.rodata)
 *(.rodata*)
 .rodata.AHBPrescTable
                0x08004c08       0x10 CMakeFiles/ISD2190.elf.dir/Core/Src/system_stm32l1xx.c.obj
                0x08004c08                AHBPrescTable
 .rodata.APBPrescTable
                0x08004c18        0x8 CMakeFiles/ISD2190.elf.dir/Core/Src/system_stm32l1xx.c.obj
                0x08004c18                APBPrescTable
 .rodata.PLLMulTable
                0x08004c20        0x9 CMakeFiles/ISD2190.elf.dir/Core/Src/system_stm32l1xx.c.obj
                0x08004c20                PLLMulTable
 *fill*         0x08004c29        0x3 
 .rodata.tempRes_buf
                0x08004c2c       0xa2 CMakeFiles/ISD2190.elf.dir/User/temp.c.obj
 *fill*         0x08004cce        0x2 
 .rodata._global_impure_ptr
                0x08004cd0        0x4 d:/clion/gcc-arm-none-eabi-10.3-2021.10/bin/../lib/gcc/arm-none-eabi/10.3.1/../../../../arm-none-eabi/lib/thumb/v7-m/nofp\libg.a(lib_a-impure.o)
                0x08004cd0                _global_impure_ptr
                0x08004cd4                . = ALIGN (0x4)

.ARM.extab      0x08004cd4        0x0
                0x08004cd4                . = ALIGN (0x4)
 *(.ARM.extab* .gnu.linkonce.armextab.*)
                0x08004cd4                . = ALIGN (0x4)

.ARM            0x08004cd4        0x8
                0x08004cd4                . = ALIGN (0x4)
                0x08004cd4                __exidx_start = .
 *(.ARM.exidx*)
 .ARM.exidx     0x08004cd4        0x8 d:/clion/gcc-arm-none-eabi-10.3-2021.10/bin/../lib/gcc/arm-none-eabi/10.3.1/thumb/v7-m/nofp\libgcc.a(_udivmoddi4.o)
                0x08004cdc                __exidx_end = .
                0x08004cdc                . = ALIGN (0x4)

.rel.dyn        0x08004cdc        0x0
 .rel.iplt      0x08004cdc        0x0 d:/clion/gcc-arm-none-eabi-10.3-2021.10/bin/../lib/gcc/arm-none-eabi/10.3.1/thumb/v7-m/nofp/crtbegin.o

.preinit_array  0x08004cdc        0x0
                0x08004cdc                . = ALIGN (0x4)
                0x08004cdc                PROVIDE (__preinit_array_start = .)
 *(.preinit_array*)
                0x08004cdc                PROVIDE (__preinit_array_end = .)
                0x08004cdc                . = ALIGN (0x4)

.init_array     0x08004cdc        0x8
                0x08004cdc                . = ALIGN (0x4)
                0x08004cdc                PROVIDE (__init_array_start = .)
 *(SORT_BY_NAME(.init_array.*))
 .init_array.00000
                0x08004cdc        0x4 d:/clion/gcc-arm-none-eabi-10.3-2021.10/bin/../lib/gcc/arm-none-eabi/10.3.1/../../../../arm-none-eabi/lib/thumb/v7-m/nofp\libg.a(lib_a-__call_atexit.o)
 *(.init_array*)
 .init_array    0x08004ce0        0x4 d:/clion/gcc-arm-none-eabi-10.3-2021.10/bin/../lib/gcc/arm-none-eabi/10.3.1/thumb/v7-m/nofp/crtbegin.o
                0x08004ce4                PROVIDE (__init_array_end = .)
                0x08004ce4                . = ALIGN (0x4)

.fini_array     0x08004ce4        0x4
                0x08004ce4                . = ALIGN (0x4)
                0x08004ce4                PROVIDE (__fini_array_start = .)
 *(SORT_BY_NAME(.fini_array.*))
 *(.fini_array*)
 .fini_array    0x08004ce4        0x4 d:/clion/gcc-arm-none-eabi-10.3-2021.10/bin/../lib/gcc/arm-none-eabi/10.3.1/thumb/v7-m/nofp/crtbegin.o
                0x08004ce8                PROVIDE (__fini_array_end = .)
                0x08004ce8                . = ALIGN (0x4)
                0x08004ce8                _sidata = LOADADDR (.data)

.data           0x20000000      0x44c load address 0x08004ce8
                0x20000000                . = ALIGN (0x4)
                0x20000000                _sdata = .
 *(.data)
 *(.data*)
 .data.SystemCoreClock
                0x20000000        0x4 CMakeFiles/ISD2190.elf.dir/Core/Src/system_stm32l1xx.c.obj
                0x20000000                SystemCoreClock
 .data.uwTickFreq
                0x20000004        0x4 CMakeFiles/ISD2190.elf.dir/Drivers/STM32L1xx_HAL_Driver/Src/stm32l1xx_hal.c.obj
                0x20000004                uwTickFreq
 .data.uwTickPrio
                0x20000008        0x4 CMakeFiles/ISD2190.elf.dir/Drivers/STM32L1xx_HAL_Driver/Src/stm32l1xx_hal.c.obj
                0x20000008                uwTickPrio
 .data.VM_Init_Cmd
                0x2000000c        0x7 CMakeFiles/ISD2190.elf.dir/User/VMxx.c.obj
                0x2000000c                VM_Init_Cmd
 *fill*         0x20000013        0x1 
 .data.VM_Scan_Cmd
                0x20000014        0x5 CMakeFiles/ISD2190.elf.dir/User/VMxx.c.obj
                0x20000014                VM_Scan_Cmd
 *fill*         0x20000019        0x7 
 .data.impure_data
                0x20000020      0x428 d:/clion/gcc-arm-none-eabi-10.3-2021.10/bin/../lib/gcc/arm-none-eabi/10.3.1/../../../../arm-none-eabi/lib/thumb/v7-m/nofp\libg.a(lib_a-impure.o)
 .data.__atexit_recursive_mutex
                0x20000448        0x4 d:/clion/gcc-arm-none-eabi-10.3-2021.10/bin/../lib/gcc/arm-none-eabi/10.3.1/../../../../arm-none-eabi/lib/thumb/v7-m/nofp\libg.a(lib_a-__call_atexit.o)
                0x20000448                __atexit_recursive_mutex
 *(.RamFunc)
 *(.RamFunc*)
                0x2000044c                . = ALIGN (0x4)
                0x2000044c                _edata = .

.igot.plt       0x2000044c        0x0 load address 0x08005134
 .igot.plt      0x2000044c        0x0 d:/clion/gcc-arm-none-eabi-10.3-2021.10/bin/../lib/gcc/arm-none-eabi/10.3.1/thumb/v7-m/nofp/crtbegin.o
                0x2000044c                . = ALIGN (0x4)

.bss            0x20000450      0x900 load address 0x08005134
                0x20000450                _sbss = .
                0x20000450                __bss_start__ = _sbss
 *(.bss)
 .bss           0x20000450       0x1c d:/clion/gcc-arm-none-eabi-10.3-2021.10/bin/../lib/gcc/arm-none-eabi/10.3.1/thumb/v7-m/nofp/crtbegin.o
 *(.bss*)
 .bss.hadc      0x2000046c       0x54 CMakeFiles/ISD2190.elf.dir/Core/Src/adc.c.obj
                0x2000046c                hadc
 .bss.hdma_adc  0x200004c0       0x44 CMakeFiles/ISD2190.elf.dir/Core/Src/adc.c.obj
                0x200004c0                hdma_adc
 .bss.ADC_Busy  0x20000504        0x1 CMakeFiles/ISD2190.elf.dir/Core/Src/main.c.obj
                0x20000504                ADC_Busy
 *fill*         0x20000505        0x3 
 .bss.ADC_Value
                0x20000508       0x20 CMakeFiles/ISD2190.elf.dir/Core/Src/main.c.obj
                0x20000508                ADC_Value
 .bss.BleBuf    0x20000528       0xff CMakeFiles/ISD2190.elf.dir/Core/Src/main.c.obj
                0x20000528                BleBuf
 .bss.Scan_Start
                0x20000627        0x1 CMakeFiles/ISD2190.elf.dir/Core/Src/main.c.obj
                0x20000627                Scan_Start
 .bss.Sensor    0x20000628      0x380 CMakeFiles/ISD2190.elf.dir/Core/Src/main.c.obj
                0x20000628                Sensor
 .bss.Temp_Value
                0x200009a8       0x20 CMakeFiles/ISD2190.elf.dir/Core/Src/main.c.obj
                0x200009a8                Temp_Value
 .bss.VM_Busy   0x200009c8        0x1 CMakeFiles/ISD2190.elf.dir/Core/Src/main.c.obj
                0x200009c8                VM_Busy
 .bss.VM_ERR    0x200009c9        0x1 CMakeFiles/ISD2190.elf.dir/Core/Src/main.c.obj
                0x200009c9                VM_ERR
 .bss.VM_init   0x200009ca        0x1 CMakeFiles/ISD2190.elf.dir/Core/Src/main.c.obj
                0x200009ca                VM_init
 .bss.ble_flag  0x200009cb        0x1 CMakeFiles/ISD2190.elf.dir/Core/Src/main.c.obj
                0x200009cb                ble_flag
 .bss.receiving
                0x200009cc        0x1 CMakeFiles/ISD2190.elf.dir/Core/Src/main.c.obj
                0x200009cc                receiving
 .bss.restart   0x200009cd        0x1 CMakeFiles/ISD2190.elf.dir/Core/Src/main.c.obj
                0x200009cd                restart
 *fill*         0x200009ce        0x2 
 .bss.rx_buffer
                0x200009d0       0xff CMakeFiles/ISD2190.elf.dir/Core/Src/main.c.obj
                0x200009d0                rx_buffer
 .bss.rx_check  0x20000acf        0x1 CMakeFiles/ISD2190.elf.dir/Core/Src/main.c.obj
                0x20000acf                rx_check
 .bss.rx_index  0x20000ad0        0x1 CMakeFiles/ISD2190.elf.dir/Core/Src/main.c.obj
                0x20000ad0                rx_index
 .bss.rxdata    0x20000ad1        0x1 CMakeFiles/ISD2190.elf.dir/Core/Src/main.c.obj
                0x20000ad1                rxdata
 *fill*         0x20000ad2        0x2 
 .bss.htim2     0x20000ad4       0x40 CMakeFiles/ISD2190.elf.dir/Core/Src/tim.c.obj
                0x20000ad4                htim2
 .bss.htim3     0x20000b14       0x40 CMakeFiles/ISD2190.elf.dir/Core/Src/tim.c.obj
                0x20000b14                htim3
 .bss.huart2    0x20000b54       0x48 CMakeFiles/ISD2190.elf.dir/Core/Src/usart.c.obj
                0x20000b54                huart2
 .bss.huart3    0x20000b9c       0x48 CMakeFiles/ISD2190.elf.dir/Core/Src/usart.c.obj
                0x20000b9c                huart3
 .bss.huart5    0x20000be4       0x48 CMakeFiles/ISD2190.elf.dir/Core/Src/usart.c.obj
                0x20000be4                huart5
 .bss.uwTick    0x20000c2c        0x4 CMakeFiles/ISD2190.elf.dir/Drivers/STM32L1xx_HAL_Driver/Src/stm32l1xx_hal.c.obj
                0x20000c2c                uwTick
 .bss.pFlash    0x20000c30       0x18 CMakeFiles/ISD2190.elf.dir/Drivers/STM32L1xx_HAL_Driver/Src/stm32l1xx_hal_flash.c.obj
                0x20000c30                pFlash
 .bss.lastbuf   0x20000c48        0x1 CMakeFiles/ISD2190.elf.dir/User/CollectData.c.obj
                0x20000c48                lastbuf
 *fill*         0x20000c49        0x3 
 .bss.tx_buffer
                0x20000c4c       0xff CMakeFiles/ISD2190.elf.dir/User/bt4531.c.obj
                0x20000c4c                tx_buffer
 *fill*         0x20000d4b        0x1 
 .bss.__lock___atexit_recursive_mutex
                0x20000d4c        0x1 d:/clion/gcc-arm-none-eabi-10.3-2021.10/bin/../lib/gcc/arm-none-eabi/10.3.1/../../../../arm-none-eabi/lib/thumb/v7-m/nofp\libg.a(lib_a-lock.o)
                0x20000d4c                __lock___atexit_recursive_mutex
 *(COMMON)
                0x20000d50                . = ALIGN (0x4)
 *fill*         0x20000d4d        0x3 
                0x20000d50                _ebss = .
                0x20000d50                __bss_end__ = _ebss

._user_heap_stack
                0x20000d50      0x600 load address 0x08005134
                0x20000d50                . = ALIGN (0x8)
                [!provide]                PROVIDE (end = .)
                0x20000d50                PROVIDE (_end = .)
                0x20000f50                . = (. + _Min_Heap_Size)
 *fill*         0x20000d50      0x200 
                0x20001350                . = (. + _Min_Stack_Size)
 *fill*         0x20000f50      0x400 
                0x20001350                . = ALIGN (0x8)

/DISCARD/
 libc.a(*)
 libm.a(*)
 libgcc.a(*)

.ARM.attributes
                0x00000000       0x29
 *(.ARM.attributes)
 .ARM.attributes
                0x00000000       0x1d d:/clion/gcc-arm-none-eabi-10.3-2021.10/bin/../lib/gcc/arm-none-eabi/10.3.1/thumb/v7-m/nofp/crti.o
 .ARM.attributes
                0x0000001d       0x2d d:/clion/gcc-arm-none-eabi-10.3-2021.10/bin/../lib/gcc/arm-none-eabi/10.3.1/thumb/v7-m/nofp/crtbegin.o
 .ARM.attributes
                0x0000004a       0x2d CMakeFiles/ISD2190.elf.dir/Core/Src/adc.c.obj
 .ARM.attributes
                0x00000077       0x2d CMakeFiles/ISD2190.elf.dir/Core/Src/dma.c.obj
 .ARM.attributes
                0x000000a4       0x2d CMakeFiles/ISD2190.elf.dir/Core/Src/gpio.c.obj
 .ARM.attributes
                0x000000d1       0x2d CMakeFiles/ISD2190.elf.dir/Core/Src/main.c.obj
 .ARM.attributes
                0x000000fe       0x2d CMakeFiles/ISD2190.elf.dir/Core/Src/stm32l1xx_hal_msp.c.obj
 .ARM.attributes
                0x0000012b       0x2d CMakeFiles/ISD2190.elf.dir/Core/Src/stm32l1xx_it.c.obj
 .ARM.attributes
                0x00000158       0x2d CMakeFiles/ISD2190.elf.dir/Core/Src/system_stm32l1xx.c.obj
 .ARM.attributes
                0x00000185       0x2d CMakeFiles/ISD2190.elf.dir/Core/Src/tim.c.obj
 .ARM.attributes
                0x000001b2       0x2d CMakeFiles/ISD2190.elf.dir/Core/Src/usart.c.obj
 .ARM.attributes
                0x000001df       0x21 CMakeFiles/ISD2190.elf.dir/Core/Startup/startup_stm32l151rdtx.s.obj
 .ARM.attributes
                0x00000200       0x2d CMakeFiles/ISD2190.elf.dir/Drivers/STM32L1xx_HAL_Driver/Src/stm32l1xx_hal.c.obj
 .ARM.attributes
                0x0000022d       0x2d CMakeFiles/ISD2190.elf.dir/Drivers/STM32L1xx_HAL_Driver/Src/stm32l1xx_hal_adc.c.obj
 .ARM.attributes
                0x0000025a       0x2d CMakeFiles/ISD2190.elf.dir/Drivers/STM32L1xx_HAL_Driver/Src/stm32l1xx_hal_cortex.c.obj
 .ARM.attributes
                0x00000287       0x2d CMakeFiles/ISD2190.elf.dir/Drivers/STM32L1xx_HAL_Driver/Src/stm32l1xx_hal_dma.c.obj
 .ARM.attributes
                0x000002b4       0x2d CMakeFiles/ISD2190.elf.dir/Drivers/STM32L1xx_HAL_Driver/Src/stm32l1xx_hal_flash.c.obj
 .ARM.attributes
                0x000002e1       0x2d CMakeFiles/ISD2190.elf.dir/Drivers/STM32L1xx_HAL_Driver/Src/stm32l1xx_hal_flash_ex.c.obj
 .ARM.attributes
                0x0000030e       0x2d CMakeFiles/ISD2190.elf.dir/Drivers/STM32L1xx_HAL_Driver/Src/stm32l1xx_hal_gpio.c.obj
 .ARM.attributes
                0x0000033b       0x2d CMakeFiles/ISD2190.elf.dir/Drivers/STM32L1xx_HAL_Driver/Src/stm32l1xx_hal_rcc.c.obj
 .ARM.attributes
                0x00000368       0x2d CMakeFiles/ISD2190.elf.dir/Drivers/STM32L1xx_HAL_Driver/Src/stm32l1xx_hal_tim.c.obj
 .ARM.attributes
                0x00000395       0x2d CMakeFiles/ISD2190.elf.dir/Drivers/STM32L1xx_HAL_Driver/Src/stm32l1xx_hal_tim_ex.c.obj
 .ARM.attributes
                0x000003c2       0x2d CMakeFiles/ISD2190.elf.dir/Drivers/STM32L1xx_HAL_Driver/Src/stm32l1xx_hal_uart.c.obj
 .ARM.attributes
                0x000003ef       0x2d CMakeFiles/ISD2190.elf.dir/User/CollectData.c.obj
 .ARM.attributes
                0x0000041c       0x2d CMakeFiles/ISD2190.elf.dir/User/VMxx.c.obj
 .ARM.attributes
                0x00000449       0x2d CMakeFiles/ISD2190.elf.dir/User/bt4531.c.obj
 .ARM.attributes
                0x00000476       0x2d CMakeFiles/ISD2190.elf.dir/User/flash.c.obj
 .ARM.attributes
                0x000004a3       0x2d CMakeFiles/ISD2190.elf.dir/User/hardware.c.obj
 .ARM.attributes
                0x000004d0       0x2d CMakeFiles/ISD2190.elf.dir/User/temp.c.obj
 .ARM.attributes
                0x000004fd       0x1d d:/clion/gcc-arm-none-eabi-10.3-2021.10/bin/../lib/gcc/arm-none-eabi/10.3.1/thumb/v7-m/nofp\libgcc.a(_arm_addsubdf3.o)
 .ARM.attributes
                0x0000051a       0x1d d:/clion/gcc-arm-none-eabi-10.3-2021.10/bin/../lib/gcc/arm-none-eabi/10.3.1/thumb/v7-m/nofp\libgcc.a(_arm_muldivdf3.o)
 .ARM.attributes
                0x00000537       0x1d d:/clion/gcc-arm-none-eabi-10.3-2021.10/bin/../lib/gcc/arm-none-eabi/10.3.1/thumb/v7-m/nofp\libgcc.a(_arm_fixunsdfsi.o)
 .ARM.attributes
                0x00000554       0x1d d:/clion/gcc-arm-none-eabi-10.3-2021.10/bin/../lib/gcc/arm-none-eabi/10.3.1/thumb/v7-m/nofp\libgcc.a(_aeabi_uldivmod.o)
 .ARM.attributes
                0x00000571       0x2d d:/clion/gcc-arm-none-eabi-10.3-2021.10/bin/../lib/gcc/arm-none-eabi/10.3.1/thumb/v7-m/nofp\libgcc.a(_udivmoddi4.o)
 .ARM.attributes
                0x0000059e       0x1d d:/clion/gcc-arm-none-eabi-10.3-2021.10/bin/../lib/gcc/arm-none-eabi/10.3.1/thumb/v7-m/nofp\libgcc.a(_dvmd_tls.o)
 .ARM.attributes
                0x000005bb       0x2d d:/clion/gcc-arm-none-eabi-10.3-2021.10/bin/../lib/gcc/arm-none-eabi/10.3.1/../../../../arm-none-eabi/lib/thumb/v7-m/nofp\libg.a(lib_a-impure.o)
 .ARM.attributes
                0x000005e8       0x2d d:/clion/gcc-arm-none-eabi-10.3-2021.10/bin/../lib/gcc/arm-none-eabi/10.3.1/../../../../arm-none-eabi/lib/thumb/v7-m/nofp\libg.a(lib_a-init.o)
 .ARM.attributes
                0x00000615       0x2d d:/clion/gcc-arm-none-eabi-10.3-2021.10/bin/../lib/gcc/arm-none-eabi/10.3.1/../../../../arm-none-eabi/lib/thumb/v7-m/nofp\libg.a(lib_a-memset.o)
 .ARM.attributes
                0x00000642       0x2d d:/clion/gcc-arm-none-eabi-10.3-2021.10/bin/../lib/gcc/arm-none-eabi/10.3.1/../../../../arm-none-eabi/lib/thumb/v7-m/nofp\libg.a(lib_a-__call_atexit.o)
 .ARM.attributes
                0x0000066f       0x2d d:/clion/gcc-arm-none-eabi-10.3-2021.10/bin/../lib/gcc/arm-none-eabi/10.3.1/../../../../arm-none-eabi/lib/thumb/v7-m/nofp\libg.a(lib_a-atexit.o)
 .ARM.attributes
                0x0000069c       0x2d d:/clion/gcc-arm-none-eabi-10.3-2021.10/bin/../lib/gcc/arm-none-eabi/10.3.1/../../../../arm-none-eabi/lib/thumb/v7-m/nofp\libg.a(lib_a-fini.o)
 .ARM.attributes
                0x000006c9       0x2d d:/clion/gcc-arm-none-eabi-10.3-2021.10/bin/../lib/gcc/arm-none-eabi/10.3.1/../../../../arm-none-eabi/lib/thumb/v7-m/nofp\libg.a(lib_a-lock.o)
 .ARM.attributes
                0x000006f6       0x2d d:/clion/gcc-arm-none-eabi-10.3-2021.10/bin/../lib/gcc/arm-none-eabi/10.3.1/../../../../arm-none-eabi/lib/thumb/v7-m/nofp\libg.a(lib_a-__atexit.o)
 .ARM.attributes
                0x00000723       0x1d d:/clion/gcc-arm-none-eabi-10.3-2021.10/bin/../lib/gcc/arm-none-eabi/10.3.1/thumb/v7-m/nofp/crtn.o
OUTPUT(ISD2190.elf elf32-littlearm)
LOAD linker stubs
LOAD d:/clion/gcc-arm-none-eabi-10.3-2021.10/bin/../lib/gcc/arm-none-eabi/10.3.1/../../../../arm-none-eabi/lib/thumb/v7-m/nofp\libc.a
LOAD d:/clion/gcc-arm-none-eabi-10.3-2021.10/bin/../lib/gcc/arm-none-eabi/10.3.1/../../../../arm-none-eabi/lib/thumb/v7-m/nofp\libm.a
LOAD d:/clion/gcc-arm-none-eabi-10.3-2021.10/bin/../lib/gcc/arm-none-eabi/10.3.1/thumb/v7-m/nofp\libgcc.a

.debug_info     0x00000000    0x15de8
 .debug_info    0x00000000      0xcdd CMakeFiles/ISD2190.elf.dir/Core/Src/adc.c.obj
 .debug_info    0x00000cdd      0x37b CMakeFiles/ISD2190.elf.dir/Core/Src/dma.c.obj
 .debug_info    0x00001058      0x3f3 CMakeFiles/ISD2190.elf.dir/Core/Src/gpio.c.obj
 .debug_info    0x0000144b      0xf86 CMakeFiles/ISD2190.elf.dir/Core/Src/main.c.obj
 .debug_info    0x000023d1      0x1d8 CMakeFiles/ISD2190.elf.dir/Core/Src/stm32l1xx_hal_msp.c.obj
 .debug_info    0x000025a9      0xa41 CMakeFiles/ISD2190.elf.dir/Core/Src/stm32l1xx_it.c.obj
 .debug_info    0x00002fea      0x2bc CMakeFiles/ISD2190.elf.dir/Core/Src/system_stm32l1xx.c.obj
 .debug_info    0x000032a6      0xb9a CMakeFiles/ISD2190.elf.dir/Core/Src/tim.c.obj
 .debug_info    0x00003e40      0xd9d CMakeFiles/ISD2190.elf.dir/Core/Src/usart.c.obj
 .debug_info    0x00004bdd       0x22 CMakeFiles/ISD2190.elf.dir/Core/Startup/startup_stm32l151rdtx.s.obj
 .debug_info    0x00004bff      0x7a3 CMakeFiles/ISD2190.elf.dir/Drivers/STM32L1xx_HAL_Driver/Src/stm32l1xx_hal.c.obj
 .debug_info    0x000053a2     0x11a1 CMakeFiles/ISD2190.elf.dir/Drivers/STM32L1xx_HAL_Driver/Src/stm32l1xx_hal_adc.c.obj
 .debug_info    0x00006543     0x1003 CMakeFiles/ISD2190.elf.dir/Drivers/STM32L1xx_HAL_Driver/Src/stm32l1xx_hal_cortex.c.obj
 .debug_info    0x00007546      0x83b CMakeFiles/ISD2190.elf.dir/Drivers/STM32L1xx_HAL_Driver/Src/stm32l1xx_hal_dma.c.obj
 .debug_info    0x00007d81      0x55d CMakeFiles/ISD2190.elf.dir/Drivers/STM32L1xx_HAL_Driver/Src/stm32l1xx_hal_flash.c.obj
 .debug_info    0x000082de     0x1153 CMakeFiles/ISD2190.elf.dir/Drivers/STM32L1xx_HAL_Driver/Src/stm32l1xx_hal_flash_ex.c.obj
 .debug_info    0x00009431      0x671 CMakeFiles/ISD2190.elf.dir/Drivers/STM32L1xx_HAL_Driver/Src/stm32l1xx_hal_gpio.c.obj
 .debug_info    0x00009aa2      0xc16 CMakeFiles/ISD2190.elf.dir/Drivers/STM32L1xx_HAL_Driver/Src/stm32l1xx_hal_rcc.c.obj
 .debug_info    0x0000a6b8     0x3b58 CMakeFiles/ISD2190.elf.dir/Drivers/STM32L1xx_HAL_Driver/Src/stm32l1xx_hal_tim.c.obj
 .debug_info    0x0000e210      0x6fe CMakeFiles/ISD2190.elf.dir/Drivers/STM32L1xx_HAL_Driver/Src/stm32l1xx_hal_tim_ex.c.obj
 .debug_info    0x0000e90e     0x4211 CMakeFiles/ISD2190.elf.dir/Drivers/STM32L1xx_HAL_Driver/Src/stm32l1xx_hal_uart.c.obj
 .debug_info    0x00012b1f     0x114b CMakeFiles/ISD2190.elf.dir/User/CollectData.c.obj
 .debug_info    0x00013c6a      0x643 CMakeFiles/ISD2190.elf.dir/User/VMxx.c.obj
 .debug_info    0x000142ad      0xca6 CMakeFiles/ISD2190.elf.dir/User/bt4531.c.obj
 .debug_info    0x00014f53      0x27d CMakeFiles/ISD2190.elf.dir/User/flash.c.obj
 .debug_info    0x000151d0      0x9fa CMakeFiles/ISD2190.elf.dir/User/hardware.c.obj
 .debug_info    0x00015bca      0x21e CMakeFiles/ISD2190.elf.dir/User/temp.c.obj

.debug_abbrev   0x00000000     0x319d
 .debug_abbrev  0x00000000      0x20b CMakeFiles/ISD2190.elf.dir/Core/Src/adc.c.obj
 .debug_abbrev  0x0000020b      0x114 CMakeFiles/ISD2190.elf.dir/Core/Src/dma.c.obj
 .debug_abbrev  0x0000031f      0x14e CMakeFiles/ISD2190.elf.dir/Core/Src/gpio.c.obj
 .debug_abbrev  0x0000046d      0x20c CMakeFiles/ISD2190.elf.dir/Core/Src/main.c.obj
 .debug_abbrev  0x00000679       0xbf CMakeFiles/ISD2190.elf.dir/Core/Src/stm32l1xx_hal_msp.c.obj
 .debug_abbrev  0x00000738      0x19c CMakeFiles/ISD2190.elf.dir/Core/Src/stm32l1xx_it.c.obj
 .debug_abbrev  0x000008d4      0x119 CMakeFiles/ISD2190.elf.dir/Core/Src/system_stm32l1xx.c.obj
 .debug_abbrev  0x000009ed      0x1de CMakeFiles/ISD2190.elf.dir/Core/Src/tim.c.obj
 .debug_abbrev  0x00000bcb      0x215 CMakeFiles/ISD2190.elf.dir/Core/Src/usart.c.obj
 .debug_abbrev  0x00000de0       0x12 CMakeFiles/ISD2190.elf.dir/Core/Startup/startup_stm32l151rdtx.s.obj
 .debug_abbrev  0x00000df2      0x24c CMakeFiles/ISD2190.elf.dir/Drivers/STM32L1xx_HAL_Driver/Src/stm32l1xx_hal.c.obj
 .debug_abbrev  0x0000103e      0x293 CMakeFiles/ISD2190.elf.dir/Drivers/STM32L1xx_HAL_Driver/Src/stm32l1xx_hal_adc.c.obj
 .debug_abbrev  0x000012d1      0x36a CMakeFiles/ISD2190.elf.dir/Drivers/STM32L1xx_HAL_Driver/Src/stm32l1xx_hal_cortex.c.obj
 .debug_abbrev  0x0000163b      0x21a CMakeFiles/ISD2190.elf.dir/Drivers/STM32L1xx_HAL_Driver/Src/stm32l1xx_hal_dma.c.obj
 .debug_abbrev  0x00001855      0x236 CMakeFiles/ISD2190.elf.dir/Drivers/STM32L1xx_HAL_Driver/Src/stm32l1xx_hal_flash.c.obj
 .debug_abbrev  0x00001a8b      0x299 CMakeFiles/ISD2190.elf.dir/Drivers/STM32L1xx_HAL_Driver/Src/stm32l1xx_hal_flash_ex.c.obj
 .debug_abbrev  0x00001d24      0x1ef CMakeFiles/ISD2190.elf.dir/Drivers/STM32L1xx_HAL_Driver/Src/stm32l1xx_hal_gpio.c.obj
 .debug_abbrev  0x00001f13      0x2a8 CMakeFiles/ISD2190.elf.dir/Drivers/STM32L1xx_HAL_Driver/Src/stm32l1xx_hal_rcc.c.obj
 .debug_abbrev  0x000021bb      0x232 CMakeFiles/ISD2190.elf.dir/Drivers/STM32L1xx_HAL_Driver/Src/stm32l1xx_hal_tim.c.obj
 .debug_abbrev  0x000023ed      0x170 CMakeFiles/ISD2190.elf.dir/Drivers/STM32L1xx_HAL_Driver/Src/stm32l1xx_hal_tim_ex.c.obj
 .debug_abbrev  0x0000255d      0x2dd CMakeFiles/ISD2190.elf.dir/Drivers/STM32L1xx_HAL_Driver/Src/stm32l1xx_hal_uart.c.obj
 .debug_abbrev  0x0000283a      0x239 CMakeFiles/ISD2190.elf.dir/User/CollectData.c.obj
 .debug_abbrev  0x00002a73      0x170 CMakeFiles/ISD2190.elf.dir/User/VMxx.c.obj
 .debug_abbrev  0x00002be3      0x267 CMakeFiles/ISD2190.elf.dir/User/bt4531.c.obj
 .debug_abbrev  0x00002e4a      0x17d CMakeFiles/ISD2190.elf.dir/User/flash.c.obj
 .debug_abbrev  0x00002fc7       0xe2 CMakeFiles/ISD2190.elf.dir/User/hardware.c.obj
 .debug_abbrev  0x000030a9       0xf4 CMakeFiles/ISD2190.elf.dir/User/temp.c.obj

.debug_loc      0x00000000     0xe4ea
 .debug_loc     0x00000000       0x71 CMakeFiles/ISD2190.elf.dir/Core/Src/adc.c.obj
 .debug_loc     0x00000071      0x1d6 CMakeFiles/ISD2190.elf.dir/Core/Src/system_stm32l1xx.c.obj
 .debug_loc     0x00000247       0x9e CMakeFiles/ISD2190.elf.dir/Core/Src/tim.c.obj
 .debug_loc     0x000002e5      0x11b CMakeFiles/ISD2190.elf.dir/Core/Src/usart.c.obj
 .debug_loc     0x00000400      0x1cd CMakeFiles/ISD2190.elf.dir/Drivers/STM32L1xx_HAL_Driver/Src/stm32l1xx_hal.c.obj
 .debug_loc     0x000005cd      0xa62 CMakeFiles/ISD2190.elf.dir/Drivers/STM32L1xx_HAL_Driver/Src/stm32l1xx_hal_adc.c.obj
 .debug_loc     0x0000102f      0x744 CMakeFiles/ISD2190.elf.dir/Drivers/STM32L1xx_HAL_Driver/Src/stm32l1xx_hal_cortex.c.obj
 .debug_loc     0x00001773      0x7cf CMakeFiles/ISD2190.elf.dir/Drivers/STM32L1xx_HAL_Driver/Src/stm32l1xx_hal_dma.c.obj
 .debug_loc     0x00001f42      0x272 CMakeFiles/ISD2190.elf.dir/Drivers/STM32L1xx_HAL_Driver/Src/stm32l1xx_hal_flash.c.obj
 .debug_loc     0x000021b4     0x1155 CMakeFiles/ISD2190.elf.dir/Drivers/STM32L1xx_HAL_Driver/Src/stm32l1xx_hal_flash_ex.c.obj
 .debug_loc     0x00003309      0x41a CMakeFiles/ISD2190.elf.dir/Drivers/STM32L1xx_HAL_Driver/Src/stm32l1xx_hal_gpio.c.obj
 .debug_loc     0x00003723      0x6f8 CMakeFiles/ISD2190.elf.dir/Drivers/STM32L1xx_HAL_Driver/Src/stm32l1xx_hal_rcc.c.obj
 .debug_loc     0x00003e1b     0x4984 CMakeFiles/ISD2190.elf.dir/Drivers/STM32L1xx_HAL_Driver/Src/stm32l1xx_hal_tim.c.obj
 .debug_loc     0x0000879f       0xc8 CMakeFiles/ISD2190.elf.dir/Drivers/STM32L1xx_HAL_Driver/Src/stm32l1xx_hal_tim_ex.c.obj
 .debug_loc     0x00008867     0x487b CMakeFiles/ISD2190.elf.dir/Drivers/STM32L1xx_HAL_Driver/Src/stm32l1xx_hal_uart.c.obj
 .debug_loc     0x0000d0e2      0x1b4 CMakeFiles/ISD2190.elf.dir/User/CollectData.c.obj
 .debug_loc     0x0000d296      0x7ac CMakeFiles/ISD2190.elf.dir/User/bt4531.c.obj
 .debug_loc     0x0000da42       0xa1 CMakeFiles/ISD2190.elf.dir/User/flash.c.obj
 .debug_loc     0x0000dae3      0x8a1 CMakeFiles/ISD2190.elf.dir/User/hardware.c.obj
 .debug_loc     0x0000e384      0x166 CMakeFiles/ISD2190.elf.dir/User/temp.c.obj

.debug_aranges  0x00000000      0xec8
 .debug_aranges
                0x00000000       0x30 CMakeFiles/ISD2190.elf.dir/Core/Src/adc.c.obj
 .debug_aranges
                0x00000030       0x20 CMakeFiles/ISD2190.elf.dir/Core/Src/dma.c.obj
 .debug_aranges
                0x00000050       0x20 CMakeFiles/ISD2190.elf.dir/Core/Src/gpio.c.obj
 .debug_aranges
                0x00000070       0x30 CMakeFiles/ISD2190.elf.dir/Core/Src/main.c.obj
 .debug_aranges
                0x000000a0       0x20 CMakeFiles/ISD2190.elf.dir/Core/Src/stm32l1xx_hal_msp.c.obj
 .debug_aranges
                0x000000c0       0x88 CMakeFiles/ISD2190.elf.dir/Core/Src/stm32l1xx_it.c.obj
 .debug_aranges
                0x00000148       0x28 CMakeFiles/ISD2190.elf.dir/Core/Src/system_stm32l1xx.c.obj
 .debug_aranges
                0x00000170       0x38 CMakeFiles/ISD2190.elf.dir/Core/Src/tim.c.obj
 .debug_aranges
                0x000001a8       0x48 CMakeFiles/ISD2190.elf.dir/Core/Src/usart.c.obj
 .debug_aranges
                0x000001f0       0x28 CMakeFiles/ISD2190.elf.dir/Core/Startup/startup_stm32l151rdtx.s.obj
 .debug_aranges
                0x00000218       0xe0 CMakeFiles/ISD2190.elf.dir/Drivers/STM32L1xx_HAL_Driver/Src/stm32l1xx_hal.c.obj
 .debug_aranges
                0x000002f8       0xf0 CMakeFiles/ISD2190.elf.dir/Drivers/STM32L1xx_HAL_Driver/Src/stm32l1xx_hal_adc.c.obj
 .debug_aranges
                0x000003e8       0xa8 CMakeFiles/ISD2190.elf.dir/Drivers/STM32L1xx_HAL_Driver/Src/stm32l1xx_hal_cortex.c.obj
 .debug_aranges
                0x00000490       0x80 CMakeFiles/ISD2190.elf.dir/Drivers/STM32L1xx_HAL_Driver/Src/stm32l1xx_hal_dma.c.obj
 .debug_aranges
                0x00000510       0x80 CMakeFiles/ISD2190.elf.dir/Drivers/STM32L1xx_HAL_Driver/Src/stm32l1xx_hal_flash.c.obj
 .debug_aranges
                0x00000590      0x108 CMakeFiles/ISD2190.elf.dir/Drivers/STM32L1xx_HAL_Driver/Src/stm32l1xx_hal_flash_ex.c.obj
 .debug_aranges
                0x00000698       0x58 CMakeFiles/ISD2190.elf.dir/Drivers/STM32L1xx_HAL_Driver/Src/stm32l1xx_hal_gpio.c.obj
 .debug_aranges
                0x000006f0       0x90 CMakeFiles/ISD2190.elf.dir/Drivers/STM32L1xx_HAL_Driver/Src/stm32l1xx_hal_rcc.c.obj
 .debug_aranges
                0x00000780      0x3d0 CMakeFiles/ISD2190.elf.dir/Drivers/STM32L1xx_HAL_Driver/Src/stm32l1xx_hal_tim.c.obj
 .debug_aranges
                0x00000b50       0x28 CMakeFiles/ISD2190.elf.dir/Drivers/STM32L1xx_HAL_Driver/Src/stm32l1xx_hal_tim_ex.c.obj
 .debug_aranges
                0x00000b78      0x208 CMakeFiles/ISD2190.elf.dir/Drivers/STM32L1xx_HAL_Driver/Src/stm32l1xx_hal_uart.c.obj
 .debug_aranges
                0x00000d80       0x38 CMakeFiles/ISD2190.elf.dir/User/CollectData.c.obj
 .debug_aranges
                0x00000db8       0x28 CMakeFiles/ISD2190.elf.dir/User/VMxx.c.obj
 .debug_aranges
                0x00000de0       0x50 CMakeFiles/ISD2190.elf.dir/User/bt4531.c.obj
 .debug_aranges
                0x00000e30       0x28 CMakeFiles/ISD2190.elf.dir/User/flash.c.obj
 .debug_aranges
                0x00000e58       0x48 CMakeFiles/ISD2190.elf.dir/User/hardware.c.obj
 .debug_aranges
                0x00000ea0       0x28 CMakeFiles/ISD2190.elf.dir/User/temp.c.obj

.debug_ranges   0x00000000      0xe90
 .debug_ranges  0x00000000       0x20 CMakeFiles/ISD2190.elf.dir/Core/Src/adc.c.obj
 .debug_ranges  0x00000020       0x10 CMakeFiles/ISD2190.elf.dir/Core/Src/dma.c.obj
 .debug_ranges  0x00000030       0x10 CMakeFiles/ISD2190.elf.dir/Core/Src/gpio.c.obj
 .debug_ranges  0x00000040       0x20 CMakeFiles/ISD2190.elf.dir/Core/Src/main.c.obj
 .debug_ranges  0x00000060       0x10 CMakeFiles/ISD2190.elf.dir/Core/Src/stm32l1xx_hal_msp.c.obj
 .debug_ranges  0x00000070       0x78 CMakeFiles/ISD2190.elf.dir/Core/Src/stm32l1xx_it.c.obj
 .debug_ranges  0x000000e8       0x18 CMakeFiles/ISD2190.elf.dir/Core/Src/system_stm32l1xx.c.obj
 .debug_ranges  0x00000100       0x28 CMakeFiles/ISD2190.elf.dir/Core/Src/tim.c.obj
 .debug_ranges  0x00000128       0x38 CMakeFiles/ISD2190.elf.dir/Core/Src/usart.c.obj
 .debug_ranges  0x00000160       0x20 CMakeFiles/ISD2190.elf.dir/Core/Startup/startup_stm32l151rdtx.s.obj
 .debug_ranges  0x00000180       0xd0 CMakeFiles/ISD2190.elf.dir/Drivers/STM32L1xx_HAL_Driver/Src/stm32l1xx_hal.c.obj
 .debug_ranges  0x00000250       0xe0 CMakeFiles/ISD2190.elf.dir/Drivers/STM32L1xx_HAL_Driver/Src/stm32l1xx_hal_adc.c.obj
 .debug_ranges  0x00000330       0xf8 CMakeFiles/ISD2190.elf.dir/Drivers/STM32L1xx_HAL_Driver/Src/stm32l1xx_hal_cortex.c.obj
 .debug_ranges  0x00000428       0x70 CMakeFiles/ISD2190.elf.dir/Drivers/STM32L1xx_HAL_Driver/Src/stm32l1xx_hal_dma.c.obj
 .debug_ranges  0x00000498       0x70 CMakeFiles/ISD2190.elf.dir/Drivers/STM32L1xx_HAL_Driver/Src/stm32l1xx_hal_flash.c.obj
 .debug_ranges  0x00000508       0xf8 CMakeFiles/ISD2190.elf.dir/Drivers/STM32L1xx_HAL_Driver/Src/stm32l1xx_hal_flash_ex.c.obj
 .debug_ranges  0x00000600       0x48 CMakeFiles/ISD2190.elf.dir/Drivers/STM32L1xx_HAL_Driver/Src/stm32l1xx_hal_gpio.c.obj
 .debug_ranges  0x00000648       0x98 CMakeFiles/ISD2190.elf.dir/Drivers/STM32L1xx_HAL_Driver/Src/stm32l1xx_hal_rcc.c.obj
 .debug_ranges  0x000006e0      0x3c0 CMakeFiles/ISD2190.elf.dir/Drivers/STM32L1xx_HAL_Driver/Src/stm32l1xx_hal_tim.c.obj
 .debug_ranges  0x00000aa0       0x18 CMakeFiles/ISD2190.elf.dir/Drivers/STM32L1xx_HAL_Driver/Src/stm32l1xx_hal_tim_ex.c.obj
 .debug_ranges  0x00000ab8      0x210 CMakeFiles/ISD2190.elf.dir/Drivers/STM32L1xx_HAL_Driver/Src/stm32l1xx_hal_uart.c.obj
 .debug_ranges  0x00000cc8       0x40 CMakeFiles/ISD2190.elf.dir/User/CollectData.c.obj
 .debug_ranges  0x00000d08       0x18 CMakeFiles/ISD2190.elf.dir/User/VMxx.c.obj
 .debug_ranges  0x00000d20       0xd0 CMakeFiles/ISD2190.elf.dir/User/bt4531.c.obj
 .debug_ranges  0x00000df0       0x18 CMakeFiles/ISD2190.elf.dir/User/flash.c.obj
 .debug_ranges  0x00000e08       0x70 CMakeFiles/ISD2190.elf.dir/User/hardware.c.obj
 .debug_ranges  0x00000e78       0x18 CMakeFiles/ISD2190.elf.dir/User/temp.c.obj

.debug_line     0x00000000    0x1122e
 .debug_line    0x00000000      0x5e7 CMakeFiles/ISD2190.elf.dir/Core/Src/adc.c.obj
 .debug_line    0x000005e7      0x1ca CMakeFiles/ISD2190.elf.dir/Core/Src/dma.c.obj
 .debug_line    0x000007b1      0x22b CMakeFiles/ISD2190.elf.dir/Core/Src/gpio.c.obj
 .debug_line    0x000009dc      0x47b CMakeFiles/ISD2190.elf.dir/Core/Src/main.c.obj
 .debug_line    0x00000e57      0x188 CMakeFiles/ISD2190.elf.dir/Core/Src/stm32l1xx_hal_msp.c.obj
 .debug_line    0x00000fdf      0x392 CMakeFiles/ISD2190.elf.dir/Core/Src/stm32l1xx_it.c.obj
 .debug_line    0x00001371      0x269 CMakeFiles/ISD2190.elf.dir/Core/Src/system_stm32l1xx.c.obj
 .debug_line    0x000015da      0x400 CMakeFiles/ISD2190.elf.dir/Core/Src/tim.c.obj
 .debug_line    0x000019da      0x51c CMakeFiles/ISD2190.elf.dir/Core/Src/usart.c.obj
 .debug_line    0x00001ef6       0xa2 CMakeFiles/ISD2190.elf.dir/Core/Startup/startup_stm32l151rdtx.s.obj
 .debug_line    0x00001f98      0x5a6 CMakeFiles/ISD2190.elf.dir/Drivers/STM32L1xx_HAL_Driver/Src/stm32l1xx_hal.c.obj
 .debug_line    0x0000253e      0xec2 CMakeFiles/ISD2190.elf.dir/Drivers/STM32L1xx_HAL_Driver/Src/stm32l1xx_hal_adc.c.obj
 .debug_line    0x00003400      0x7ca CMakeFiles/ISD2190.elf.dir/Drivers/STM32L1xx_HAL_Driver/Src/stm32l1xx_hal_cortex.c.obj
 .debug_line    0x00003bca      0x9b4 CMakeFiles/ISD2190.elf.dir/Drivers/STM32L1xx_HAL_Driver/Src/stm32l1xx_hal_dma.c.obj
 .debug_line    0x0000457e      0x686 CMakeFiles/ISD2190.elf.dir/Drivers/STM32L1xx_HAL_Driver/Src/stm32l1xx_hal_flash.c.obj
 .debug_line    0x00004c04      0xd7f CMakeFiles/ISD2190.elf.dir/Drivers/STM32L1xx_HAL_Driver/Src/stm32l1xx_hal_flash_ex.c.obj
 .debug_line    0x00005983      0x5ad CMakeFiles/ISD2190.elf.dir/Drivers/STM32L1xx_HAL_Driver/Src/stm32l1xx_hal_gpio.c.obj
 .debug_line    0x00005f30      0xe0d CMakeFiles/ISD2190.elf.dir/Drivers/STM32L1xx_HAL_Driver/Src/stm32l1xx_hal_rcc.c.obj
 .debug_line    0x00006d3d     0x413c CMakeFiles/ISD2190.elf.dir/Drivers/STM32L1xx_HAL_Driver/Src/stm32l1xx_hal_tim.c.obj
 .debug_line    0x0000ae79      0x356 CMakeFiles/ISD2190.elf.dir/Drivers/STM32L1xx_HAL_Driver/Src/stm32l1xx_hal_tim_ex.c.obj
 .debug_line    0x0000b1cf     0x4411 CMakeFiles/ISD2190.elf.dir/Drivers/STM32L1xx_HAL_Driver/Src/stm32l1xx_hal_uart.c.obj
 .debug_line    0x0000f5e0      0x732 CMakeFiles/ISD2190.elf.dir/User/CollectData.c.obj
 .debug_line    0x0000fd12      0x204 CMakeFiles/ISD2190.elf.dir/User/VMxx.c.obj
 .debug_line    0x0000ff16      0xb56 CMakeFiles/ISD2190.elf.dir/User/bt4531.c.obj
 .debug_line    0x00010a6c      0x257 CMakeFiles/ISD2190.elf.dir/User/flash.c.obj
 .debug_line    0x00010cc3      0x398 CMakeFiles/ISD2190.elf.dir/User/hardware.c.obj
 .debug_line    0x0001105b      0x1d3 CMakeFiles/ISD2190.elf.dir/User/temp.c.obj

.debug_str      0x00000000     0x467c
 .debug_str     0x00000000      0x6d3 CMakeFiles/ISD2190.elf.dir/Core/Src/adc.c.obj
                                0x779 (size before relaxing)
 .debug_str     0x000006d3      0x3c0 CMakeFiles/ISD2190.elf.dir/Core/Src/dma.c.obj
                                0x5cc (size before relaxing)
 .debug_str     0x00000a93       0x6a CMakeFiles/ISD2190.elf.dir/Core/Src/gpio.c.obj
                                0x305 (size before relaxing)
 .debug_str     0x00000afd      0x834 CMakeFiles/ISD2190.elf.dir/Core/Src/main.c.obj
                                0xc98 (size before relaxing)
 .debug_str     0x00001331       0x48 CMakeFiles/ISD2190.elf.dir/Core/Src/stm32l1xx_hal_msp.c.obj
                                0x254 (size before relaxing)
 .debug_str     0x00001379      0x16b CMakeFiles/ISD2190.elf.dir/Core/Src/stm32l1xx_it.c.obj
                                0x9f7 (size before relaxing)
 .debug_str     0x000014e4       0xb5 CMakeFiles/ISD2190.elf.dir/Core/Src/system_stm32l1xx.c.obj
                                0x2c5 (size before relaxing)
 .debug_str     0x00001599      0x163 CMakeFiles/ISD2190.elf.dir/Core/Src/tim.c.obj
                                0xc09 (size before relaxing)
 .debug_str     0x000016fc       0x8c CMakeFiles/ISD2190.elf.dir/Core/Src/usart.c.obj
                                0xb36 (size before relaxing)
 .debug_str     0x00001788       0x52 CMakeFiles/ISD2190.elf.dir/Core/Startup/startup_stm32l151rdtx.s.obj
                                 0x83 (size before relaxing)
 .debug_str     0x000017da      0x2a6 CMakeFiles/ISD2190.elf.dir/Drivers/STM32L1xx_HAL_Driver/Src/stm32l1xx_hal.c.obj
                                0x88a (size before relaxing)
 .debug_str     0x00001a80      0x309 CMakeFiles/ISD2190.elf.dir/Drivers/STM32L1xx_HAL_Driver/Src/stm32l1xx_hal_adc.c.obj
                                0x9ee (size before relaxing)
 .debug_str     0x00001d89      0x4d2 CMakeFiles/ISD2190.elf.dir/Drivers/STM32L1xx_HAL_Driver/Src/stm32l1xx_hal_cortex.c.obj
                                0xac5 (size before relaxing)
 .debug_str     0x0000225b      0x225 CMakeFiles/ISD2190.elf.dir/Drivers/STM32L1xx_HAL_Driver/Src/stm32l1xx_hal_dma.c.obj
                                0x64a (size before relaxing)
 .debug_str     0x00002480      0x27e CMakeFiles/ISD2190.elf.dir/Drivers/STM32L1xx_HAL_Driver/Src/stm32l1xx_hal_flash.c.obj
                                0x4be (size before relaxing)
 .debug_str     0x000026fe      0x521 CMakeFiles/ISD2190.elf.dir/Drivers/STM32L1xx_HAL_Driver/Src/stm32l1xx_hal_flash_ex.c.obj
                                0x8c5 (size before relaxing)
 .debug_str     0x00002c1f      0x12e CMakeFiles/ISD2190.elf.dir/Drivers/STM32L1xx_HAL_Driver/Src/stm32l1xx_hal_gpio.c.obj
                                0x446 (size before relaxing)
 .debug_str     0x00002d4d      0x221 CMakeFiles/ISD2190.elf.dir/Drivers/STM32L1xx_HAL_Driver/Src/stm32l1xx_hal_rcc.c.obj
                                0x734 (size before relaxing)
 .debug_str     0x00002f6e      0xdbf CMakeFiles/ISD2190.elf.dir/Drivers/STM32L1xx_HAL_Driver/Src/stm32l1xx_hal_tim.c.obj
                               0x15b8 (size before relaxing)
 .debug_str     0x00003d2d       0x73 CMakeFiles/ISD2190.elf.dir/Drivers/STM32L1xx_HAL_Driver/Src/stm32l1xx_hal_tim_ex.c.obj
                                0x76d (size before relaxing)
 .debug_str     0x00003da0      0x5f3 CMakeFiles/ISD2190.elf.dir/Drivers/STM32L1xx_HAL_Driver/Src/stm32l1xx_hal_uart.c.obj
                                0xd2a (size before relaxing)
 .debug_str     0x00004393       0x9b CMakeFiles/ISD2190.elf.dir/User/CollectData.c.obj
                                0xcf5 (size before relaxing)
 .debug_str     0x0000442e       0x43 CMakeFiles/ISD2190.elf.dir/User/VMxx.c.obj
                                0x605 (size before relaxing)
 .debug_str     0x00004471       0xf1 CMakeFiles/ISD2190.elf.dir/User/bt4531.c.obj
                                0x77d (size before relaxing)
 .debug_str     0x00004562       0x46 CMakeFiles/ISD2190.elf.dir/User/flash.c.obj
                                0x2e0 (size before relaxing)
 .debug_str     0x000045a8       0x66 CMakeFiles/ISD2190.elf.dir/User/hardware.c.obj
                                0x2ac (size before relaxing)
 .debug_str     0x0000460e       0x6e CMakeFiles/ISD2190.elf.dir/User/temp.c.obj
                                0x257 (size before relaxing)

.comment        0x00000000       0x49
 .comment       0x00000000       0x49 CMakeFiles/ISD2190.elf.dir/Core/Src/adc.c.obj
                                 0x4a (size before relaxing)
 .comment       0x00000049       0x4a CMakeFiles/ISD2190.elf.dir/Core/Src/dma.c.obj
 .comment       0x00000049       0x4a CMakeFiles/ISD2190.elf.dir/Core/Src/gpio.c.obj
 .comment       0x00000049       0x4a CMakeFiles/ISD2190.elf.dir/Core/Src/main.c.obj
 .comment       0x00000049       0x4a CMakeFiles/ISD2190.elf.dir/Core/Src/stm32l1xx_hal_msp.c.obj
 .comment       0x00000049       0x4a CMakeFiles/ISD2190.elf.dir/Core/Src/stm32l1xx_it.c.obj
 .comment       0x00000049       0x4a CMakeFiles/ISD2190.elf.dir/Core/Src/system_stm32l1xx.c.obj
 .comment       0x00000049       0x4a CMakeFiles/ISD2190.elf.dir/Core/Src/tim.c.obj
 .comment       0x00000049       0x4a CMakeFiles/ISD2190.elf.dir/Core/Src/usart.c.obj
 .comment       0x00000049       0x4a CMakeFiles/ISD2190.elf.dir/Drivers/STM32L1xx_HAL_Driver/Src/stm32l1xx_hal.c.obj
 .comment       0x00000049       0x4a CMakeFiles/ISD2190.elf.dir/Drivers/STM32L1xx_HAL_Driver/Src/stm32l1xx_hal_adc.c.obj
 .comment       0x00000049       0x4a CMakeFiles/ISD2190.elf.dir/Drivers/STM32L1xx_HAL_Driver/Src/stm32l1xx_hal_cortex.c.obj
 .comment       0x00000049       0x4a CMakeFiles/ISD2190.elf.dir/Drivers/STM32L1xx_HAL_Driver/Src/stm32l1xx_hal_dma.c.obj
 .comment       0x00000049       0x4a CMakeFiles/ISD2190.elf.dir/Drivers/STM32L1xx_HAL_Driver/Src/stm32l1xx_hal_flash.c.obj
 .comment       0x00000049       0x4a CMakeFiles/ISD2190.elf.dir/Drivers/STM32L1xx_HAL_Driver/Src/stm32l1xx_hal_flash_ex.c.obj
 .comment       0x00000049       0x4a CMakeFiles/ISD2190.elf.dir/Drivers/STM32L1xx_HAL_Driver/Src/stm32l1xx_hal_gpio.c.obj
 .comment       0x00000049       0x4a CMakeFiles/ISD2190.elf.dir/Drivers/STM32L1xx_HAL_Driver/Src/stm32l1xx_hal_rcc.c.obj
 .comment       0x00000049       0x4a CMakeFiles/ISD2190.elf.dir/Drivers/STM32L1xx_HAL_Driver/Src/stm32l1xx_hal_tim.c.obj
 .comment       0x00000049       0x4a CMakeFiles/ISD2190.elf.dir/Drivers/STM32L1xx_HAL_Driver/Src/stm32l1xx_hal_tim_ex.c.obj
 .comment       0x00000049       0x4a CMakeFiles/ISD2190.elf.dir/Drivers/STM32L1xx_HAL_Driver/Src/stm32l1xx_hal_uart.c.obj
 .comment       0x00000049       0x4a CMakeFiles/ISD2190.elf.dir/User/CollectData.c.obj
 .comment       0x00000049       0x4a CMakeFiles/ISD2190.elf.dir/User/VMxx.c.obj
 .comment       0x00000049       0x4a CMakeFiles/ISD2190.elf.dir/User/bt4531.c.obj
 .comment       0x00000049       0x4a CMakeFiles/ISD2190.elf.dir/User/flash.c.obj
 .comment       0x00000049       0x4a CMakeFiles/ISD2190.elf.dir/User/hardware.c.obj
 .comment       0x00000049       0x4a CMakeFiles/ISD2190.elf.dir/User/temp.c.obj

.debug_frame    0x00000000     0x2904
 .debug_frame   0x00000000       0x6c CMakeFiles/ISD2190.elf.dir/Core/Src/adc.c.obj
 .debug_frame   0x0000006c       0x2c CMakeFiles/ISD2190.elf.dir/Core/Src/dma.c.obj
 .debug_frame   0x00000098       0x34 CMakeFiles/ISD2190.elf.dir/Core/Src/gpio.c.obj
 .debug_frame   0x000000cc       0x58 CMakeFiles/ISD2190.elf.dir/Core/Src/main.c.obj
 .debug_frame   0x00000124       0x28 CMakeFiles/ISD2190.elf.dir/Core/Src/stm32l1xx_hal_msp.c.obj
 .debug_frame   0x0000014c      0x120 CMakeFiles/ISD2190.elf.dir/Core/Src/stm32l1xx_it.c.obj
 .debug_frame   0x0000026c       0x30 CMakeFiles/ISD2190.elf.dir/Core/Src/system_stm32l1xx.c.obj
 .debug_frame   0x0000029c       0x88 CMakeFiles/ISD2190.elf.dir/Core/Src/tim.c.obj
 .debug_frame   0x00000324       0xb4 CMakeFiles/ISD2190.elf.dir/Core/Src/usart.c.obj
 .debug_frame   0x000003d8      0x1cc CMakeFiles/ISD2190.elf.dir/Drivers/STM32L1xx_HAL_Driver/Src/stm32l1xx_hal.c.obj
 .debug_frame   0x000005a4      0x2c4 CMakeFiles/ISD2190.elf.dir/Drivers/STM32L1xx_HAL_Driver/Src/stm32l1xx_hal_adc.c.obj
 .debug_frame   0x00000868      0x148 CMakeFiles/ISD2190.elf.dir/Drivers/STM32L1xx_HAL_Driver/Src/stm32l1xx_hal_cortex.c.obj
 .debug_frame   0x000009b0      0x138 CMakeFiles/ISD2190.elf.dir/Drivers/STM32L1xx_HAL_Driver/Src/stm32l1xx_hal_dma.c.obj
 .debug_frame   0x00000ae8      0x11c CMakeFiles/ISD2190.elf.dir/Drivers/STM32L1xx_HAL_Driver/Src/stm32l1xx_hal_flash.c.obj
 .debug_frame   0x00000c04      0x2c8 CMakeFiles/ISD2190.elf.dir/Drivers/STM32L1xx_HAL_Driver/Src/stm32l1xx_hal_flash_ex.c.obj
 .debug_frame   0x00000ecc       0xd0 CMakeFiles/ISD2190.elf.dir/Drivers/STM32L1xx_HAL_Driver/Src/stm32l1xx_hal_gpio.c.obj
 .debug_frame   0x00000f9c      0x1a4 CMakeFiles/ISD2190.elf.dir/Drivers/STM32L1xx_HAL_Driver/Src/stm32l1xx_hal_rcc.c.obj
 .debug_frame   0x00001140      0xb00 CMakeFiles/ISD2190.elf.dir/Drivers/STM32L1xx_HAL_Driver/Src/stm32l1xx_hal_tim.c.obj
 .debug_frame   0x00001c40       0x3c CMakeFiles/ISD2190.elf.dir/Drivers/STM32L1xx_HAL_Driver/Src/stm32l1xx_hal_tim_ex.c.obj
 .debug_frame   0x00001c7c      0x5dc CMakeFiles/ISD2190.elf.dir/Drivers/STM32L1xx_HAL_Driver/Src/stm32l1xx_hal_uart.c.obj
 .debug_frame   0x00002258       0x7c CMakeFiles/ISD2190.elf.dir/User/CollectData.c.obj
 .debug_frame   0x000022d4       0x58 CMakeFiles/ISD2190.elf.dir/User/VMxx.c.obj
 .debug_frame   0x0000232c       0xf0 CMakeFiles/ISD2190.elf.dir/User/bt4531.c.obj
 .debug_frame   0x0000241c       0x48 CMakeFiles/ISD2190.elf.dir/User/flash.c.obj
 .debug_frame   0x00002464       0xf4 CMakeFiles/ISD2190.elf.dir/User/hardware.c.obj
 .debug_frame   0x00002558       0x40 CMakeFiles/ISD2190.elf.dir/User/temp.c.obj
 .debug_frame   0x00002598       0xac d:/clion/gcc-arm-none-eabi-10.3-2021.10/bin/../lib/gcc/arm-none-eabi/10.3.1/thumb/v7-m/nofp\libgcc.a(_arm_addsubdf3.o)
 .debug_frame   0x00002644       0x50 d:/clion/gcc-arm-none-eabi-10.3-2021.10/bin/../lib/gcc/arm-none-eabi/10.3.1/thumb/v7-m/nofp\libgcc.a(_arm_muldivdf3.o)
 .debug_frame   0x00002694       0x24 d:/clion/gcc-arm-none-eabi-10.3-2021.10/bin/../lib/gcc/arm-none-eabi/10.3.1/thumb/v7-m/nofp\libgcc.a(_arm_fixunsdfsi.o)
 .debug_frame   0x000026b8       0x2c d:/clion/gcc-arm-none-eabi-10.3-2021.10/bin/../lib/gcc/arm-none-eabi/10.3.1/thumb/v7-m/nofp\libgcc.a(_aeabi_uldivmod.o)
 .debug_frame   0x000026e4       0x34 d:/clion/gcc-arm-none-eabi-10.3-2021.10/bin/../lib/gcc/arm-none-eabi/10.3.1/thumb/v7-m/nofp\libgcc.a(_udivmoddi4.o)
 .debug_frame   0x00002718       0x2c d:/clion/gcc-arm-none-eabi-10.3-2021.10/bin/../lib/gcc/arm-none-eabi/10.3.1/../../../../arm-none-eabi/lib/thumb/v7-m/nofp\libg.a(lib_a-init.o)
 .debug_frame   0x00002744       0x2c d:/clion/gcc-arm-none-eabi-10.3-2021.10/bin/../lib/gcc/arm-none-eabi/10.3.1/../../../../arm-none-eabi/lib/thumb/v7-m/nofp\libg.a(lib_a-memset.o)
 .debug_frame   0x00002770       0x5c d:/clion/gcc-arm-none-eabi-10.3-2021.10/bin/../lib/gcc/arm-none-eabi/10.3.1/../../../../arm-none-eabi/lib/thumb/v7-m/nofp\libg.a(lib_a-__call_atexit.o)
 .debug_frame   0x000027cc       0x20 d:/clion/gcc-arm-none-eabi-10.3-2021.10/bin/../lib/gcc/arm-none-eabi/10.3.1/../../../../arm-none-eabi/lib/thumb/v7-m/nofp\libg.a(lib_a-atexit.o)
 .debug_frame   0x000027ec       0x34 d:/clion/gcc-arm-none-eabi-10.3-2021.10/bin/../lib/gcc/arm-none-eabi/10.3.1/../../../../arm-none-eabi/lib/thumb/v7-m/nofp\libg.a(lib_a-fini.o)
 .debug_frame   0x00002820       0xb0 d:/clion/gcc-arm-none-eabi-10.3-2021.10/bin/../lib/gcc/arm-none-eabi/10.3.1/../../../../arm-none-eabi/lib/thumb/v7-m/nofp\libg.a(lib_a-lock.o)
 .debug_frame   0x000028d0       0x34 d:/clion/gcc-arm-none-eabi-10.3-2021.10/bin/../lib/gcc/arm-none-eabi/10.3.1/../../../../arm-none-eabi/lib/thumb/v7-m/nofp\libg.a(lib_a-__atexit.o)
