###############################################################################
#
# IAR ELF Linker V8.32.1.169/W32 for ARM                  14/Mar/2024  19:16:49
# Copyright 2007-2018 IAR Systems AB.
#
#    Output file  =  
#        C:\Users\15569\Desktop\ISD2190\EWARM\ISD2190\Exe\ISD2190.out
#    Map file     =  
#        C:\Users\15569\Desktop\ISD2190\EWARM\ISD2190\List\ISD2190.map
#    Command line =  
#        -f C:\Users\15569\AppData\Local\Temp\EW581F.tmp
#        (C:\Users\15569\Desktop\ISD2190\EWARM\ISD2190\Obj\adc.o
#        C:\Users\15569\Desktop\ISD2190\EWARM\ISD2190\Obj\dma.o
#        C:\Users\15569\Desktop\ISD2190\EWARM\ISD2190\Obj\gpio.o
#        C:\Users\15569\Desktop\ISD2190\EWARM\ISD2190\Obj\main.o
#        C:\Users\15569\Desktop\ISD2190\EWARM\ISD2190\Obj\startup_stm32l151xd.o
#        C:\Users\15569\Desktop\ISD2190\EWARM\ISD2190\Obj\stm32l1xx_hal.o
#        C:\Users\15569\Desktop\ISD2190\EWARM\ISD2190\Obj\stm32l1xx_hal_adc.o
#        C:\Users\15569\Desktop\ISD2190\EWARM\ISD2190\Obj\stm32l1xx_hal_adc_ex.o
#        C:\Users\15569\Desktop\ISD2190\EWARM\ISD2190\Obj\stm32l1xx_hal_cortex.o
#        C:\Users\15569\Desktop\ISD2190\EWARM\ISD2190\Obj\stm32l1xx_hal_dma.o
#        C:\Users\15569\Desktop\ISD2190\EWARM\ISD2190\Obj\stm32l1xx_hal_exti.o
#        C:\Users\15569\Desktop\ISD2190\EWARM\ISD2190\Obj\stm32l1xx_hal_flash.o
#        C:\Users\15569\Desktop\ISD2190\EWARM\ISD2190\Obj\stm32l1xx_hal_flash_ex.o
#        C:\Users\15569\Desktop\ISD2190\EWARM\ISD2190\Obj\stm32l1xx_hal_flash_ramfunc.o
#        C:\Users\15569\Desktop\ISD2190\EWARM\ISD2190\Obj\stm32l1xx_hal_gpio.o
#        C:\Users\15569\Desktop\ISD2190\EWARM\ISD2190\Obj\stm32l1xx_hal_msp.o
#        C:\Users\15569\Desktop\ISD2190\EWARM\ISD2190\Obj\stm32l1xx_hal_pwr.o
#        C:\Users\15569\Desktop\ISD2190\EWARM\ISD2190\Obj\stm32l1xx_hal_pwr_ex.o
#        C:\Users\15569\Desktop\ISD2190\EWARM\ISD2190\Obj\stm32l1xx_hal_rcc.o
#        C:\Users\15569\Desktop\ISD2190\EWARM\ISD2190\Obj\stm32l1xx_hal_rcc_ex.o
#        C:\Users\15569\Desktop\ISD2190\EWARM\ISD2190\Obj\stm32l1xx_hal_tim.o
#        C:\Users\15569\Desktop\ISD2190\EWARM\ISD2190\Obj\stm32l1xx_hal_tim_ex.o
#        C:\Users\15569\Desktop\ISD2190\EWARM\ISD2190\Obj\stm32l1xx_hal_uart.o
#        C:\Users\15569\Desktop\ISD2190\EWARM\ISD2190\Obj\stm32l1xx_it.o
#        C:\Users\15569\Desktop\ISD2190\EWARM\ISD2190\Obj\system_stm32l1xx.o
#        C:\Users\15569\Desktop\ISD2190\EWARM\ISD2190\Obj\temp.o
#        C:\Users\15569\Desktop\ISD2190\EWARM\ISD2190\Obj\usart.o
#        C:\Users\15569\Desktop\ISD2190\EWARM\ISD2190\Obj\vm608.o
#        --no_out_extension -o
#        C:\Users\15569\Desktop\ISD2190\EWARM\ISD2190\Exe\ISD2190.out
#        --redirect _Printf=_PrintfFullNoMb --redirect _Scanf=_ScanfFullNoMb
#        --map C:\Users\15569\Desktop\ISD2190\EWARM\ISD2190\List\ISD2190.map
#        --config C:\Users\15569\Desktop\ISD2190\EWARM/stm32l151xd_flash.icf
#        --semihosting --entry __iar_program_start --vfe --text_out locale)
#
###############################################################################

*******************************************************************************
*** RUNTIME MODEL ATTRIBUTES
***

CppFlavor       = *
__SystemLibrary = DLib
__dlib_version  = 6


*******************************************************************************
*** HEAP SELECTION
***

The basic heap was selected because no calls to memory allocation
functions were found in the application outside of system library
functions, and there are calls to deallocation functions in the
application.


*******************************************************************************
*** PLACEMENT SUMMARY
***

"A0":  place at 0x800'0000 { ro section .intvec };
"P1":  place in [from 0x800'0000 to 0x805'ffff] { ro };
define block CSTACK with size = 1K, alignment = 8 { };
define block HEAP with size = 512, alignment = 8 { };
"P2":  place in [from 0x2000'0000 to 0x2000'bfff] {
          rw, block CSTACK, block HEAP };
initialize by copy { rw };

  Section            Kind         Address    Size  Object
  -------            ----         -------    ----  ------
"A0":                                       0x124
  .intvec            ro code   0x800'0000   0x124  startup_stm32l151xd.o [1]
                             - 0x800'0124   0x124

"P1":                                      0x23a3
  .text              ro code   0x800'0124   0x71c  stm32l1xx_hal_rcc.o [1]
  .text              ro code   0x800'0840     0xc  stm32l1xx_hal.o [1]
  .text              ro code   0x800'084c    0x50  stm32l1xx_hal.o [1]
  .text              ro code   0x800'089c   0x230  I64DivMod.o [3]
  .text              ro code   0x800'0acc    0xf0  stm32l1xx_hal_cortex.o [1]
  .text              ro code   0x800'0bbc     0x2  I64DivZer.o [3]
  .text              ro code   0x800'0bbe    0x3a  zero_init3.o [3]
  .text              ro code   0x800'0bf8   0x6e4  stm32l1xx_hal_uart.o [1]
  .text              ro code   0x800'12dc   0x148  usart.o [1]
  .text              ro code   0x800'1424   0x2a0  stm32l1xx_hal_dma.o [1]
  .text              ro code   0x800'16c4     0x2  stm32l1xx_hal_uart.o [1]
  .text              ro code   0x800'16c6     0x2  stm32l1xx_hal_uart.o [1]
  .text              ro code   0x800'16c8     0x2  stm32l1xx_hal_uart.o [1]
  .text              ro code   0x800'16cc   0x1b0  main.o [1]
  .text              ro code   0x800'187c     0x6  ABImemclr4.o [3]
  .text              ro code   0x800'1884   0x1cc  stm32l1xx_hal_gpio.o [1]
  .text              ro code   0x800'1a50    0x3a  ABImemset48.o [3]
  .text              ro code   0x800'1a8c    0x20  stm32l1xx_hal.o [1]
  .text              ro code   0x800'1aac    0x44  gpio.o [1]
  .text              ro code   0x800'1af0    0x30  dma.o [1]
  .text              ro code   0x800'1b20   0x134  adc.o [1]
  .text              ro code   0x800'1c54   0x4a6  stm32l1xx_hal_adc.o [1]
  .text              ro code   0x800'20fc    0x68  temp.o [1]
  .text              ro code   0x800'2164    0x28  stm32l1xx_hal.o [1]
  .text              ro code   0x800'218c    0x44  stm32l1xx_hal_msp.o [1]
  .text              ro code   0x800'21d0     0x2  stm32l1xx_hal_adc.o [1]
  .text              ro code   0x800'21d2     0x2  stm32l1xx_hal_adc.o [1]
  .text              ro code   0x800'21d4     0x2  stm32l1xx_hal_adc.o [1]
  .rodata            const     0x800'21d8    0xa4  temp.o [1]
  .text              ro code   0x800'227c    0x40  stm32l1xx_it.o [1]
  .text              ro code   0x800'22bc    0x10  stm32l1xx_hal.o [1]
  .text              ro code   0x800'22cc    0x38  packbits_init_single.o [3]
  .text              ro code   0x800'2304    0x28  data_init.o [3]
  .iar.init_table    const     0x800'232c    0x20  - Linker created -
  .text              ro code   0x800'234c    0x20  system_stm32l1xx.o [1]
  .text              ro code   0x800'236c    0x1e  cmain.o [3]
  .text              ro code   0x800'238a     0x4  low_level_init.o [2]
  .text              ro code   0x800'238e     0x4  exit.o [2]
  .text              ro code   0x800'2394     0xa  cexit.o [3]
  .text              ro code   0x800'23a0    0x14  exit.o [4]
  .text              ro code   0x800'23b4    0x10  startup_stm32l151xd.o [1]
  .text              ro code   0x800'23c4     0xc  cstartup_M.o [3]
  .rodata            const     0x800'23d0     0x8  system_stm32l1xx.o [1]
  .text              ro code   0x800'23d8     0x4  startup_stm32l151xd.o [1]
  .text              ro code   0x800'23dc     0x4  startup_stm32l151xd.o [1]
  .text              ro code   0x800'23e0     0x4  startup_stm32l151xd.o [1]
  .text              ro code   0x800'23e4     0x4  startup_stm32l151xd.o [1]
  .text              ro code   0x800'23e8     0x4  startup_stm32l151xd.o [1]
  .text              ro code   0x800'23ec     0x4  startup_stm32l151xd.o [1]
  .text              ro code   0x800'23f0     0x4  startup_stm32l151xd.o [1]
  .text              ro code   0x800'23f4     0x4  startup_stm32l151xd.o [1]
  .text              ro code   0x800'23f8     0x4  startup_stm32l151xd.o [1]
  .text              ro code   0x800'23fc     0x4  startup_stm32l151xd.o [1]
  .text              ro code   0x800'2400     0x4  startup_stm32l151xd.o [1]
  .text              ro code   0x800'2404     0x4  startup_stm32l151xd.o [1]
  .text              ro code   0x800'2408     0x4  startup_stm32l151xd.o [1]
  .text              ro code   0x800'240c     0x4  startup_stm32l151xd.o [1]
  .text              ro code   0x800'2410     0x4  startup_stm32l151xd.o [1]
  .text              ro code   0x800'2414     0x4  startup_stm32l151xd.o [1]
  .text              ro code   0x800'2418     0x4  startup_stm32l151xd.o [1]
  .text              ro code   0x800'241c     0x4  startup_stm32l151xd.o [1]
  .text              ro code   0x800'2420     0x4  startup_stm32l151xd.o [1]
  .text              ro code   0x800'2424     0x4  startup_stm32l151xd.o [1]
  .text              ro code   0x800'2428     0x4  startup_stm32l151xd.o [1]
  .text              ro code   0x800'242c     0x4  startup_stm32l151xd.o [1]
  .text              ro code   0x800'2430     0x4  startup_stm32l151xd.o [1]
  .text              ro code   0x800'2434     0x4  startup_stm32l151xd.o [1]
  .text              ro code   0x800'2438     0x4  startup_stm32l151xd.o [1]
  .text              ro code   0x800'243c     0x4  startup_stm32l151xd.o [1]
  .text              ro code   0x800'2440     0x4  startup_stm32l151xd.o [1]
  .text              ro code   0x800'2444     0x4  startup_stm32l151xd.o [1]
  .text              ro code   0x800'2448     0x4  startup_stm32l151xd.o [1]
  .text              ro code   0x800'244c     0x4  startup_stm32l151xd.o [1]
  .text              ro code   0x800'2450     0x4  startup_stm32l151xd.o [1]
  .text              ro code   0x800'2454     0x4  startup_stm32l151xd.o [1]
  .text              ro code   0x800'2458     0x4  startup_stm32l151xd.o [1]
  .text              ro code   0x800'245c     0x4  startup_stm32l151xd.o [1]
  .text              ro code   0x800'2460     0x4  startup_stm32l151xd.o [1]
  .text              ro code   0x800'2464     0x4  startup_stm32l151xd.o [1]
  .text              ro code   0x800'2468     0x4  startup_stm32l151xd.o [1]
  .text              ro code   0x800'246c     0x4  startup_stm32l151xd.o [1]
  .text              ro code   0x800'2470     0x4  startup_stm32l151xd.o [1]
  .text              ro code   0x800'2474     0x4  startup_stm32l151xd.o [1]
  .text              ro code   0x800'2478     0x4  startup_stm32l151xd.o [1]
  .text              ro code   0x800'247c     0x4  startup_stm32l151xd.o [1]
  .text              ro code   0x800'2480     0x4  startup_stm32l151xd.o [1]
  .text              ro code   0x800'2484     0x4  startup_stm32l151xd.o [1]
  .text              ro code   0x800'2488     0x4  startup_stm32l151xd.o [1]
  .text              ro code   0x800'248c     0x4  startup_stm32l151xd.o [1]
  .text              ro code   0x800'2490     0x4  startup_stm32l151xd.o [1]
  .text              ro code   0x800'2494     0x4  startup_stm32l151xd.o [1]
  .text              ro code   0x800'2498     0x4  startup_stm32l151xd.o [1]
  .text              ro code   0x800'249c     0x4  startup_stm32l151xd.o [1]
  .text              ro code   0x800'24a0     0x4  startup_stm32l151xd.o [1]
  .text              ro code   0x800'24a4     0x4  startup_stm32l151xd.o [1]
  .rodata            const     0x800'24a8     0x0  zero_init3.o [3]
  .rodata            const     0x800'24a8     0x0  packbits_init_single.o [3]
  Initializer bytes  const     0x800'24a8    0x1f  <for P2-1>
                             - 0x800'24c7  0x23a3

"P2", part 1 of 3:                           0x34
  P2-1                        0x2000'0000    0x34  <Init block>
    .data            inited   0x2000'0000    0x24  main.o [1]
    .data            inited   0x2000'0024     0xc  stm32l1xx_hal.o [1]
    .data            inited   0x2000'0030     0x4  system_stm32l1xx.o [1]
                            - 0x2000'0034    0x34

"P2", part 2 of 3:                          0x22c
  .bss               zero     0x2000'0034   0x103  main.o [1]
  .bss               zero     0x2000'0138    0x54  adc.o [1]
  .bss               zero     0x2000'018c    0x48  usart.o [1]
  .bss               zero     0x2000'01d4    0x48  usart.o [1]
  .bss               zero     0x2000'021c    0x44  adc.o [1]
                            - 0x2000'0260   0x22c

"P2", part 3 of 3:                          0x400
  CSTACK                      0x2000'0260   0x400  <Block>
    CSTACK           uninit   0x2000'0260   0x400  <Block tail>
                            - 0x2000'0660   0x400

Unused ranges:

         From           To      Size
         ----           --      ----
   0x800'24c7   0x805'ffff  0x5'db39
  0x2000'0660  0x2000'bfff    0xb9a0


*******************************************************************************
*** INIT TABLE
***

          Address      Size
          -------      ----
Zero (__iar_zero_init3)
    1 destination range, total size 0x22c:
          0x2000'0034  0x22c

Copy/packbits (__iar_packbits_init_single3)
    1 source range, total size 0x1f (59% of destination):
           0x800'24a8   0x1f
    1 destination range, total size 0x34:
          0x2000'0000   0x34



*******************************************************************************
*** MODULE SUMMARY
***

    Module                  ro code  ro data  rw data
    ------                  -------  -------  -------
command line/config:
    -------------------------------------------------
    Total:

C:\Users\15569\Desktop\ISD2190\EWARM\ISD2190\Obj: [1]
    adc.o                       308               152
    dma.o                        48
    gpio.o                       68
    main.o                      432       21      295
    startup_stm32l151xd.o       516
    stm32l1xx_hal.o             180        7       12
    stm32l1xx_hal_adc.o       1 196
    stm32l1xx_hal_cortex.o      240
    stm32l1xx_hal_dma.o         672
    stm32l1xx_hal_gpio.o        460
    stm32l1xx_hal_msp.o          68
    stm32l1xx_hal_rcc.o       1 820
    stm32l1xx_hal_uart.o      1 770
    stm32l1xx_it.o               64
    system_stm32l1xx.o           32       11        4
    temp.o                      104      164
    usart.o                     328               144
    -------------------------------------------------
    Total:                    8 306      203      607

dl7M_tlf.a: [2]
    exit.o                        4
    low_level_init.o              4
    -------------------------------------------------
    Total:                        8

rt7M_tl.a: [3]
    ABImemclr4.o                  6
    ABImemset48.o                58
    I64DivMod.o                 560
    I64DivZer.o                   2
    cexit.o                      10
    cmain.o                      30
    cstartup_M.o                 12
    data_init.o                  40
    packbits_init_single.o       56
    zero_init3.o                 58
    -------------------------------------------------
    Total:                      832

shb_l.a: [4]
    exit.o                       20
    -------------------------------------------------
    Total:                       20

    Gaps                         12        2        1
    Linker created                        32    1 024
-----------------------------------------------------
    Grand Total:              9 178      237    1 632


*******************************************************************************
*** ENTRY LIST
***

Entry                       Address   Size  Type      Object
-----                       -------   ----  ----      ------
.iar.init_table$$Base    0x800'232c          --   Gb  - Linker created -
.iar.init_table$$Limit   0x800'234c          --   Gb  - Linker created -
?main                    0x800'236d         Code  Gb  cmain.o [3]
ADC_DMAConvCplt          0x800'207d   0x5e  Code  Lc  stm32l1xx_hal_adc.o [1]
ADC_DMAError             0x800'20e5   0x16  Code  Lc  stm32l1xx_hal_adc.o [1]
ADC_DMAHalfConvCplt      0x800'20dd    0x6  Code  Lc  stm32l1xx_hal_adc.o [1]
ADC_Enable               0x800'1fe3   0x76  Code  Gb  stm32l1xx_hal_adc.o [1]
ADC_Value               0x2000'0004    0x8  Data  Gb  main.o [1]
AHBPrescTable            0x800'235c   0x10  Data  Gb  system_stm32l1xx.o [1]
APBPrescTable            0x800'23d0    0x8  Data  Gb  system_stm32l1xx.o [1]
BusFault_Handler         0x800'2283    0x2  Code  Gb  stm32l1xx_it.o [1]
CSTACK$$Base            0x2000'0260          --   Gb  - Linker created -
CSTACK$$Limit           0x2000'0660          --   Gb  - Linker created -
DMA1_Channel1_IRQHandler
                         0x800'2291   0x10  Code  Gb  stm32l1xx_it.o [1]
DMA_SetConfig            0x800'1695   0x30  Code  Lc  stm32l1xx_hal_dma.o [1]
DebugMon_Handler         0x800'2289    0x2  Code  Gb  stm32l1xx_it.o [1]
Error_Handler            0x800'1879    0x4  Code  Gb  main.o [1]
HAL_ADC_ConfigChannel    0x800'1e93  0x150  Code  Gb  stm32l1xx_hal_adc.o [1]
HAL_ADC_Init             0x800'1c55  0x16c  Code  Gb  stm32l1xx_hal_adc.o [1]
HAL_ADC_MspInit          0x800'1bb1   0x8a  Code  Gb  adc.o [1]
HAL_ADC_Start_DMA        0x800'1dc1   0xd2  Code  Gb  stm32l1xx_hal_adc.o [1]
HAL_DMA_Abort            0x800'1531   0x4c  Code  Gb  stm32l1xx_hal_dma.o [1]
HAL_DMA_Abort_IT         0x800'157d   0x52  Code  Gb  stm32l1xx_hal_dma.o [1]
HAL_DMA_IRQHandler       0x800'15cf   0xc4  Code  Gb  stm32l1xx_hal_dma.o [1]
HAL_DMA_Init             0x800'1425   0x7e  Code  Gb  stm32l1xx_hal_dma.o [1]
HAL_DMA_Start_IT         0x800'14b9   0x78  Code  Gb  stm32l1xx_hal_dma.o [1]
HAL_Delay                0x800'2165   0x28  Code  Wk  stm32l1xx_hal.o [1]
HAL_GPIO_Init            0x800'1885  0x1a4  Code  Gb  stm32l1xx_hal_gpio.o [1]
HAL_GetTick              0x800'0841    0xc  Code  Wk  stm32l1xx_hal.o [1]
HAL_IncTick              0x800'22bd   0x10  Code  Wk  stm32l1xx_hal.o [1]
HAL_Init                 0x800'1a8d   0x20  Code  Gb  stm32l1xx_hal.o [1]
HAL_InitTick             0x800'084d   0x50  Code  Wk  stm32l1xx_hal.o [1]
HAL_MspInit              0x800'218d   0x44  Code  Gb  stm32l1xx_hal_msp.o [1]
HAL_NVIC_EnableIRQ       0x800'0b9f    0x2  Code  Gb  stm32l1xx_hal_cortex.o [1]
HAL_NVIC_SetPriority     0x800'0b81   0x1e  Code  Gb  stm32l1xx_hal_cortex.o [1]
HAL_NVIC_SetPriorityGrouping
                         0x800'0b7f    0x2  Code  Gb  stm32l1xx_hal_cortex.o [1]
HAL_RCC_ClockConfig      0x800'0571  0x18a  Code  Gb  stm32l1xx_hal_rcc.o [1]
HAL_RCC_GetHCLKFreq      0x800'0761    0x6  Code  Gb  stm32l1xx_hal_rcc.o [1]
HAL_RCC_GetPCLK1Freq     0x800'0767   0x16  Code  Gb  stm32l1xx_hal_rcc.o [1]
HAL_RCC_GetPCLK2Freq     0x800'077d   0x16  Code  Gb  stm32l1xx_hal_rcc.o [1]
HAL_RCC_GetSysClockFreq
                         0x800'06fb   0x66  Code  Gb  stm32l1xx_hal_rcc.o [1]
HAL_RCC_OscConfig        0x800'0125  0x44c  Code  Gb  stm32l1xx_hal_rcc.o [1]
HAL_SYSTICK_Config       0x800'0ba1    0x2  Code  Gb  stm32l1xx_hal_cortex.o [1]
HAL_UART_IRQHandler      0x800'0d29  0x278  Code  Gb  stm32l1xx_hal_uart.o [1]
HAL_UART_Init            0x800'0bf9   0x60  Code  Gb  stm32l1xx_hal_uart.o [1]
HAL_UART_MspInit         0x800'1341   0xc8  Code  Gb  usart.o [1]
HAL_UART_Receive_IT      0x800'0d01   0x28  Code  Gb  stm32l1xx_hal_uart.o [1]
HAL_UART_RxCpltCallback
                         0x800'16cd   0x92  Code  Gb  main.o [1]
HAL_UART_Transmit        0x800'0c59   0xa8  Code  Gb  stm32l1xx_hal_uart.o [1]
HardFault_Handler        0x800'227f    0x2  Code  Gb  stm32l1xx_it.o [1]
MX_ADC_Init              0x800'1b21   0x90  Code  Gb  adc.o [1]
MX_DMA_Init              0x800'1af1   0x30  Code  Gb  dma.o [1]
MX_GPIO_Init             0x800'1aad   0x44  Code  Gb  gpio.o [1]
MX_USART2_UART_Init      0x800'12dd   0x32  Code  Gb  usart.o [1]
MX_USART3_UART_Init      0x800'130f   0x32  Code  Gb  usart.o [1]
MemManage_Handler        0x800'2281    0x2  Code  Gb  stm32l1xx_it.o [1]
NMI_Handler              0x800'227d    0x2  Code  Gb  stm32l1xx_it.o [1]
NVIC_EncodePriority      0x800'0b21   0x36  Code  Lc  stm32l1xx_hal_cortex.o [1]
PLLMulTable              0x800'2350    0xc  Data  Gb  system_stm32l1xx.o [1]
PendSV_Handler           0x800'228b    0x2  Code  Gb  stm32l1xx_it.o [1]
RCC_SetFlashLatencyFromMSIRange
                         0x800'0793   0x78  Code  Lc  stm32l1xx_hal_rcc.o [1]
Region$$Table$$Base      0x800'232c          --   Gb  - Linker created -
Region$$Table$$Limit     0x800'234c          --   Gb  - Linker created -
SVC_Handler              0x800'2287    0x2  Code  Gb  stm32l1xx_it.o [1]
SysTick_Config           0x800'0b57   0x28  Code  Lc  stm32l1xx_hal_cortex.o [1]
SysTick_Handler          0x800'228d    0x4  Code  Gb  stm32l1xx_it.o [1]
SystemClock_Config       0x800'17ef   0x68  Code  Gb  main.o [1]
SystemCoreClock         0x2000'0030    0x4  Data  Gb  system_stm32l1xx.o [1]
SystemInit               0x800'234d    0x2  Code  Gb  system_stm32l1xx.o [1]
Temp_Value              0x2000'000c    0x8  Data  Gb  main.o [1]
UART_DMAAbortOnError     0x800'10c1    0xc  Code  Lc  stm32l1xx_hal_uart.o [1]
UART_EndRxTransfer       0x800'105f   0x60  Code  Lc  stm32l1xx_hal_uart.o [1]
UART_EndTransmit_IT      0x800'112b   0x1a  Code  Lc  stm32l1xx_hal_uart.o [1]
UART_Receive_IT          0x800'1145   0xd8  Code  Lc  stm32l1xx_hal_uart.o [1]
UART_SetConfig           0x800'121d   0xb8  Code  Lc  stm32l1xx_hal_uart.o [1]
UART_Start_Receive_IT    0x800'1027   0x38  Code  Gb  stm32l1xx_hal_uart.o [1]
UART_Transmit_IT         0x800'10cd   0x5e  Code  Lc  stm32l1xx_hal_uart.o [1]
UART_WaitOnFlagUntilTimeout
                         0x800'0fa1   0x86  Code  Lc  stm32l1xx_hal_uart.o [1]
USART2_IRQHandler        0x800'22a1    0x6  Code  Gb  stm32l1xx_it.o [1]
USART3_IRQHandler        0x800'22a7    0x6  Code  Gb  stm32l1xx_it.o [1]
UsageFault_Handler       0x800'2285    0x2  Code  Gb  stm32l1xx_it.o [1]
VM_Busy                 0x2000'0003    0x1  Data  Gb  main.o [1]
VM_Init_Cmd             0x2000'0014    0x8  Data  Gb  main.o [1]
VM_Scan_Cmd             0x2000'001c    0x8  Data  Gb  main.o [1]
VM_init                 0x2000'0002    0x1  Data  Gb  main.o [1]
__NVIC_EnableIRQ         0x800'0af1   0x16  Code  Lc  stm32l1xx_hal_cortex.o [1]
__NVIC_GetPriorityGrouping
                         0x800'0ae7    0xa  Code  Lc  stm32l1xx_hal_cortex.o [1]
__NVIC_SetPriority       0x800'0b07   0x1a  Code  Lc  stm32l1xx_hal_cortex.o [1]
__NVIC_SetPriorityGrouping
                         0x800'0acd   0x1a  Code  Lc  stm32l1xx_hal_cortex.o [1]
__aeabi_ldiv0            0x800'0bbd         Code  Gb  I64DivZer.o [3]
__aeabi_memclr4          0x800'187d         Code  Gb  ABImemclr4.o [3]
__aeabi_memset4          0x800'1a51         Code  Gb  ABImemset48.o [3]
__aeabi_memset8          0x800'1a51         Code  Gb  ABImemset48.o [3]
__aeabi_uldivmod         0x800'089d         Code  Gb  I64DivMod.o [3]
__cmain                  0x800'236d         Code  Gb  cmain.o [3]
__exit                   0x800'23a1   0x14  Code  Gb  exit.o [4]
__iar_Memset4_word       0x800'1a59         Code  Gb  ABImemset48.o [3]
__iar_Memset8_word       0x800'1a59         Code  Gb  ABImemset48.o [3]
__iar_data_init3         0x800'2305   0x28  Code  Gb  data_init.o [3]
__iar_packbits_init_single3
                         0x800'22cd   0x38  Code  Gb  packbits_init_single.o [3]
__iar_program_start      0x800'23c5         Code  Gb  cstartup_M.o [3]
__iar_zero_init3         0x800'0bbf   0x3a  Code  Gb  zero_init3.o [3]
__low_level_init         0x800'238b    0x4  Code  Gb  low_level_init.o [2]
__vector_table           0x800'0000         Data  Gb  startup_stm32l151xd.o [1]
_call_main               0x800'2379         Code  Gb  cmain.o [3]
_exit                    0x800'2395         Code  Gb  cexit.o [3]
_main                    0x800'2387         Code  Gb  cmain.o [3]
calcuTem                 0x800'20fd   0x3c  Code  Gb  temp.o [1]
calcuTemps               0x800'213d   0x28  Code  Gb  temp.o [1]
exit                     0x800'238f    0x4  Code  Gb  exit.o [2]
flag                    0x2000'0000    0x1  Data  Gb  main.o [1]
hadc                    0x2000'0138   0x54  Data  Gb  adc.o [1]
hdma_adc                0x2000'021c   0x44  Data  Gb  adc.o [1]
huart2                  0x2000'018c   0x48  Data  Gb  usart.o [1]
huart3                  0x2000'01d4   0x48  Data  Gb  usart.o [1]
main                     0x800'175f   0x90  Code  Gb  main.o [1]
receiving               0x2000'0136    0x1  Data  Gb  main.o [1]
rx_buffer               0x2000'0034  0x100  Data  Gb  main.o [1]
rx_check                0x2000'0134    0x1  Data  Gb  main.o [1]
rx_index                0x2000'0135    0x1  Data  Gb  main.o [1]
rxdata                  0x2000'0001    0x1  Data  Gb  main.o [1]
tempRes_buf              0x800'21d8   0xa4  Data  Lc  temp.o [1]
uwTick                  0x2000'0024    0x4  Data  Gb  stm32l1xx_hal.o [1]
uwTickFreq              0x2000'002c    0x4  Data  Gb  stm32l1xx_hal.o [1]
uwTickPrio              0x2000'0028    0x4  Data  Gb  stm32l1xx_hal.o [1]


[1] = C:\Users\15569\Desktop\ISD2190\EWARM\ISD2190\Obj
[2] = dl7M_tlf.a
[3] = rt7M_tl.a
[4] = shb_l.a

  9 178 bytes of readonly  code memory
    237 bytes of readonly  data memory
  1 632 bytes of readwrite data memory

Errors: none
Warnings: none
